Warning: You are sending unauthenticated requests to the HF Hub. Please set a HF_TOKEN to enable higher rate limits and faster downloads.
[safe_cuda] capped CUDA at 85% of 129 GB unified pool (~109 GB); over-allocation now errors cleanly.
[12:56:14] ARM rft_seed0: steps=300 prompts/step=16 G=8 cap=256 beta_kl=0.003 clip=0.2 lr=1e-05 extractor=math-acc-v1 n_prompt_pool=10961
[13:01:24] step 1/300 reward=0.0 kept=0 len=198.2 kl=- (303.3s)
[13:08:20] step 2/300 reward=0.0078 kept=0 len=215.7 kl=- (415.9s)
[13:13:02] step 3/300 reward=0.0156 kept=0 len=204.0 kl=- (281.5s)
[13:18:12] step 4/300 reward=0.0 kept=0 len=178.3 kl=- (310.0s)
[13:23:06] step 5/300 reward=0.0 kept=0 len=206.6 kl=- (294.5s)
[13:28:09] step 6/300 reward=0.0 kept=0 len=176.3 kl=- (303.0s)
[13:33:11] step 7/300 reward=0.0156 kept=0 len=187.8 kl=- (301.8s)
[13:39:19] step 8/300 reward=0.0 kept=0 len=199.2 kl=- (367.5s)
[13:44:20] step 9/300 reward=0.0078 kept=0 len=208.8 kl=- (302.0s)
[13:49:16] step 10/300 reward=0.0156 kept=0 len=198.5 kl=- (295.8s)
[13:54:17] step 11/300 reward=0.0078 kept=0 len=191.1 kl=- (300.7s)
[13:59:27] step 12/300 reward=0.0078 kept=0 len=195.4 kl=- (309.8s)
[14:04:42] step 13/300 reward=0.0078 kept=0 len=193.3 kl=- (315.7s)
[14:09:45] step 14/300 reward=0.0312 kept=0 len=190.0 kl=- (302.7s)
[14:14:41] step 15/300 reward=0.0 kept=0 len=200.3 kl=- (295.9s)
[14:19:41] step 16/300 reward=0.0078 kept=0 len=178.5 kl=- (300.0s)
[14:24:49] step 17/300 reward=0.0078 kept=0 len=194.1 kl=- (308.1s)
[14:29:41] step 18/300 reward=0.0078 kept=0 len=207.8 kl=- (291.9s)
[14:34:53] step 19/300 reward=0.0156 kept=0 len=201.0 kl=- (311.7s)
[14:40:01] step 20/300 reward=0.0156 kept=0 len=194.8 kl=- (308.5s)
[14:44:50] step 21/300 reward=0.0 kept=0 len=196.0 kl=- (288.6s)
[14:49:38] step 22/300 reward=0.0 kept=0 len=206.3 kl=- (288.8s)
[14:54:32] step 23/300 reward=0.0 kept=0 len=182.2 kl=- (293.6s)
[14:59:26] step 24/300 reward=0.0234 kept=0 len=188.9 kl=- (294.2s)
[15:05:11] step 25/300 reward=0.0 kept=0 len=195.8 kl=- (344.7s)
[15:11:11] step 26/300 reward=0.0312 kept=0 len=188.3 kl=- (359.3s)
[15:16:39] step 27/300 reward=0.0156 kept=0 len=215.0 kl=- (328.1s)
[15:21:24] step 28/300 reward=0.0234 kept=0 len=203.2 kl=- (284.5s)
[15:26:20] step 29/300 reward=0.0 kept=0 len=197.5 kl=- (295.6s)
[15:31:14] step 30/300 reward=0.0 kept=0 len=209.2 kl=- (294.3s)
[15:36:35] step 31/300 reward=0.0078 kept=0 len=193.5 kl=- (321.1s)
[15:41:38] step 32/300 reward=0.0078 kept=0 len=202.9 kl=- (303.3s)
[15:46:42] step 33/300 reward=0.0 kept=0 len=191.5 kl=- (303.3s)
[15:51:47] step 34/300 reward=0.0078 kept=0 len=199.9 kl=- (305.2s)
[15:57:02] step 35/300 reward=0.0078 kept=0 len=213.3 kl=- (315.2s)
[16:01:54] step 36/300 reward=0.0078 kept=0 len=202.3 kl=- (291.6s)
[16:06:41] step 37/300 reward=0.0 kept=0 len=200.0 kl=- (287.9s)
[16:11:29] step 38/300 reward=0.0078 kept=0 len=195.3 kl=- (287.8s)
[16:16:19] step 39/300 reward=0.0234 kept=0 len=205.8 kl=- (289.9s)
[16:21:09] step 40/300 reward=0.0156 kept=0 len=202.9 kl=- (290.2s)
[16:25:58] step 41/300 reward=0.0156 kept=0 len=205.3 kl=- (289.0s)
[16:30:56] step 42/300 reward=0.0 kept=0 len=203.1 kl=- (298.1s)
[16:36:36] step 43/300 reward=0.0 kept=0 len=198.9 kl=- (339.4s)
[16:42:04] step 44/300 reward=0.0234 kept=0 len=205.2 kl=- (328.0s)
[16:46:50] step 45/300 reward=0.0156 kept=0 len=189.3 kl=- (286.0s)
[16:51:42] step 46/300 reward=0.0156 kept=0 len=189.8 kl=- (291.9s)
[16:56:45] step 47/300 reward=0.0 kept=0 len=192.9 kl=- (302.9s)
[17:01:55] step 48/300 reward=0.0078 kept=0 len=189.5 kl=- (310.2s)
[17:07:06] step 49/300 reward=0.0156 kept=0 len=184.2 kl=- (311.3s)
[17:12:24] step 50/300 reward=0.0234 kept=0 len=193.1 kl=- (318.4s)
[17:17:35] step 51/300 reward=0.0 kept=0 len=185.4 kl=- (308.9s)
[17:22:22] step 52/300 reward=0.0078 kept=0 len=200.1 kl=- (287.1s)
[17:27:13] step 53/300 reward=0.0 kept=0 len=205.8 kl=- (291.2s)
[17:32:39] step 54/300 reward=0.0 kept=0 len=200.9 kl=- (325.8s)
[17:37:57] step 55/300 reward=0.0312 kept=0 len=200.2 kl=- (318.4s)
[17:42:56] step 56/300 reward=0.0 kept=0 len=194.7 kl=- (299.1s)
[17:48:04] step 57/300 reward=0.0078 kept=0 len=211.1 kl=- (307.5s)
[17:53:06] step 58/300 reward=0.0078 kept=0 len=187.2 kl=- (302.1s)
[17:58:20] step 59/300 reward=0.0156 kept=0 len=206.5 kl=- (313.6s)
[18:03:51] step 60/300 reward=0.0078 kept=0 len=197.9 kl=- (331.9s)
[18:09:29] step 61/300 reward=0.0078 kept=0 len=175.9 kl=- (337.2s)
[18:14:39] step 62/300 reward=0.0 kept=0 len=193.6 kl=- (310.2s)
[18:20:06] step 63/300 reward=0.0 kept=0 len=177.3 kl=- (327.0s)
[18:25:24] step 64/300 reward=0.0 kept=0 len=182.1 kl=- (318.4s)
[18:30:31] step 65/300 reward=0.0078 kept=0 len=184.2 kl=- (306.9s)
[18:36:45] step 66/300 reward=0.0234 kept=0 len=197.9 kl=- (374.1s)
[18:41:52] step 67/300 reward=0.0 kept=0 len=213.7 kl=- (306.6s)
[18:47:00] step 68/300 reward=0.0156 kept=0 len=203.5 kl=- (308.6s)
[18:52:06] step 69/300 reward=0.0 kept=0 len=199.2 kl=- (306.1s)
[18:57:13] step 70/300 reward=0.0 kept=0 len=178.1 kl=- (307.0s)
[19:03:55] step 71/300 reward=0.0156 kept=0 len=201.2 kl=- (402.0s)
[19:08:42] step 72/300 reward=0.0 kept=0 len=197.7 kl=- (286.8s)
[19:13:43] step 73/300 reward=0.0 kept=0 len=192.1 kl=- (300.5s)
[19:18:42] step 74/300 reward=0.0078 kept=0 len=185.3 kl=- (298.9s)
[19:23:52] step 75/300 reward=0.0078 kept=0 len=210.4 kl=- (310.0s)
[19:28:48] step 76/300 reward=0.0078 kept=0 len=193.6 kl=- (292.0s)
[19:33:34] step 77/300 reward=0.0 kept=0 len=198.9 kl=- (286.8s)
[19:38:47] step 78/300 reward=0.0 kept=0 len=198.6 kl=- (312.3s)
[19:43:39] step 79/300 reward=0.0078 kept=0 len=206.7 kl=- (292.6s)
[19:48:37] step 80/300 reward=0.0312 kept=0 len=181.0 kl=- (297.7s)
[19:54:10] step 81/300 reward=0.0 kept=0 len=189.6 kl=- (332.9s)
[19:59:15] step 82/300 reward=0.0156 kept=0 len=203.1 kl=- (304.7s)
[20:04:13] step 83/300 reward=0.0156 kept=0 len=208.5 kl=- (298.4s)
[20:09:17] step 84/300 reward=0.0 kept=0 len=198.1 kl=- (303.7s)
[20:14:15] step 85/300 reward=0.0078 kept=0 len=187.9 kl=- (298.4s)
[20:19:11] step 86/300 reward=0.0 kept=0 len=203.9 kl=- (295.6s)
[20:24:30] step 87/300 reward=0.0312 kept=0 len=205.9 kl=- (319.3s)
[20:29:43] step 88/300 reward=0.0078 kept=0 len=190.4 kl=- (313.2s)
[20:34:40] step 89/300 reward=0.0078 kept=0 len=194.9 kl=- (296.3s)
[20:39:26] step 90/300 reward=0.0078 kept=0 len=184.1 kl=- (287.0s)
[20:44:21] step 91/300 reward=0.0078 kept=0 len=193.3 kl=- (294.0s)
[20:49:40] step 92/300 reward=0.0156 kept=0 len=192.9 kl=- (319.6s)
[20:54:49] step 93/300 reward=0.0234 kept=0 len=202.2 kl=- (308.6s)
[20:59:39] step 94/300 reward=0.0078 kept=0 len=194.5 kl=- (289.9s)
[21:05:39] step 95/300 reward=0.0156 kept=0 len=204.3 kl=- (360.4s)
[21:10:38] step 96/300 reward=0.0 kept=0 len=202.3 kl=- (298.5s)
[21:15:21] step 97/300 reward=0.0078 kept=0 len=200.0 kl=- (283.9s)
[21:21:03] step 98/300 reward=0.0078 kept=0 len=208.2 kl=- (341.5s)
[21:26:11] step 99/300 reward=0.0078 kept=0 len=190.6 kl=- (307.8s)
[21:32:01] step 100/300 reward=0.0078 kept=0 len=205.6 kl=- (350.7s)
[21:37:06] step 101/300 reward=0.0078 kept=0 len=203.4 kl=- (301.1s)
[21:42:04] step 102/300 reward=0.0156 kept=0 len=198.6 kl=- (297.1s)
[21:46:47] step 103/300 reward=0.0156 kept=0 len=188.1 kl=- (283.4s)
[21:51:41] step 104/300 reward=0.0078 kept=0 len=198.0 kl=- (293.8s)
[21:56:34] step 105/300 reward=0.0156 kept=0 len=205.0 kl=- (293.2s)
[22:01:41] step 106/300 reward=0.0078 kept=0 len=211.8 kl=- (307.1s)
[22:06:32] step 107/300 reward=0.0 kept=0 len=199.4 kl=- (291.2s)
[22:11:26] step 108/300 reward=0.0 kept=0 len=193.1 kl=- (293.7s)
[22:17:00] step 109/300 reward=0.0078 kept=0 len=184.8 kl=- (334.2s)
[22:22:07] step 110/300 reward=0.0 kept=0 len=173.9 kl=- (307.1s)
[22:27:11] step 111/300 reward=0.0156 kept=0 len=184.6 kl=- (303.6s)
[22:32:14] step 112/300 reward=0.0078 kept=0 len=196.2 kl=- (303.1s)
[22:37:24] step 113/300 reward=0.0078 kept=0 len=196.4 kl=- (309.6s)
[22:42:25] step 114/300 reward=0.0078 kept=0 len=207.2 kl=- (300.9s)
[22:47:31] step 115/300 reward=0.0 kept=0 len=194.1 kl=- (306.1s)
[22:52:28] step 116/300 reward=0.0078 kept=0 len=203.9 kl=- (297.5s)
[22:57:22] step 117/300 reward=0.0078 kept=0 len=193.9 kl=- (293.7s)
[23:02:22] step 118/300 reward=0.0 kept=0 len=193.3 kl=- (300.3s)
[23:07:13] step 119/300 reward=0.0078 kept=0 len=200.3 kl=- (291.1s)
[23:12:25] step 120/300 reward=0.0 kept=0 len=185.6 kl=- (311.3s)
[23:17:18] step 121/300 reward=0.0469 kept=0 len=200.0 kl=- (293.0s)
[23:22:11] step 122/300 reward=0.0 kept=0 len=185.7 kl=- (293.2s)
[23:27:20] step 123/300 reward=0.0078 kept=0 len=191.2 kl=- (309.2s)
[23:32:09] step 124/300 reward=0.0078 kept=0 len=188.8 kl=- (288.9s)
[23:37:10] step 125/300 reward=0.0 kept=0 len=176.9 kl=- (301.5s)
[23:42:13] step 126/300 reward=0.0 kept=0 len=206.2 kl=- (298.4s)
[23:47:14] step 127/300 reward=0.0156 kept=0 len=210.8 kl=- (301.2s)
[23:52:18] step 128/300 reward=0.0078 kept=0 len=190.2 kl=- (304.6s)
[23:58:02] step 129/300 reward=0.0078 kept=0 len=209.0 kl=- (344.2s)
[00:03:27] step 130/300 reward=0.0156 kept=0 len=193.6 kl=- (324.1s)
[00:09:05] step 131/300 reward=0.0156 kept=0 len=193.5 kl=- (338.7s)
[00:14:33] step 132/300 reward=0.0078 kept=0 len=196.7 kl=- (327.8s)
[00:19:41] step 133/300 reward=0.0 kept=0 len=194.3 kl=- (307.7s)
[00:24:30] step 134/300 reward=0.0234 kept=0 len=204.0 kl=- (289.8s)
[00:29:25] step 135/300 reward=0.0391 kept=0 len=198.3 kl=- (295.0s)
[00:34:21] step 136/300 reward=0.0156 kept=0 len=201.4 kl=- (295.2s)
[00:39:16] step 137/300 reward=0.0 kept=0 len=187.1 kl=- (295.7s)
[00:44:23] step 138/300 reward=0.0312 kept=0 len=187.6 kl=- (306.6s)
[00:49:24] step 139/300 reward=0.0312 kept=0 len=194.8 kl=- (301.5s)
[00:54:30] step 140/300 reward=0.0 kept=0 len=173.7 kl=- (305.8s)
[00:59:31] step 141/300 reward=0.0312 kept=0 len=183.4 kl=- (300.3s)
[01:04:20] step 142/300 reward=0.0078 kept=0 len=188.9 kl=- (289.1s)
[01:09:45] step 143/300 reward=0.0078 kept=0 len=186.6 kl=- (325.0s)
[01:14:57] step 144/300 reward=0.0078 kept=0 len=203.8 kl=- (312.3s)
[01:19:49] step 145/300 reward=0.0 kept=0 len=213.1 kl=- (292.0s)
[01:25:17] step 146/300 reward=0.0078 kept=0 len=200.5 kl=- (328.3s)
[01:30:16] step 147/300 reward=0.0156 kept=0 len=205.7 kl=- (299.2s)
[01:35:21] step 148/300 reward=0.0234 kept=0 len=199.3 kl=- (304.1s)
[01:40:24] step 149/300 reward=0.0078 kept=0 len=188.3 kl=- (303.3s)
[01:45:21] step 150/300 reward=0.0 kept=0 len=191.1 kl=- (297.0s)
[01:50:18] step 151/300 reward=0.0234 kept=0 len=195.4 kl=- (292.9s)
[01:55:22] step 152/300 reward=0.0 kept=0 len=194.1 kl=- (304.2s)
[01:59:57] step 153/300 reward=0.0156 kept=0 len=198.5 kl=- (275.6s)
[02:05:02] step 154/300 reward=0.0312 kept=0 len=204.9 kl=- (305.0s)
[02:10:00] step 155/300 reward=0.0156 kept=0 len=195.3 kl=- (297.4s)
[02:14:57] step 156/300 reward=0.0078 kept=0 len=208.2 kl=- (297.6s)
[02:20:15] step 157/300 reward=0.0234 kept=0 len=187.6 kl=- (317.5s)
[02:25:38] step 158/300 reward=0.0 kept=0 len=201.6 kl=- (322.8s)
[02:30:28] step 159/300 reward=0.0156 kept=0 len=206.5 kl=- (290.8s)
[02:36:42] step 160/300 reward=0.0 kept=0 len=179.5 kl=- (374.0s)
[02:42:07] step 161/300 reward=0.0 kept=0 len=196.9 kl=- (324.3s)
[02:47:03] step 162/300 reward=0.0156 kept=0 len=191.9 kl=- (296.0s)
[02:51:50] step 163/300 reward=0.0 kept=0 len=198.1 kl=- (286.8s)
[02:56:46] step 164/300 reward=0.0156 kept=0 len=176.3 kl=- (296.2s)
[03:01:34] step 165/300 reward=0.0156 kept=0 len=186.7 kl=- (288.1s)
[03:06:28] step 166/300 reward=0.0078 kept=0 len=200.8 kl=- (293.8s)
[03:11:44] step 167/300 reward=0.0156 kept=0 len=183.9 kl=- (316.8s)
[03:16:25] step 168/300 reward=0.0234 kept=0 len=203.1 kl=- (280.8s)
[03:22:58] step 169/300 reward=0.0 kept=0 len=183.2 kl=- (392.3s)
[03:28:01] step 170/300 reward=0.0156 kept=0 len=199.0 kl=- (303.6s)
[03:33:34] step 171/300 reward=0.0078 kept=0 len=218.6 kl=- (333.3s)
[03:38:26] step 172/300 reward=0.0078 kept=0 len=179.7 kl=- (291.3s)
[03:43:13] step 173/300 reward=0.0 kept=0 len=200.2 kl=- (287.1s)
[03:48:00] step 174/300 reward=0.0 kept=0 len=192.6 kl=- (287.5s)
[03:52:44] step 175/300 reward=0.0 kept=0 len=199.6 kl=- (283.3s)
[03:57:46] step 176/300 reward=0.0078 kept=0 len=204.7 kl=- (297.9s)
[04:05:10] step 177/300 reward=0.0234 kept=0 len=188.4 kl=- (444.8s)
[04:10:16] step 178/300 reward=0.0 kept=0 len=193.6 kl=- (305.8s)
[04:15:19] step 179/300 reward=0.0 kept=0 len=210.9 kl=- (303.2s)
[04:20:34] step 180/300 reward=0.0 kept=0 len=185.1 kl=- (314.6s)
[04:25:50] step 181/300 reward=0.0078 kept=0 len=184.5 kl=- (315.8s)
[04:31:02] step 182/300 reward=0.0078 kept=0 len=192.8 kl=- (312.1s)
[04:35:47] step 183/300 reward=0.0 kept=0 len=193.0 kl=- (285.7s)
[04:40:51] step 184/300 reward=0.0234 kept=0 len=192.7 kl=- (304.0s)
[04:45:56] step 185/300 reward=0.0156 kept=0 len=208.2 kl=- (304.1s)
[04:50:59] step 186/300 reward=0.0 kept=0 len=205.7 kl=- (303.1s)
[04:55:45] step 187/300 reward=0.0312 kept=0 len=172.7 kl=- (286.4s)
[05:01:23] step 188/300 reward=0.0156 kept=0 len=186.9 kl=- (338.3s)
[05:07:02] step 189/300 reward=0.0469 kept=0 len=190.3 kl=- (338.5s)
[05:11:55] step 190/300 reward=0.0078 kept=0 len=204.3 kl=- (292.7s)
[05:16:58] step 191/300 reward=0.0078 kept=0 len=188.0 kl=- (303.1s)
[05:21:47] step 192/300 reward=0.0078 kept=0 len=201.6 kl=- (289.1s)
[05:26:49] step 193/300 reward=0.0078 kept=0 len=184.2 kl=- (302.0s)
[05:31:55] step 194/300 reward=0.0078 kept=0 len=198.8 kl=- (306.6s)
[05:37:13] step 195/300 reward=0.0156 kept=0 len=206.5 kl=- (318.0s)
[05:42:17] step 196/300 reward=0.0156 kept=0 len=186.7 kl=- (303.5s)
[05:47:02] step 197/300 reward=0.0078 kept=0 len=163.1 kl=- (285.4s)
[05:52:28] step 198/300 reward=0.0078 kept=0 len=197.3 kl=- (326.1s)
[05:57:47] step 199/300 reward=0.0 kept=0 len=190.3 kl=- (319.1s)
[06:03:21] step 200/300 reward=0.0078 kept=0 len=195.5 kl=- (333.8s)
[06:08:27] step 201/300 reward=0.0078 kept=0 len=182.2 kl=- (301.6s)
[06:13:46] step 202/300 reward=0.0078 kept=0 len=184.6 kl=- (319.6s)
[06:20:37] step 203/300 reward=0.0156 kept=0 len=195.2 kl=- (410.6s)
[06:25:52] step 204/300 reward=0.0 kept=0 len=186.8 kl=- (315.5s)
[06:31:42] step 205/300 reward=0.0078 kept=0 len=194.9 kl=- (349.2s)
[06:36:50] step 206/300 reward=0.0234 kept=0 len=197.0 kl=- (308.1s)
[06:41:56] step 207/300 reward=0.0 kept=0 len=205.3 kl=- (306.2s)
[06:47:10] step 208/300 reward=0.0 kept=0 len=186.8 kl=- (314.6s)
[06:52:08] step 209/300 reward=0.0156 kept=0 len=210.9 kl=- (297.3s)
[06:57:25] step 210/300 reward=0.0156 kept=0 len=206.5 kl=- (316.9s)
[07:02:09] step 211/300 reward=0.0312 kept=0 len=188.5 kl=- (284.6s)
[07:07:02] step 212/300 reward=0.0156 kept=0 len=191.1 kl=- (293.1s)
[07:11:50] step 213/300 reward=0.0 kept=0 len=185.4 kl=- (287.9s)
[07:18:12] step 214/300 reward=0.0234 kept=0 len=194.3 kl=- (381.3s)
[07:23:50] step 215/300 reward=0.0156 kept=0 len=177.6 kl=- (338.5s)
[07:28:57] step 216/300 reward=0.0 kept=0 len=193.4 kl=- (307.0s)
[07:33:51] step 217/300 reward=0.0156 kept=0 len=196.9 kl=- (293.5s)
[07:38:28] step 218/300 reward=0.0156 kept=0 len=195.5 kl=- (277.6s)
[07:43:03] step 219/300 reward=0.0 kept=0 len=189.0 kl=- (275.0s)
[07:49:25] step 220/300 reward=0.0 kept=0 len=209.6 kl=- (382.1s)
[07:54:35] step 221/300 reward=0.0 kept=0 len=199.1 kl=- (309.8s)
[07:59:34] step 222/300 reward=0.0156 kept=0 len=192.2 kl=- (298.6s)
[08:04:46] step 223/300 reward=0.0 kept=0 len=176.4 kl=- (312.7s)
[08:09:53] step 224/300 reward=0.0078 kept=0 len=192.3 kl=- (306.5s)
[08:15:02] step 225/300 reward=0.0156 kept=0 len=198.8 kl=- (309.4s)
[08:20:39] step 226/300 reward=0.0078 kept=0 len=183.2 kl=- (333.0s)
[08:25:45] step 227/300 reward=0.0078 kept=0 len=193.7 kl=- (306.1s)
[08:31:36] step 228/300 reward=0.0 kept=0 len=212.9 kl=- (351.1s)
[08:36:49] step 229/300 reward=0.0156 kept=0 len=219.5 kl=- (312.6s)
[08:41:41] step 230/300 reward=0.0 kept=0 len=185.9 kl=- (291.7s)
[08:46:39] step 231/300 reward=0.0078 kept=0 len=208.6 kl=- (298.2s)
[08:51:26] step 232/300 reward=0.0156 kept=0 len=201.6 kl=- (287.4s)
[08:56:42] step 233/300 reward=0.0078 kept=0 len=194.5 kl=- (315.5s)
[09:01:39] step 234/300 reward=0.0156 kept=0 len=194.6 kl=- (297.5s)
[09:06:41] step 235/300 reward=0.0156 kept=0 len=195.2 kl=- (302.1s)
[09:11:45] step 236/300 reward=0.0 kept=0 len=189.6 kl=- (304.1s)
[09:16:57] step 237/300 reward=0.0078 kept=0 len=192.2 kl=- (312.0s)
[09:22:56] step 238/300 reward=0.0234 kept=0 len=198.6 kl=- (358.9s)
[09:27:50] step 239/300 reward=0.0 kept=0 len=202.3 kl=- (293.6s)
[09:32:42] step 240/300 reward=0.0078 kept=0 len=208.5 kl=- (292.5s)
[09:37:35] step 241/300 reward=0.0 kept=0 len=187.5 kl=- (292.4s)
[09:43:29] step 242/300 reward=0.0156 kept=0 len=177.7 kl=- (354.7s)
[09:48:56] step 243/300 reward=0.0078 kept=0 len=209.2 kl=- (326.4s)
[09:54:12] step 244/300 reward=0.0 kept=0 len=210.8 kl=- (316.2s)
[09:59:16] step 245/300 reward=0.0 kept=0 len=197.4 kl=- (304.5s)
[10:04:20] step 246/300 reward=0.0 kept=0 len=204.7 kl=- (303.6s)
[10:09:15] step 247/300 reward=0.0 kept=0 len=190.6 kl=- (295.1s)
[10:14:11] step 248/300 reward=0.0 kept=0 len=183.7 kl=- (295.6s)
[10:19:19] step 249/300 reward=0.0156 kept=0 len=197.8 kl=- (308.6s)
[10:24:37] step 250/300 reward=0.0 kept=0 len=190.0 kl=- (317.9s)
[10:29:58] step 251/300 reward=0.0 kept=0 len=202.5 kl=- (316.4s)
[10:34:47] step 252/300 reward=0.0078 kept=0 len=201.8 kl=- (289.5s)
[10:39:45] step 253/300 reward=0.0078 kept=0 len=181.1 kl=- (297.8s)
[10:44:56] step 254/300 reward=0.0078 kept=0 len=203.4 kl=- (311.3s)
[10:50:39] step 255/300 reward=0.0 kept=0 len=188.4 kl=- (342.7s)
[10:55:51] step 256/300 reward=0.0156 kept=0 len=197.3 kl=- (311.6s)
[11:00:45] step 257/300 reward=0.0078 kept=0 len=199.4 kl=- (294.3s)
[11:06:16] step 258/300 reward=0.0 kept=0 len=192.3 kl=- (330.6s)
[11:11:46] step 259/300 reward=0.0156 kept=0 len=190.9 kl=- (330.1s)
[11:16:48] step 260/300 reward=0.0 kept=0 len=198.0 kl=- (302.0s)
[11:22:06] step 261/300 reward=0.0156 kept=0 len=197.6 kl=- (318.5s)
[11:27:45] step 262/300 reward=0.0 kept=0 len=204.9 kl=- (339.0s)
[11:33:19] step 263/300 reward=0.0078 kept=0 len=185.2 kl=- (333.4s)
[11:38:54] step 264/300 reward=0.0078 kept=0 len=185.7 kl=- (335.7s)
[11:44:12] step 265/300 reward=0.0078 kept=0 len=202.8 kl=- (317.8s)
[11:49:18] step 266/300 reward=0.0078 kept=0 len=196.8 kl=- (306.1s)
[11:54:14] step 267/300 reward=0.0 kept=0 len=191.8 kl=- (295.8s)
[11:59:46] step 268/300 reward=0.0 kept=0 len=198.4 kl=- (332.3s)
[12:04:49] step 269/300 reward=0.0 kept=0 len=197.4 kl=- (303.1s)
[12:10:47] step 270/300 reward=0.0 kept=0 len=191.0 kl=- (357.7s)
[12:16:04] step 271/300 reward=0.0 kept=0 len=211.9 kl=- (316.9s)
[12:21:17] step 272/300 reward=0.0 kept=0 len=199.2 kl=- (313.3s)
[12:26:32] step 273/300 reward=0.0078 kept=0 len=197.0 kl=- (314.6s)
<string>:1: SyntaxWarning: 'str' object is not callable; perhaps you missed a comma?
[12:32:15] step 274/300 reward=0.0 kept=0 len=187.9 kl=- (342.8s)
[12:37:18] step 275/300 reward=0.0 kept=0 len=211.0 kl=- (303.6s)
[12:43:14] step 276/300 reward=0.0 kept=0 len=195.2 kl=- (351.4s)
[12:50:29] step 277/300 reward=0.0 kept=0 len=194.5 kl=- (436.0s)
[12:55:51] step 278/300 reward=0.0 kept=0 len=190.9 kl=- (321.5s)
[13:01:18] step 279/300 reward=0.0156 kept=0 len=207.9 kl=- (326.8s)
[13:07:22] step 280/300 reward=0.0 kept=0 len=188.4 kl=- (363.9s)
[13:12:31] step 281/300 reward=0.0234 kept=0 len=206.8 kl=- (309.6s)
[13:17:32] step 282/300 reward=0.0156 kept=0 len=201.3 kl=- (300.4s)
[13:23:09] step 283/300 reward=0.0469 kept=0 len=202.9 kl=- (337.7s)
[13:28:27] step 284/300 reward=0.0234 kept=0 len=181.4 kl=- (318.2s)
[13:33:23] step 285/300 reward=0.0 kept=0 len=188.1 kl=- (295.6s)
[13:38:30] step 286/300 reward=0.0156 kept=0 len=212.0 kl=- (307.3s)
[13:43:23] step 287/300 reward=0.0234 kept=0 len=203.0 kl=- (293.1s)
[13:48:22] step 288/300 reward=0.0156 kept=0 len=197.3 kl=- (298.8s)
[13:53:44] step 289/300 reward=0.0156 kept=0 len=199.4 kl=- (321.8s)
[13:59:06] step 290/300 reward=0.0156 kept=0 len=194.3 kl=- (322.0s)
[14:04:20] step 291/300 reward=0.0078 kept=0 len=199.6 kl=- (313.8s)
[14:09:13] step 292/300 reward=0.0 kept=0 len=192.8 kl=- (293.5s)
[14:14:32] step 293/300 reward=0.0078 kept=0 len=196.9 kl=- (318.2s)
[14:21:21] step 294/300 reward=0.0156 kept=0 len=198.9 kl=- (409.1s)
[14:26:44] step 295/300 reward=0.0078 kept=0 len=182.8 kl=- (322.9s)
[14:32:10] step 296/300 reward=0.0 kept=0 len=190.3 kl=- (326.7s)
[14:37:01] step 297/300 reward=0.0078 kept=0 len=188.6 kl=- (290.8s)
[14:41:54] step 298/300 reward=0.0 kept=0 len=189.9 kl=- (293.0s)
[14:47:09] step 299/300 reward=0.0078 kept=0 len=200.8 kl=- (315.0s)
[14:52:07] step 300/300 reward=0.0156 kept=0 len=193.9 kl=- (297.9s)
[14:52:11] RFT: 352 verifier-correct completions collected; masked-SFT pass
[14:52:31] RFT sft-pass 200/352
[14:52:51] DONE
