[safe_cuda] capped CUDA at 85% of 129 GB unified pool (~109 GB); over-allocation now errors cleanly.
[09:15:14] ARM arch=faithful schedule=cosine optimizer=adamw zloss=0.0 | vr=True ln=False hg=False | steps=2000 seed=2 tok/step=65,536
[09:15:15] optimizer split: 197 / 197 param tensors
Warning: You are sending unauthenticated requests to the HF Hub. Please set a HF_TOKEN to enable higher rate limits and faster downloads.
[09:15:18]   loaded cached tokens from tokcache_133072000_300000_seed0_Qwen3-0.6B-Base.pt (133,072,000 train + 300,000 val)
[09:15:18] Compiling model...
[09:17:01] step    10/2000  ce 10.0996  lr 1.70e-04  |grad| 1.88  mem 59.2GB  tok/s 6,375
[09:18:38] step    20/2000  ce 8.0935  lr 3.40e-04  |grad| 0.91  mem 59.2GB  tok/s 6,556
[09:20:15] step    30/2000  ce 7.8769  lr 5.10e-04  |grad| 0.80  mem 59.2GB  tok/s 6,625
[09:21:52] step    40/2000  ce 7.5358  lr 6.80e-04  |grad| 0.66  mem 59.2GB  tok/s 6,657
[09:23:29] step    50/2000  ce 7.4434  lr 8.50e-04  |grad| 0.94  mem 59.2GB  tok/s 6,676
[09:25:06] step    60/2000  ce 7.3130  lr 1.02e-03  |grad| 1.66  mem 59.2GB  tok/s 6,686
[09:26:44] step    70/2000  ce 7.1986  lr 1.19e-03  |grad| 0.68  mem 59.2GB  tok/s 6,693
[09:28:21] step    80/2000  ce 7.2016  lr 1.36e-03  |grad| 1.24  mem 59.2GB  tok/s 6,700
[09:29:58] step    90/2000  ce 6.8128  lr 1.53e-03  |grad| 0.82  mem 59.2GB  tok/s 6,705
[09:31:35] step   100/2000  ce 6.8729  lr 1.70e-03  |grad| 0.58  mem 59.2GB  tok/s 6,708
[09:33:12] step   110/2000  ce 6.5986  lr 1.70e-03  |grad| 0.43  mem 59.2GB  tok/s 6,712
[09:34:50] step   120/2000  ce 6.6006  lr 1.70e-03  |grad| 0.93  mem 59.2GB  tok/s 6,715
[09:36:27] step   130/2000  ce 6.4758  lr 1.70e-03  |grad| 0.57  mem 59.2GB  tok/s 6,717
[09:38:04] step   140/2000  ce 6.3619  lr 1.70e-03  |grad| 0.48  mem 59.2GB  tok/s 6,718
[09:39:41] step   150/2000  ce 6.3174  lr 1.70e-03  |grad| 0.44  mem 59.2GB  tok/s 6,720
[09:41:18] step   160/2000  ce 6.5855  lr 1.70e-03  |grad| 0.43  mem 59.2GB  tok/s 6,721
[09:42:56] step   170/2000  ce 6.1190  lr 1.70e-03  |grad| 0.49  mem 59.2GB  tok/s 6,723
[09:44:33] step   180/2000  ce 6.1884  lr 1.69e-03  |grad| 0.48  mem 59.2GB  tok/s 6,724
[09:46:10] step   190/2000  ce 6.1816  lr 1.69e-03  |grad| 0.46  mem 59.2GB  tok/s 6,725
[09:47:47] step   200/2000  ce 6.3183  lr 1.69e-03  |grad| 0.70  mem 59.2GB  tok/s 6,726
[09:49:24] step   210/2000  ce 5.8998  lr 1.69e-03  |grad| 0.48  mem 59.2GB  tok/s 6,726
[09:51:01] step   220/2000  ce 6.1981  lr 1.69e-03  |grad| 0.41  mem 59.2GB  tok/s 6,727
[09:52:39] step   230/2000  ce 5.9215  lr 1.68e-03  |grad| 0.54  mem 59.2GB  tok/s 6,728
[09:54:16] step   240/2000  ce 6.0910  lr 1.68e-03  |grad| 0.38  mem 59.2GB  tok/s 6,728
[09:55:53] step   250/2000  ce 5.9043  lr 1.68e-03  |grad| 0.34  mem 59.2GB  tok/s 6,729
[09:55:57]   [ckpt @ 250] -> checkpoint_vr_seed2.pt
[09:57:34] step   260/2000  ce 5.7666  lr 1.68e-03  |grad| 0.43  mem 59.2GB  tok/s 6,719
[09:59:11] step   270/2000  ce 5.5267  lr 1.67e-03  |grad| 0.39  mem 59.2GB  tok/s 6,720
[10:00:49] step   280/2000  ce 5.7162  lr 1.67e-03  |grad| 0.42  mem 59.2GB  tok/s 6,720
[10:02:26] step   290/2000  ce 5.5470  lr 1.67e-03  |grad| 0.38  mem 59.2GB  tok/s 6,720
[10:04:03] step   300/2000  ce 5.8749  lr 1.66e-03  |grad| 0.50  mem 59.2GB  tok/s 6,721
[10:05:41] step   310/2000  ce 5.7413  lr 1.66e-03  |grad| 0.41  mem 59.2GB  tok/s 6,722
[10:07:18] step   320/2000  ce 5.3963  lr 1.65e-03  |grad| 0.37  mem 59.2GB  tok/s 6,722
[10:08:55] step   330/2000  ce 5.6513  lr 1.65e-03  |grad| 0.44  mem 59.2GB  tok/s 6,723
[10:10:33] step   340/2000  ce 5.7316  lr 1.65e-03  |grad| 0.32  mem 59.2GB  tok/s 6,723
[10:12:10] step   350/2000  ce 5.3172  lr 1.64e-03  |grad| 0.39  mem 59.2GB  tok/s 6,723
[10:13:47] step   360/2000  ce 5.4361  lr 1.64e-03  |grad| 0.42  mem 59.2GB  tok/s 6,724
[10:15:25] step   370/2000  ce 5.8488  lr 1.63e-03  |grad| 0.29  mem 59.2GB  tok/s 6,723
[10:17:02] step   380/2000  ce 5.4325  lr 1.63e-03  |grad| 0.31  mem 59.2GB  tok/s 6,724
[10:18:40] step   390/2000  ce 5.2022  lr 1.62e-03  |grad| 0.35  mem 59.2GB  tok/s 6,723
[10:20:18] step   400/2000  ce 5.2519  lr 1.62e-03  |grad| 0.31  mem 59.2GB  tok/s 6,723
[10:21:55] step   410/2000  ce 5.3172  lr 1.61e-03  |grad| 0.38  mem 59.2GB  tok/s 6,723
[10:23:32] step   420/2000  ce 5.1970  lr 1.61e-03  |grad| 0.37  mem 59.2GB  tok/s 6,723
[10:25:10] step   430/2000  ce 5.2336  lr 1.60e-03  |grad| 0.33  mem 59.2GB  tok/s 6,723
[10:26:48] step   440/2000  ce 5.3412  lr 1.59e-03  |grad| 0.29  mem 59.2GB  tok/s 6,723
[10:28:25] step   450/2000  ce 5.2741  lr 1.59e-03  |grad| 0.30  mem 59.2GB  tok/s 6,723
[10:30:03] step   460/2000  ce 5.2175  lr 1.58e-03  |grad| 0.34  mem 59.2GB  tok/s 6,723
[10:31:40] step   470/2000  ce 5.0437  lr 1.57e-03  |grad| 0.38  mem 59.2GB  tok/s 6,723
[10:33:18] step   480/2000  ce 5.0475  lr 1.57e-03  |grad| 0.33  mem 59.2GB  tok/s 6,723
[10:34:55] step   490/2000  ce 4.9342  lr 1.56e-03  |grad| 0.29  mem 59.2GB  tok/s 6,723
[10:36:33] step   500/2000  ce 4.9236  lr 1.55e-03  |grad| 0.30  mem 59.2GB  tok/s 6,722
[10:36:44]   [eval @ 500] val PPL=155.26
[10:36:47]   [ckpt @ 500] -> checkpoint_vr_seed2.pt
[10:38:25] step   510/2000  ce 5.0371  lr 1.55e-03  |grad| 0.29  mem 59.2GB  tok/s 6,702
[10:40:02] step   520/2000  ce 5.0728  lr 1.54e-03  |grad| 0.41  mem 59.2GB  tok/s 6,703
[10:41:39] step   530/2000  ce 4.8963  lr 1.53e-03  |grad| 0.31  mem 59.2GB  tok/s 6,704
[10:43:17] step   540/2000  ce 4.9048  lr 1.53e-03  |grad| 0.31  mem 59.2GB  tok/s 6,704
[10:44:54] step   550/2000  ce 5.0096  lr 1.52e-03  |grad| 0.32  mem 59.2GB  tok/s 6,705
[10:46:31] step   560/2000  ce 4.9747  lr 1.51e-03  |grad| 0.33  mem 59.2GB  tok/s 6,706
[10:48:08] step   570/2000  ce 4.9895  lr 1.50e-03  |grad| 0.30  mem 59.2GB  tok/s 6,706
[10:49:46] step   580/2000  ce 4.8201  lr 1.49e-03  |grad| 0.26  mem 59.2GB  tok/s 6,707
[10:51:23] step   590/2000  ce 4.5278  lr 1.49e-03  |grad| 0.27  mem 59.2GB  tok/s 6,708
[10:53:00] step   600/2000  ce 4.7692  lr 1.48e-03  |grad| 0.33  mem 59.2GB  tok/s 6,708
[10:54:37] step   610/2000  ce 4.8205  lr 1.47e-03  |grad| 0.27  mem 59.2GB  tok/s 6,709
[10:56:14] step   620/2000  ce 4.6368  lr 1.46e-03  |grad| 0.29  mem 59.2GB  tok/s 6,710
[10:57:51] step   630/2000  ce 4.7543  lr 1.45e-03  |grad| 0.23  mem 59.2GB  tok/s 6,710
[10:59:29] step   640/2000  ce 4.7788  lr 1.44e-03  |grad| 0.25  mem 59.2GB  tok/s 6,710
[11:01:06] step   650/2000  ce 4.6837  lr 1.43e-03  |grad| 0.33  mem 59.2GB  tok/s 6,711
[11:02:43] step   660/2000  ce 4.8130  lr 1.42e-03  |grad| 0.25  mem 59.2GB  tok/s 6,711
[11:04:20] step   670/2000  ce 4.8978  lr 1.42e-03  |grad| 0.25  mem 59.2GB  tok/s 6,712
[11:05:58] step   680/2000  ce 4.8360  lr 1.41e-03  |grad| 0.34  mem 59.2GB  tok/s 6,712
[11:07:35] step   690/2000  ce 4.6724  lr 1.40e-03  |grad| 0.28  mem 59.2GB  tok/s 6,713
[11:09:12] step   700/2000  ce 4.8236  lr 1.39e-03  |grad| 0.25  mem 59.2GB  tok/s 6,713
[11:10:49] step   710/2000  ce 4.5980  lr 1.38e-03  |grad| 0.23  mem 59.2GB  tok/s 6,713
[11:12:26] step   720/2000  ce 4.4751  lr 1.37e-03  |grad| 0.24  mem 59.2GB  tok/s 6,714
[11:14:04] step   730/2000  ce 4.4886  lr 1.36e-03  |grad| 0.30  mem 59.2GB  tok/s 6,714
[11:15:41] step   740/2000  ce 4.4371  lr 1.35e-03  |grad| 0.26  mem 59.2GB  tok/s 6,715
[11:17:18] step   750/2000  ce 4.6376  lr 1.34e-03  |grad| 0.22  mem 59.2GB  tok/s 6,715
[11:17:22]   [ckpt @ 750] -> checkpoint_vr_seed2.pt
[11:18:59] step   760/2000  ce 4.5393  lr 1.33e-03  |grad| 0.24  mem 59.2GB  tok/s 6,712
[11:20:36] step   770/2000  ce 4.3380  lr 1.32e-03  |grad| 0.24  mem 59.2GB  tok/s 6,712
[11:22:16] step   780/2000  ce 4.5737  lr 1.31e-03  |grad| 0.23  mem 59.2GB  tok/s 6,711
[11:24:04] step   790/2000  ce 4.3124  lr 1.30e-03  |grad| 0.23  mem 59.2GB  tok/s 6,701
[11:25:48] step   800/2000  ce 4.3328  lr 1.29e-03  |grad| 0.21  mem 59.2GB  tok/s 6,696
[11:27:33] step   810/2000  ce 4.4408  lr 1.28e-03  |grad| 0.23  mem 59.2GB  tok/s 6,690
[11:29:18] step   820/2000  ce 4.3380  lr 1.27e-03  |grad| 0.22  mem 59.2GB  tok/s 6,684
[11:31:02] step   830/2000  ce 4.5153  lr 1.26e-03  |grad| 0.25  mem 59.2GB  tok/s 6,679
[11:32:47] step   840/2000  ce 4.0977  lr 1.24e-03  |grad| 0.24  mem 59.2GB  tok/s 6,674
[11:34:29] step   850/2000  ce 4.6069  lr 1.23e-03  |grad| 0.25  mem 59.2GB  tok/s 6,671
[11:36:07] step   860/2000  ce 4.3988  lr 1.22e-03  |grad| 0.23  mem 59.2GB  tok/s 6,671
[11:37:44] step   870/2000  ce 4.6025  lr 1.21e-03  |grad| 0.22  mem 59.2GB  tok/s 6,672
[11:39:23] step   880/2000  ce 4.4805  lr 1.20e-03  |grad| 0.22  mem 59.2GB  tok/s 6,671
[11:41:00] step   890/2000  ce 4.2661  lr 1.19e-03  |grad| 0.21  mem 59.2GB  tok/s 6,672
[11:42:37] step   900/2000  ce 4.4987  lr 1.18e-03  |grad| 0.21  mem 59.2GB  tok/s 6,673
[11:44:23] step   910/2000  ce 4.1194  lr 1.17e-03  |grad| 0.22  mem 59.2GB  tok/s 6,667
[11:46:11] step   920/2000  ce 4.1870  lr 1.16e-03  |grad| 0.22  mem 59.2GB  tok/s 6,660
[11:47:58] step   930/2000  ce 4.2004  lr 1.15e-03  |grad| 0.21  mem 59.2GB  tok/s 6,654
[11:49:43] step   940/2000  ce 3.9130  lr 1.13e-03  |grad| 0.21  mem 59.2GB  tok/s 6,649
[11:51:29] step   950/2000  ce 4.3204  lr 1.12e-03  |grad| 0.19  mem 59.2GB  tok/s 6,644
[11:53:17] step   960/2000  ce 4.3001  lr 1.11e-03  |grad| 0.21  mem 59.2GB  tok/s 6,638
[11:55:04] step   970/2000  ce 4.2841  lr 1.10e-03  |grad| 0.21  mem 59.2GB  tok/s 6,632
[11:56:51] step   980/2000  ce 4.0719  lr 1.09e-03  |grad| 0.20  mem 59.2GB  tok/s 6,626
[11:58:37] step   990/2000  ce 4.0445  lr 1.08e-03  |grad| 0.23  mem 59.2GB  tok/s 6,621
[12:00:25] step  1000/2000  ce 4.1408  lr 1.07e-03  |grad| 0.20  mem 59.2GB  tok/s 6,616
[12:00:35]   [eval @ 1000] val PPL=65.90
[12:00:38]   [ckpt @ 1000] -> checkpoint_vr_seed2.pt
[12:02:26] step  1010/2000  ce 4.0528  lr 1.06e-03  |grad| 0.22  mem 59.2GB  tok/s 6,601
[12:04:14] step  1020/2000  ce 4.1069  lr 1.04e-03  |grad| 0.22  mem 59.2GB  tok/s 6,595
[12:06:01] step  1030/2000  ce 4.4306  lr 1.03e-03  |grad| 0.21  mem 59.2GB  tok/s 6,590
[12:07:49] step  1040/2000  ce 4.1916  lr 1.02e-03  |grad| 0.21  mem 59.2GB  tok/s 6,585
[12:09:37] step  1050/2000  ce 4.1240  lr 1.01e-03  |grad| 0.19  mem 59.2GB  tok/s 6,579
[12:11:24] step  1060/2000  ce 4.2422  lr 9.99e-04  |grad| 0.19  mem 59.2GB  tok/s 6,575
[12:13:11] step  1070/2000  ce 4.3072  lr 9.87e-04  |grad| 0.23  mem 59.2GB  tok/s 6,571
[12:14:58] step  1080/2000  ce 4.0606  lr 9.76e-04  |grad| 0.20  mem 59.2GB  tok/s 6,566
[12:16:43] step  1090/2000  ce 4.1645  lr 9.64e-04  |grad| 0.23  mem 59.2GB  tok/s 6,563
[12:18:23] step  1100/2000  ce 4.2296  lr 9.53e-04  |grad| 0.19  mem 59.2GB  tok/s 6,563
[12:20:01] step  1110/2000  ce 4.0040  lr 9.42e-04  |grad| 0.20  mem 59.2GB  tok/s 6,564
[12:21:39] step  1120/2000  ce 4.2341  lr 9.30e-04  |grad| 0.20  mem 59.2GB  tok/s 6,565
[12:23:17] step  1130/2000  ce 4.2248  lr 9.19e-04  |grad| 0.21  mem 59.2GB  tok/s 6,566
[12:24:54] step  1140/2000  ce 3.9340  lr 9.08e-04  |grad| 0.22  mem 59.2GB  tok/s 6,567
[12:26:32] step  1150/2000  ce 4.2391  lr 8.96e-04  |grad| 0.19  mem 59.2GB  tok/s 6,569
[12:28:10] step  1160/2000  ce 4.0930  lr 8.85e-04  |grad| 0.19  mem 59.2GB  tok/s 6,570
[12:29:47] step  1170/2000  ce 4.2435  lr 8.74e-04  |grad| 0.21  mem 59.2GB  tok/s 6,571
[12:31:27] step  1180/2000  ce 4.0411  lr 8.63e-04  |grad| 0.22  mem 59.2GB  tok/s 6,571
[12:33:06] step  1190/2000  ce 4.2079  lr 8.52e-04  |grad| 0.19  mem 59.2GB  tok/s 6,571
[12:34:46] step  1200/2000  ce 4.0155  lr 8.41e-04  |grad| 0.22  mem 59.2GB  tok/s 6,572
[12:36:26] step  1210/2000  ce 3.8752  lr 8.30e-04  |grad| 0.20  mem 59.2GB  tok/s 6,571
[12:38:04] step  1220/2000  ce 4.1294  lr 8.19e-04  |grad| 0.19  mem 59.2GB  tok/s 6,572
[12:39:41] step  1230/2000  ce 4.2639  lr 8.08e-04  |grad| 0.20  mem 59.2GB  tok/s 6,574
[12:41:18] step  1240/2000  ce 4.0886  lr 7.97e-04  |grad| 0.19  mem 59.2GB  tok/s 6,575
[12:42:55] step  1250/2000  ce 4.2177  lr 7.86e-04  |grad| 0.20  mem 59.2GB  tok/s 6,576
[12:42:59]   [ckpt @ 1250] -> checkpoint_vr_seed2.pt
[12:44:36] step  1260/2000  ce 3.9521  lr 7.75e-04  |grad| 0.19  mem 59.2GB  tok/s 6,576
[12:46:13] step  1270/2000  ce 4.2221  lr 7.65e-04  |grad| 0.19  mem 59.2GB  tok/s 6,577
[12:47:50] step  1280/2000  ce 4.0150  lr 7.54e-04  |grad| 0.19  mem 59.2GB  tok/s 6,578
[12:49:28] step  1290/2000  ce 4.1421  lr 7.43e-04  |grad| 0.20  mem 59.2GB  tok/s 6,579
[12:51:05] step  1300/2000  ce 3.9199  lr 7.33e-04  |grad| 0.20  mem 59.2GB  tok/s 6,581
[12:52:42] step  1310/2000  ce 3.9630  lr 7.22e-04  |grad| 0.19  mem 59.2GB  tok/s 6,582
[12:54:19] step  1320/2000  ce 3.9982  lr 7.12e-04  |grad| 0.19  mem 59.2GB  tok/s 6,583
[12:55:56] step  1330/2000  ce 4.1362  lr 7.02e-04  |grad| 0.17  mem 59.2GB  tok/s 6,584
[12:57:33] step  1340/2000  ce 4.0198  lr 6.92e-04  |grad| 0.19  mem 59.2GB  tok/s 6,586
[12:59:10] step  1350/2000  ce 3.9646  lr 6.82e-04  |grad| 0.19  mem 59.2GB  tok/s 6,587
[13:00:47] step  1360/2000  ce 3.8212  lr 6.72e-04  |grad| 0.19  mem 59.2GB  tok/s 6,588
[13:02:25] step  1370/2000  ce 3.7978  lr 6.62e-04  |grad| 0.19  mem 59.2GB  tok/s 6,589
[13:04:02] step  1380/2000  ce 4.2186  lr 6.52e-04  |grad| 0.20  mem 59.2GB  tok/s 6,590
[13:05:39] step  1390/2000  ce 3.8443  lr 6.42e-04  |grad| 0.20  mem 59.2GB  tok/s 6,591
[13:07:16] step  1400/2000  ce 3.9689  lr 6.33e-04  |grad| 0.18  mem 59.2GB  tok/s 6,592
[13:08:53] step  1410/2000  ce 3.7654  lr 6.23e-04  |grad| 0.19  mem 59.2GB  tok/s 6,593
[13:10:30] step  1420/2000  ce 4.0094  lr 6.14e-04  |grad| 0.20  mem 59.2GB  tok/s 6,594
[13:12:08] step  1430/2000  ce 4.0235  lr 6.04e-04  |grad| 0.19  mem 59.2GB  tok/s 6,595
[13:13:45] step  1440/2000  ce 3.9824  lr 5.95e-04  |grad| 0.18  mem 59.2GB  tok/s 6,596
[13:15:22] step  1450/2000  ce 4.0161  lr 5.86e-04  |grad| 0.17  mem 59.2GB  tok/s 6,597
[13:16:59] step  1460/2000  ce 3.9489  lr 5.77e-04  |grad| 0.19  mem 59.2GB  tok/s 6,598
[13:18:36] step  1470/2000  ce 4.0668  lr 5.68e-04  |grad| 0.19  mem 59.2GB  tok/s 6,599
[13:20:13] step  1480/2000  ce 3.9843  lr 5.60e-04  |grad| 0.20  mem 59.2GB  tok/s 6,600
[13:21:51] step  1490/2000  ce 3.9966  lr 5.51e-04  |grad| 0.18  mem 59.2GB  tok/s 6,601
[13:23:28] step  1500/2000  ce 3.9710  lr 5.43e-04  |grad| 0.20  mem 59.2GB  tok/s 6,602
[13:23:37]   [eval @ 1500] val PPL=48.93
[13:23:40]   [ckpt @ 1500] -> checkpoint_vr_seed2.pt
[13:25:18] step  1510/2000  ce 3.7592  lr 5.34e-04  |grad| 0.20  mem 59.2GB  tok/s 6,598
[13:26:55] step  1520/2000  ce 4.1631  lr 5.26e-04  |grad| 0.18  mem 59.2GB  tok/s 6,599
[13:28:32] step  1530/2000  ce 4.0475  lr 5.18e-04  |grad| 0.19  mem 59.2GB  tok/s 6,599
[13:30:09] step  1540/2000  ce 3.9799  lr 5.10e-04  |grad| 0.26  mem 59.2GB  tok/s 6,600
[13:31:46] step  1550/2000  ce 4.1736  lr 5.02e-04  |grad| 0.19  mem 59.2GB  tok/s 6,601
[13:33:23] step  1560/2000  ce 3.9831  lr 4.95e-04  |grad| 0.20  mem 59.2GB  tok/s 6,602
[13:35:01] step  1570/2000  ce 3.8684  lr 4.87e-04  |grad| 0.18  mem 59.2GB  tok/s 6,603
[13:36:38] step  1580/2000  ce 3.6960  lr 4.80e-04  |grad| 0.18  mem 59.2GB  tok/s 6,604
[13:38:15] step  1590/2000  ce 3.9639  lr 4.73e-04  |grad| 0.19  mem 59.2GB  tok/s 6,605
[13:39:52] step  1600/2000  ce 3.9439  lr 4.65e-04  |grad| 0.18  mem 59.2GB  tok/s 6,606
[13:41:30] step  1610/2000  ce 3.7758  lr 4.59e-04  |grad| 0.18  mem 59.2GB  tok/s 6,606
[13:43:07] step  1620/2000  ce 3.6264  lr 4.52e-04  |grad| 0.17  mem 59.2GB  tok/s 6,607
[13:44:44] step  1630/2000  ce 3.9682  lr 4.45e-04  |grad| 0.18  mem 59.2GB  tok/s 6,608
[13:46:21] step  1640/2000  ce 3.7587  lr 4.39e-04  |grad| 0.18  mem 59.2GB  tok/s 6,609
[13:47:58] step  1650/2000  ce 3.8464  lr 4.32e-04  |grad| 0.18  mem 59.2GB  tok/s 6,610
[13:49:36] step  1660/2000  ce 3.7713  lr 4.26e-04  |grad| 0.17  mem 59.2GB  tok/s 6,610
[13:51:13] step  1670/2000  ce 3.6125  lr 4.20e-04  |grad| 0.18  mem 59.2GB  tok/s 6,611
[13:52:50] step  1680/2000  ce 3.9988  lr 4.14e-04  |grad| 0.19  mem 59.2GB  tok/s 6,612
[13:54:27] step  1690/2000  ce 3.6591  lr 4.09e-04  |grad| 0.19  mem 59.2GB  tok/s 6,613
[13:56:04] step  1700/2000  ce 3.9186  lr 4.03e-04  |grad| 0.18  mem 59.2GB  tok/s 6,614
[13:57:41] step  1710/2000  ce 3.8437  lr 3.98e-04  |grad| 0.17  mem 59.2GB  tok/s 6,614
[13:59:18] step  1720/2000  ce 3.7296  lr 3.93e-04  |grad| 0.17  mem 59.2GB  tok/s 6,615
[14:00:56] step  1730/2000  ce 3.9005  lr 3.88e-04  |grad| 0.17  mem 59.2GB  tok/s 6,616
[14:02:33] step  1740/2000  ce 3.8978  lr 3.83e-04  |grad| 0.18  mem 59.2GB  tok/s 6,617
[14:04:10] step  1750/2000  ce 3.9546  lr 3.78e-04  |grad| 0.18  mem 59.2GB  tok/s 6,617
[14:04:13]   [ckpt @ 1750] -> checkpoint_vr_seed2.pt
[14:05:50] step  1760/2000  ce 3.9012  lr 3.74e-04  |grad| 0.19  mem 59.2GB  tok/s 6,617
[14:07:28] step  1770/2000  ce 3.7776  lr 3.69e-04  |grad| 0.19  mem 59.2GB  tok/s 6,617
[14:09:05] step  1780/2000  ce 3.8764  lr 3.65e-04  |grad| 0.18  mem 59.2GB  tok/s 6,618
[14:10:42] step  1790/2000  ce 4.0098  lr 3.61e-04  |grad| 0.18  mem 59.2GB  tok/s 6,619
[14:12:19] step  1800/2000  ce 3.6653  lr 3.57e-04  |grad| 0.18  mem 59.2GB  tok/s 6,619
[14:13:56] step  1810/2000  ce 3.8414  lr 3.54e-04  |grad| 0.17  mem 59.2GB  tok/s 6,620
[14:15:33] step  1820/2000  ce 3.6457  lr 3.50e-04  |grad| 0.18  mem 59.2GB  tok/s 6,621
[14:17:11] step  1830/2000  ce 3.5860  lr 3.47e-04  |grad| 0.18  mem 59.2GB  tok/s 6,622
[14:18:48] step  1840/2000  ce 3.5969  lr 3.44e-04  |grad| 0.18  mem 59.2GB  tok/s 6,622
[14:20:25] step  1850/2000  ce 3.8715  lr 3.41e-04  |grad| 0.17  mem 59.2GB  tok/s 6,623
[14:22:02] step  1860/2000  ce 3.4007  lr 3.38e-04  |grad| 0.17  mem 59.2GB  tok/s 6,624
[14:23:39] step  1870/2000  ce 4.0051  lr 3.36e-04  |grad| 0.18  mem 59.2GB  tok/s 6,624
[14:25:16] step  1880/2000  ce 3.7215  lr 3.34e-04  |grad| 0.20  mem 59.2GB  tok/s 6,625
[14:26:54] step  1890/2000  ce 3.6935  lr 3.31e-04  |grad| 0.18  mem 59.2GB  tok/s 6,625
[14:28:31] step  1900/2000  ce 3.7578  lr 3.29e-04  |grad| 0.18  mem 59.2GB  tok/s 6,626
[14:30:08] step  1910/2000  ce 3.7298  lr 3.28e-04  |grad| 0.18  mem 59.2GB  tok/s 6,627
[14:31:45] step  1920/2000  ce 3.7926  lr 3.26e-04  |grad| 0.18  mem 59.2GB  tok/s 6,627
[14:33:22] step  1930/2000  ce 3.7305  lr 3.25e-04  |grad| 0.19  mem 59.2GB  tok/s 6,628
[14:34:59] step  1940/2000  ce 3.8159  lr 3.23e-04  |grad| 0.17  mem 59.2GB  tok/s 6,628
[14:36:36] step  1950/2000  ce 3.7672  lr 3.22e-04  |grad| 0.17  mem 59.2GB  tok/s 6,629
[14:38:14] step  1960/2000  ce 3.9594  lr 3.22e-04  |grad| 0.18  mem 59.2GB  tok/s 6,630
[14:39:51] step  1970/2000  ce 4.0126  lr 3.21e-04  |grad| 0.18  mem 59.2GB  tok/s 6,630
[14:41:28] step  1980/2000  ce 3.6497  lr 3.20e-04  |grad| 0.18  mem 59.2GB  tok/s 6,631
[14:43:05] step  1990/2000  ce 3.6922  lr 3.20e-04  |grad| 0.18  mem 59.2GB  tok/s 6,631
[14:44:42] step  2000/2000  ce 3.4003  lr 3.20e-04  |grad| 0.18  mem 59.2GB  tok/s 6,632
[14:44:51]   [eval @ 2000] val PPL=42.97
[14:44:55]   [ckpt @ 2000] -> checkpoint_vr_seed2.pt
[14:44:59] DONE
