[safe_cuda] capped CUDA at 85% of 129 GB unified pool (~109 GB); over-allocation now errors cleanly.
[20:04:00] ARM arch=faithful schedule=cosine optimizer=adamw zloss=0.0 | vr=False ln=True hg=False | steps=2000 seed=1 tok/step=65,536
[20:04:00] optimizer split: 197 / 113 param tensors
Warning: You are sending unauthenticated requests to the HF Hub. Please set a HF_TOKEN to enable higher rate limits and faster downloads.
[20:04:03]   loaded cached tokens from tokcache_133072000_300000_seed0_Qwen3-0.6B-Base.pt (133,072,000 train + 300,000 val)
[20:04:03] Compiling model...
[20:05:43] step    10/2000  ce 9.9840  lr 1.70e-04  |grad| 1.95  mem 57.4GB  tok/s 6,637
[20:07:18] step    20/2000  ce 7.9845  lr 3.40e-04  |grad| 0.94  mem 57.4GB  tok/s 6,780
[20:08:52] step    30/2000  ce 7.7020  lr 5.10e-04  |grad| 2.33  mem 57.4GB  tok/s 6,827
[20:10:27] step    40/2000  ce 7.2383  lr 6.80e-04  |grad| 0.85  mem 57.4GB  tok/s 6,850
[20:12:02] step    50/2000  ce 6.8843  lr 8.50e-04  |grad| 0.69  mem 57.4GB  tok/s 6,862
[20:13:37] step    60/2000  ce 6.8832  lr 1.02e-03  |grad| 0.69  mem 57.4GB  tok/s 6,871
[20:15:11] step    70/2000  ce 6.8882  lr 1.19e-03  |grad| 0.84  mem 57.4GB  tok/s 6,876
[20:16:46] step    80/2000  ce 6.7983  lr 1.36e-03  |grad| 1.12  mem 57.4GB  tok/s 6,881
[20:18:21] step    90/2000  ce 6.4809  lr 1.53e-03  |grad| 0.47  mem 57.4GB  tok/s 6,884
[20:19:56] step   100/2000  ce 6.4588  lr 1.70e-03  |grad| 0.47  mem 57.4GB  tok/s 6,886
[20:21:31] step   110/2000  ce 6.5132  lr 1.70e-03  |grad| 0.61  mem 57.4GB  tok/s 6,888
[20:23:06] step   120/2000  ce 6.7412  lr 1.70e-03  |grad| 0.54  mem 57.4GB  tok/s 6,890
[20:24:41] step   130/2000  ce 6.1328  lr 1.70e-03  |grad| 0.59  mem 57.4GB  tok/s 6,891
[20:26:15] step   140/2000  ce 6.1867  lr 1.70e-03  |grad| 0.63  mem 57.4GB  tok/s 6,892
[20:27:50] step   150/2000  ce 6.1778  lr 1.70e-03  |grad| 0.53  mem 57.4GB  tok/s 6,893
[20:29:25] step   160/2000  ce 6.0178  lr 1.70e-03  |grad| 0.51  mem 57.4GB  tok/s 6,894
[20:31:00] step   170/2000  ce 6.1663  lr 1.70e-03  |grad| 0.52  mem 57.4GB  tok/s 6,895
[20:32:35] step   180/2000  ce 6.0467  lr 1.69e-03  |grad| 0.47  mem 57.4GB  tok/s 6,895
[20:34:10] step   190/2000  ce 5.9740  lr 1.69e-03  |grad| 0.61  mem 57.4GB  tok/s 6,896
[20:35:45] step   200/2000  ce 5.9231  lr 1.69e-03  |grad| 0.36  mem 57.4GB  tok/s 6,897
[20:37:20] step   210/2000  ce 5.8491  lr 1.69e-03  |grad| 0.41  mem 57.4GB  tok/s 6,897
[20:38:55] step   220/2000  ce 5.6278  lr 1.69e-03  |grad| 0.42  mem 57.4GB  tok/s 6,897
[20:40:30] step   230/2000  ce 5.7658  lr 1.68e-03  |grad| 0.42  mem 57.4GB  tok/s 6,898
[20:42:05] step   240/2000  ce 5.5457  lr 1.68e-03  |grad| 0.37  mem 57.4GB  tok/s 6,898
[20:43:39] step   250/2000  ce 5.9164  lr 1.68e-03  |grad| 0.42  mem 57.4GB  tok/s 6,898
[20:43:43]   [ckpt @ 250] -> checkpoint_ln_seed1.pt
[20:45:18] step   260/2000  ce 5.5499  lr 1.68e-03  |grad| 0.34  mem 57.4GB  tok/s 6,889
[20:46:53] step   270/2000  ce 5.3778  lr 1.67e-03  |grad| 0.43  mem 57.4GB  tok/s 6,890
[20:48:28] step   280/2000  ce 5.4499  lr 1.67e-03  |grad| 0.43  mem 57.4GB  tok/s 6,890
[20:50:03] step   290/2000  ce 5.4675  lr 1.67e-03  |grad| 0.34  mem 57.4GB  tok/s 6,890
[20:51:38] step   300/2000  ce 5.4819  lr 1.66e-03  |grad| 0.29  mem 57.4GB  tok/s 6,891
[20:53:12] step   310/2000  ce 5.5638  lr 1.66e-03  |grad| 0.36  mem 57.4GB  tok/s 6,891
[20:54:47] step   320/2000  ce 5.3227  lr 1.65e-03  |grad| 0.28  mem 57.4GB  tok/s 6,892
[20:56:22] step   330/2000  ce 5.1500  lr 1.65e-03  |grad| 0.36  mem 57.4GB  tok/s 6,892
[20:57:57] step   340/2000  ce 5.3414  lr 1.65e-03  |grad| 0.32  mem 57.4GB  tok/s 6,893
[20:59:32] step   350/2000  ce 5.2949  lr 1.64e-03  |grad| 0.35  mem 57.4GB  tok/s 6,893
[21:01:07] step   360/2000  ce 5.3545  lr 1.64e-03  |grad| 0.33  mem 57.4GB  tok/s 6,893
[21:02:42] step   370/2000  ce 5.3561  lr 1.63e-03  |grad| 0.29  mem 57.4GB  tok/s 6,894
[21:04:17] step   380/2000  ce 5.2603  lr 1.63e-03  |grad| 0.36  mem 57.4GB  tok/s 6,894
[21:05:52] step   390/2000  ce 5.2296  lr 1.62e-03  |grad| 0.28  mem 57.4GB  tok/s 6,894
[21:07:27] step   400/2000  ce 5.2410  lr 1.62e-03  |grad| 0.34  mem 57.4GB  tok/s 6,894
[21:09:02] step   410/2000  ce 4.8452  lr 1.61e-03  |grad| 0.33  mem 57.4GB  tok/s 6,894
[21:10:36] step   420/2000  ce 5.0270  lr 1.61e-03  |grad| 0.25  mem 57.4GB  tok/s 6,895
[21:12:11] step   430/2000  ce 5.1103  lr 1.60e-03  |grad| 0.28  mem 57.4GB  tok/s 6,895
[21:13:46] step   440/2000  ce 5.0419  lr 1.59e-03  |grad| 0.32  mem 57.4GB  tok/s 6,895
[21:15:21] step   450/2000  ce 4.9929  lr 1.59e-03  |grad| 0.30  mem 57.4GB  tok/s 6,895
[21:16:56] step   460/2000  ce 5.2729  lr 1.58e-03  |grad| 0.31  mem 57.4GB  tok/s 6,896
[21:18:31] step   470/2000  ce 4.9905  lr 1.57e-03  |grad| 0.29  mem 57.4GB  tok/s 6,896
[21:20:06] step   480/2000  ce 4.9737  lr 1.57e-03  |grad| 0.29  mem 57.4GB  tok/s 6,896
[21:21:40] step   490/2000  ce 4.9405  lr 1.56e-03  |grad| 0.33  mem 57.4GB  tok/s 6,897
[21:23:15] step   500/2000  ce 4.9269  lr 1.55e-03  |grad| 0.30  mem 57.4GB  tok/s 6,897
[21:23:26]   [eval @ 500] val PPL=121.28
[21:23:30]   [ckpt @ 500] -> checkpoint_ln_seed1.pt
[21:25:04] step   510/2000  ce 4.7625  lr 1.55e-03  |grad| 0.29  mem 57.4GB  tok/s 6,877
[21:26:39] step   520/2000  ce 4.7234  lr 1.54e-03  |grad| 0.27  mem 57.4GB  tok/s 6,878
[21:28:14] step   530/2000  ce 5.0194  lr 1.53e-03  |grad| 0.28  mem 57.4GB  tok/s 6,878
[21:29:49] step   540/2000  ce 4.5874  lr 1.53e-03  |grad| 0.26  mem 57.4GB  tok/s 6,879
[21:31:24] step   550/2000  ce 4.8238  lr 1.52e-03  |grad| 0.29  mem 57.4GB  tok/s 6,879
[21:32:58] step   560/2000  ce 4.5096  lr 1.51e-03  |grad| 0.30  mem 57.4GB  tok/s 6,880
[21:34:33] step   570/2000  ce 4.7324  lr 1.50e-03  |grad| 0.29  mem 57.4GB  tok/s 6,881
[21:36:08] step   580/2000  ce 4.4272  lr 1.49e-03  |grad| 0.27  mem 57.4GB  tok/s 6,881
[21:37:43] step   590/2000  ce 4.5205  lr 1.49e-03  |grad| 0.27  mem 57.4GB  tok/s 6,882
[21:39:18] step   600/2000  ce 4.9111  lr 1.48e-03  |grad| 0.25  mem 57.4GB  tok/s 6,882
[21:40:53] step   610/2000  ce 4.2782  lr 1.47e-03  |grad| 0.26  mem 57.4GB  tok/s 6,883
[21:42:27] step   620/2000  ce 4.6335  lr 1.46e-03  |grad| 0.25  mem 57.4GB  tok/s 6,883
[21:44:02] step   630/2000  ce 4.1916  lr 1.45e-03  |grad| 0.25  mem 57.4GB  tok/s 6,884
[21:45:37] step   640/2000  ce 4.5016  lr 1.44e-03  |grad| 0.25  mem 57.4GB  tok/s 6,884
[21:47:12] step   650/2000  ce 4.4126  lr 1.43e-03  |grad| 0.23  mem 57.4GB  tok/s 6,884
[21:48:47] step   660/2000  ce 4.4795  lr 1.42e-03  |grad| 0.27  mem 57.4GB  tok/s 6,885
[21:50:22] step   670/2000  ce 4.5388  lr 1.42e-03  |grad| 0.23  mem 57.4GB  tok/s 6,885
[21:51:57] step   680/2000  ce 4.7067  lr 1.41e-03  |grad| 0.26  mem 57.4GB  tok/s 6,885
[21:53:31] step   690/2000  ce 4.6937  lr 1.40e-03  |grad| 0.26  mem 57.4GB  tok/s 6,886
[21:55:06] step   700/2000  ce 4.1099  lr 1.39e-03  |grad| 0.25  mem 57.4GB  tok/s 6,886
[21:56:41] step   710/2000  ce 4.5898  lr 1.38e-03  |grad| 0.22  mem 57.4GB  tok/s 6,886
[21:58:16] step   720/2000  ce 4.4830  lr 1.37e-03  |grad| 0.23  mem 57.4GB  tok/s 6,887
[21:59:51] step   730/2000  ce 4.2885  lr 1.36e-03  |grad| 0.26  mem 57.4GB  tok/s 6,887
[22:01:26] step   740/2000  ce 4.4305  lr 1.35e-03  |grad| 0.21  mem 57.4GB  tok/s 6,887
[22:03:01] step   750/2000  ce 4.2627  lr 1.34e-03  |grad| 0.25  mem 57.4GB  tok/s 6,887
[22:03:04]   [ckpt @ 750] -> checkpoint_ln_seed1.pt
[22:04:39] step   760/2000  ce 4.3397  lr 1.33e-03  |grad| 0.22  mem 57.4GB  tok/s 6,884
[22:06:14] step   770/2000  ce 4.1821  lr 1.32e-03  |grad| 0.21  mem 57.4GB  tok/s 6,885
[22:07:49] step   780/2000  ce 4.2651  lr 1.31e-03  |grad| 0.22  mem 57.4GB  tok/s 6,885
[22:09:24] step   790/2000  ce 4.4107  lr 1.30e-03  |grad| 0.22  mem 57.4GB  tok/s 6,885
[22:10:59] step   800/2000  ce 4.4226  lr 1.29e-03  |grad| 0.23  mem 57.4GB  tok/s 6,885
[22:12:34] step   810/2000  ce 4.5082  lr 1.28e-03  |grad| 0.22  mem 57.4GB  tok/s 6,886
[22:14:08] step   820/2000  ce 4.1299  lr 1.27e-03  |grad| 0.24  mem 57.4GB  tok/s 6,886
[22:15:43] step   830/2000  ce 4.4550  lr 1.26e-03  |grad| 0.24  mem 57.4GB  tok/s 6,886
[22:17:18] step   840/2000  ce 3.8366  lr 1.24e-03  |grad| 0.24  mem 57.4GB  tok/s 6,887
[22:18:53] step   850/2000  ce 4.3090  lr 1.23e-03  |grad| 0.22  mem 57.4GB  tok/s 6,887
[22:20:28] step   860/2000  ce 4.3847  lr 1.22e-03  |grad| 0.21  mem 57.4GB  tok/s 6,887
[22:22:03] step   870/2000  ce 4.1337  lr 1.21e-03  |grad| 0.23  mem 57.4GB  tok/s 6,887
[22:23:37] step   880/2000  ce 3.8639  lr 1.20e-03  |grad| 0.21  mem 57.4GB  tok/s 6,888
[22:25:12] step   890/2000  ce 4.2015  lr 1.19e-03  |grad| 0.22  mem 57.4GB  tok/s 6,888
[22:26:47] step   900/2000  ce 4.0913  lr 1.18e-03  |grad| 0.23  mem 57.4GB  tok/s 6,888
[22:28:22] step   910/2000  ce 4.1048  lr 1.17e-03  |grad| 0.22  mem 57.4GB  tok/s 6,888
[22:29:57] step   920/2000  ce 4.1493  lr 1.16e-03  |grad| 0.22  mem 57.4GB  tok/s 6,889
[22:31:32] step   930/2000  ce 4.3790  lr 1.15e-03  |grad| 0.21  mem 57.4GB  tok/s 6,889
[22:33:06] step   940/2000  ce 3.6143  lr 1.13e-03  |grad| 0.23  mem 57.4GB  tok/s 6,889
[22:34:41] step   950/2000  ce 4.1981  lr 1.12e-03  |grad| 0.21  mem 57.4GB  tok/s 6,889
[22:36:16] step   960/2000  ce 3.9359  lr 1.11e-03  |grad| 0.22  mem 57.4GB  tok/s 6,890
[22:37:51] step   970/2000  ce 4.0410  lr 1.10e-03  |grad| 0.24  mem 57.4GB  tok/s 6,890
[22:39:26] step   980/2000  ce 4.1879  lr 1.09e-03  |grad| 0.22  mem 57.4GB  tok/s 6,890
[22:41:01] step   990/2000  ce 4.2023  lr 1.08e-03  |grad| 0.24  mem 57.4GB  tok/s 6,890
[22:42:35] step  1000/2000  ce 4.0158  lr 1.07e-03  |grad| 0.22  mem 57.4GB  tok/s 6,891
[22:42:44]   [eval @ 1000] val PPL=63.54
[22:42:48]   [ckpt @ 1000] -> checkpoint_ln_seed1.pt
[22:44:23] step  1010/2000  ce 4.0510  lr 1.06e-03  |grad| 0.22  mem 57.4GB  tok/s 6,882
[22:45:58] step  1020/2000  ce 4.1980  lr 1.04e-03  |grad| 0.20  mem 57.4GB  tok/s 6,882
[22:47:32] step  1030/2000  ce 4.1846  lr 1.03e-03  |grad| 0.20  mem 57.4GB  tok/s 6,882
[22:49:07] step  1040/2000  ce 3.8839  lr 1.02e-03  |grad| 0.21  mem 57.4GB  tok/s 6,883
[22:50:42] step  1050/2000  ce 4.0240  lr 1.01e-03  |grad| 0.21  mem 57.4GB  tok/s 6,883
[22:52:17] step  1060/2000  ce 4.0892  lr 9.99e-04  |grad| 0.22  mem 57.4GB  tok/s 6,883
[22:53:51] step  1070/2000  ce 4.4801  lr 9.87e-04  |grad| 0.20  mem 57.4GB  tok/s 6,884
[22:55:26] step  1080/2000  ce 4.0968  lr 9.76e-04  |grad| 0.21  mem 57.4GB  tok/s 6,884
[22:57:01] step  1090/2000  ce 3.9367  lr 9.64e-04  |grad| 0.20  mem 57.4GB  tok/s 6,884
[22:58:36] step  1100/2000  ce 4.1058  lr 9.53e-04  |grad| 0.21  mem 57.4GB  tok/s 6,884
[23:00:11] step  1110/2000  ce 4.0875  lr 9.42e-04  |grad| 0.20  mem 57.4GB  tok/s 6,885
[23:01:45] step  1120/2000  ce 4.1507  lr 9.30e-04  |grad| 0.19  mem 57.4GB  tok/s 6,885
[23:03:20] step  1130/2000  ce 4.1181  lr 9.19e-04  |grad| 0.21  mem 57.4GB  tok/s 6,885
[23:04:55] step  1140/2000  ce 3.8397  lr 9.08e-04  |grad| 0.20  mem 57.4GB  tok/s 6,885
[23:06:30] step  1150/2000  ce 4.3179  lr 8.96e-04  |grad| 0.20  mem 57.4GB  tok/s 6,886
[23:08:05] step  1160/2000  ce 3.8792  lr 8.85e-04  |grad| 0.19  mem 57.4GB  tok/s 6,886
[23:09:39] step  1170/2000  ce 3.8840  lr 8.74e-04  |grad| 0.19  mem 57.4GB  tok/s 6,886
[23:11:14] step  1180/2000  ce 4.1247  lr 8.63e-04  |grad| 0.18  mem 57.4GB  tok/s 6,886
[23:12:49] step  1190/2000  ce 4.0058  lr 8.52e-04  |grad| 0.19  mem 57.4GB  tok/s 6,886
[23:14:24] step  1200/2000  ce 4.0882  lr 8.41e-04  |grad| 0.19  mem 57.4GB  tok/s 6,887
[23:15:59] step  1210/2000  ce 4.0824  lr 8.30e-04  |grad| 0.18  mem 57.4GB  tok/s 6,887
[23:17:34] step  1220/2000  ce 3.9260  lr 8.19e-04  |grad| 0.19  mem 57.4GB  tok/s 6,887
[23:19:08] step  1230/2000  ce 4.1074  lr 8.08e-04  |grad| 0.18  mem 57.4GB  tok/s 6,887
[23:20:43] step  1240/2000  ce 3.7207  lr 7.97e-04  |grad| 0.18  mem 57.4GB  tok/s 6,887
[23:22:18] step  1250/2000  ce 4.0648  lr 7.86e-04  |grad| 0.23  mem 57.4GB  tok/s 6,887
[23:22:22]   [ckpt @ 1250] -> checkpoint_ln_seed1.pt
[23:23:57] step  1260/2000  ce 3.9204  lr 7.75e-04  |grad| 0.19  mem 57.4GB  tok/s 6,886
[23:25:31] step  1270/2000  ce 3.8237  lr 7.65e-04  |grad| 0.19  mem 57.4GB  tok/s 6,886
[23:27:06] step  1280/2000  ce 4.1227  lr 7.54e-04  |grad| 0.20  mem 57.4GB  tok/s 6,886
[23:28:41] step  1290/2000  ce 3.9950  lr 7.43e-04  |grad| 0.21  mem 57.4GB  tok/s 6,886
[23:30:16] step  1300/2000  ce 4.0152  lr 7.33e-04  |grad| 0.18  mem 57.4GB  tok/s 6,887
[23:31:51] step  1310/2000  ce 4.0838  lr 7.22e-04  |grad| 0.20  mem 57.4GB  tok/s 6,887
[23:33:25] step  1320/2000  ce 4.0805  lr 7.12e-04  |grad| 0.19  mem 57.4GB  tok/s 6,887
[23:35:00] step  1330/2000  ce 3.8561  lr 7.02e-04  |grad| 0.19  mem 57.4GB  tok/s 6,887
[23:36:35] step  1340/2000  ce 3.9190  lr 6.92e-04  |grad| 0.19  mem 57.4GB  tok/s 6,887
[23:38:10] step  1350/2000  ce 3.7720  lr 6.82e-04  |grad| 0.18  mem 57.4GB  tok/s 6,887
[23:39:45] step  1360/2000  ce 4.0717  lr 6.72e-04  |grad| 0.19  mem 57.4GB  tok/s 6,888
[23:41:20] step  1370/2000  ce 4.0665  lr 6.62e-04  |grad| 0.18  mem 57.4GB  tok/s 6,888
[23:42:54] step  1380/2000  ce 4.0695  lr 6.52e-04  |grad| 0.20  mem 57.4GB  tok/s 6,888
[23:44:29] step  1390/2000  ce 3.9529  lr 6.42e-04  |grad| 0.18  mem 57.4GB  tok/s 6,888
[23:46:04] step  1400/2000  ce 3.9541  lr 6.33e-04  |grad| 0.17  mem 57.4GB  tok/s 6,888
[23:47:39] step  1410/2000  ce 3.9728  lr 6.23e-04  |grad| 0.18  mem 57.4GB  tok/s 6,888
[23:49:14] step  1420/2000  ce 3.7796  lr 6.14e-04  |grad| 0.18  mem 57.4GB  tok/s 6,888
[23:50:55] step  1430/2000  ce 3.8490  lr 6.04e-04  |grad| 0.18  mem 57.4GB  tok/s 6,886
[23:52:37] step  1440/2000  ce 3.9512  lr 5.95e-04  |grad| 0.45  mem 57.4GB  tok/s 6,882
[23:54:19] step  1450/2000  ce 3.8989  lr 5.86e-04  |grad| 0.18  mem 57.4GB  tok/s 6,879
[23:56:01] step  1460/2000  ce 3.7949  lr 5.77e-04  |grad| 0.18  mem 57.4GB  tok/s 6,875
[23:57:43] step  1470/2000  ce 3.9402  lr 5.68e-04  |grad| 0.17  mem 57.4GB  tok/s 6,872
[23:59:25] step  1480/2000  ce 3.9081  lr 5.60e-04  |grad| 0.17  mem 57.4GB  tok/s 6,869
[00:01:03] step  1490/2000  ce 3.8405  lr 5.51e-04  |grad| 0.17  mem 57.4GB  tok/s 6,867
[00:02:38] step  1500/2000  ce 3.8383  lr 5.43e-04  |grad| 0.17  mem 57.4GB  tok/s 6,868
[00:02:47]   [eval @ 1500] val PPL=47.77
[00:02:51]   [ckpt @ 1500] -> checkpoint_ln_seed1.pt
[00:04:26] step  1510/2000  ce 3.9377  lr 5.34e-04  |grad| 0.17  mem 57.4GB  tok/s 6,862
[00:06:01] step  1520/2000  ce 3.7099  lr 5.26e-04  |grad| 0.18  mem 57.4GB  tok/s 6,862
[00:07:36] step  1530/2000  ce 4.0438  lr 5.18e-04  |grad| 0.19  mem 57.4GB  tok/s 6,863
[00:09:10] step  1540/2000  ce 3.8881  lr 5.10e-04  |grad| 0.17  mem 57.4GB  tok/s 6,863
[00:10:45] step  1550/2000  ce 3.9099  lr 5.02e-04  |grad| 0.18  mem 57.4GB  tok/s 6,863
[00:12:20] step  1560/2000  ce 3.9078  lr 4.95e-04  |grad| 0.18  mem 57.4GB  tok/s 6,863
[00:13:55] step  1570/2000  ce 3.8023  lr 4.87e-04  |grad| 0.17  mem 57.4GB  tok/s 6,864
[00:15:30] step  1580/2000  ce 4.0001  lr 4.80e-04  |grad| 0.17  mem 57.4GB  tok/s 6,864
[00:17:05] step  1590/2000  ce 3.6783  lr 4.73e-04  |grad| 0.18  mem 57.4GB  tok/s 6,864
[00:18:40] step  1600/2000  ce 3.9387  lr 4.65e-04  |grad| 0.17  mem 57.4GB  tok/s 6,864
[00:20:15] step  1610/2000  ce 3.9508  lr 4.59e-04  |grad| 0.17  mem 57.4GB  tok/s 6,864
[00:21:50] step  1620/2000  ce 3.9151  lr 4.52e-04  |grad| 0.17  mem 57.4GB  tok/s 6,865
[00:23:25] step  1630/2000  ce 3.9941  lr 4.45e-04  |grad| 0.17  mem 57.4GB  tok/s 6,865
[00:25:00] step  1640/2000  ce 3.7381  lr 4.39e-04  |grad| 0.16  mem 57.4GB  tok/s 6,865
[00:26:35] step  1650/2000  ce 3.9843  lr 4.32e-04  |grad| 0.17  mem 57.4GB  tok/s 6,866
[00:28:09] step  1660/2000  ce 3.7768  lr 4.26e-04  |grad| 0.16  mem 57.4GB  tok/s 6,866
[00:29:44] step  1670/2000  ce 3.8442  lr 4.20e-04  |grad| 0.17  mem 57.4GB  tok/s 6,866
[00:31:19] step  1680/2000  ce 3.9360  lr 4.14e-04  |grad| 0.17  mem 57.4GB  tok/s 6,866
[00:32:54] step  1690/2000  ce 3.7887  lr 4.09e-04  |grad| 0.17  mem 57.4GB  tok/s 6,867
[00:34:29] step  1700/2000  ce 3.8606  lr 4.03e-04  |grad| 0.19  mem 57.4GB  tok/s 6,867
[00:36:03] step  1710/2000  ce 3.7550  lr 3.98e-04  |grad| 0.16  mem 57.4GB  tok/s 6,867
[00:37:38] step  1720/2000  ce 3.9757  lr 3.93e-04  |grad| 0.17  mem 57.4GB  tok/s 6,867
[00:39:13] step  1730/2000  ce 3.9077  lr 3.88e-04  |grad| 0.16  mem 57.4GB  tok/s 6,868
[00:40:48] step  1740/2000  ce 3.9201  lr 3.83e-04  |grad| 0.17  mem 57.4GB  tok/s 6,868
[00:42:23] step  1750/2000  ce 3.7566  lr 3.78e-04  |grad| 0.16  mem 57.4GB  tok/s 6,868
[00:42:27]   [ckpt @ 1750] -> checkpoint_ln_seed1.pt
[00:44:01] step  1760/2000  ce 3.8686  lr 3.74e-04  |grad| 0.18  mem 57.4GB  tok/s 6,867
[00:45:36] step  1770/2000  ce 3.5762  lr 3.69e-04  |grad| 0.17  mem 57.4GB  tok/s 6,867
[00:47:11] step  1780/2000  ce 3.8704  lr 3.65e-04  |grad| 0.17  mem 57.4GB  tok/s 6,867
[00:48:46] step  1790/2000  ce 3.9302  lr 3.61e-04  |grad| 0.18  mem 57.4GB  tok/s 6,867
[00:50:21] step  1800/2000  ce 3.6004  lr 3.57e-04  |grad| 0.16  mem 57.4GB  tok/s 6,868
[00:51:56] step  1810/2000  ce 3.6546  lr 3.54e-04  |grad| 0.17  mem 57.4GB  tok/s 6,868
[00:53:31] step  1820/2000  ce 3.8493  lr 3.50e-04  |grad| 0.18  mem 57.4GB  tok/s 6,868
[00:55:06] step  1830/2000  ce 3.7762  lr 3.47e-04  |grad| 0.18  mem 57.4GB  tok/s 6,868
[00:56:41] step  1840/2000  ce 3.4102  lr 3.44e-04  |grad| 0.18  mem 57.4GB  tok/s 6,869
[00:58:15] step  1850/2000  ce 3.7017  lr 3.41e-04  |grad| 0.16  mem 57.4GB  tok/s 6,869
[00:59:50] step  1860/2000  ce 3.4195  lr 3.38e-04  |grad| 0.17  mem 57.4GB  tok/s 6,869
[01:01:25] step  1870/2000  ce 3.6295  lr 3.36e-04  |grad| 0.17  mem 57.4GB  tok/s 6,869
[01:03:00] step  1880/2000  ce 4.0282  lr 3.34e-04  |grad| 0.16  mem 57.4GB  tok/s 6,869
[01:04:35] step  1890/2000  ce 3.9024  lr 3.31e-04  |grad| 0.16  mem 57.4GB  tok/s 6,869
[01:06:10] step  1900/2000  ce 3.8125  lr 3.29e-04  |grad| 0.16  mem 57.4GB  tok/s 6,870
[01:07:45] step  1910/2000  ce 3.8035  lr 3.28e-04  |grad| 0.18  mem 57.4GB  tok/s 6,870
[01:09:19] step  1920/2000  ce 3.8595  lr 3.26e-04  |grad| 0.17  mem 57.4GB  tok/s 6,870
[01:10:54] step  1930/2000  ce 3.9335  lr 3.25e-04  |grad| 0.16  mem 57.4GB  tok/s 6,870
[01:12:29] step  1940/2000  ce 3.6097  lr 3.23e-04  |grad| 0.16  mem 57.4GB  tok/s 6,871
[01:14:04] step  1950/2000  ce 3.6360  lr 3.22e-04  |grad| 0.18  mem 57.4GB  tok/s 6,871
[01:15:39] step  1960/2000  ce 3.5713  lr 3.22e-04  |grad| 0.15  mem 57.4GB  tok/s 6,871
[01:17:13] step  1970/2000  ce 3.7782  lr 3.21e-04  |grad| 0.16  mem 57.4GB  tok/s 6,871
[01:18:48] step  1980/2000  ce 3.5875  lr 3.20e-04  |grad| 0.17  mem 57.4GB  tok/s 6,872
[01:20:23] step  1990/2000  ce 3.7877  lr 3.20e-04  |grad| 0.17  mem 57.4GB  tok/s 6,872
[01:21:58] step  2000/2000  ce 3.6147  lr 3.20e-04  |grad| 0.17  mem 57.4GB  tok/s 6,872
[01:22:07]   [eval @ 2000] val PPL=42.35
[01:22:10]   [ckpt @ 2000] -> checkpoint_ln_seed1.pt
[01:22:14] DONE
