[safe_cuda] capped CUDA at 85% of 129 GB unified pool (~109 GB); over-allocation now errors cleanly.
[06:40:09] ARM arch=faithful schedule=cosine optimizer=adamw zloss=0.0 | vr=False ln=False hg=True | steps=2000 seed=0 tok/step=65,536
[06:40:09] optimizer split: 225 / 113 param tensors
Warning: You are sending unauthenticated requests to the HF Hub. Please set a HF_TOKEN to enable higher rate limits and faster downloads.
[06:40:12]   loaded cached tokens from tokcache_133072000_300000_seed0_Qwen3-0.6B-Base.pt (133,072,000 train + 300,000 val)
[06:40:12] Compiling model...
W0623 06:40:23.045000 3064510 torch/_inductor/utils.py:1731] [0/0] Not enough SMs to use max_autotune_gemm mode
[06:42:25] step    10/2000  ce 10.0383  lr 1.70e-04  |grad| 1.91  mem 59.3GB  tok/s 4,966
[06:44:04] step    20/2000  ce 8.1891  lr 3.40e-04  |grad| 0.88  mem 59.3GB  tok/s 5,673
[06:45:43] step    30/2000  ce 7.7622  lr 5.10e-04  |grad| 0.80  mem 59.3GB  tok/s 5,957
[06:47:22] step    40/2000  ce 7.7323  lr 6.80e-04  |grad| 0.79  mem 59.3GB  tok/s 6,108
[06:49:01] step    50/2000  ce 7.4078  lr 8.50e-04  |grad| 0.80  mem 59.3GB  tok/s 6,200
[06:50:41] step    60/2000  ce 7.2339  lr 1.02e-03  |grad| 0.94  mem 59.3GB  tok/s 6,264
[06:52:20] step    70/2000  ce 6.9852  lr 1.19e-03  |grad| 0.63  mem 59.3GB  tok/s 6,309
[06:53:59] step    80/2000  ce 7.0206  lr 1.36e-03  |grad| 0.79  mem 59.3GB  tok/s 6,345
[06:55:38] step    90/2000  ce 6.9306  lr 1.53e-03  |grad| 0.94  mem 59.3GB  tok/s 6,373
[06:57:18] step   100/2000  ce 6.8314  lr 1.70e-03  |grad| 0.75  mem 59.3GB  tok/s 6,395
[06:58:57] step   110/2000  ce 6.5717  lr 1.70e-03  |grad| 0.95  mem 59.3GB  tok/s 6,413
[07:00:36] step   120/2000  ce 6.6231  lr 1.70e-03  |grad| 0.69  mem 59.3GB  tok/s 6,429
[07:02:16] step   130/2000  ce 6.5113  lr 1.70e-03  |grad| 0.59  mem 59.3GB  tok/s 6,441
[07:03:55] step   140/2000  ce 6.3401  lr 1.70e-03  |grad| 0.51  mem 59.3GB  tok/s 6,452
[07:05:34] step   150/2000  ce 6.2305  lr 1.70e-03  |grad| 0.49  mem 59.3GB  tok/s 6,461
[07:07:14] step   160/2000  ce 6.1131  lr 1.70e-03  |grad| 0.67  mem 59.3GB  tok/s 6,469
[07:08:53] step   170/2000  ce 6.0249  lr 1.70e-03  |grad| 0.43  mem 59.3GB  tok/s 6,477
[07:10:32] step   180/2000  ce 6.1200  lr 1.69e-03  |grad| 0.56  mem 59.3GB  tok/s 6,484
[07:12:12] step   190/2000  ce 5.7598  lr 1.69e-03  |grad| 0.52  mem 59.3GB  tok/s 6,490
[07:13:51] step   200/2000  ce 5.9057  lr 1.69e-03  |grad| 0.47  mem 59.3GB  tok/s 6,495
[07:15:30] step   210/2000  ce 5.9229  lr 1.69e-03  |grad| 0.50  mem 59.3GB  tok/s 6,499
[07:17:10] step   220/2000  ce 5.9858  lr 1.69e-03  |grad| 0.47  mem 59.3GB  tok/s 6,504
[07:18:49] step   230/2000  ce 6.0062  lr 1.68e-03  |grad| 0.48  mem 59.3GB  tok/s 6,508
[07:20:28] step   240/2000  ce 5.6358  lr 1.68e-03  |grad| 0.36  mem 59.3GB  tok/s 6,512
[07:22:08] step   250/2000  ce 5.6810  lr 1.68e-03  |grad| 0.57  mem 59.3GB  tok/s 6,515
[07:22:11]   [ckpt @ 250] -> checkpoint_hg_seed0.pt
[07:23:50] step   260/2000  ce 5.9598  lr 1.68e-03  |grad| 0.40  mem 59.3GB  tok/s 6,510
[07:25:30] step   270/2000  ce 5.5471  lr 1.67e-03  |grad| 0.37  mem 59.3GB  tok/s 6,513
[07:27:09] step   280/2000  ce 5.4998  lr 1.67e-03  |grad| 0.42  mem 59.3GB  tok/s 6,516
[07:28:48] step   290/2000  ce 5.2734  lr 1.67e-03  |grad| 0.39  mem 59.3GB  tok/s 6,519
[07:30:27] step   300/2000  ce 5.6067  lr 1.66e-03  |grad| 0.32  mem 59.3GB  tok/s 6,522
[07:32:07] step   310/2000  ce 5.4816  lr 1.66e-03  |grad| 0.47  mem 59.3GB  tok/s 6,524
[07:33:46] step   320/2000  ce 5.6386  lr 1.65e-03  |grad| 0.39  mem 59.3GB  tok/s 6,527
[07:35:25] step   330/2000  ce 5.5729  lr 1.65e-03  |grad| 0.37  mem 59.3GB  tok/s 6,529
[07:37:05] step   340/2000  ce 5.4319  lr 1.65e-03  |grad| 0.41  mem 59.3GB  tok/s 6,531
[07:38:44] step   350/2000  ce 5.2456  lr 1.64e-03  |grad| 0.38  mem 59.3GB  tok/s 6,533
[07:40:23] step   360/2000  ce 4.8097  lr 1.64e-03  |grad| 0.41  mem 59.3GB  tok/s 6,534
[07:42:03] step   370/2000  ce 5.2761  lr 1.63e-03  |grad| 0.40  mem 59.3GB  tok/s 6,536
[07:43:42] step   380/2000  ce 5.5800  lr 1.63e-03  |grad| 0.34  mem 59.3GB  tok/s 6,538
[07:45:21] step   390/2000  ce 5.2169  lr 1.62e-03  |grad| 0.30  mem 59.3GB  tok/s 6,539
[07:47:01] step   400/2000  ce 5.1462  lr 1.62e-03  |grad| 0.31  mem 59.3GB  tok/s 6,541
[07:48:40] step   410/2000  ce 5.2356  lr 1.61e-03  |grad| 0.34  mem 59.3GB  tok/s 6,542
[07:50:19] step   420/2000  ce 5.1283  lr 1.61e-03  |grad| 0.33  mem 59.3GB  tok/s 6,544
[07:51:59] step   430/2000  ce 4.8750  lr 1.60e-03  |grad| 0.30  mem 59.3GB  tok/s 6,545
[07:53:38] step   440/2000  ce 5.1621  lr 1.59e-03  |grad| 0.32  mem 59.3GB  tok/s 6,546
[07:55:17] step   450/2000  ce 5.0816  lr 1.59e-03  |grad| 0.33  mem 59.3GB  tok/s 6,547
[07:56:57] step   460/2000  ce 5.0903  lr 1.58e-03  |grad| 0.33  mem 59.3GB  tok/s 6,548
[07:58:36] step   470/2000  ce 5.0995  lr 1.57e-03  |grad| 0.32  mem 59.3GB  tok/s 6,549
[08:00:15] step   480/2000  ce 4.8027  lr 1.57e-03  |grad| 0.30  mem 59.3GB  tok/s 6,550
[08:01:55] step   490/2000  ce 4.8866  lr 1.56e-03  |grad| 0.27  mem 59.3GB  tok/s 6,551
[08:03:34] step   500/2000  ce 4.7658  lr 1.55e-03  |grad| 0.29  mem 59.3GB  tok/s 6,552
[08:03:56]   [eval @ 500] val PPL=134.01
[08:03:59]   [ckpt @ 500] -> checkpoint_hg_seed0.pt
[08:05:39] step   510/2000  ce 5.0217  lr 1.55e-03  |grad| 0.26  mem 59.3GB  tok/s 6,521
[08:07:18] step   520/2000  ce 4.8766  lr 1.54e-03  |grad| 0.30  mem 59.3GB  tok/s 6,522
[08:08:57] step   530/2000  ce 4.8508  lr 1.53e-03  |grad| 0.32  mem 59.3GB  tok/s 6,523
[08:10:37] step   540/2000  ce 4.7443  lr 1.53e-03  |grad| 0.25  mem 59.3GB  tok/s 6,525
[08:12:16] step   550/2000  ce 4.7802  lr 1.52e-03  |grad| 0.30  mem 59.3GB  tok/s 6,526
[08:13:55] step   560/2000  ce 4.6026  lr 1.51e-03  |grad| 0.31  mem 59.3GB  tok/s 6,527
[08:15:35] step   570/2000  ce 4.8040  lr 1.50e-03  |grad| 0.32  mem 59.3GB  tok/s 6,528
[08:17:14] step   580/2000  ce 4.6802  lr 1.49e-03  |grad| 0.30  mem 59.3GB  tok/s 6,530
[08:18:53] step   590/2000  ce 4.6509  lr 1.49e-03  |grad| 0.28  mem 59.3GB  tok/s 6,531
[08:20:33] step   600/2000  ce 4.9360  lr 1.48e-03  |grad| 0.30  mem 59.3GB  tok/s 6,532
[08:22:12] step   610/2000  ce 4.9327  lr 1.47e-03  |grad| 0.33  mem 59.3GB  tok/s 6,533
[08:23:52] step   620/2000  ce 4.7135  lr 1.46e-03  |grad| 0.30  mem 59.3GB  tok/s 6,534
[08:25:31] step   630/2000  ce 4.3564  lr 1.45e-03  |grad| 0.27  mem 59.3GB  tok/s 6,535
[08:27:10] step   640/2000  ce 4.5378  lr 1.44e-03  |grad| 0.27  mem 59.3GB  tok/s 6,536
[08:28:50] step   650/2000  ce 4.5585  lr 1.43e-03  |grad| 0.25  mem 59.3GB  tok/s 6,537
[08:30:29] step   660/2000  ce 4.7440  lr 1.42e-03  |grad| 0.28  mem 59.3GB  tok/s 6,538
[08:32:08] step   670/2000  ce 4.6504  lr 1.42e-03  |grad| 0.26  mem 59.3GB  tok/s 6,539
[08:33:48] step   680/2000  ce 4.4329  lr 1.41e-03  |grad| 0.26  mem 59.3GB  tok/s 6,539
[08:35:27] step   690/2000  ce 4.4898  lr 1.40e-03  |grad| 0.26  mem 59.3GB  tok/s 6,540
[08:37:06] step   700/2000  ce 4.6340  lr 1.39e-03  |grad| 0.30  mem 59.3GB  tok/s 6,541
[08:38:45] step   710/2000  ce 4.5572  lr 1.38e-03  |grad| 0.29  mem 59.3GB  tok/s 6,542
[08:40:25] step   720/2000  ce 4.3715  lr 1.37e-03  |grad| 0.26  mem 59.3GB  tok/s 6,543
[08:42:04] step   730/2000  ce 4.3836  lr 1.36e-03  |grad| 0.25  mem 59.3GB  tok/s 6,543
[08:43:44] step   740/2000  ce 4.3678  lr 1.35e-03  |grad| 0.25  mem 59.3GB  tok/s 6,544
[08:45:23] step   750/2000  ce 4.4303  lr 1.34e-03  |grad| 0.24  mem 59.3GB  tok/s 6,545
[08:45:26]   [ckpt @ 750] -> checkpoint_hg_seed0.pt
[08:47:06] step   760/2000  ce 4.5406  lr 1.33e-03  |grad| 0.29  mem 59.3GB  tok/s 6,542
[08:48:45] step   770/2000  ce 4.4609  lr 1.32e-03  |grad| 0.24  mem 59.3GB  tok/s 6,543
[08:50:25] step   780/2000  ce 4.3703  lr 1.31e-03  |grad| 0.29  mem 59.3GB  tok/s 6,544
[08:52:04] step   790/2000  ce 4.4129  lr 1.30e-03  |grad| 0.27  mem 59.3GB  tok/s 6,544
[08:53:43] step   800/2000  ce 4.2716  lr 1.29e-03  |grad| 0.26  mem 59.3GB  tok/s 6,545
[08:55:22] step   810/2000  ce 4.3242  lr 1.28e-03  |grad| 0.24  mem 59.3GB  tok/s 6,546
[08:57:02] step   820/2000  ce 4.1569  lr 1.27e-03  |grad| 0.22  mem 59.3GB  tok/s 6,547
[08:58:41] step   830/2000  ce 4.3507  lr 1.26e-03  |grad| 0.24  mem 59.3GB  tok/s 6,547
[09:00:20] step   840/2000  ce 4.3351  lr 1.24e-03  |grad| 0.25  mem 59.3GB  tok/s 6,548
[09:02:00] step   850/2000  ce 4.3403  lr 1.23e-03  |grad| 0.24  mem 59.3GB  tok/s 6,548
[09:03:39] step   860/2000  ce 4.2611  lr 1.22e-03  |grad| 0.24  mem 59.3GB  tok/s 6,549
[09:05:18] step   870/2000  ce 4.2508  lr 1.21e-03  |grad| 0.26  mem 59.3GB  tok/s 6,550
[09:06:57] step   880/2000  ce 4.3971  lr 1.20e-03  |grad| 0.28  mem 59.3GB  tok/s 6,550
[09:08:37] step   890/2000  ce 4.3262  lr 1.19e-03  |grad| 0.24  mem 59.3GB  tok/s 6,551
[09:10:16] step   900/2000  ce 4.4895  lr 1.18e-03  |grad| 0.21  mem 59.3GB  tok/s 6,551
[09:11:55] step   910/2000  ce 3.9890  lr 1.17e-03  |grad| 0.22  mem 59.3GB  tok/s 6,552
[09:13:35] step   920/2000  ce 4.4977  lr 1.16e-03  |grad| 0.25  mem 59.3GB  tok/s 6,552
[09:15:14] step   930/2000  ce 4.3084  lr 1.15e-03  |grad| 0.23  mem 59.3GB  tok/s 6,553
[09:16:53] step   940/2000  ce 4.3651  lr 1.13e-03  |grad| 0.25  mem 59.3GB  tok/s 6,553
[09:18:33] step   950/2000  ce 4.3226  lr 1.12e-03  |grad| 0.25  mem 59.3GB  tok/s 6,554
[09:20:12] step   960/2000  ce 3.7525  lr 1.11e-03  |grad| 0.26  mem 59.3GB  tok/s 6,554
[09:21:51] step   970/2000  ce 4.2629  lr 1.10e-03  |grad| 0.25  mem 59.3GB  tok/s 6,555
[09:23:31] step   980/2000  ce 4.3014  lr 1.09e-03  |grad| 0.38  mem 59.3GB  tok/s 6,555
[09:25:10] step   990/2000  ce 4.3384  lr 1.08e-03  |grad| 0.23  mem 59.3GB  tok/s 6,556
[09:26:49] step  1000/2000  ce 4.3084  lr 1.07e-03  |grad| 0.21  mem 59.3GB  tok/s 6,556
[09:26:59]   [eval @ 1000] val PPL=65.69
[09:27:05]   [ckpt @ 1000] -> checkpoint_hg_seed0.pt
[09:28:44] step  1010/2000  ce 4.1538  lr 1.06e-03  |grad| 0.22  mem 59.3GB  tok/s 6,546
[09:30:23] step  1020/2000  ce 4.2727  lr 1.04e-03  |grad| 0.23  mem 59.3GB  tok/s 6,547
[09:32:03] step  1030/2000  ce 4.2229  lr 1.03e-03  |grad| 0.23  mem 59.3GB  tok/s 6,547
[09:33:42] step  1040/2000  ce 4.0166  lr 1.02e-03  |grad| 0.21  mem 59.3GB  tok/s 6,548
[09:35:21] step  1050/2000  ce 4.1708  lr 1.01e-03  |grad| 0.24  mem 59.3GB  tok/s 6,548
[09:37:01] step  1060/2000  ce 4.3282  lr 9.99e-04  |grad| 0.22  mem 59.3GB  tok/s 6,549
[09:38:40] step  1070/2000  ce 4.0996  lr 9.87e-04  |grad| 0.23  mem 59.3GB  tok/s 6,549
[09:40:19] step  1080/2000  ce 4.0183  lr 9.76e-04  |grad| 0.23  mem 59.3GB  tok/s 6,550
[09:41:58] step  1090/2000  ce 3.8494  lr 9.64e-04  |grad| 0.22  mem 59.3GB  tok/s 6,550
[09:43:38] step  1100/2000  ce 4.1681  lr 9.53e-04  |grad| 0.21  mem 59.3GB  tok/s 6,551
[09:45:17] step  1110/2000  ce 3.9942  lr 9.42e-04  |grad| 0.21  mem 59.3GB  tok/s 6,551
[09:46:56] step  1120/2000  ce 4.0720  lr 9.30e-04  |grad| 0.24  mem 59.3GB  tok/s 6,552
[09:48:36] step  1130/2000  ce 4.0386  lr 9.19e-04  |grad| 0.21  mem 59.3GB  tok/s 6,552
[09:50:15] step  1140/2000  ce 4.0499  lr 9.08e-04  |grad| 0.26  mem 59.3GB  tok/s 6,552
[09:51:54] step  1150/2000  ce 4.0919  lr 8.96e-04  |grad| 0.21  mem 59.3GB  tok/s 6,553
[09:53:34] step  1160/2000  ce 4.2065  lr 8.85e-04  |grad| 0.19  mem 59.3GB  tok/s 6,553
[09:55:13] step  1170/2000  ce 4.0817  lr 8.74e-04  |grad| 0.23  mem 59.3GB  tok/s 6,554
[09:56:52] step  1180/2000  ce 4.1664  lr 8.63e-04  |grad| 0.27  mem 59.3GB  tok/s 6,554
[09:58:32] step  1190/2000  ce 4.4159  lr 8.52e-04  |grad| 0.21  mem 59.3GB  tok/s 6,554
[10:00:11] step  1200/2000  ce 3.6910  lr 8.41e-04  |grad| 0.20  mem 59.3GB  tok/s 6,555
[10:01:50] step  1210/2000  ce 4.0513  lr 8.30e-04  |grad| 0.21  mem 59.3GB  tok/s 6,555
[10:03:29] step  1220/2000  ce 3.7740  lr 8.19e-04  |grad| 0.22  mem 59.3GB  tok/s 6,555
[10:05:09] step  1230/2000  ce 4.0778  lr 8.08e-04  |grad| 0.21  mem 59.3GB  tok/s 6,556
[10:06:48] step  1240/2000  ce 3.7723  lr 7.97e-04  |grad| 0.23  mem 59.3GB  tok/s 6,556
[10:08:27] step  1250/2000  ce 4.0069  lr 7.86e-04  |grad| 0.22  mem 59.3GB  tok/s 6,556
[10:08:31]   [ckpt @ 1250] -> checkpoint_hg_seed0.pt
[10:10:10] step  1260/2000  ce 4.0262  lr 7.75e-04  |grad| 0.21  mem 59.3GB  tok/s 6,555
[10:11:49] step  1270/2000  ce 4.2481  lr 7.65e-04  |grad| 0.21  mem 59.3GB  tok/s 6,555
[10:13:29] step  1280/2000  ce 4.1185  lr 7.54e-04  |grad| 0.21  mem 59.3GB  tok/s 6,556
[10:15:08] step  1290/2000  ce 4.0253  lr 7.43e-04  |grad| 0.19  mem 59.3GB  tok/s 6,556
[10:16:47] step  1300/2000  ce 4.0384  lr 7.33e-04  |grad| 0.21  mem 59.3GB  tok/s 6,556
[10:18:27] step  1310/2000  ce 4.0500  lr 7.22e-04  |grad| 0.21  mem 59.3GB  tok/s 6,557
[10:20:06] step  1320/2000  ce 3.7918  lr 7.12e-04  |grad| 0.21  mem 59.3GB  tok/s 6,557
[10:21:45] step  1330/2000  ce 3.9137  lr 7.02e-04  |grad| 0.19  mem 59.3GB  tok/s 6,557
[10:23:25] step  1340/2000  ce 3.7521  lr 6.92e-04  |grad| 0.20  mem 59.3GB  tok/s 6,558
[10:25:04] step  1350/2000  ce 3.9251  lr 6.82e-04  |grad| 0.21  mem 59.3GB  tok/s 6,558
[10:26:43] step  1360/2000  ce 3.8801  lr 6.72e-04  |grad| 0.20  mem 59.3GB  tok/s 6,558
[10:28:23] step  1370/2000  ce 3.6998  lr 6.62e-04  |grad| 0.22  mem 59.3GB  tok/s 6,558
[10:30:02] step  1380/2000  ce 3.9983  lr 6.52e-04  |grad| 0.22  mem 59.3GB  tok/s 6,559
[10:31:41] step  1390/2000  ce 3.9221  lr 6.42e-04  |grad| 0.19  mem 59.3GB  tok/s 6,559
[10:33:21] step  1400/2000  ce 3.9901  lr 6.33e-04  |grad| 0.20  mem 59.3GB  tok/s 6,559
[10:35:00] step  1410/2000  ce 4.1151  lr 6.23e-04  |grad| 0.21  mem 59.3GB  tok/s 6,560
[10:36:39] step  1420/2000  ce 3.6480  lr 6.14e-04  |grad| 0.19  mem 59.3GB  tok/s 6,560
[10:38:19] step  1430/2000  ce 3.8575  lr 6.04e-04  |grad| 0.20  mem 59.3GB  tok/s 6,560
[10:39:58] step  1440/2000  ce 4.0909  lr 5.95e-04  |grad| 0.20  mem 59.3GB  tok/s 6,560
[10:41:38] step  1450/2000  ce 3.8912  lr 5.86e-04  |grad| 0.21  mem 59.3GB  tok/s 6,560
[10:43:17] step  1460/2000  ce 4.0718  lr 5.77e-04  |grad| 0.18  mem 59.3GB  tok/s 6,561
[10:44:56] step  1470/2000  ce 3.8777  lr 5.68e-04  |grad| 0.19  mem 59.3GB  tok/s 6,561
[10:46:36] step  1480/2000  ce 3.9043  lr 5.60e-04  |grad| 0.19  mem 59.3GB  tok/s 6,561
[10:48:15] step  1490/2000  ce 3.8325  lr 5.51e-04  |grad| 0.19  mem 59.3GB  tok/s 6,561
[10:49:54] step  1500/2000  ce 4.3648  lr 5.43e-04  |grad| 0.26  mem 59.3GB  tok/s 6,562
[10:50:04]   [eval @ 1500] val PPL=49.80
[10:50:07]   [ckpt @ 1500] -> checkpoint_hg_seed0.pt
[10:51:47] step  1510/2000  ce 3.7562  lr 5.34e-04  |grad| 0.20  mem 59.3GB  tok/s 6,556
[10:53:26] step  1520/2000  ce 3.9842  lr 5.26e-04  |grad| 0.21  mem 59.3GB  tok/s 6,556
[10:55:06] step  1530/2000  ce 3.9363  lr 5.18e-04  |grad| 0.21  mem 59.3GB  tok/s 6,557
[10:56:45] step  1540/2000  ce 3.5708  lr 5.10e-04  |grad| 0.21  mem 59.3GB  tok/s 6,557
[10:58:24] step  1550/2000  ce 3.6807  lr 5.02e-04  |grad| 0.20  mem 59.3GB  tok/s 6,557
[11:00:04] step  1560/2000  ce 4.0755  lr 4.95e-04  |grad| 0.18  mem 59.3GB  tok/s 6,557
[11:01:43] step  1570/2000  ce 3.7862  lr 4.87e-04  |grad| 0.18  mem 59.3GB  tok/s 6,558
[11:03:22] step  1580/2000  ce 3.8771  lr 4.80e-04  |grad| 0.18  mem 59.3GB  tok/s 6,558
[11:05:02] step  1590/2000  ce 3.9121  lr 4.73e-04  |grad| 0.19  mem 59.3GB  tok/s 6,558
[11:06:41] step  1600/2000  ce 3.7749  lr 4.65e-04  |grad| 0.18  mem 59.3GB  tok/s 6,558
[11:08:20] step  1610/2000  ce 4.0588  lr 4.59e-04  |grad| 0.18  mem 59.3GB  tok/s 6,559
[11:10:00] step  1620/2000  ce 3.7877  lr 4.52e-04  |grad| 0.18  mem 59.3GB  tok/s 6,559
[11:11:39] step  1630/2000  ce 4.0776  lr 4.45e-04  |grad| 0.19  mem 59.3GB  tok/s 6,559
[11:13:18] step  1640/2000  ce 3.8149  lr 4.39e-04  |grad| 0.18  mem 59.3GB  tok/s 6,559
[11:14:58] step  1650/2000  ce 3.3903  lr 4.32e-04  |grad| 0.19  mem 59.3GB  tok/s 6,560
[11:16:37] step  1660/2000  ce 3.9355  lr 4.26e-04  |grad| 0.19  mem 59.3GB  tok/s 6,560
[11:18:16] step  1670/2000  ce 3.9861  lr 4.20e-04  |grad| 0.18  mem 59.3GB  tok/s 6,560
[11:19:56] step  1680/2000  ce 3.9382  lr 4.14e-04  |grad| 0.18  mem 59.3GB  tok/s 6,560
[11:21:35] step  1690/2000  ce 4.0833  lr 4.09e-04  |grad| 0.19  mem 59.3GB  tok/s 6,560
[11:23:15] step  1700/2000  ce 3.9137  lr 4.03e-04  |grad| 0.21  mem 59.3GB  tok/s 6,561
[11:24:54] step  1710/2000  ce 3.7589  lr 3.98e-04  |grad| 0.19  mem 59.3GB  tok/s 6,561
[11:26:33] step  1720/2000  ce 3.9261  lr 3.93e-04  |grad| 0.19  mem 59.3GB  tok/s 6,561
[11:28:13] step  1730/2000  ce 3.9255  lr 3.88e-04  |grad| 0.18  mem 59.3GB  tok/s 6,561
[11:29:52] step  1740/2000  ce 3.8850  lr 3.83e-04  |grad| 0.19  mem 59.3GB  tok/s 6,561
[11:31:31] step  1750/2000  ce 3.8526  lr 3.78e-04  |grad| 0.18  mem 59.3GB  tok/s 6,562
[11:31:35]   [ckpt @ 1750] -> checkpoint_hg_seed0.pt
[11:33:14] step  1760/2000  ce 3.5904  lr 3.74e-04  |grad| 0.18  mem 59.3GB  tok/s 6,561
[11:34:53] step  1770/2000  ce 3.8920  lr 3.69e-04  |grad| 0.18  mem 59.3GB  tok/s 6,561
[11:36:33] step  1780/2000  ce 3.6225  lr 3.65e-04  |grad| 0.19  mem 59.3GB  tok/s 6,561
[11:38:12] step  1790/2000  ce 3.9049  lr 3.61e-04  |grad| 0.19  mem 59.3GB  tok/s 6,561
[11:39:52] step  1800/2000  ce 3.9621  lr 3.57e-04  |grad| 0.19  mem 59.3GB  tok/s 6,561
[11:41:31] step  1810/2000  ce 3.9127  lr 3.54e-04  |grad| 0.19  mem 59.3GB  tok/s 6,562
[11:43:10] step  1820/2000  ce 3.8262  lr 3.50e-04  |grad| 0.19  mem 59.3GB  tok/s 6,562
[11:44:50] step  1830/2000  ce 3.6318  lr 3.47e-04  |grad| 0.18  mem 59.3GB  tok/s 6,562
[11:46:29] step  1840/2000  ce 3.8380  lr 3.44e-04  |grad| 0.19  mem 59.3GB  tok/s 6,562
[11:48:08] step  1850/2000  ce 4.1180  lr 3.41e-04  |grad| 0.19  mem 59.3GB  tok/s 6,562
[11:49:48] step  1860/2000  ce 3.9497  lr 3.38e-04  |grad| 0.18  mem 59.3GB  tok/s 6,562
[11:51:27] step  1870/2000  ce 3.5820  lr 3.36e-04  |grad| 0.18  mem 59.3GB  tok/s 6,563
[11:53:09] step  1880/2000  ce 4.0238  lr 3.34e-04  |grad| 0.18  mem 59.3GB  tok/s 6,562
[11:54:48] step  1890/2000  ce 4.1847  lr 3.31e-04  |grad| 0.18  mem 59.3GB  tok/s 6,562
[11:56:27] step  1900/2000  ce 4.0115  lr 3.29e-04  |grad| 0.19  mem 59.3GB  tok/s 6,562
[11:58:07] step  1910/2000  ce 3.8019  lr 3.28e-04  |grad| 0.18  mem 59.3GB  tok/s 6,563
[11:59:46] step  1920/2000  ce 3.6306  lr 3.26e-04  |grad| 0.18  mem 59.3GB  tok/s 6,563
[12:01:25] step  1930/2000  ce 3.5836  lr 3.25e-04  |grad| 0.18  mem 59.3GB  tok/s 6,563
[12:03:05] step  1940/2000  ce 4.0143  lr 3.23e-04  |grad| 0.19  mem 59.3GB  tok/s 6,563
[12:04:44] step  1950/2000  ce 3.7937  lr 3.22e-04  |grad| 0.18  mem 59.3GB  tok/s 6,563
[12:06:23] step  1960/2000  ce 3.8521  lr 3.22e-04  |grad| 0.19  mem 59.3GB  tok/s 6,563
[12:08:03] step  1970/2000  ce 3.6409  lr 3.21e-04  |grad| 0.18  mem 59.3GB  tok/s 6,564
[12:09:42] step  1980/2000  ce 4.0226  lr 3.20e-04  |grad| 0.19  mem 59.3GB  tok/s 6,564
[12:11:22] step  1990/2000  ce 3.8361  lr 3.20e-04  |grad| 0.18  mem 59.3GB  tok/s 6,564
[12:13:04] step  2000/2000  ce 3.7555  lr 3.20e-04  |grad| 0.18  mem 59.3GB  tok/s 6,563
[12:13:13]   [eval @ 2000] val PPL=44.03
[12:13:17]   [ckpt @ 2000] -> checkpoint_hg_seed0.pt
[12:13:20] DONE
