[03:47:10] ARM arch=faithful schedule=cosine optimizer=adamw zloss=0.0 | vr=True ln=False hg=False | steps=2000 seed=1 tok/step=65,536
[03:47:11] optimizer split: 197 / 197 param tensors
[03:47:14]   loaded cached tokens from tokcache_133072000_300000_seed0_Qwen3-0.6B-Base.pt (133,072,000 train + 300,000 val)
[03:47:14] Compiling model...
[03:48:56] step    10/2000  ce 10.0066  lr 1.70e-04  |grad| 1.92  mem 59.2GB  tok/s 6,456
[03:50:33] step    20/2000  ce 8.0308  lr 3.40e-04  |grad| 0.96  mem 59.2GB  tok/s 6,605
[03:52:10] step    30/2000  ce 7.9149  lr 5.10e-04  |grad| 0.85  mem 59.2GB  tok/s 6,655
[03:53:47] step    40/2000  ce 7.6153  lr 6.80e-04  |grad| 0.65  mem 59.2GB  tok/s 6,681
[03:55:24] step    50/2000  ce 7.3806  lr 8.50e-04  |grad| 1.38  mem 59.2GB  tok/s 6,695
[03:57:01] step    60/2000  ce 7.2785  lr 1.02e-03  |grad| 0.89  mem 59.2GB  tok/s 6,703
[03:58:38] step    70/2000  ce 7.2852  lr 1.19e-03  |grad| 1.05  mem 59.2GB  tok/s 6,709
[04:00:15] step    80/2000  ce 7.0658  lr 1.36e-03  |grad| 0.61  mem 59.2GB  tok/s 6,714
[04:01:52] step    90/2000  ce 6.7990  lr 1.53e-03  |grad| 0.71  mem 59.2GB  tok/s 6,718
[04:03:30] step   100/2000  ce 6.7426  lr 1.70e-03  |grad| 0.68  mem 59.2GB  tok/s 6,720
[04:05:07] step   110/2000  ce 6.7724  lr 1.70e-03  |grad| 0.64  mem 59.2GB  tok/s 6,723
[04:06:44] step   120/2000  ce 7.0227  lr 1.70e-03  |grad| 0.47  mem 59.2GB  tok/s 6,724
[04:08:21] step   130/2000  ce 6.3850  lr 1.70e-03  |grad| 0.45  mem 59.2GB  tok/s 6,725
[04:09:58] step   140/2000  ce 6.4533  lr 1.70e-03  |grad| 0.72  mem 59.2GB  tok/s 6,726
[04:11:36] step   150/2000  ce 6.4696  lr 1.70e-03  |grad| 0.44  mem 59.2GB  tok/s 6,727
[04:13:13] step   160/2000  ce 6.3299  lr 1.70e-03  |grad| 0.77  mem 59.2GB  tok/s 6,729
[04:14:50] step   170/2000  ce 6.4854  lr 1.70e-03  |grad| 0.69  mem 59.2GB  tok/s 6,730
[04:16:27] step   180/2000  ce 6.3597  lr 1.69e-03  |grad| 0.58  mem 59.2GB  tok/s 6,730
[04:18:04] step   190/2000  ce 6.2235  lr 1.69e-03  |grad| 0.45  mem 59.2GB  tok/s 6,731
[04:19:42] step   200/2000  ce 6.2649  lr 1.69e-03  |grad| 0.46  mem 59.2GB  tok/s 6,731
[04:21:19] step   210/2000  ce 6.1829  lr 1.69e-03  |grad| 0.52  mem 59.2GB  tok/s 6,732
[04:22:56] step   220/2000  ce 5.8606  lr 1.69e-03  |grad| 0.49  mem 59.2GB  tok/s 6,733
[04:24:33] step   230/2000  ce 6.0829  lr 1.68e-03  |grad| 0.48  mem 59.2GB  tok/s 6,733
[04:26:10] step   240/2000  ce 5.8179  lr 1.68e-03  |grad| 0.40  mem 59.2GB  tok/s 6,733
[04:27:48] step   250/2000  ce 6.1133  lr 1.68e-03  |grad| 0.52  mem 59.2GB  tok/s 6,733
[04:27:51]   [ckpt @ 250] -> checkpoint_vr_seed1.pt
[04:29:28] step   260/2000  ce 5.8025  lr 1.68e-03  |grad| 0.41  mem 59.2GB  tok/s 6,724
[04:31:05] step   270/2000  ce 5.6110  lr 1.67e-03  |grad| 0.35  mem 59.2GB  tok/s 6,725
[04:32:43] step   280/2000  ce 5.6992  lr 1.67e-03  |grad| 0.39  mem 59.2GB  tok/s 6,726
[04:34:20] step   290/2000  ce 5.7166  lr 1.67e-03  |grad| 0.40  mem 59.2GB  tok/s 6,726
[04:35:57] step   300/2000  ce 5.7583  lr 1.66e-03  |grad| 0.41  mem 59.2GB  tok/s 6,727
[04:37:34] step   310/2000  ce 5.7733  lr 1.66e-03  |grad| 0.43  mem 59.2GB  tok/s 6,727
[04:39:11] step   320/2000  ce 5.5679  lr 1.65e-03  |grad| 0.38  mem 59.2GB  tok/s 6,728
[04:40:49] step   330/2000  ce 5.3861  lr 1.65e-03  |grad| 0.35  mem 59.2GB  tok/s 6,729
[04:42:26] step   340/2000  ce 5.6096  lr 1.65e-03  |grad| 0.40  mem 59.2GB  tok/s 6,729
[04:44:03] step   350/2000  ce 5.5299  lr 1.64e-03  |grad| 0.41  mem 59.2GB  tok/s 6,729
[04:45:40] step   360/2000  ce 5.6118  lr 1.64e-03  |grad| 0.46  mem 59.2GB  tok/s 6,730
[04:47:17] step   370/2000  ce 5.5876  lr 1.63e-03  |grad| 0.29  mem 59.2GB  tok/s 6,730
[04:48:55] step   380/2000  ce 5.4878  lr 1.63e-03  |grad| 0.34  mem 59.2GB  tok/s 6,730
[04:50:32] step   390/2000  ce 5.4794  lr 1.62e-03  |grad| 0.26  mem 59.2GB  tok/s 6,731
[04:52:09] step   400/2000  ce 5.4631  lr 1.62e-03  |grad| 0.37  mem 59.2GB  tok/s 6,731
[04:53:46] step   410/2000  ce 5.0518  lr 1.61e-03  |grad| 0.34  mem 59.2GB  tok/s 6,731
[04:55:23] step   420/2000  ce 5.2689  lr 1.61e-03  |grad| 0.31  mem 59.2GB  tok/s 6,731
[04:57:01] step   430/2000  ce 5.3097  lr 1.60e-03  |grad| 0.30  mem 59.2GB  tok/s 6,732
[04:58:38] step   440/2000  ce 5.2728  lr 1.59e-03  |grad| 0.38  mem 59.2GB  tok/s 6,732
[05:00:15] step   450/2000  ce 5.1984  lr 1.59e-03  |grad| 0.32  mem 59.2GB  tok/s 6,732
[05:01:52] step   460/2000  ce 5.5052  lr 1.58e-03  |grad| 0.31  mem 59.2GB  tok/s 6,732
[05:03:29] step   470/2000  ce 5.1895  lr 1.57e-03  |grad| 0.27  mem 59.2GB  tok/s 6,733
[05:05:06] step   480/2000  ce 5.1390  lr 1.57e-03  |grad| 0.28  mem 59.2GB  tok/s 6,733
[05:06:44] step   490/2000  ce 5.1193  lr 1.56e-03  |grad| 0.29  mem 59.2GB  tok/s 6,733
[05:08:21] step   500/2000  ce 5.1398  lr 1.55e-03  |grad| 0.35  mem 59.2GB  tok/s 6,733
[05:08:32]   [eval @ 500] val PPL=147.28
[05:08:36]   [ckpt @ 500] -> checkpoint_vr_seed1.pt
[05:10:13] step   510/2000  ce 4.9394  lr 1.55e-03  |grad| 0.30  mem 59.2GB  tok/s 6,713
[05:11:50] step   520/2000  ce 4.9348  lr 1.54e-03  |grad| 0.34  mem 59.2GB  tok/s 6,714
[05:13:28] step   530/2000  ce 5.1906  lr 1.53e-03  |grad| 0.32  mem 59.2GB  tok/s 6,714
[05:15:05] step   540/2000  ce 4.7570  lr 1.53e-03  |grad| 0.31  mem 59.2GB  tok/s 6,715
[05:16:42] step   550/2000  ce 5.0128  lr 1.52e-03  |grad| 0.32  mem 59.2GB  tok/s 6,715
[05:18:19] step   560/2000  ce 4.7060  lr 1.51e-03  |grad| 0.38  mem 59.2GB  tok/s 6,716
[05:19:56] step   570/2000  ce 4.8860  lr 1.50e-03  |grad| 0.28  mem 59.2GB  tok/s 6,716
[05:21:34] step   580/2000  ce 4.5971  lr 1.49e-03  |grad| 0.23  mem 59.2GB  tok/s 6,717
[05:23:11] step   590/2000  ce 4.6651  lr 1.49e-03  |grad| 0.27  mem 59.2GB  tok/s 6,717
[05:24:48] step   600/2000  ce 5.0705  lr 1.48e-03  |grad| 0.31  mem 59.2GB  tok/s 6,718
[05:26:25] step   610/2000  ce 4.4516  lr 1.47e-03  |grad| 0.30  mem 59.2GB  tok/s 6,718
[05:28:02] step   620/2000  ce 4.7747  lr 1.46e-03  |grad| 0.25  mem 59.2GB  tok/s 6,718
[05:29:40] step   630/2000  ce 4.3153  lr 1.45e-03  |grad| 0.26  mem 59.2GB  tok/s 6,719
[05:31:17] step   640/2000  ce 4.6523  lr 1.44e-03  |grad| 0.30  mem 59.2GB  tok/s 6,719
[05:32:54] step   650/2000  ce 4.5335  lr 1.43e-03  |grad| 0.27  mem 59.2GB  tok/s 6,720
[05:34:31] step   660/2000  ce 4.6155  lr 1.42e-03  |grad| 0.25  mem 59.2GB  tok/s 6,720
[05:36:08] step   670/2000  ce 4.6616  lr 1.42e-03  |grad| 0.30  mem 59.2GB  tok/s 6,720
[05:37:45] step   680/2000  ce 4.8276  lr 1.41e-03  |grad| 0.25  mem 59.2GB  tok/s 6,721
[05:39:23] step   690/2000  ce 4.7821  lr 1.40e-03  |grad| 0.25  mem 59.2GB  tok/s 6,721
[05:41:00] step   700/2000  ce 4.2235  lr 1.39e-03  |grad| 0.29  mem 59.2GB  tok/s 6,721
[05:42:37] step   710/2000  ce 4.6917  lr 1.38e-03  |grad| 0.24  mem 59.2GB  tok/s 6,722
[05:44:14] step   720/2000  ce 4.5832  lr 1.37e-03  |grad| 0.24  mem 59.2GB  tok/s 6,722
[05:45:51] step   730/2000  ce 4.3770  lr 1.36e-03  |grad| 0.24  mem 59.2GB  tok/s 6,722
[05:47:28] step   740/2000  ce 4.5176  lr 1.35e-03  |grad| 0.26  mem 59.2GB  tok/s 6,722
[05:49:06] step   750/2000  ce 4.3580  lr 1.34e-03  |grad| 0.24  mem 59.2GB  tok/s 6,723
[05:49:09]   [ckpt @ 750] -> checkpoint_vr_seed1.pt
[05:50:46] step   760/2000  ce 4.4267  lr 1.33e-03  |grad| 0.24  mem 59.2GB  tok/s 6,720
[05:52:24] step   770/2000  ce 4.2569  lr 1.32e-03  |grad| 0.21  mem 59.2GB  tok/s 6,720
[05:54:01] step   780/2000  ce 4.3177  lr 1.31e-03  |grad| 0.22  mem 59.2GB  tok/s 6,720
[05:55:38] step   790/2000  ce 4.4579  lr 1.30e-03  |grad| 0.23  mem 59.2GB  tok/s 6,721
[05:57:15] step   800/2000  ce 4.4726  lr 1.29e-03  |grad| 0.27  mem 59.2GB  tok/s 6,721
[05:58:52] step   810/2000  ce 4.5718  lr 1.28e-03  |grad| 0.22  mem 59.2GB  tok/s 6,721
[06:00:30] step   820/2000  ce 4.1721  lr 1.27e-03  |grad| 0.23  mem 59.2GB  tok/s 6,721
[06:02:07] step   830/2000  ce 4.5136  lr 1.26e-03  |grad| 0.24  mem 59.2GB  tok/s 6,722
[06:03:44] step   840/2000  ce 3.8875  lr 1.24e-03  |grad| 0.21  mem 59.2GB  tok/s 6,722
[06:05:21] step   850/2000  ce 4.3555  lr 1.23e-03  |grad| 0.23  mem 59.2GB  tok/s 6,722
[06:06:58] step   860/2000  ce 4.4298  lr 1.22e-03  |grad| 0.23  mem 59.2GB  tok/s 6,722
[06:08:36] step   870/2000  ce 4.1789  lr 1.21e-03  |grad| 0.23  mem 59.2GB  tok/s 6,723
[06:10:13] step   880/2000  ce 3.8892  lr 1.20e-03  |grad| 0.21  mem 59.2GB  tok/s 6,723
[06:11:50] step   890/2000  ce 4.2388  lr 1.19e-03  |grad| 0.22  mem 59.2GB  tok/s 6,723
[06:13:27] step   900/2000  ce 4.1263  lr 1.18e-03  |grad| 0.21  mem 59.2GB  tok/s 6,723
[06:15:04] step   910/2000  ce 4.1392  lr 1.17e-03  |grad| 0.22  mem 59.2GB  tok/s 6,724
[06:16:41] step   920/2000  ce 4.1757  lr 1.16e-03  |grad| 0.21  mem 59.2GB  tok/s 6,724
[06:18:18] step   930/2000  ce 4.4053  lr 1.15e-03  |grad| 0.24  mem 59.2GB  tok/s 6,724
[06:19:55] step   940/2000  ce 3.6326  lr 1.13e-03  |grad| 0.25  mem 59.2GB  tok/s 6,724
[06:21:33] step   950/2000  ce 4.2375  lr 1.12e-03  |grad| 0.22  mem 59.2GB  tok/s 6,725
[06:23:10] step   960/2000  ce 3.9552  lr 1.11e-03  |grad| 0.21  mem 59.2GB  tok/s 6,725
[06:24:47] step   970/2000  ce 4.0541  lr 1.10e-03  |grad| 0.23  mem 59.2GB  tok/s 6,725
[06:26:24] step   980/2000  ce 4.1999  lr 1.09e-03  |grad| 0.20  mem 59.2GB  tok/s 6,726
[06:28:01] step   990/2000  ce 4.2242  lr 1.08e-03  |grad| 0.23  mem 59.2GB  tok/s 6,726
[06:29:38] step  1000/2000  ce 4.0419  lr 1.07e-03  |grad| 0.22  mem 59.2GB  tok/s 6,726
[06:29:47]   [eval @ 1000] val PPL=64.56
[06:29:51]   [ckpt @ 1000] -> checkpoint_vr_seed1.pt
[06:31:28] step  1010/2000  ce 4.0665  lr 1.06e-03  |grad| 0.21  mem 59.2GB  tok/s 6,717
[06:33:05] step  1020/2000  ce 4.2226  lr 1.04e-03  |grad| 0.20  mem 59.2GB  tok/s 6,718
[06:34:42] step  1030/2000  ce 4.1922  lr 1.03e-03  |grad| 0.20  mem 59.2GB  tok/s 6,718
[06:36:19] step  1040/2000  ce 3.9273  lr 1.02e-03  |grad| 0.23  mem 59.2GB  tok/s 6,718
[06:37:57] step  1050/2000  ce 4.0365  lr 1.01e-03  |grad| 0.22  mem 59.2GB  tok/s 6,719
[06:39:34] step  1060/2000  ce 4.1075  lr 9.99e-04  |grad| 0.22  mem 59.2GB  tok/s 6,719
[06:41:11] step  1070/2000  ce 4.4811  lr 9.87e-04  |grad| 0.24  mem 59.2GB  tok/s 6,719
[06:42:48] step  1080/2000  ce 4.1135  lr 9.76e-04  |grad| 0.20  mem 59.2GB  tok/s 6,719
[06:44:25] step  1090/2000  ce 3.9641  lr 9.64e-04  |grad| 0.21  mem 59.2GB  tok/s 6,720
[06:46:02] step  1100/2000  ce 4.1231  lr 9.53e-04  |grad| 0.21  mem 59.2GB  tok/s 6,720
[06:47:39] step  1110/2000  ce 4.0970  lr 9.42e-04  |grad| 0.20  mem 59.2GB  tok/s 6,720
[06:49:17] step  1120/2000  ce 4.1686  lr 9.30e-04  |grad| 0.19  mem 59.2GB  tok/s 6,720
[06:50:54] step  1130/2000  ce 4.1220  lr 9.19e-04  |grad| 0.20  mem 59.2GB  tok/s 6,721
[06:52:31] step  1140/2000  ce 3.8483  lr 9.08e-04  |grad| 0.20  mem 59.2GB  tok/s 6,721
[06:54:08] step  1150/2000  ce 4.3244  lr 8.96e-04  |grad| 0.20  mem 59.2GB  tok/s 6,721
[06:55:45] step  1160/2000  ce 3.8719  lr 8.85e-04  |grad| 0.19  mem 59.2GB  tok/s 6,721
[06:57:22] step  1170/2000  ce 3.9053  lr 8.74e-04  |grad| 0.19  mem 59.2GB  tok/s 6,721
[06:58:59] step  1180/2000  ce 4.1455  lr 8.63e-04  |grad| 0.18  mem 59.2GB  tok/s 6,722
[07:00:37] step  1190/2000  ce 4.0102  lr 8.52e-04  |grad| 0.19  mem 59.2GB  tok/s 6,722
[07:02:14] step  1200/2000  ce 4.1010  lr 8.41e-04  |grad| 0.19  mem 59.2GB  tok/s 6,722
[07:03:51] step  1210/2000  ce 4.0850  lr 8.30e-04  |grad| 0.18  mem 59.2GB  tok/s 6,722
[07:05:28] step  1220/2000  ce 3.9321  lr 8.19e-04  |grad| 0.19  mem 59.2GB  tok/s 6,722
[07:07:05] step  1230/2000  ce 4.1081  lr 8.08e-04  |grad| 0.18  mem 59.2GB  tok/s 6,723
[07:08:42] step  1240/2000  ce 3.7472  lr 7.97e-04  |grad| 0.19  mem 59.2GB  tok/s 6,723
[07:10:20] step  1250/2000  ce 4.0774  lr 7.86e-04  |grad| 0.21  mem 59.2GB  tok/s 6,723
[07:10:23]   [ckpt @ 1250] -> checkpoint_vr_seed1.pt
[07:12:00] step  1260/2000  ce 3.9238  lr 7.75e-04  |grad| 0.19  mem 59.2GB  tok/s 6,721
[07:13:37] step  1270/2000  ce 3.8176  lr 7.65e-04  |grad| 0.21  mem 59.2GB  tok/s 6,721
[07:15:15] step  1280/2000  ce 4.1118  lr 7.54e-04  |grad| 0.20  mem 59.2GB  tok/s 6,722
[07:16:52] step  1290/2000  ce 4.0023  lr 7.43e-04  |grad| 0.22  mem 59.2GB  tok/s 6,722
[07:18:29] step  1300/2000  ce 4.0425  lr 7.33e-04  |grad| 0.19  mem 59.2GB  tok/s 6,722
[07:20:06] step  1310/2000  ce 4.1010  lr 7.22e-04  |grad| 0.21  mem 59.2GB  tok/s 6,722
[07:21:43] step  1320/2000  ce 4.0920  lr 7.12e-04  |grad| 0.20  mem 59.2GB  tok/s 6,722
[07:23:20] step  1330/2000  ce 3.8613  lr 7.02e-04  |grad| 0.19  mem 59.2GB  tok/s 6,722
[07:24:57] step  1340/2000  ce 3.9144  lr 6.92e-04  |grad| 0.20  mem 59.2GB  tok/s 6,723
[07:26:34] step  1350/2000  ce 3.7719  lr 6.82e-04  |grad| 0.20  mem 59.2GB  tok/s 6,723
[07:28:11] step  1360/2000  ce 4.0864  lr 6.72e-04  |grad| 0.20  mem 59.2GB  tok/s 6,723
[07:29:49] step  1370/2000  ce 4.0755  lr 6.62e-04  |grad| 0.19  mem 59.2GB  tok/s 6,723
[07:31:26] step  1380/2000  ce 4.0853  lr 6.52e-04  |grad| 0.21  mem 59.2GB  tok/s 6,723
[07:33:03] step  1390/2000  ce 3.9722  lr 6.42e-04  |grad| 0.19  mem 59.2GB  tok/s 6,724
[07:34:40] step  1400/2000  ce 3.9625  lr 6.33e-04  |grad| 0.18  mem 59.2GB  tok/s 6,724
[07:36:17] step  1410/2000  ce 3.9811  lr 6.23e-04  |grad| 0.20  mem 59.2GB  tok/s 6,724
[07:37:54] step  1420/2000  ce 3.7950  lr 6.14e-04  |grad| 0.18  mem 59.2GB  tok/s 6,724
[07:39:32] step  1430/2000  ce 3.8480  lr 6.04e-04  |grad| 0.18  mem 59.2GB  tok/s 6,724
[07:41:09] step  1440/2000  ce 3.9224  lr 5.95e-04  |grad| 0.39  mem 59.2GB  tok/s 6,724
[07:42:46] step  1450/2000  ce 3.8961  lr 5.86e-04  |grad| 0.19  mem 59.2GB  tok/s 6,725
[07:44:23] step  1460/2000  ce 3.7978  lr 5.77e-04  |grad| 0.18  mem 59.2GB  tok/s 6,725
[07:46:00] step  1470/2000  ce 3.9450  lr 5.68e-04  |grad| 0.18  mem 59.2GB  tok/s 6,725
[07:47:37] step  1480/2000  ce 3.9185  lr 5.60e-04  |grad| 0.18  mem 59.2GB  tok/s 6,725
[07:49:15] step  1490/2000  ce 3.8331  lr 5.51e-04  |grad| 0.18  mem 59.2GB  tok/s 6,725
[07:50:52] step  1500/2000  ce 3.8252  lr 5.43e-04  |grad| 0.18  mem 59.2GB  tok/s 6,725
[07:51:01]   [eval @ 1500] val PPL=47.77
[07:51:04]   [ckpt @ 1500] -> checkpoint_vr_seed1.pt
[07:52:41] step  1510/2000  ce 3.9482  lr 5.34e-04  |grad| 0.18  mem 59.2GB  tok/s 6,720
[07:54:18] step  1520/2000  ce 3.7125  lr 5.26e-04  |grad| 0.18  mem 59.2GB  tok/s 6,720
[07:55:56] step  1530/2000  ce 4.0372  lr 5.18e-04  |grad| 0.19  mem 59.2GB  tok/s 6,720
[07:57:33] step  1540/2000  ce 3.9021  lr 5.10e-04  |grad| 0.18  mem 59.2GB  tok/s 6,720
[07:59:10] step  1550/2000  ce 3.9032  lr 5.02e-04  |grad| 0.20  mem 59.2GB  tok/s 6,720
[08:00:47] step  1560/2000  ce 3.9061  lr 4.95e-04  |grad| 0.19  mem 59.2GB  tok/s 6,720
[08:02:24] step  1570/2000  ce 3.7976  lr 4.87e-04  |grad| 0.17  mem 59.2GB  tok/s 6,721
[08:04:02] step  1580/2000  ce 4.0146  lr 4.80e-04  |grad| 0.17  mem 59.2GB  tok/s 6,721
[08:05:39] step  1590/2000  ce 3.6786  lr 4.73e-04  |grad| 0.19  mem 59.2GB  tok/s 6,721
[08:07:16] step  1600/2000  ce 3.9481  lr 4.65e-04  |grad| 0.18  mem 59.2GB  tok/s 6,721
[08:08:53] step  1610/2000  ce 3.9481  lr 4.59e-04  |grad| 0.18  mem 59.2GB  tok/s 6,721
[08:10:30] step  1620/2000  ce 3.9160  lr 4.52e-04  |grad| 0.18  mem 59.2GB  tok/s 6,721
[08:12:07] step  1630/2000  ce 3.9972  lr 4.45e-04  |grad| 0.18  mem 59.2GB  tok/s 6,721
[08:13:44] step  1640/2000  ce 3.7354  lr 4.39e-04  |grad| 0.17  mem 59.2GB  tok/s 6,722
[08:15:22] step  1650/2000  ce 3.9958  lr 4.32e-04  |grad| 0.18  mem 59.2GB  tok/s 6,722
[08:16:59] step  1660/2000  ce 3.7740  lr 4.26e-04  |grad| 0.17  mem 59.2GB  tok/s 6,722
[08:18:36] step  1670/2000  ce 3.8359  lr 4.20e-04  |grad| 0.17  mem 59.2GB  tok/s 6,722
[08:20:13] step  1680/2000  ce 3.9439  lr 4.14e-04  |grad| 0.17  mem 59.2GB  tok/s 6,722
[08:21:50] step  1690/2000  ce 3.7787  lr 4.09e-04  |grad| 0.18  mem 59.2GB  tok/s 6,722
[08:23:28] step  1700/2000  ce 3.8557  lr 4.03e-04  |grad| 0.19  mem 59.2GB  tok/s 6,722
[08:25:05] step  1710/2000  ce 3.7548  lr 3.98e-04  |grad| 0.18  mem 59.2GB  tok/s 6,722
[08:26:42] step  1720/2000  ce 3.9814  lr 3.93e-04  |grad| 0.18  mem 59.2GB  tok/s 6,723
[08:28:19] step  1730/2000  ce 3.9140  lr 3.88e-04  |grad| 0.17  mem 59.2GB  tok/s 6,723
[08:29:56] step  1740/2000  ce 3.9186  lr 3.83e-04  |grad| 0.17  mem 59.2GB  tok/s 6,723
[08:31:36] step  1750/2000  ce 3.7686  lr 3.78e-04  |grad| 0.18  mem 59.2GB  tok/s 6,722
[08:31:39]   [ckpt @ 1750] -> checkpoint_vr_seed1.pt
[08:33:26] step  1760/2000  ce 3.8659  lr 3.74e-04  |grad| 0.18  mem 59.2GB  tok/s 6,717
[08:35:13] step  1770/2000  ce 3.5686  lr 3.69e-04  |grad| 0.19  mem 59.2GB  tok/s 6,713
[08:37:02] step  1780/2000  ce 3.8780  lr 3.65e-04  |grad| 0.18  mem 59.2GB  tok/s 6,709
[08:38:56] step  1790/2000  ce 3.9426  lr 3.61e-04  |grad| 0.20  mem 59.2GB  tok/s 6,703
[08:40:49] step  1800/2000  ce 3.6131  lr 3.57e-04  |grad| 0.17  mem 59.2GB  tok/s 6,697
[08:42:38] step  1810/2000  ce 3.6645  lr 3.54e-04  |grad| 0.18  mem 59.2GB  tok/s 6,693
[08:44:24] step  1820/2000  ce 3.8601  lr 3.50e-04  |grad| 0.21  mem 59.2GB  tok/s 6,690
[08:46:10] step  1830/2000  ce 3.7915  lr 3.47e-04  |grad| 0.18  mem 59.2GB  tok/s 6,687
[08:47:54] step  1840/2000  ce 3.4141  lr 3.44e-04  |grad| 0.18  mem 59.2GB  tok/s 6,685
[08:49:39] step  1850/2000  ce 3.7036  lr 3.41e-04  |grad| 0.17  mem 59.2GB  tok/s 6,682
[08:51:23] step  1860/2000  ce 3.4189  lr 3.38e-04  |grad| 0.18  mem 59.2GB  tok/s 6,680
[08:53:09] step  1870/2000  ce 3.6147  lr 3.36e-04  |grad| 0.17  mem 59.2GB  tok/s 6,677
[08:54:53] step  1880/2000  ce 4.0213  lr 3.34e-04  |grad| 0.17  mem 59.2GB  tok/s 6,675
[08:56:37] step  1890/2000  ce 3.9037  lr 3.31e-04  |grad| 0.17  mem 59.2GB  tok/s 6,673
[08:58:21] step  1900/2000  ce 3.8052  lr 3.29e-04  |grad| 0.17  mem 59.2GB  tok/s 6,671
[09:00:06] step  1910/2000  ce 3.8042  lr 3.28e-04  |grad| 0.18  mem 59.2GB  tok/s 6,668
[09:01:50] step  1920/2000  ce 3.8649  lr 3.26e-04  |grad| 0.17  mem 59.2GB  tok/s 6,666
[09:03:28] step  1930/2000  ce 3.9458  lr 3.25e-04  |grad| 0.17  mem 59.2GB  tok/s 6,666
[09:05:06] step  1940/2000  ce 3.5957  lr 3.23e-04  |grad| 0.17  mem 59.2GB  tok/s 6,667
[09:06:43] step  1950/2000  ce 3.6599  lr 3.22e-04  |grad| 0.18  mem 59.2GB  tok/s 6,667
[09:08:20] step  1960/2000  ce 3.5722  lr 3.22e-04  |grad| 0.17  mem 59.2GB  tok/s 6,667
[09:09:57] step  1970/2000  ce 3.7771  lr 3.21e-04  |grad| 0.16  mem 59.2GB  tok/s 6,668
[09:11:34] step  1980/2000  ce 3.5777  lr 3.20e-04  |grad| 0.17  mem 59.2GB  tok/s 6,668
[09:13:12] step  1990/2000  ce 3.7872  lr 3.20e-04  |grad| 0.18  mem 59.2GB  tok/s 6,668
[09:14:49] step  2000/2000  ce 3.6179  lr 3.20e-04  |grad| 0.18  mem 59.2GB  tok/s 6,669
[09:14:58]   [eval @ 2000] val PPL=42.27
[09:15:02]   [ckpt @ 2000] -> checkpoint_vr_seed1.pt
[09:15:05] DONE
