[12:13:30] ARM arch=faithful schedule=cosine optimizer=adamw zloss=0.0 | vr=False ln=False hg=True | steps=2000 seed=1 tok/step=65,536
[12:13:31] optimizer split: 225 / 113 param tensors
[12:13:34]   loaded cached tokens from tokcache_133072000_300000_seed0_Qwen3-0.6B-Base.pt (133,072,000 train + 300,000 val)
[12:13:34] Compiling model...
[12:15:20] step    10/2000  ce 9.9672  lr 1.70e-04  |grad| 1.98  mem 59.3GB  tok/s 6,241
[12:16:59] step    20/2000  ce 8.0072  lr 3.40e-04  |grad| 0.85  mem 59.3GB  tok/s 6,426
[12:18:38] step    30/2000  ce 7.8206  lr 5.10e-04  |grad| 0.80  mem 59.3GB  tok/s 6,489
[12:20:17] step    40/2000  ce 7.6766  lr 6.80e-04  |grad| 0.73  mem 59.3GB  tok/s 6,519
[12:21:56] step    50/2000  ce 7.4232  lr 8.50e-04  |grad| 1.18  mem 59.3GB  tok/s 6,536
[12:23:35] step    60/2000  ce 7.2279  lr 1.02e-03  |grad| 1.34  mem 59.3GB  tok/s 6,548
[12:25:14] step    70/2000  ce 7.2828  lr 1.19e-03  |grad| 0.88  mem 59.3GB  tok/s 6,556
[12:26:54] step    80/2000  ce 6.9611  lr 1.36e-03  |grad| 0.54  mem 59.3GB  tok/s 6,562
[12:28:33] step    90/2000  ce 6.7614  lr 1.53e-03  |grad| 0.79  mem 59.3GB  tok/s 6,566
[12:30:12] step   100/2000  ce 6.7088  lr 1.70e-03  |grad| 0.59  mem 59.3GB  tok/s 6,570
[12:31:52] step   110/2000  ce 6.6276  lr 1.70e-03  |grad| 0.84  mem 59.3GB  tok/s 6,572
[12:33:31] step   120/2000  ce 6.5661  lr 1.70e-03  |grad| 0.66  mem 59.3GB  tok/s 6,575
[12:35:10] step   130/2000  ce 6.5397  lr 1.70e-03  |grad| 0.63  mem 59.3GB  tok/s 6,575
[12:36:50] step   140/2000  ce 6.3916  lr 1.70e-03  |grad| 0.47  mem 59.3GB  tok/s 6,577
[12:38:31] step   150/2000  ce 6.3751  lr 1.70e-03  |grad| 0.55  mem 59.3GB  tok/s 6,571
[12:40:10] step   160/2000  ce 6.2518  lr 1.70e-03  |grad| 0.49  mem 59.3GB  tok/s 6,573
[12:41:49] step   170/2000  ce 6.2905  lr 1.70e-03  |grad| 0.54  mem 59.3GB  tok/s 6,574
[12:43:29] step   180/2000  ce 6.1560  lr 1.69e-03  |grad| 0.40  mem 59.3GB  tok/s 6,576
[12:45:08] step   190/2000  ce 5.9631  lr 1.69e-03  |grad| 0.56  mem 59.3GB  tok/s 6,578
[12:46:47] step   200/2000  ce 6.0339  lr 1.69e-03  |grad| 0.38  mem 59.3GB  tok/s 6,578
[12:48:27] step   210/2000  ce 6.0638  lr 1.69e-03  |grad| 0.46  mem 59.3GB  tok/s 6,579
[12:50:06] step   220/2000  ce 5.9559  lr 1.69e-03  |grad| 0.40  mem 59.3GB  tok/s 6,580
[12:51:45] step   230/2000  ce 5.8921  lr 1.68e-03  |grad| 0.40  mem 59.3GB  tok/s 6,580
[12:53:25] step   240/2000  ce 5.6793  lr 1.68e-03  |grad| 0.34  mem 59.3GB  tok/s 6,581
[12:55:04] step   250/2000  ce 5.5772  lr 1.68e-03  |grad| 0.36  mem 59.3GB  tok/s 6,581
[12:55:08]   [ckpt @ 250] -> checkpoint_hg_seed1.pt
[12:56:47] step   260/2000  ce 5.8418  lr 1.68e-03  |grad| 0.37  mem 59.3GB  tok/s 6,573
[12:58:27] step   270/2000  ce 5.7920  lr 1.67e-03  |grad| 0.44  mem 59.3GB  tok/s 6,573
[13:00:06] step   280/2000  ce 5.3607  lr 1.67e-03  |grad| 0.42  mem 59.3GB  tok/s 6,574
[13:01:45] step   290/2000  ce 5.6887  lr 1.67e-03  |grad| 0.37  mem 59.3GB  tok/s 6,575
[13:03:25] step   300/2000  ce 5.4221  lr 1.66e-03  |grad| 0.39  mem 59.3GB  tok/s 6,576
[13:05:04] step   310/2000  ce 5.4771  lr 1.66e-03  |grad| 0.38  mem 59.3GB  tok/s 6,576
[13:06:44] step   320/2000  ce 5.5611  lr 1.65e-03  |grad| 0.35  mem 59.3GB  tok/s 6,576
[13:08:26] step   330/2000  ce 5.5608  lr 1.65e-03  |grad| 0.45  mem 59.3GB  tok/s 6,571
[13:10:06] step   340/2000  ce 5.1716  lr 1.65e-03  |grad| 0.39  mem 59.3GB  tok/s 6,571
[13:11:46] step   350/2000  ce 5.4009  lr 1.64e-03  |grad| 0.41  mem 59.3GB  tok/s 6,571
[13:13:25] step   360/2000  ce 5.6107  lr 1.64e-03  |grad| 0.39  mem 59.3GB  tok/s 6,571
[13:15:05] step   370/2000  ce 5.2148  lr 1.63e-03  |grad| 0.32  mem 59.3GB  tok/s 6,571
[13:16:44] step   380/2000  ce 5.3783  lr 1.63e-03  |grad| 0.38  mem 59.3GB  tok/s 6,571
[13:18:24] step   390/2000  ce 5.2776  lr 1.62e-03  |grad| 0.33  mem 59.3GB  tok/s 6,572
[13:20:04] step   400/2000  ce 5.3639  lr 1.62e-03  |grad| 0.34  mem 59.3GB  tok/s 6,572
[13:21:43] step   410/2000  ce 5.2748  lr 1.61e-03  |grad| 0.37  mem 59.3GB  tok/s 6,572
[13:23:23] step   420/2000  ce 5.1764  lr 1.61e-03  |grad| 0.55  mem 59.3GB  tok/s 6,573
[13:25:02] step   430/2000  ce 5.1306  lr 1.60e-03  |grad| 0.36  mem 59.3GB  tok/s 6,573
[13:26:42] step   440/2000  ce 4.9784  lr 1.59e-03  |grad| 0.32  mem 59.3GB  tok/s 6,572
[13:28:22] step   450/2000  ce 5.2298  lr 1.59e-03  |grad| 0.31  mem 59.3GB  tok/s 6,572
[13:30:02] step   460/2000  ce 5.0865  lr 1.58e-03  |grad| 0.33  mem 59.3GB  tok/s 6,572
[13:31:41] step   470/2000  ce 5.0910  lr 1.57e-03  |grad| 0.35  mem 59.3GB  tok/s 6,573
[13:33:21] step   480/2000  ce 5.0589  lr 1.57e-03  |grad| 0.29  mem 59.3GB  tok/s 6,573
[13:35:01] step   490/2000  ce 4.9740  lr 1.56e-03  |grad| 0.27  mem 59.3GB  tok/s 6,573
[13:36:41] step   500/2000  ce 4.7644  lr 1.55e-03  |grad| 0.31  mem 59.3GB  tok/s 6,572
[13:36:52]   [eval @ 500] val PPL=136.28
[13:36:56]   [ckpt @ 500] -> checkpoint_hg_seed1.pt
[13:38:36] step   510/2000  ce 5.0728  lr 1.55e-03  |grad| 0.27  mem 59.3GB  tok/s 6,553
[13:40:16] step   520/2000  ce 4.7905  lr 1.54e-03  |grad| 0.32  mem 59.3GB  tok/s 6,552
[13:41:56] step   530/2000  ce 4.7210  lr 1.53e-03  |grad| 0.29  mem 59.3GB  tok/s 6,552
[13:43:36] step   540/2000  ce 4.8266  lr 1.53e-03  |grad| 0.34  mem 59.3GB  tok/s 6,553
[13:45:16] step   550/2000  ce 4.8498  lr 1.52e-03  |grad| 0.28  mem 59.3GB  tok/s 6,553
[13:46:56] step   560/2000  ce 4.7303  lr 1.51e-03  |grad| 0.27  mem 59.3GB  tok/s 6,552
[13:48:36] step   570/2000  ce 4.9945  lr 1.50e-03  |grad| 0.32  mem 59.3GB  tok/s 6,552
[13:50:16] step   580/2000  ce 5.0066  lr 1.49e-03  |grad| 0.31  mem 59.3GB  tok/s 6,552
[13:51:56] step   590/2000  ce 4.7631  lr 1.49e-03  |grad| 0.30  mem 59.3GB  tok/s 6,552
[13:53:37] step   600/2000  ce 4.7064  lr 1.48e-03  |grad| 0.30  mem 59.3GB  tok/s 6,551
[13:55:17] step   610/2000  ce 4.6975  lr 1.47e-03  |grad| 0.28  mem 59.3GB  tok/s 6,551
[13:56:57] step   620/2000  ce 4.7409  lr 1.46e-03  |grad| 0.27  mem 59.3GB  tok/s 6,551
[13:58:38] step   630/2000  ce 4.5273  lr 1.45e-03  |grad| 0.27  mem 59.3GB  tok/s 6,550
[14:00:18] step   640/2000  ce 4.5230  lr 1.44e-03  |grad| 0.25  mem 59.3GB  tok/s 6,550
[14:01:59] step   650/2000  ce 4.6793  lr 1.43e-03  |grad| 0.27  mem 59.3GB  tok/s 6,549
[14:03:40] step   660/2000  ce 4.6788  lr 1.42e-03  |grad| 0.29  mem 59.3GB  tok/s 6,549
[14:05:20] step   670/2000  ce 4.5375  lr 1.42e-03  |grad| 0.27  mem 59.3GB  tok/s 6,548
[14:07:01] step   680/2000  ce 4.4682  lr 1.41e-03  |grad| 0.26  mem 59.3GB  tok/s 6,548
[14:08:41] step   690/2000  ce 4.2792  lr 1.40e-03  |grad| 0.27  mem 59.3GB  tok/s 6,548
[14:10:22] step   700/2000  ce 4.4577  lr 1.39e-03  |grad| 0.25  mem 59.3GB  tok/s 6,547
[14:12:03] step   710/2000  ce 4.4849  lr 1.38e-03  |grad| 0.25  mem 59.3GB  tok/s 6,546
[14:13:44] step   720/2000  ce 4.5734  lr 1.37e-03  |grad| 0.24  mem 59.3GB  tok/s 6,545
[14:15:25] step   730/2000  ce 4.7064  lr 1.36e-03  |grad| 0.29  mem 59.3GB  tok/s 6,545
[14:17:06] step   740/2000  ce 4.5246  lr 1.35e-03  |grad| 0.25  mem 59.3GB  tok/s 6,544
[14:18:47] step   750/2000  ce 4.4850  lr 1.34e-03  |grad| 0.25  mem 59.3GB  tok/s 6,543
[14:18:50]   [ckpt @ 750] -> checkpoint_hg_seed1.pt
[14:20:30] step   760/2000  ce 4.2213  lr 1.33e-03  |grad| 0.22  mem 59.3GB  tok/s 6,540
[14:22:11] step   770/2000  ce 4.5266  lr 1.32e-03  |grad| 0.25  mem 59.3GB  tok/s 6,540
[14:23:52] step   780/2000  ce 4.3535  lr 1.31e-03  |grad| 0.27  mem 59.3GB  tok/s 6,539
[14:25:33] step   790/2000  ce 4.5188  lr 1.30e-03  |grad| 0.23  mem 59.3GB  tok/s 6,539
[14:27:14] step   800/2000  ce 4.5042  lr 1.29e-03  |grad| 0.25  mem 59.3GB  tok/s 6,538
[14:28:55] step   810/2000  ce 4.4212  lr 1.28e-03  |grad| 0.28  mem 59.3GB  tok/s 6,537
[14:30:36] step   820/2000  ce 4.3622  lr 1.27e-03  |grad| 0.24  mem 59.3GB  tok/s 6,536
[14:32:17] step   830/2000  ce 4.3642  lr 1.26e-03  |grad| 0.26  mem 59.3GB  tok/s 6,536
[14:33:58] step   840/2000  ce 4.4294  lr 1.24e-03  |grad| 0.24  mem 59.3GB  tok/s 6,535
[14:35:39] step   850/2000  ce 4.3384  lr 1.23e-03  |grad| 0.25  mem 59.3GB  tok/s 6,535
[14:37:20] step   860/2000  ce 4.0410  lr 1.22e-03  |grad| 0.32  mem 59.3GB  tok/s 6,535
[14:39:01] step   870/2000  ce 4.2559  lr 1.21e-03  |grad| 0.25  mem 59.3GB  tok/s 6,534
[14:40:42] step   880/2000  ce 4.2938  lr 1.20e-03  |grad| 0.22  mem 59.3GB  tok/s 6,534
[14:42:23] step   890/2000  ce 4.3134  lr 1.19e-03  |grad| 0.24  mem 59.3GB  tok/s 6,533
[14:44:04] step   900/2000  ce 4.2239  lr 1.18e-03  |grad| 0.23  mem 59.3GB  tok/s 6,533
[14:45:44] step   910/2000  ce 4.3562  lr 1.17e-03  |grad| 0.22  mem 59.3GB  tok/s 6,532
[14:47:25] step   920/2000  ce 4.5139  lr 1.16e-03  |grad| 0.25  mem 59.3GB  tok/s 6,532
[14:49:06] step   930/2000  ce 4.3719  lr 1.15e-03  |grad| 0.25  mem 59.3GB  tok/s 6,531
[14:50:47] step   940/2000  ce 4.1627  lr 1.13e-03  |grad| 0.23  mem 59.3GB  tok/s 6,531
[14:52:28] step   950/2000  ce 4.1465  lr 1.12e-03  |grad| 0.21  mem 59.3GB  tok/s 6,531
[14:54:09] step   960/2000  ce 4.3558  lr 1.11e-03  |grad| 0.23  mem 59.3GB  tok/s 6,530
[14:55:50] step   970/2000  ce 4.1948  lr 1.10e-03  |grad| 0.27  mem 59.3GB  tok/s 6,530
[14:57:31] step   980/2000  ce 4.5253  lr 1.09e-03  |grad| 0.23  mem 59.3GB  tok/s 6,529
[14:59:12] step   990/2000  ce 4.3580  lr 1.08e-03  |grad| 0.24  mem 59.3GB  tok/s 6,529
[15:00:54] step  1000/2000  ce 4.2116  lr 1.07e-03  |grad| 0.23  mem 59.3GB  tok/s 6,528
[15:01:03]   [eval @ 1000] val PPL=65.47
[15:01:10]   [ckpt @ 1000] -> checkpoint_hg_seed1.pt
[15:02:50] step  1010/2000  ce 4.1421  lr 1.06e-03  |grad| 0.21  mem 59.3GB  tok/s 6,518
[15:04:31] step  1020/2000  ce 4.0784  lr 1.04e-03  |grad| 0.22  mem 59.3GB  tok/s 6,517
[15:06:12] step  1030/2000  ce 4.1633  lr 1.03e-03  |grad| 0.22  mem 59.3GB  tok/s 6,517
[15:07:53] step  1040/2000  ce 4.4364  lr 1.02e-03  |grad| 0.26  mem 59.3GB  tok/s 6,517
[15:09:34] step  1050/2000  ce 3.9987  lr 1.01e-03  |grad| 0.21  mem 59.3GB  tok/s 6,517
[15:11:15] step  1060/2000  ce 4.1833  lr 9.99e-04  |grad| 0.21  mem 59.3GB  tok/s 6,516
[15:12:56] step  1070/2000  ce 4.1306  lr 9.87e-04  |grad| 0.24  mem 59.3GB  tok/s 6,516
[15:14:38] step  1080/2000  ce 4.1150  lr 9.76e-04  |grad| 0.22  mem 59.3GB  tok/s 6,516
[15:16:19] step  1090/2000  ce 4.3144  lr 9.64e-04  |grad| 0.20  mem 59.3GB  tok/s 6,515
[15:18:00] step  1100/2000  ce 4.0091  lr 9.53e-04  |grad| 0.21  mem 59.3GB  tok/s 6,515
[15:19:41] step  1110/2000  ce 4.1724  lr 9.42e-04  |grad| 0.20  mem 59.3GB  tok/s 6,515
[15:21:22] step  1120/2000  ce 4.1893  lr 9.30e-04  |grad| 0.20  mem 59.3GB  tok/s 6,515
[15:23:03] step  1130/2000  ce 3.8780  lr 9.19e-04  |grad| 0.21  mem 59.3GB  tok/s 6,514
[15:24:44] step  1140/2000  ce 4.2019  lr 9.08e-04  |grad| 0.20  mem 59.3GB  tok/s 6,514
[15:26:25] step  1150/2000  ce 4.1061  lr 8.96e-04  |grad| 0.20  mem 59.3GB  tok/s 6,514
[15:28:06] step  1160/2000  ce 4.1302  lr 8.85e-04  |grad| 0.21  mem 59.3GB  tok/s 6,514
[15:29:47] step  1170/2000  ce 4.1150  lr 8.74e-04  |grad| 0.23  mem 59.3GB  tok/s 6,514
[15:31:28] step  1180/2000  ce 4.2142  lr 8.63e-04  |grad| 0.19  mem 59.3GB  tok/s 6,513
[15:33:10] step  1190/2000  ce 4.1201  lr 8.52e-04  |grad| 0.21  mem 59.3GB  tok/s 6,513
[15:34:51] step  1200/2000  ce 4.0584  lr 8.41e-04  |grad| 0.21  mem 59.3GB  tok/s 6,512
[15:36:32] step  1210/2000  ce 4.0244  lr 8.30e-04  |grad| 0.21  mem 59.3GB  tok/s 6,512
[15:38:13] step  1220/2000  ce 4.1273  lr 8.19e-04  |grad| 0.20  mem 59.3GB  tok/s 6,512
[15:39:54] step  1230/2000  ce 4.0832  lr 8.08e-04  |grad| 0.19  mem 59.3GB  tok/s 6,512
[15:41:35] step  1240/2000  ce 4.0381  lr 7.97e-04  |grad| 0.21  mem 59.3GB  tok/s 6,511
[15:43:16] step  1250/2000  ce 3.8234  lr 7.86e-04  |grad| 0.21  mem 59.3GB  tok/s 6,511
[15:43:20]   [ckpt @ 1250] -> checkpoint_hg_seed1.pt
[15:45:01] step  1260/2000  ce 3.9431  lr 7.75e-04  |grad| 0.21  mem 59.3GB  tok/s 6,509
[15:46:43] step  1270/2000  ce 4.1202  lr 7.65e-04  |grad| 0.20  mem 59.3GB  tok/s 6,509
[15:48:24] step  1280/2000  ce 3.9551  lr 7.54e-04  |grad| 0.20  mem 59.3GB  tok/s 6,508
[15:50:05] step  1290/2000  ce 3.7085  lr 7.43e-04  |grad| 0.21  mem 59.3GB  tok/s 6,508
[15:51:47] step  1300/2000  ce 3.8363  lr 7.33e-04  |grad| 0.23  mem 59.3GB  tok/s 6,507
[15:53:29] step  1310/2000  ce 4.1916  lr 7.22e-04  |grad| 0.21  mem 59.3GB  tok/s 6,507
[15:55:10] step  1320/2000  ce 3.9748  lr 7.12e-04  |grad| 0.23  mem 59.3GB  tok/s 6,506
[15:56:52] step  1330/2000  ce 3.9808  lr 7.02e-04  |grad| 0.42  mem 59.3GB  tok/s 6,506
[15:58:33] step  1340/2000  ce 4.2112  lr 6.92e-04  |grad| 0.22  mem 59.3GB  tok/s 6,506
[16:00:15] step  1350/2000  ce 4.0970  lr 6.82e-04  |grad| 0.19  mem 59.3GB  tok/s 6,505
[16:01:56] step  1360/2000  ce 4.1977  lr 6.72e-04  |grad| 0.20  mem 59.3GB  tok/s 6,505
[16:03:38] step  1370/2000  ce 4.0296  lr 6.62e-04  |grad| 0.21  mem 59.3GB  tok/s 6,505
[16:05:19] step  1380/2000  ce 3.8675  lr 6.52e-04  |grad| 0.19  mem 59.3GB  tok/s 6,504
[16:07:00] step  1390/2000  ce 4.1524  lr 6.42e-04  |grad| 0.20  mem 59.3GB  tok/s 6,504
[16:08:41] step  1400/2000  ce 3.8499  lr 6.33e-04  |grad| 0.22  mem 59.3GB  tok/s 6,504
[16:10:22] step  1410/2000  ce 3.7904  lr 6.23e-04  |grad| 0.21  mem 59.3GB  tok/s 6,504
[16:12:03] step  1420/2000  ce 3.9748  lr 6.14e-04  |grad| 0.18  mem 59.3GB  tok/s 6,504
[16:13:45] step  1430/2000  ce 3.8665  lr 6.04e-04  |grad| 0.19  mem 59.3GB  tok/s 6,504
[16:15:26] step  1440/2000  ce 3.7576  lr 5.95e-04  |grad| 0.20  mem 59.3GB  tok/s 6,503
[16:17:08] step  1450/2000  ce 3.9372  lr 5.86e-04  |grad| 0.21  mem 59.3GB  tok/s 6,503
[16:18:49] step  1460/2000  ce 3.7058  lr 5.77e-04  |grad| 0.20  mem 59.3GB  tok/s 6,503
[16:20:30] step  1470/2000  ce 3.9811  lr 5.68e-04  |grad| 0.21  mem 59.3GB  tok/s 6,502
[16:22:12] step  1480/2000  ce 3.8527  lr 5.60e-04  |grad| 0.19  mem 59.3GB  tok/s 6,502
[16:23:54] step  1490/2000  ce 3.8339  lr 5.51e-04  |grad| 0.20  mem 59.3GB  tok/s 6,502
[16:25:35] step  1500/2000  ce 3.8411  lr 5.43e-04  |grad| 0.20  mem 59.3GB  tok/s 6,501
[16:25:45]   [eval @ 1500] val PPL=49.47
[16:25:48]   [ckpt @ 1500] -> checkpoint_hg_seed1.pt
[16:27:29] step  1510/2000  ce 3.9190  lr 5.34e-04  |grad| 0.19  mem 59.3GB  tok/s 6,496
[16:29:10] step  1520/2000  ce 3.8872  lr 5.26e-04  |grad| 0.19  mem 59.3GB  tok/s 6,496
[16:30:51] step  1530/2000  ce 4.0780  lr 5.18e-04  |grad| 0.20  mem 59.3GB  tok/s 6,496
[16:32:32] step  1540/2000  ce 4.1930  lr 5.10e-04  |grad| 0.19  mem 59.3GB  tok/s 6,496
[16:34:12] step  1550/2000  ce 3.7634  lr 5.02e-04  |grad| 0.20  mem 59.3GB  tok/s 6,496
[16:35:53] step  1560/2000  ce 3.8069  lr 4.95e-04  |grad| 0.18  mem 59.3GB  tok/s 6,496
[16:37:34] step  1570/2000  ce 4.1114  lr 4.87e-04  |grad| 0.20  mem 59.3GB  tok/s 6,496
[16:39:15] step  1580/2000  ce 3.8098  lr 4.80e-04  |grad| 0.18  mem 59.3GB  tok/s 6,496
[16:40:56] step  1590/2000  ce 4.0265  lr 4.73e-04  |grad| 0.18  mem 59.3GB  tok/s 6,496
[16:42:37] step  1600/2000  ce 3.9363  lr 4.65e-04  |grad| 0.19  mem 59.3GB  tok/s 6,496
[16:44:18] step  1610/2000  ce 4.0132  lr 4.59e-04  |grad| 0.19  mem 59.3GB  tok/s 6,496
[16:45:59] step  1620/2000  ce 3.6539  lr 4.52e-04  |grad| 0.18  mem 59.3GB  tok/s 6,496
[16:47:39] step  1630/2000  ce 3.8081  lr 4.45e-04  |grad| 1.35  mem 59.3GB  tok/s 6,496
[16:49:19] step  1640/2000  ce 3.8082  lr 4.39e-04  |grad| 0.21  mem 59.3GB  tok/s 6,496
[16:50:59] step  1650/2000  ce 4.0705  lr 4.32e-04  |grad| 0.18  mem 59.3GB  tok/s 6,497
[16:52:38] step  1660/2000  ce 3.9051  lr 4.26e-04  |grad| 0.18  mem 59.3GB  tok/s 6,497
[16:54:18] step  1670/2000  ce 3.8624  lr 4.20e-04  |grad| 0.19  mem 59.3GB  tok/s 6,498
[16:55:58] step  1680/2000  ce 3.9721  lr 4.14e-04  |grad| 0.18  mem 59.3GB  tok/s 6,498
[16:57:38] step  1690/2000  ce 3.7491  lr 4.09e-04  |grad| 0.18  mem 59.3GB  tok/s 6,498
[16:59:19] step  1700/2000  ce 3.5524  lr 4.03e-04  |grad| 0.18  mem 59.3GB  tok/s 6,499
[17:00:59] step  1710/2000  ce 4.0090  lr 3.98e-04  |grad| 0.19  mem 59.3GB  tok/s 6,499
[17:02:39] step  1720/2000  ce 3.6807  lr 3.93e-04  |grad| 0.18  mem 59.3GB  tok/s 6,499
[17:04:18] step  1730/2000  ce 3.7918  lr 3.88e-04  |grad| 0.18  mem 59.3GB  tok/s 6,500
[17:05:58] step  1740/2000  ce 3.8231  lr 3.83e-04  |grad| 0.18  mem 59.3GB  tok/s 6,500
[17:07:38] step  1750/2000  ce 3.9108  lr 3.78e-04  |grad| 0.18  mem 59.3GB  tok/s 6,500
[17:07:42]   [ckpt @ 1750] -> checkpoint_hg_seed1.pt
[17:09:21] step  1760/2000  ce 3.7978  lr 3.74e-04  |grad| 0.19  mem 59.3GB  tok/s 6,499
[17:11:01] step  1770/2000  ce 3.9670  lr 3.69e-04  |grad| 0.18  mem 59.3GB  tok/s 6,500
[17:12:41] step  1780/2000  ce 3.8019  lr 3.65e-04  |grad| 0.19  mem 59.3GB  tok/s 6,500
[17:14:21] step  1790/2000  ce 3.7996  lr 3.61e-04  |grad| 0.18  mem 59.3GB  tok/s 6,501
[17:16:00] step  1800/2000  ce 3.7667  lr 3.57e-04  |grad| 0.18  mem 59.3GB  tok/s 6,501
[17:17:40] step  1810/2000  ce 3.8594  lr 3.54e-04  |grad| 0.19  mem 59.3GB  tok/s 6,502
[17:19:19] step  1820/2000  ce 4.1338  lr 3.50e-04  |grad| 0.18  mem 59.3GB  tok/s 6,502
[17:20:59] step  1830/2000  ce 3.5968  lr 3.47e-04  |grad| 0.18  mem 59.3GB  tok/s 6,502
[17:22:38] step  1840/2000  ce 3.9484  lr 3.44e-04  |grad| 0.17  mem 59.3GB  tok/s 6,503
[17:24:18] step  1850/2000  ce 3.6606  lr 3.41e-04  |grad| 0.17  mem 59.3GB  tok/s 6,503
[17:25:57] step  1860/2000  ce 3.8221  lr 3.38e-04  |grad| 0.18  mem 59.3GB  tok/s 6,504
[17:27:37] step  1870/2000  ce 3.8347  lr 3.36e-04  |grad| 0.18  mem 59.3GB  tok/s 6,504
[17:29:16] step  1880/2000  ce 3.9106  lr 3.34e-04  |grad| 0.19  mem 59.3GB  tok/s 6,505
[17:30:55] step  1890/2000  ce 3.8344  lr 3.31e-04  |grad| 0.17  mem 59.3GB  tok/s 6,505
[17:32:35] step  1900/2000  ce 3.7585  lr 3.29e-04  |grad| 0.18  mem 59.3GB  tok/s 6,506
[17:34:14] step  1910/2000  ce 3.7991  lr 3.28e-04  |grad| 0.18  mem 59.3GB  tok/s 6,506
[17:35:54] step  1920/2000  ce 3.8232  lr 3.26e-04  |grad| 0.18  mem 59.3GB  tok/s 6,507
[17:37:33] step  1930/2000  ce 3.6831  lr 3.25e-04  |grad| 0.18  mem 59.3GB  tok/s 6,507
[17:39:12] step  1940/2000  ce 3.6636  lr 3.23e-04  |grad| 0.27  mem 59.3GB  tok/s 6,507
[17:40:52] step  1950/2000  ce 3.7015  lr 3.22e-04  |grad| 0.18  mem 59.3GB  tok/s 6,508
[17:42:31] step  1960/2000  ce 3.4921  lr 3.22e-04  |grad| 0.18  mem 59.3GB  tok/s 6,508
[17:44:11] step  1970/2000  ce 3.6276  lr 3.21e-04  |grad| 0.18  mem 59.3GB  tok/s 6,509
[17:45:50] step  1980/2000  ce 3.9059  lr 3.20e-04  |grad| 0.19  mem 59.3GB  tok/s 6,509
[17:47:29] step  1990/2000  ce 3.8522  lr 3.20e-04  |grad| 0.18  mem 59.3GB  tok/s 6,510
[17:49:09] step  2000/2000  ce 3.7603  lr 3.20e-04  |grad| 0.19  mem 59.3GB  tok/s 6,510
[17:49:18]   [eval @ 2000] val PPL=43.74
[17:49:22]   [ckpt @ 2000] -> checkpoint_hg_seed1.pt
[17:49:25] DONE
