[14:45:08] ARM arch=faithful schedule=cosine optimizer=adamw zloss=0.0 | vr=False ln=True hg=False | steps=2000 seed=0 tok/step=65,536
[14:45:09] optimizer split: 197 / 113 param tensors
[14:45:11]   loaded cached tokens from tokcache_133072000_300000_seed0_Qwen3-0.6B-Base.pt (133,072,000 train + 300,000 val)
[14:45:11] Compiling model...
[14:47:16] step    10/2000  ce 10.0250  lr 1.70e-04  |grad| 1.99  mem 57.4GB  tok/s 5,295
[14:48:51] step    20/2000  ce 8.0859  lr 3.40e-04  |grad| 0.89  mem 57.4GB  tok/s 5,998
[14:50:25] step    30/2000  ce 7.6657  lr 5.10e-04  |grad| 1.48  mem 57.4GB  tok/s 6,279
[14:52:00] step    40/2000  ce 7.1697  lr 6.80e-04  |grad| 1.05  mem 57.4GB  tok/s 6,427
[14:53:35] step    50/2000  ce 7.1617  lr 8.50e-04  |grad| 0.71  mem 57.4GB  tok/s 6,519
[14:55:10] step    60/2000  ce 6.7560  lr 1.02e-03  |grad| 0.96  mem 57.4GB  tok/s 6,581
[14:56:45] step    70/2000  ce 6.6793  lr 1.19e-03  |grad| 0.64  mem 57.4GB  tok/s 6,626
[14:58:19] step    80/2000  ce 6.7368  lr 1.36e-03  |grad| 0.57  mem 57.4GB  tok/s 6,662
[14:59:54] step    90/2000  ce 6.5239  lr 1.53e-03  |grad| 0.73  mem 57.4GB  tok/s 6,688
[15:01:29] step   100/2000  ce 6.5883  lr 1.70e-03  |grad| 0.55  mem 57.4GB  tok/s 6,708
[15:03:04] step   110/2000  ce 6.2681  lr 1.70e-03  |grad| 0.63  mem 57.4GB  tok/s 6,726
[15:04:39] step   120/2000  ce 6.3020  lr 1.70e-03  |grad| 0.64  mem 57.4GB  tok/s 6,741
[15:06:14] step   130/2000  ce 6.3590  lr 1.70e-03  |grad| 0.61  mem 57.4GB  tok/s 6,753
[15:07:49] step   140/2000  ce 6.2335  lr 1.70e-03  |grad| 0.50  mem 57.4GB  tok/s 6,764
[15:09:24] step   150/2000  ce 6.1383  lr 1.70e-03  |grad| 0.44  mem 57.4GB  tok/s 6,773
[15:10:59] step   160/2000  ce 5.9102  lr 1.70e-03  |grad| 0.52  mem 57.4GB  tok/s 6,781
[15:12:34] step   170/2000  ce 5.9144  lr 1.70e-03  |grad| 0.52  mem 57.4GB  tok/s 6,788
[15:14:08] step   180/2000  ce 6.1304  lr 1.69e-03  |grad| 0.44  mem 57.4GB  tok/s 6,795
[15:15:43] step   190/2000  ce 5.5995  lr 1.69e-03  |grad| 0.48  mem 57.4GB  tok/s 6,800
[15:17:20] step   200/2000  ce 5.6485  lr 1.69e-03  |grad| 0.46  mem 57.4GB  tok/s 6,800
[15:19:00] step   210/2000  ce 5.8190  lr 1.69e-03  |grad| 0.51  mem 57.4GB  tok/s 6,788
[15:20:42] step   220/2000  ce 5.4406  lr 1.69e-03  |grad| 0.39  mem 57.4GB  tok/s 6,771
[15:22:23] step   230/2000  ce 5.9280  lr 1.68e-03  |grad| 0.39  mem 57.4GB  tok/s 6,756
[15:24:04] step   240/2000  ce 5.5616  lr 1.68e-03  |grad| 0.36  mem 57.4GB  tok/s 6,746
[15:25:39] step   250/2000  ce 5.3635  lr 1.68e-03  |grad| 0.44  mem 57.4GB  tok/s 6,752
[15:25:42]   [ckpt @ 250] -> checkpoint_ln_seed0.pt
[15:27:17] step   260/2000  ce 5.7098  lr 1.68e-03  |grad| 0.35  mem 57.4GB  tok/s 6,749
[15:28:52] step   270/2000  ce 5.5169  lr 1.67e-03  |grad| 0.46  mem 57.4GB  tok/s 6,754
[15:30:27] step   280/2000  ce 5.6142  lr 1.67e-03  |grad| 0.39  mem 57.4GB  tok/s 6,760
[15:32:03] step   290/2000  ce 5.4276  lr 1.67e-03  |grad| 0.40  mem 57.4GB  tok/s 6,761
[15:33:41] step   300/2000  ce 5.2895  lr 1.66e-03  |grad| 0.36  mem 57.4GB  tok/s 6,759
[15:35:19] step   310/2000  ce 5.4631  lr 1.66e-03  |grad| 0.33  mem 57.4GB  tok/s 6,758
[15:36:54] step   320/2000  ce 5.3225  lr 1.65e-03  |grad| 0.29  mem 57.4GB  tok/s 6,761
[15:38:29] step   330/2000  ce 5.2424  lr 1.65e-03  |grad| 0.29  mem 57.4GB  tok/s 6,766
[15:40:03] step   340/2000  ce 5.0721  lr 1.65e-03  |grad| 0.30  mem 57.4GB  tok/s 6,770
[15:41:38] step   350/2000  ce 5.0869  lr 1.64e-03  |grad| 0.33  mem 57.4GB  tok/s 6,774
[15:43:14] step   360/2000  ce 5.1264  lr 1.64e-03  |grad| 0.32  mem 57.4GB  tok/s 6,776
[15:44:51] step   370/2000  ce 5.2960  lr 1.63e-03  |grad| 0.39  mem 57.4GB  tok/s 6,775
[15:46:29] step   380/2000  ce 5.3865  lr 1.63e-03  |grad| 0.35  mem 57.4GB  tok/s 6,773
[15:48:07] step   390/2000  ce 5.0436  lr 1.62e-03  |grad| 0.32  mem 57.4GB  tok/s 6,771
[15:49:43] step   400/2000  ce 5.1634  lr 1.62e-03  |grad| 0.34  mem 57.4GB  tok/s 6,773
[15:51:17] step   410/2000  ce 5.2321  lr 1.61e-03  |grad| 0.26  mem 57.4GB  tok/s 6,777
[15:52:52] step   420/2000  ce 4.9536  lr 1.61e-03  |grad| 0.31  mem 57.4GB  tok/s 6,780
[15:54:27] step   430/2000  ce 4.8936  lr 1.60e-03  |grad| 0.27  mem 57.4GB  tok/s 6,783
[15:56:02] step   440/2000  ce 4.9766  lr 1.59e-03  |grad| 0.29  mem 57.4GB  tok/s 6,786
[15:57:36] step   450/2000  ce 4.6073  lr 1.59e-03  |grad| 0.28  mem 57.4GB  tok/s 6,789
[15:59:11] step   460/2000  ce 4.8079  lr 1.58e-03  |grad| 0.26  mem 57.4GB  tok/s 6,791
[16:00:46] step   470/2000  ce 4.6426  lr 1.57e-03  |grad| 0.26  mem 57.4GB  tok/s 6,794
[16:02:21] step   480/2000  ce 4.7387  lr 1.57e-03  |grad| 0.29  mem 57.4GB  tok/s 6,796
[16:03:56] step   490/2000  ce 4.9643  lr 1.56e-03  |grad| 0.28  mem 57.4GB  tok/s 6,799
[16:05:31] step   500/2000  ce 4.8360  lr 1.55e-03  |grad| 0.28  mem 57.4GB  tok/s 6,801
[16:05:51]   [eval @ 500] val PPL=117.91
[16:05:55]   [ckpt @ 500] -> checkpoint_ln_seed0.pt
[16:07:30] step   510/2000  ce 4.7846  lr 1.55e-03  |grad| 0.25  mem 57.4GB  tok/s 6,769
[16:09:05] step   520/2000  ce 4.7485  lr 1.54e-03  |grad| 0.28  mem 57.4GB  tok/s 6,772
[16:10:40] step   530/2000  ce 4.7237  lr 1.53e-03  |grad| 0.29  mem 57.4GB  tok/s 6,774
[16:12:14] step   540/2000  ce 4.7666  lr 1.53e-03  |grad| 0.30  mem 57.4GB  tok/s 6,777
[16:13:49] step   550/2000  ce 4.9389  lr 1.52e-03  |grad| 0.25  mem 57.4GB  tok/s 6,779
[16:15:24] step   560/2000  ce 4.5372  lr 1.51e-03  |grad| 0.25  mem 57.4GB  tok/s 6,781
[16:16:59] step   570/2000  ce 4.5419  lr 1.50e-03  |grad| 0.24  mem 57.4GB  tok/s 6,783
[16:18:34] step   580/2000  ce 4.4733  lr 1.49e-03  |grad| 0.27  mem 57.4GB  tok/s 6,786
[16:20:09] step   590/2000  ce 4.5776  lr 1.49e-03  |grad| 0.28  mem 57.4GB  tok/s 6,788
[16:21:44] step   600/2000  ce 4.4939  lr 1.48e-03  |grad| 0.23  mem 57.4GB  tok/s 6,790
[16:23:18] step   610/2000  ce 4.6116  lr 1.47e-03  |grad| 0.24  mem 57.4GB  tok/s 6,792
[16:24:54] step   620/2000  ce 4.3845  lr 1.46e-03  |grad| 0.22  mem 57.4GB  tok/s 6,793
[16:26:29] step   630/2000  ce 4.4253  lr 1.45e-03  |grad| 0.25  mem 57.4GB  tok/s 6,795
[16:28:03] step   640/2000  ce 4.3025  lr 1.44e-03  |grad| 0.22  mem 57.4GB  tok/s 6,797
[16:29:38] step   650/2000  ce 4.3524  lr 1.43e-03  |grad| 0.25  mem 57.4GB  tok/s 6,798
[16:31:13] step   660/2000  ce 4.5201  lr 1.42e-03  |grad| 0.25  mem 57.4GB  tok/s 6,800
[16:32:48] step   670/2000  ce 4.3624  lr 1.42e-03  |grad| 0.22  mem 57.4GB  tok/s 6,802
[16:34:23] step   680/2000  ce 4.4765  lr 1.41e-03  |grad| 0.26  mem 57.4GB  tok/s 6,803
[16:35:58] step   690/2000  ce 4.5840  lr 1.40e-03  |grad| 0.37  mem 57.4GB  tok/s 6,805
[16:37:32] step   700/2000  ce 4.3696  lr 1.39e-03  |grad| 0.23  mem 57.4GB  tok/s 6,806
[16:39:07] step   710/2000  ce 4.4557  lr 1.38e-03  |grad| 0.24  mem 57.4GB  tok/s 6,808
[16:40:42] step   720/2000  ce 4.4513  lr 1.37e-03  |grad| 0.25  mem 57.4GB  tok/s 6,809
[16:42:17] step   730/2000  ce 4.1667  lr 1.36e-03  |grad| 0.24  mem 57.4GB  tok/s 6,810
[16:43:52] step   740/2000  ce 4.4950  lr 1.35e-03  |grad| 0.26  mem 57.4GB  tok/s 6,812
[16:45:26] step   750/2000  ce 4.5208  lr 1.34e-03  |grad| 0.33  mem 57.4GB  tok/s 6,813
[16:45:30]   [ckpt @ 750] -> checkpoint_ln_seed0.pt
[16:47:05] step   760/2000  ce 4.4108  lr 1.33e-03  |grad| 0.24  mem 57.4GB  tok/s 6,811
[16:48:40] step   770/2000  ce 4.3713  lr 1.32e-03  |grad| 0.24  mem 57.4GB  tok/s 6,812
[16:50:15] step   780/2000  ce 4.2593  lr 1.31e-03  |grad| 0.22  mem 57.4GB  tok/s 6,814
[16:51:49] step   790/2000  ce 4.2730  lr 1.30e-03  |grad| 0.22  mem 57.4GB  tok/s 6,815
[16:53:24] step   800/2000  ce 4.3350  lr 1.29e-03  |grad| 0.23  mem 57.4GB  tok/s 6,816
[16:54:59] step   810/2000  ce 4.8192  lr 1.28e-03  |grad| 0.22  mem 57.4GB  tok/s 6,817
[16:56:34] step   820/2000  ce 4.2105  lr 1.27e-03  |grad| 0.27  mem 57.4GB  tok/s 6,818
[16:58:09] step   830/2000  ce 4.4321  lr 1.26e-03  |grad| 0.23  mem 57.4GB  tok/s 6,819
[16:59:44] step   840/2000  ce 4.3533  lr 1.24e-03  |grad| 0.25  mem 57.4GB  tok/s 6,820
[17:01:18] step   850/2000  ce 4.1108  lr 1.23e-03  |grad| 0.25  mem 57.4GB  tok/s 6,822
[17:02:53] step   860/2000  ce 4.1772  lr 1.22e-03  |grad| 0.21  mem 57.4GB  tok/s 6,823
[17:04:28] step   870/2000  ce 4.3758  lr 1.21e-03  |grad| 0.22  mem 57.4GB  tok/s 6,824
[17:06:03] step   880/2000  ce 4.2590  lr 1.20e-03  |grad| 0.23  mem 57.4GB  tok/s 6,824
[17:07:38] step   890/2000  ce 4.3606  lr 1.19e-03  |grad| 0.21  mem 57.4GB  tok/s 6,826
[17:09:12] step   900/2000  ce 4.1403  lr 1.18e-03  |grad| 0.20  mem 57.4GB  tok/s 6,826
[17:10:47] step   910/2000  ce 4.4265  lr 1.17e-03  |grad| 0.23  mem 57.4GB  tok/s 6,827
[17:12:22] step   920/2000  ce 4.3025  lr 1.16e-03  |grad| 0.20  mem 57.4GB  tok/s 6,828
[17:13:57] step   930/2000  ce 4.0686  lr 1.15e-03  |grad| 0.21  mem 57.4GB  tok/s 6,829
[17:15:32] step   940/2000  ce 4.1524  lr 1.13e-03  |grad| 0.22  mem 57.4GB  tok/s 6,830
[17:17:07] step   950/2000  ce 4.4067  lr 1.12e-03  |grad| 0.22  mem 57.4GB  tok/s 6,831
[17:18:42] step   960/2000  ce 4.2725  lr 1.11e-03  |grad| 0.21  mem 57.4GB  tok/s 6,832
[17:20:16] step   970/2000  ce 4.0337  lr 1.10e-03  |grad| 0.21  mem 57.4GB  tok/s 6,832
[17:21:51] step   980/2000  ce 4.1460  lr 1.09e-03  |grad| 0.22  mem 57.4GB  tok/s 6,833
[17:23:26] step   990/2000  ce 4.1297  lr 1.08e-03  |grad| 0.22  mem 57.4GB  tok/s 6,834
[17:25:01] step  1000/2000  ce 4.2025  lr 1.07e-03  |grad| 0.19  mem 57.4GB  tok/s 6,835
[17:25:10]   [eval @ 1000] val PPL=62.41
[17:25:14]   [ckpt @ 1000] -> checkpoint_ln_seed0.pt
[17:26:48] step  1010/2000  ce 4.1644  lr 1.06e-03  |grad| 0.19  mem 57.4GB  tok/s 6,826
[17:28:23] step  1020/2000  ce 3.9391  lr 1.04e-03  |grad| 0.20  mem 57.4GB  tok/s 6,827
[17:29:58] step  1030/2000  ce 4.1820  lr 1.03e-03  |grad| 0.20  mem 57.4GB  tok/s 6,828
[17:31:33] step  1040/2000  ce 4.1174  lr 1.02e-03  |grad| 0.21  mem 57.4GB  tok/s 6,829
[17:33:08] step  1050/2000  ce 4.1999  lr 1.01e-03  |grad| 0.22  mem 57.4GB  tok/s 6,830
[17:34:42] step  1060/2000  ce 4.3542  lr 9.99e-04  |grad| 0.21  mem 57.4GB  tok/s 6,831
[17:36:17] step  1070/2000  ce 4.0222  lr 9.87e-04  |grad| 0.21  mem 57.4GB  tok/s 6,831
[17:37:52] step  1080/2000  ce 3.9231  lr 9.76e-04  |grad| 0.21  mem 57.4GB  tok/s 6,832
[17:39:27] step  1090/2000  ce 4.0401  lr 9.64e-04  |grad| 0.20  mem 57.4GB  tok/s 6,833
[17:41:02] step  1100/2000  ce 3.9697  lr 9.53e-04  |grad| 0.22  mem 57.4GB  tok/s 6,834
[17:42:36] step  1110/2000  ce 4.1044  lr 9.42e-04  |grad| 0.20  mem 57.4GB  tok/s 6,834
[17:44:11] step  1120/2000  ce 4.0625  lr 9.30e-04  |grad| 3.67  mem 57.4GB  tok/s 6,835
[17:45:46] step  1130/2000  ce 4.0008  lr 9.19e-04  |grad| 0.20  mem 57.4GB  tok/s 6,836
[17:47:21] step  1140/2000  ce 4.1877  lr 9.08e-04  |grad| 0.19  mem 57.4GB  tok/s 6,836
[17:48:56] step  1150/2000  ce 4.1086  lr 8.96e-04  |grad| 0.19  mem 57.4GB  tok/s 6,837
[17:50:30] step  1160/2000  ce 3.8044  lr 8.85e-04  |grad| 0.21  mem 57.4GB  tok/s 6,838
[17:52:05] step  1170/2000  ce 4.1796  lr 8.74e-04  |grad| 0.19  mem 57.4GB  tok/s 6,838
[17:53:40] step  1180/2000  ce 4.0592  lr 8.63e-04  |grad| 0.18  mem 57.4GB  tok/s 6,839
[17:55:15] step  1190/2000  ce 4.0557  lr 8.52e-04  |grad| 0.18  mem 57.4GB  tok/s 6,840
[17:56:50] step  1200/2000  ce 4.1651  lr 8.41e-04  |grad| 0.20  mem 57.4GB  tok/s 6,840
[17:58:24] step  1210/2000  ce 4.0058  lr 8.30e-04  |grad| 0.22  mem 57.4GB  tok/s 6,841
[17:59:59] step  1220/2000  ce 4.0716  lr 8.19e-04  |grad| 0.20  mem 57.4GB  tok/s 6,841
[18:01:34] step  1230/2000  ce 3.9493  lr 8.08e-04  |grad| 0.20  mem 57.4GB  tok/s 6,842
[18:03:09] step  1240/2000  ce 3.8284  lr 7.97e-04  |grad| 0.21  mem 57.4GB  tok/s 6,842
[18:04:44] step  1250/2000  ce 3.9489  lr 7.86e-04  |grad| 0.19  mem 57.4GB  tok/s 6,843
[18:04:47]   [ckpt @ 1250] -> checkpoint_ln_seed0.pt
[18:06:22] step  1260/2000  ce 4.0203  lr 7.75e-04  |grad| 0.18  mem 57.4GB  tok/s 6,841
[18:07:57] step  1270/2000  ce 3.9736  lr 7.65e-04  |grad| 0.18  mem 57.4GB  tok/s 6,842
[18:09:32] step  1280/2000  ce 3.7125  lr 7.54e-04  |grad| 0.19  mem 57.4GB  tok/s 6,843
[18:11:07] step  1290/2000  ce 3.8707  lr 7.43e-04  |grad| 0.18  mem 57.4GB  tok/s 6,843
[18:12:41] step  1300/2000  ce 4.0242  lr 7.33e-04  |grad| 0.18  mem 57.4GB  tok/s 6,844
[18:14:16] step  1310/2000  ce 3.9686  lr 7.22e-04  |grad| 0.19  mem 57.4GB  tok/s 6,844
[18:15:51] step  1320/2000  ce 4.2376  lr 7.12e-04  |grad| 0.19  mem 57.4GB  tok/s 6,845
[18:17:26] step  1330/2000  ce 4.1988  lr 7.02e-04  |grad| 0.18  mem 57.4GB  tok/s 6,845
[18:19:01] step  1340/2000  ce 4.0139  lr 6.92e-04  |grad| 0.19  mem 57.4GB  tok/s 6,846
[18:20:36] step  1350/2000  ce 3.9082  lr 6.82e-04  |grad| 0.18  mem 57.4GB  tok/s 6,846
[18:22:11] step  1360/2000  ce 4.0178  lr 6.72e-04  |grad| 0.18  mem 57.4GB  tok/s 6,846
[18:23:45] step  1370/2000  ce 4.0455  lr 6.62e-04  |grad| 0.17  mem 57.4GB  tok/s 6,847
[18:25:20] step  1380/2000  ce 3.8911  lr 6.52e-04  |grad| 0.17  mem 57.4GB  tok/s 6,847
[18:26:55] step  1390/2000  ce 3.9942  lr 6.42e-04  |grad| 0.17  mem 57.4GB  tok/s 6,848
[18:28:30] step  1400/2000  ce 3.9351  lr 6.33e-04  |grad| 0.18  mem 57.4GB  tok/s 6,848
[18:30:05] step  1410/2000  ce 4.1370  lr 6.23e-04  |grad| 0.20  mem 57.4GB  tok/s 6,849
[18:31:39] step  1420/2000  ce 3.9543  lr 6.14e-04  |grad| 0.19  mem 57.4GB  tok/s 6,849
[18:33:14] step  1430/2000  ce 3.8698  lr 6.04e-04  |grad| 0.20  mem 57.4GB  tok/s 6,850
[18:34:49] step  1440/2000  ce 4.1144  lr 5.95e-04  |grad| 0.19  mem 57.4GB  tok/s 6,850
[18:36:24] step  1450/2000  ce 4.0059  lr 5.86e-04  |grad| 0.18  mem 57.4GB  tok/s 6,850
[18:37:59] step  1460/2000  ce 3.9009  lr 5.77e-04  |grad| 0.17  mem 57.4GB  tok/s 6,851
[18:39:33] step  1470/2000  ce 3.7420  lr 5.68e-04  |grad| 0.18  mem 57.4GB  tok/s 6,851
[18:41:08] step  1480/2000  ce 4.0832  lr 5.60e-04  |grad| 0.17  mem 57.4GB  tok/s 6,852
[18:42:43] step  1490/2000  ce 3.9992  lr 5.51e-04  |grad| 0.17  mem 57.4GB  tok/s 6,852
[18:44:18] step  1500/2000  ce 3.9432  lr 5.43e-04  |grad| 0.18  mem 57.4GB  tok/s 6,853
[18:44:27]   [eval @ 1500] val PPL=47.72
[18:44:30]   [ckpt @ 1500] -> checkpoint_ln_seed0.pt
[18:46:05] step  1510/2000  ce 4.0806  lr 5.34e-04  |grad| 0.18  mem 57.4GB  tok/s 6,847
[18:47:40] step  1520/2000  ce 3.9703  lr 5.26e-04  |grad| 0.19  mem 57.4GB  tok/s 6,847
[18:49:15] step  1530/2000  ce 4.0862  lr 5.18e-04  |grad| 0.23  mem 57.4GB  tok/s 6,848
[18:50:49] step  1540/2000  ce 3.8277  lr 5.10e-04  |grad| 0.19  mem 57.4GB  tok/s 6,848
[18:52:24] step  1550/2000  ce 3.9530  lr 5.02e-04  |grad| 0.17  mem 57.4GB  tok/s 6,849
[18:53:59] step  1560/2000  ce 3.7252  lr 4.95e-04  |grad| 0.20  mem 57.4GB  tok/s 6,849
[18:55:34] step  1570/2000  ce 3.9037  lr 4.87e-04  |grad| 0.18  mem 57.4GB  tok/s 6,850
[18:57:09] step  1580/2000  ce 3.9047  lr 4.80e-04  |grad| 0.17  mem 57.4GB  tok/s 6,850
[18:58:44] step  1590/2000  ce 3.9320  lr 4.73e-04  |grad| 0.17  mem 57.4GB  tok/s 6,850
[19:00:18] step  1600/2000  ce 3.7175  lr 4.65e-04  |grad| 0.18  mem 57.4GB  tok/s 6,851
[19:01:53] step  1610/2000  ce 4.0547  lr 4.59e-04  |grad| 0.17  mem 57.4GB  tok/s 6,851
[19:03:28] step  1620/2000  ce 3.6915  lr 4.52e-04  |grad| 0.17  mem 57.4GB  tok/s 6,851
[19:05:03] step  1630/2000  ce 3.7842  lr 4.45e-04  |grad| 0.17  mem 57.4GB  tok/s 6,852
[19:06:38] step  1640/2000  ce 3.8579  lr 4.39e-04  |grad| 0.17  mem 57.4GB  tok/s 6,852
[19:08:12] step  1650/2000  ce 3.8820  lr 4.32e-04  |grad| 0.16  mem 57.4GB  tok/s 6,853
[19:09:47] step  1660/2000  ce 3.7947  lr 4.26e-04  |grad| 0.17  mem 57.4GB  tok/s 6,853
[19:11:22] step  1670/2000  ce 3.7889  lr 4.20e-04  |grad| 0.18  mem 57.4GB  tok/s 6,853
[19:12:57] step  1680/2000  ce 3.5745  lr 4.14e-04  |grad| 0.17  mem 57.4GB  tok/s 6,854
[19:14:32] step  1690/2000  ce 3.5389  lr 4.09e-04  |grad| 0.23  mem 57.4GB  tok/s 6,854
[19:16:06] step  1700/2000  ce 4.0932  lr 4.03e-04  |grad| 0.18  mem 57.4GB  tok/s 6,854
[19:17:41] step  1710/2000  ce 3.7867  lr 3.98e-04  |grad| 0.17  mem 57.4GB  tok/s 6,855
[19:19:16] step  1720/2000  ce 4.0732  lr 3.93e-04  |grad| 0.17  mem 57.4GB  tok/s 6,855
[19:20:51] step  1730/2000  ce 3.5733  lr 3.88e-04  |grad| 0.18  mem 57.4GB  tok/s 6,855
[19:22:26] step  1740/2000  ce 4.0439  lr 3.83e-04  |grad| 0.17  mem 57.4GB  tok/s 6,856
[19:24:00] step  1750/2000  ce 3.7270  lr 3.78e-04  |grad| 0.17  mem 57.4GB  tok/s 6,856
[19:24:04]   [ckpt @ 1750] -> checkpoint_ln_seed0.pt
[19:25:39] step  1760/2000  ce 3.7874  lr 3.74e-04  |grad| 0.18  mem 57.4GB  tok/s 6,855
[19:27:14] step  1770/2000  ce 4.1762  lr 3.69e-04  |grad| 0.18  mem 57.4GB  tok/s 6,855
[19:28:48] step  1780/2000  ce 3.6913  lr 3.65e-04  |grad| 0.17  mem 57.4GB  tok/s 6,855
[19:30:23] step  1790/2000  ce 3.6532  lr 3.61e-04  |grad| 0.17  mem 57.4GB  tok/s 6,856
[19:31:58] step  1800/2000  ce 3.8519  lr 3.57e-04  |grad| 0.18  mem 57.4GB  tok/s 6,856
[19:33:33] step  1810/2000  ce 3.8329  lr 3.54e-04  |grad| 0.16  mem 57.4GB  tok/s 6,856
[19:35:08] step  1820/2000  ce 3.8180  lr 3.50e-04  |grad| 0.17  mem 57.4GB  tok/s 6,857
[19:36:43] step  1830/2000  ce 3.5088  lr 3.47e-04  |grad| 0.17  mem 57.4GB  tok/s 6,857
[19:38:17] step  1840/2000  ce 3.6426  lr 3.44e-04  |grad| 0.17  mem 57.4GB  tok/s 6,857
[19:39:52] step  1850/2000  ce 3.7529  lr 3.41e-04  |grad| 0.17  mem 57.4GB  tok/s 6,858
[19:41:27] step  1860/2000  ce 3.8756  lr 3.38e-04  |grad| 0.16  mem 57.4GB  tok/s 6,858
[19:43:02] step  1870/2000  ce 3.5356  lr 3.36e-04  |grad| 0.17  mem 57.4GB  tok/s 6,858
[19:44:37] step  1880/2000  ce 3.9786  lr 3.34e-04  |grad| 0.17  mem 57.4GB  tok/s 6,858
[19:46:12] step  1890/2000  ce 3.4709  lr 3.31e-04  |grad| 0.16  mem 57.4GB  tok/s 6,859
[19:47:46] step  1900/2000  ce 3.9412  lr 3.29e-04  |grad| 0.17  mem 57.4GB  tok/s 6,859
[19:49:21] step  1910/2000  ce 3.7618  lr 3.28e-04  |grad| 0.17  mem 57.4GB  tok/s 6,859
[19:50:56] step  1920/2000  ce 3.6431  lr 3.26e-04  |grad| 0.17  mem 57.4GB  tok/s 6,860
[19:52:31] step  1930/2000  ce 3.8365  lr 3.25e-04  |grad| 0.16  mem 57.4GB  tok/s 6,860
[19:54:06] step  1940/2000  ce 3.8309  lr 3.23e-04  |grad| 0.17  mem 57.4GB  tok/s 6,860
[19:55:40] step  1950/2000  ce 3.9006  lr 3.22e-04  |grad| 0.17  mem 57.4GB  tok/s 6,860
[19:57:15] step  1960/2000  ce 3.5771  lr 3.22e-04  |grad| 0.17  mem 57.4GB  tok/s 6,861
[19:58:50] step  1970/2000  ce 3.6886  lr 3.21e-04  |grad| 0.17  mem 57.4GB  tok/s 6,861
[20:00:25] step  1980/2000  ce 3.7967  lr 3.20e-04  |grad| 0.17  mem 57.4GB  tok/s 6,861
[20:01:59] step  1990/2000  ce 3.4232  lr 3.20e-04  |grad| 0.17  mem 57.4GB  tok/s 6,861
[20:03:34] step  2000/2000  ce 3.8508  lr 3.20e-04  |grad| 0.17  mem 57.4GB  tok/s 6,862
[20:03:43]   [eval @ 2000] val PPL=42.40
[20:03:46]   [ckpt @ 2000] -> checkpoint_ln_seed0.pt
[20:03:50] DONE
