[08:05:09] partial RoPE factor=0.1  steps=18,150  tok/step=65,536  budget=1,189,478,400  peak_lr=0.0024
[08:05:14]   loaded cached tokens from tokcache_1191478400_300000.pt (1,191,478,400 train + 300,000 val)
[08:05:20] rotary_dim=12 / head_dim=128
[08:05:21] Baseline eval...
[08:05:35]   baseline val PPL=185931.67
[08:13:39] step     50/18150  loss 8.2509  lr 1.33e-04  |grad| 0.94  mem 54.3GB  tok/s 6,786  ETA 48.6h
[08:21:10] step    100/18150  loss 7.0073  lr 2.67e-04  |grad| 0.74  mem 54.3GB  tok/s 7,019  ETA 46.8h
[08:28:41] step    150/18150  loss 6.6049  lr 4.00e-04  |grad| 0.62  mem 54.3GB  tok/s 7,100  ETA 46.1h
[08:36:12] step    200/18150  loss 6.4673  lr 5.33e-04  |grad| 0.56  mem 54.3GB  tok/s 7,139  ETA 45.8h
[08:43:44] step    250/18150  loss 6.1641  lr 6.67e-04  |grad| 0.57  mem 54.3GB  tok/s 7,162  ETA 45.5h
[08:51:15] step    300/18150  loss 5.9922  lr 8.00e-04  |grad| 0.54  mem 54.3GB  tok/s 7,179  ETA 45.3h
[08:58:46] step    350/18150  loss 5.7151  lr 9.33e-04  |grad| 0.53  mem 54.3GB  tok/s 7,191  ETA 45.1h
[09:06:17] step    400/18150  loss 5.5713  lr 1.07e-03  |grad| 0.40  mem 54.3GB  tok/s 7,200  ETA 44.9h
[09:13:48] step    450/18150  loss 5.6763  lr 1.20e-03  |grad| 0.34  mem 54.3GB  tok/s 7,208  ETA 44.7h
[09:21:19] step    500/18150  loss 5.5376  lr 1.33e-03  |grad| 0.38  mem 54.3GB  tok/s 7,214  ETA 44.5h
[09:28:50] step    550/18150  loss 5.1994  lr 1.47e-03  |grad| 0.34  mem 54.3GB  tok/s 7,218  ETA 44.4h
[09:36:21] step    600/18150  loss 4.9007  lr 1.60e-03  |grad| 0.40  mem 54.3GB  tok/s 7,221  ETA 44.2h
[09:43:52] step    650/18150  loss 5.0715  lr 1.73e-03  |grad| 0.26  mem 54.3GB  tok/s 7,225  ETA 44.1h
[09:51:23] step    700/18150  loss 4.8693  lr 1.87e-03  |grad| 0.36  mem 54.3GB  tok/s 7,228  ETA 43.9h
[09:58:54] step    750/18150  loss 4.9583  lr 2.00e-03  |grad| 0.31  mem 54.3GB  tok/s 7,231  ETA 43.8h
[10:06:25] step    800/18150  loss 4.7701  lr 2.13e-03  |grad| 0.29  mem 54.3GB  tok/s 7,233  ETA 43.7h
[10:13:56] step    850/18150  loss 4.8246  lr 2.27e-03  |grad| 0.26  mem 54.3GB  tok/s 7,234  ETA 43.5h
[10:21:27] step    900/18150  loss 4.5097  lr 2.40e-03  |grad| 0.36  mem 54.3GB  tok/s 7,236  ETA 43.4h
[10:28:58] step    950/18150  loss 4.6509  lr 2.40e-03  |grad| 0.27  mem 54.3GB  tok/s 7,238  ETA 43.3h
[10:36:29] step   1000/18150  loss 4.5509  lr 2.40e-03  |grad| 0.36  mem 54.3GB  tok/s 7,239  ETA 43.1h
[10:44:01] step   1050/18150  loss 4.6222  lr 2.40e-03  |grad| 0.27  mem 54.3GB  tok/s 7,240  ETA 43.0h
[10:51:32] step   1100/18150  loss 4.6044  lr 2.40e-03  |grad| 0.25  mem 54.3GB  tok/s 7,241  ETA 42.9h
[10:59:03] step   1150/18150  loss 4.1734  lr 2.40e-03  |grad| 0.24  mem 54.3GB  tok/s 7,242  ETA 42.7h
[11:06:34] step   1200/18150  loss 4.5909  lr 2.40e-03  |grad| 0.27  mem 54.3GB  tok/s 7,243  ETA 42.6h
[11:14:05] step   1250/18150  loss 4.2284  lr 2.40e-03  |grad| 0.25  mem 54.3GB  tok/s 7,244  ETA 42.5h
[11:21:36] step   1300/18150  loss 4.3946  lr 2.40e-03  |grad| 0.22  mem 54.3GB  tok/s 7,244  ETA 42.3h
[11:29:08] step   1350/18150  loss 4.1613  lr 2.40e-03  |grad| 0.24  mem 54.3GB  tok/s 7,245  ETA 42.2h
[11:36:39] step   1400/18150  loss 4.3381  lr 2.40e-03  |grad| 0.22  mem 54.3GB  tok/s 7,245  ETA 42.1h
[11:44:10] step   1450/18150  loss 4.2982  lr 2.39e-03  |grad| 0.23  mem 54.3GB  tok/s 7,246  ETA 42.0h
[11:51:42] step   1500/18150  loss 4.2089  lr 2.39e-03  |grad| 0.30  mem 54.3GB  tok/s 7,247  ETA 41.8h
[11:59:13] step   1550/18150  loss 4.2505  lr 2.39e-03  |grad| 0.24  mem 54.3GB  tok/s 7,247  ETA 41.7h
[12:06:44] step   1600/18150  loss 4.2612  lr 2.39e-03  |grad| 0.23  mem 54.3GB  tok/s 7,247  ETA 41.6h
[12:14:15] step   1650/18150  loss 3.9817  lr 2.39e-03  |grad| 0.25  mem 54.3GB  tok/s 7,248  ETA 41.4h
[12:21:47] step   1700/18150  loss 3.9990  lr 2.39e-03  |grad| 0.26  mem 54.3GB  tok/s 7,248  ETA 41.3h
[12:29:18] step   1750/18150  loss 4.2575  lr 2.39e-03  |grad| 0.24  mem 54.3GB  tok/s 7,249  ETA 41.2h
[12:36:49] step   1800/18150  loss 4.1152  lr 2.39e-03  |grad| 0.23  mem 54.3GB  tok/s 7,249  ETA 41.1h
[12:44:21] step   1850/18150  loss 4.0142  lr 2.38e-03  |grad| 0.26  mem 54.3GB  tok/s 7,249  ETA 40.9h
[12:51:52] step   1900/18150  loss 4.1877  lr 2.38e-03  |grad| 0.21  mem 54.3GB  tok/s 7,250  ETA 40.8h
[12:59:23] step   1950/18150  loss 4.0586  lr 2.38e-03  |grad| 0.21  mem 54.3GB  tok/s 7,250  ETA 40.7h
[13:06:54] step   2000/18150  loss 3.9917  lr 2.38e-03  |grad| 0.20  mem 54.3GB  tok/s 7,250  ETA 40.6h
[13:07:08]   [eval @ 2000] val PPL=69.37
[13:14:40] step   2050/18150  loss 3.9688  lr 2.38e-03  |grad| 0.22  mem 54.3GB  tok/s 7,245  ETA 40.5h
[13:22:12] step   2100/18150  loss 3.9422  lr 2.38e-03  |grad| 0.23  mem 54.3GB  tok/s 7,245  ETA 40.3h
[13:29:43] step   2150/18150  loss 3.8267  lr 2.37e-03  |grad| 0.23  mem 54.3GB  tok/s 7,245  ETA 40.2h
[13:37:14] step   2200/18150  loss 3.7752  lr 2.37e-03  |grad| 0.21  mem 54.3GB  tok/s 7,246  ETA 40.1h
[13:44:46] step   2250/18150  loss 4.0256  lr 2.37e-03  |grad| 0.23  mem 54.3GB  tok/s 7,246  ETA 39.9h
[13:52:18] step   2300/18150  loss 3.6093  lr 2.37e-03  |grad| 0.22  mem 54.3GB  tok/s 7,246  ETA 39.8h
[14:00:47] step   2350/18150  loss 3.9556  lr 2.36e-03  |grad| 0.22  mem 54.3GB  tok/s 7,227  ETA 39.8h
[14:09:11] step   2400/18150  loss 3.9168  lr 2.36e-03  |grad| 0.21  mem 54.3GB  tok/s 7,210  ETA 39.8h
[14:16:50] step   2450/18150  loss 4.0073  lr 2.36e-03  |grad| 0.25  mem 54.3GB  tok/s 7,208  ETA 39.6h
[14:24:23] step   2500/18150  loss 3.6873  lr 2.36e-03  |grad| 0.26  mem 54.3GB  tok/s 7,209  ETA 39.5h
[14:31:54] step   2550/18150  loss 3.8301  lr 2.35e-03  |grad| 0.22  mem 54.3GB  tok/s 7,210  ETA 39.4h
[14:39:26] step   2600/18150  loss 4.0127  lr 2.35e-03  |grad| 0.20  mem 54.3GB  tok/s 7,211  ETA 39.3h
[14:46:57] step   2650/18150  loss 3.6130  lr 2.35e-03  |grad| 0.22  mem 54.3GB  tok/s 7,212  ETA 39.1h
[14:54:28] step   2700/18150  loss 3.6921  lr 2.34e-03  |grad| 0.19  mem 54.3GB  tok/s 7,213  ETA 39.0h
[15:02:00] step   2750/18150  loss 3.7503  lr 2.34e-03  |grad| 0.23  mem 54.3GB  tok/s 7,214  ETA 38.9h
[15:09:31] step   2800/18150  loss 3.8088  lr 2.34e-03  |grad| 0.20  mem 54.3GB  tok/s 7,214  ETA 38.7h
[15:17:03] step   2850/18150  loss 3.9133  lr 2.34e-03  |grad| 0.23  mem 54.3GB  tok/s 7,215  ETA 38.6h
[15:24:35] step   2900/18150  loss 3.8714  lr 2.33e-03  |grad| 0.18  mem 54.3GB  tok/s 7,216  ETA 38.5h
[15:32:06] step   2950/18150  loss 3.9091  lr 2.33e-03  |grad| 0.21  mem 54.3GB  tok/s 7,217  ETA 38.3h
[15:39:37] step   3000/18150  loss 3.8652  lr 2.32e-03  |grad| 0.22  mem 54.3GB  tok/s 7,217  ETA 38.2h
[15:47:09] step   3050/18150  loss 3.7926  lr 2.32e-03  |grad| 0.22  mem 54.3GB  tok/s 7,218  ETA 38.1h
[15:54:40] step   3100/18150  loss 3.5483  lr 2.32e-03  |grad| 0.19  mem 54.3GB  tok/s 7,219  ETA 38.0h
[16:02:12] step   3150/18150  loss 3.8006  lr 2.31e-03  |grad| 0.23  mem 54.3GB  tok/s 7,219  ETA 37.8h
[16:09:43] step   3200/18150  loss 3.8552  lr 2.31e-03  |grad| 0.21  mem 54.3GB  tok/s 7,220  ETA 37.7h
[16:17:14] step   3250/18150  loss 3.6685  lr 2.31e-03  |grad| 0.22  mem 54.3GB  tok/s 7,221  ETA 37.6h
[16:24:46] step   3300/18150  loss 3.6404  lr 2.30e-03  |grad| 0.23  mem 54.3GB  tok/s 7,221  ETA 37.4h
[16:32:17] step   3350/18150  loss 3.7416  lr 2.30e-03  |grad| 0.21  mem 54.3GB  tok/s 7,222  ETA 37.3h
[16:39:48] step   3400/18150  loss 3.8144  lr 2.29e-03  |grad| 0.21  mem 54.3GB  tok/s 7,222  ETA 37.2h
[16:47:20] step   3450/18150  loss 3.6782  lr 2.29e-03  |grad| 0.24  mem 54.3GB  tok/s 7,223  ETA 37.1h
[16:54:51] step   3500/18150  loss 3.7779  lr 2.29e-03  |grad| 0.23  mem 54.3GB  tok/s 7,223  ETA 36.9h
[17:02:22] step   3550/18150  loss 3.7616  lr 2.28e-03  |grad| 0.19  mem 54.3GB  tok/s 7,224  ETA 36.8h
[17:09:54] step   3600/18150  loss 3.9383  lr 2.28e-03  |grad| 0.21  mem 54.3GB  tok/s 7,224  ETA 36.7h
[17:17:25] step   3650/18150  loss 3.9830  lr 2.27e-03  |grad| 0.21  mem 54.3GB  tok/s 7,225  ETA 36.5h
[17:25:28] step   3700/18150  loss 3.7126  lr 2.27e-03  |grad| 0.22  mem 54.3GB  tok/s 7,219  ETA 36.4h
[17:33:49] step   3750/18150  loss 3.7282  lr 2.26e-03  |grad| 0.22  mem 54.3GB  tok/s 7,209  ETA 36.4h
[17:42:21] step   3800/18150  loss 3.2363  lr 2.26e-03  |grad| 0.22  mem 54.3GB  tok/s 7,197  ETA 36.3h
[17:50:46] step   3850/18150  loss 3.7823  lr 2.25e-03  |grad| 0.25  mem 54.3GB  tok/s 7,186  ETA 36.2h
[17:59:03] step   3900/18150  loss 3.5483  lr 2.25e-03  |grad| 0.20  mem 54.3GB  tok/s 7,178  ETA 36.1h
[18:07:11] step   3950/18150  loss 3.5760  lr 2.24e-03  |grad| 0.26  mem 54.3GB  tok/s 7,172  ETA 36.0h
[18:15:40] step   4000/18150  loss 3.4215  lr 2.24e-03  |grad| 0.19  mem 54.3GB  tok/s 7,162  ETA 36.0h
[18:15:55]   [eval @ 4000] val PPL=50.71
[18:24:13] step   4050/18150  loss 3.6883  lr 2.23e-03  |grad| 0.21  mem 54.3GB  tok/s 7,151  ETA 35.9h
[18:32:37] step   4100/18150  loss 3.6196  lr 2.23e-03  |grad| 0.25  mem 54.3GB  tok/s 7,142  ETA 35.8h
[18:41:10] step   4150/18150  loss 3.8225  lr 2.22e-03  |grad| 0.27  mem 54.3GB  tok/s 7,132  ETA 35.7h
[18:49:51] step   4200/18150  loss 3.6938  lr 2.22e-03  |grad| 0.21  mem 54.3GB  tok/s 7,121  ETA 35.7h
[18:58:13] step   4250/18150  loss 3.4385  lr 2.21e-03  |grad| 0.19  mem 54.3GB  tok/s 7,113  ETA 35.6h
[19:06:31] step   4300/18150  loss 3.9592  lr 2.21e-03  |grad| 0.21  mem 54.3GB  tok/s 7,106  ETA 35.5h
[19:14:34] step   4350/18150  loss 3.7051  lr 2.20e-03  |grad| 0.23  mem 54.3GB  tok/s 7,103  ETA 35.4h
[19:22:45] step   4400/18150  loss 3.8203  lr 2.20e-03  |grad| 0.20  mem 54.3GB  tok/s 7,097  ETA 35.3h
[19:30:42] step   4450/18150  loss 3.7344  lr 2.19e-03  |grad| 0.22  mem 54.3GB  tok/s 7,095  ETA 35.2h
[19:38:47] step   4500/18150  loss 3.6622  lr 2.18e-03  |grad| 0.22  mem 54.3GB  tok/s 7,091  ETA 35.0h
[19:46:31] step   4550/18150  loss 3.5490  lr 2.18e-03  |grad| 0.23  mem 54.3GB  tok/s 7,090  ETA 34.9h
[19:54:15] step   4600/18150  loss 3.8768  lr 2.17e-03  |grad| 0.19  mem 54.3GB  tok/s 7,090  ETA 34.8h
[20:02:00] step   4650/18150  loss 3.6069  lr 2.17e-03  |grad| 0.20  mem 54.3GB  tok/s 7,090  ETA 34.7h
[20:09:45] step   4700/18150  loss 3.6703  lr 2.16e-03  |grad| 0.21  mem 54.3GB  tok/s 7,089  ETA 34.5h
[20:17:17] step   4750/18150  loss 3.8246  lr 2.15e-03  |grad| 0.21  mem 54.3GB  tok/s 7,091  ETA 34.4h
[20:24:48] step   4800/18150  loss 3.5314  lr 2.15e-03  |grad| 0.20  mem 54.3GB  tok/s 7,093  ETA 34.3h
[20:32:19] step   4850/18150  loss 3.7325  lr 2.14e-03  |grad| 0.19  mem 54.3GB  tok/s 7,094  ETA 34.1h
[20:39:51] step   4900/18150  loss 3.3710  lr 2.14e-03  |grad| 0.22  mem 54.3GB  tok/s 7,096  ETA 34.0h
[20:47:22] step   4950/18150  loss 3.4730  lr 2.13e-03  |grad| 0.19  mem 54.3GB  tok/s 7,098  ETA 33.9h
[20:54:53] step   5000/18150  loss 3.6587  lr 2.12e-03  |grad| 0.20  mem 54.3GB  tok/s 7,099  ETA 33.7h
[21:02:24] step   5050/18150  loss 3.6554  lr 2.12e-03  |grad| 0.19  mem 54.3GB  tok/s 7,101  ETA 33.6h
[21:09:55] step   5100/18150  loss 3.6707  lr 2.11e-03  |grad| 0.20  mem 54.3GB  tok/s 7,102  ETA 33.4h
[21:17:27] step   5150/18150  loss 3.8221  lr 2.10e-03  |grad| 0.21  mem 54.3GB  tok/s 7,104  ETA 33.3h
[21:25:12] step   5200/18150  loss 3.5726  lr 2.10e-03  |grad| 0.18  mem 54.3GB  tok/s 7,103  ETA 33.2h
[21:32:57] step   5250/18150  loss 3.2992  lr 2.09e-03  |grad| 0.20  mem 54.3GB  tok/s 7,103  ETA 33.1h
[21:40:28] step   5300/18150  loss 3.7546  lr 2.08e-03  |grad| 0.19  mem 54.3GB  tok/s 7,104  ETA 32.9h
[21:48:09] step   5350/18150  loss 3.7168  lr 2.08e-03  |grad| 0.22  mem 54.3GB  tok/s 7,104  ETA 32.8h
[21:56:23] step   5400/18150  loss 3.6776  lr 2.07e-03  |grad| 0.24  mem 54.3GB  tok/s 7,100  ETA 32.7h
