[09:58:33] partial RoPE factor=0.25  steps=18,150  tok/step=65,536  budget=1,189,478,400  peak_lr=0.0024
[09:58:40]   loaded cached tokens from tokcache_1191478400_300000.pt (1,191,478,400 train + 300,000 val)
[09:58:46] rotary_dim=32 / head_dim=128
[09:58:47] Baseline eval...
[09:59:01]   baseline val PPL=185854.22
[10:07:06] step     50/18150  loss 8.2515  lr 1.33e-04  |grad| 0.94  mem 54.3GB  tok/s 6,767  ETA 48.7h
[10:14:38] step    100/18150  loss 6.9979  lr 2.67e-04  |grad| 0.59  mem 54.3GB  tok/s 7,001  ETA 46.9h
[10:22:14] step    150/18150  loss 6.5826  lr 4.00e-04  |grad| 0.92  mem 54.3GB  tok/s 7,063  ETA 46.4h
[10:29:46] step    200/18150  loss 6.3646  lr 5.33e-04  |grad| 0.54  mem 54.3GB  tok/s 7,109  ETA 46.0h
[10:37:18] step    250/18150  loss 6.0284  lr 6.67e-04  |grad| 0.40  mem 54.3GB  tok/s 7,138  ETA 45.7h
[10:44:49] step    300/18150  loss 5.7630  lr 8.00e-04  |grad| 0.48  mem 54.3GB  tok/s 7,157  ETA 45.4h
[10:52:21] step    350/18150  loss 5.5074  lr 9.33e-04  |grad| 0.38  mem 54.3GB  tok/s 7,170  ETA 45.2h
[10:59:53] step    400/18150  loss 5.3588  lr 1.07e-03  |grad| 0.44  mem 54.3GB  tok/s 7,180  ETA 45.0h
[11:07:25] step    450/18150  loss 5.4650  lr 1.20e-03  |grad| 0.34  mem 54.3GB  tok/s 7,189  ETA 44.8h
[11:14:56] step    500/18150  loss 5.3275  lr 1.33e-03  |grad| 0.35  mem 54.3GB  tok/s 7,195  ETA 44.7h
[11:22:28] step    550/18150  loss 4.9718  lr 1.47e-03  |grad| 0.28  mem 54.3GB  tok/s 7,200  ETA 44.5h
[11:30:00] step    600/18150  loss 4.6284  lr 1.60e-03  |grad| 0.31  mem 54.3GB  tok/s 7,204  ETA 44.3h
[11:37:32] step    650/18150  loss 4.8439  lr 1.73e-03  |grad| 0.26  mem 54.3GB  tok/s 7,208  ETA 44.2h
[11:45:04] step    700/18150  loss 4.5331  lr 1.87e-03  |grad| 0.31  mem 54.3GB  tok/s 7,211  ETA 44.1h
[11:52:36] step    750/18150  loss 4.6834  lr 2.00e-03  |grad| 0.29  mem 54.3GB  tok/s 7,214  ETA 43.9h
[12:00:08] step    800/18150  loss 4.5132  lr 2.13e-03  |grad| 0.27  mem 54.3GB  tok/s 7,216  ETA 43.8h
[12:07:40] step    850/18150  loss 4.6279  lr 2.27e-03  |grad| 0.35  mem 54.3GB  tok/s 7,218  ETA 43.6h
[12:15:11] step    900/18150  loss 4.3258  lr 2.40e-03  |grad| 0.29  mem 54.3GB  tok/s 7,220  ETA 43.5h
[12:22:44] step    950/18150  loss 4.4611  lr 2.40e-03  |grad| 0.30  mem 54.3GB  tok/s 7,221  ETA 43.4h
[12:30:16] step   1000/18150  loss 4.3972  lr 2.40e-03  |grad| 0.26  mem 54.3GB  tok/s 7,223  ETA 43.2h
[12:37:48] step   1050/18150  loss 4.4578  lr 2.40e-03  |grad| 0.26  mem 54.3GB  tok/s 7,224  ETA 43.1h
[12:45:20] step   1100/18150  loss 4.4606  lr 2.40e-03  |grad| 0.27  mem 54.3GB  tok/s 7,225  ETA 43.0h
[12:52:52] step   1150/18150  loss 4.0208  lr 2.40e-03  |grad| 0.22  mem 54.3GB  tok/s 7,226  ETA 42.8h
[13:00:24] step   1200/18150  loss 4.4559  lr 2.40e-03  |grad| 0.26  mem 54.3GB  tok/s 7,227  ETA 42.7h
[13:07:56] step   1250/18150  loss 4.1016  lr 2.40e-03  |grad| 0.24  mem 54.3GB  tok/s 7,228  ETA 42.6h
[13:15:28] step   1300/18150  loss 4.2380  lr 2.40e-03  |grad| 0.23  mem 54.3GB  tok/s 7,229  ETA 42.4h
[13:23:00] step   1350/18150  loss 4.0553  lr 2.40e-03  |grad| 0.29  mem 54.3GB  tok/s 7,230  ETA 42.3h
[13:30:32] step   1400/18150  loss 4.2093  lr 2.40e-03  |grad| 0.23  mem 54.3GB  tok/s 7,230  ETA 42.2h
[13:38:04] step   1450/18150  loss 4.1745  lr 2.39e-03  |grad| 0.24  mem 54.3GB  tok/s 7,231  ETA 42.0h
[13:45:35] step   1500/18150  loss 4.0945  lr 2.39e-03  |grad| 0.28  mem 54.3GB  tok/s 7,232  ETA 41.9h
[13:53:07] step   1550/18150  loss 4.1282  lr 2.39e-03  |grad| 0.25  mem 54.3GB  tok/s 7,232  ETA 41.8h
[14:00:39] step   1600/18150  loss 4.1317  lr 2.39e-03  |grad| 0.23  mem 54.3GB  tok/s 7,233  ETA 41.7h
[14:08:11] step   1650/18150  loss 3.8703  lr 2.39e-03  |grad| 0.25  mem 54.3GB  tok/s 7,234  ETA 41.5h
[14:15:43] step   1700/18150  loss 3.8680  lr 2.39e-03  |grad| 0.23  mem 54.3GB  tok/s 7,234  ETA 41.4h
[14:23:17] step   1750/18150  loss 4.1530  lr 2.39e-03  |grad| 0.24  mem 54.3GB  tok/s 7,234  ETA 41.3h
[14:31:19] step   1800/18150  loss 4.0197  lr 2.39e-03  |grad| 0.26  mem 54.3GB  tok/s 7,221  ETA 41.2h
[14:39:31] step   1850/18150  loss 3.9017  lr 2.38e-03  |grad| 0.24  mem 54.3GB  tok/s 7,204  ETA 41.2h
[14:47:28] step   1900/18150  loss 4.0808  lr 2.38e-03  |grad| 0.21  mem 54.3GB  tok/s 7,195  ETA 41.1h
[14:55:04] step   1950/18150  loss 3.9684  lr 2.38e-03  |grad| 0.23  mem 54.3GB  tok/s 7,195  ETA 41.0h
[15:02:37] step   2000/18150  loss 3.8782  lr 2.38e-03  |grad| 0.21  mem 54.3GB  tok/s 7,196  ETA 40.9h
[15:02:51]   [eval @ 2000] val PPL=62.33
[15:10:24] step   2050/18150  loss 3.8651  lr 2.38e-03  |grad| 0.22  mem 54.3GB  tok/s 7,191  ETA 40.8h
[15:18:08] step   2100/18150  loss 3.8480  lr 2.38e-03  |grad| 0.21  mem 54.3GB  tok/s 7,188  ETA 40.6h
[15:25:41] step   2150/18150  loss 3.7243  lr 2.37e-03  |grad| 0.22  mem 54.3GB  tok/s 7,190  ETA 40.5h
[15:33:13] step   2200/18150  loss 3.6673  lr 2.37e-03  |grad| 0.23  mem 54.3GB  tok/s 7,191  ETA 40.4h
[15:40:45] step   2250/18150  loss 3.9323  lr 2.37e-03  |grad| 0.24  mem 54.3GB  tok/s 7,192  ETA 40.2h
[15:48:17] step   2300/18150  loss 3.5003  lr 2.37e-03  |grad| 0.25  mem 54.3GB  tok/s 7,193  ETA 40.1h
[15:55:49] step   2350/18150  loss 3.8375  lr 2.36e-03  |grad| 0.25  mem 54.3GB  tok/s 7,194  ETA 40.0h
[16:03:22] step   2400/18150  loss 3.8158  lr 2.36e-03  |grad| 0.29  mem 54.3GB  tok/s 7,195  ETA 39.8h
[16:10:54] step   2450/18150  loss 3.9263  lr 2.36e-03  |grad| 0.21  mem 54.3GB  tok/s 7,196  ETA 39.7h
[16:18:29] step   2500/18150  loss 3.5875  lr 2.36e-03  |grad| 0.21  mem 54.3GB  tok/s 7,197  ETA 39.6h
[16:26:01] step   2550/18150  loss 3.7329  lr 2.35e-03  |grad| 0.24  mem 54.3GB  tok/s 7,197  ETA 39.5h
[16:33:34] step   2600/18150  loss 3.8947  lr 2.35e-03  |grad| 0.21  mem 54.3GB  tok/s 7,198  ETA 39.3h
[16:41:06] step   2650/18150  loss 3.5285  lr 2.35e-03  |grad| 0.23  mem 54.3GB  tok/s 7,199  ETA 39.2h
[16:48:38] step   2700/18150  loss 3.6058  lr 2.34e-03  |grad| 0.21  mem 54.3GB  tok/s 7,200  ETA 39.1h
[16:56:10] step   2750/18150  loss 3.6738  lr 2.34e-03  |grad| 0.22  mem 54.3GB  tok/s 7,201  ETA 38.9h
[17:03:43] step   2800/18150  loss 3.7243  lr 2.34e-03  |grad| 0.20  mem 54.3GB  tok/s 7,202  ETA 38.8h
[17:11:15] step   2850/18150  loss 3.7910  lr 2.34e-03  |grad| 0.26  mem 54.3GB  tok/s 7,202  ETA 38.7h
[17:18:47] step   2900/18150  loss 3.8015  lr 2.33e-03  |grad| 0.18  mem 54.3GB  tok/s 7,203  ETA 38.5h
[17:26:20] step   2950/18150  loss 3.8201  lr 2.33e-03  |grad| 0.21  mem 54.3GB  tok/s 7,204  ETA 38.4h
[17:33:52] step   3000/18150  loss 3.7746  lr 2.32e-03  |grad| 0.22  mem 54.3GB  tok/s 7,205  ETA 38.3h
[17:41:24] step   3050/18150  loss 3.6905  lr 2.32e-03  |grad| 0.20  mem 54.3GB  tok/s 7,205  ETA 38.2h
[17:48:56] step   3100/18150  loss 3.4490  lr 2.32e-03  |grad| 0.19  mem 54.3GB  tok/s 7,206  ETA 38.0h
[17:56:28] step   3150/18150  loss 3.7185  lr 2.31e-03  |grad| 0.20  mem 54.3GB  tok/s 7,207  ETA 37.9h
[18:04:00] step   3200/18150  loss 3.7670  lr 2.31e-03  |grad| 0.20  mem 54.3GB  tok/s 7,207  ETA 37.8h
[18:11:32] step   3250/18150  loss 3.5869  lr 2.31e-03  |grad| 0.21  mem 54.3GB  tok/s 7,208  ETA 37.6h
[18:19:06] step   3300/18150  loss 3.5436  lr 2.30e-03  |grad| 0.22  mem 54.3GB  tok/s 7,208  ETA 37.5h
[18:26:39] step   3350/18150  loss 3.6518  lr 2.30e-03  |grad| 0.21  mem 54.3GB  tok/s 7,209  ETA 37.4h
[18:34:11] step   3400/18150  loss 3.7279  lr 2.29e-03  |grad| 0.22  mem 54.3GB  tok/s 7,209  ETA 37.2h
[18:41:43] step   3450/18150  loss 3.5929  lr 2.29e-03  |grad| 0.23  mem 54.3GB  tok/s 7,210  ETA 37.1h
[18:49:15] step   3500/18150  loss 3.6738  lr 2.29e-03  |grad| 0.22  mem 54.3GB  tok/s 7,210  ETA 37.0h
[18:56:47] step   3550/18150  loss 3.6752  lr 2.28e-03  |grad| 0.24  mem 54.3GB  tok/s 7,211  ETA 36.9h
[19:04:19] step   3600/18150  loss 3.8631  lr 2.28e-03  |grad| 0.22  mem 54.3GB  tok/s 7,211  ETA 36.7h
[19:11:51] step   3650/18150  loss 3.8885  lr 2.27e-03  |grad| 0.21  mem 54.3GB  tok/s 7,212  ETA 36.6h
[19:19:23] step   3700/18150  loss 3.6328  lr 2.27e-03  |grad| 0.21  mem 54.3GB  tok/s 7,212  ETA 36.5h
[19:26:54] step   3750/18150  loss 3.6382  lr 2.26e-03  |grad| 0.21  mem 54.3GB  tok/s 7,213  ETA 36.3h
[19:34:26] step   3800/18150  loss 3.1670  lr 2.26e-03  |grad| 0.20  mem 54.3GB  tok/s 7,213  ETA 36.2h
[19:41:58] step   3850/18150  loss 3.6983  lr 2.25e-03  |grad| 0.24  mem 54.3GB  tok/s 7,214  ETA 36.1h
[19:49:30] step   3900/18150  loss 3.4638  lr 2.25e-03  |grad| 0.22  mem 54.3GB  tok/s 7,214  ETA 36.0h
[19:57:02] step   3950/18150  loss 3.4926  lr 2.24e-03  |grad| 0.25  mem 54.3GB  tok/s 7,215  ETA 35.8h
[20:04:34] step   4000/18150  loss 3.3331  lr 2.24e-03  |grad| 0.19  mem 54.3GB  tok/s 7,215  ETA 35.7h
[20:04:48]   [eval @ 4000] val PPL=46.42
[20:12:22] step   4050/18150  loss 3.5958  lr 2.23e-03  |grad| 0.22  mem 54.3GB  tok/s 7,213  ETA 35.6h
[20:19:55] step   4100/18150  loss 3.5404  lr 2.23e-03  |grad| 0.23  mem 54.3GB  tok/s 7,213  ETA 35.5h
[20:27:27] step   4150/18150  loss 3.7454  lr 2.22e-03  |grad| 0.26  mem 54.3GB  tok/s 7,213  ETA 35.3h
[20:34:59] step   4200/18150  loss 3.6125  lr 2.22e-03  |grad| 0.21  mem 54.3GB  tok/s 7,214  ETA 35.2h
[20:42:30] step   4250/18150  loss 3.3552  lr 2.21e-03  |grad| 0.19  mem 54.3GB  tok/s 7,214  ETA 35.1h
[20:50:03] step   4300/18150  loss 3.8711  lr 2.21e-03  |grad| 0.20  mem 54.3GB  tok/s 7,215  ETA 34.9h
[20:57:35] step   4350/18150  loss 3.6088  lr 2.20e-03  |grad| 0.23  mem 54.3GB  tok/s 7,215  ETA 34.8h
[21:05:07] step   4400/18150  loss 3.7500  lr 2.20e-03  |grad| 0.23  mem 54.3GB  tok/s 7,215  ETA 34.7h
[21:12:39] step   4450/18150  loss 3.6538  lr 2.19e-03  |grad| 0.21  mem 54.3GB  tok/s 7,216  ETA 34.6h
[21:20:11] step   4500/18150  loss 3.5985  lr 2.18e-03  |grad| 0.19  mem 54.3GB  tok/s 7,216  ETA 34.4h
[21:27:43] step   4550/18150  loss 3.4703  lr 2.18e-03  |grad| 0.19  mem 54.3GB  tok/s 7,216  ETA 34.3h
[21:35:15] step   4600/18150  loss 3.7822  lr 2.17e-03  |grad| 0.21  mem 54.3GB  tok/s 7,217  ETA 34.2h
[21:42:47] step   4650/18150  loss 3.5145  lr 2.17e-03  |grad| 0.24  mem 54.3GB  tok/s 7,217  ETA 34.1h
[21:50:19] step   4700/18150  loss 3.5905  lr 2.16e-03  |grad| 0.22  mem 54.3GB  tok/s 7,218  ETA 33.9h
[21:57:51] step   4750/18150  loss 3.7515  lr 2.15e-03  |grad| 0.19  mem 54.3GB  tok/s 7,218  ETA 33.8h
[22:05:23] step   4800/18150  loss 3.4371  lr 2.15e-03  |grad| 0.21  mem 54.3GB  tok/s 7,218  ETA 33.7h
[22:12:55] step   4850/18150  loss 3.6439  lr 2.14e-03  |grad| 0.19  mem 54.3GB  tok/s 7,218  ETA 33.5h
[22:20:29] step   4900/18150  loss 3.2758  lr 2.14e-03  |grad| 0.22  mem 54.3GB  tok/s 7,219  ETA 33.4h
[22:28:01] step   4950/18150  loss 3.3874  lr 2.13e-03  |grad| 0.23  mem 54.3GB  tok/s 7,219  ETA 33.3h
[22:35:33] step   5000/18150  loss 3.5910  lr 2.12e-03  |grad| 0.20  mem 54.3GB  tok/s 7,219  ETA 33.2h
[22:43:05] step   5050/18150  loss 3.5682  lr 2.12e-03  |grad| 0.23  mem 54.3GB  tok/s 7,219  ETA 33.0h
[22:50:37] step   5100/18150  loss 3.5784  lr 2.11e-03  |grad| 0.19  mem 54.3GB  tok/s 7,220  ETA 32.9h
[22:58:09] step   5150/18150  loss 3.7502  lr 2.10e-03  |grad| 0.25  mem 54.3GB  tok/s 7,220  ETA 32.8h
[23:05:40] step   5200/18150  loss 3.5003  lr 2.10e-03  |grad| 0.17  mem 54.3GB  tok/s 7,220  ETA 32.7h
[23:13:13] step   5250/18150  loss 3.2219  lr 2.09e-03  |grad| 0.18  mem 54.3GB  tok/s 7,221  ETA 32.5h
[23:20:44] step   5300/18150  loss 3.6725  lr 2.08e-03  |grad| 0.22  mem 54.3GB  tok/s 7,221  ETA 32.4h
[23:28:16] step   5350/18150  loss 3.6190  lr 2.08e-03  |grad| 0.18  mem 54.3GB  tok/s 7,221  ETA 32.3h
[23:35:49] step   5400/18150  loss 3.5858  lr 2.07e-03  |grad| 0.21  mem 54.3GB  tok/s 7,221  ETA 32.1h
[23:43:20] step   5450/18150  loss 3.5831  lr 2.06e-03  |grad| 0.20  mem 54.3GB  tok/s 7,222  ETA 32.0h
[23:50:53] step   5500/18150  loss 3.3029  lr 2.06e-03  |grad| 0.20  mem 54.3GB  tok/s 7,222  ETA 31.9h
[23:58:24] step   5550/18150  loss 3.6362  lr 2.05e-03  |grad| 0.22  mem 54.3GB  tok/s 7,222  ETA 31.8h
[00:05:56] step   5600/18150  loss 3.4651  lr 2.04e-03  |grad| 0.18  mem 54.3GB  tok/s 7,222  ETA 31.6h
[00:13:28] step   5650/18150  loss 3.6308  lr 2.03e-03  |grad| 0.18  mem 54.3GB  tok/s 7,223  ETA 31.5h
[00:21:02] step   5700/18150  loss 3.5391  lr 2.03e-03  |grad| 0.20  mem 54.3GB  tok/s 7,223  ETA 31.4h
[00:28:33] step   5750/18150  loss 3.2982  lr 2.02e-03  |grad| 0.18  mem 54.3GB  tok/s 7,223  ETA 31.3h
[00:36:05] step   5800/18150  loss 3.5981  lr 2.01e-03  |grad| 0.18  mem 54.3GB  tok/s 7,223  ETA 31.1h
[00:43:37] step   5850/18150  loss 3.3442  lr 2.01e-03  |grad| 0.21  mem 54.3GB  tok/s 7,223  ETA 31.0h
[00:51:09] step   5900/18150  loss 3.4854  lr 2.00e-03  |grad| 0.17  mem 54.3GB  tok/s 7,224  ETA 30.9h
[00:58:42] step   5950/18150  loss 3.3279  lr 1.99e-03  |grad| 0.18  mem 54.3GB  tok/s 7,224  ETA 30.7h
[01:06:14] step   6000/18150  loss 3.6281  lr 1.98e-03  |grad| 0.21  mem 54.3GB  tok/s 7,224  ETA 30.6h
[01:06:28]   [eval @ 6000] val PPL=40.66
[01:14:01] step   6050/18150  loss 3.6379  lr 1.98e-03  |grad| 0.20  mem 54.3GB  tok/s 7,222  ETA 30.5h
[01:21:33] step   6100/18150  loss 3.6380  lr 1.97e-03  |grad| 0.21  mem 54.3GB  tok/s 7,222  ETA 30.4h
[01:29:05] step   6150/18150  loss 3.5622  lr 1.96e-03  |grad| 0.19  mem 54.3GB  tok/s 7,223  ETA 30.2h
[01:36:36] step   6200/18150  loss 3.1413  lr 1.95e-03  |grad| 0.20  mem 54.3GB  tok/s 7,223  ETA 30.1h
[01:44:08] step   6250/18150  loss 3.5269  lr 1.94e-03  |grad| 0.18  mem 54.3GB  tok/s 7,223  ETA 30.0h
[01:51:40] step   6300/18150  loss 3.5565  lr 1.94e-03  |grad| 0.16  mem 54.3GB  tok/s 7,223  ETA 29.9h
[01:59:12] step   6350/18150  loss 3.1891  lr 1.93e-03  |grad| 0.16  mem 54.3GB  tok/s 7,224  ETA 29.7h
[02:06:44] step   6400/18150  loss 3.3400  lr 1.92e-03  |grad| 0.17  mem 54.3GB  tok/s 7,224  ETA 29.6h
[02:14:16] step   6450/18150  loss 3.3413  lr 1.91e-03  |grad| 0.18  mem 54.3GB  tok/s 7,224  ETA 29.5h
[02:21:49] step   6500/18150  loss 3.4643  lr 1.90e-03  |grad| 0.18  mem 54.3GB  tok/s 7,224  ETA 29.4h
[02:29:21] step   6550/18150  loss 3.4180  lr 1.90e-03  |grad| 0.19  mem 54.3GB  tok/s 7,224  ETA 29.2h
[02:36:53] step   6600/18150  loss 3.7004  lr 1.89e-03  |grad| 0.20  mem 54.3GB  tok/s 7,225  ETA 29.1h
[02:44:25] step   6650/18150  loss 3.3517  lr 1.88e-03  |grad| 0.21  mem 54.3GB  tok/s 7,225  ETA 29.0h
[02:51:57] step   6700/18150  loss 3.3589  lr 1.87e-03  |grad| 0.18  mem 54.3GB  tok/s 7,225  ETA 28.9h
[02:59:29] step   6750/18150  loss 3.1914  lr 1.86e-03  |grad| 0.18  mem 54.3GB  tok/s 7,225  ETA 28.7h
[03:07:01] step   6800/18150  loss 3.2583  lr 1.86e-03  |grad| 0.17  mem 54.3GB  tok/s 7,225  ETA 28.6h
[03:14:33] step   6850/18150  loss 3.4390  lr 1.85e-03  |grad| 0.18  mem 54.3GB  tok/s 7,225  ETA 28.5h
[03:22:05] step   6900/18150  loss 3.2923  lr 1.84e-03  |grad| 0.16  mem 54.3GB  tok/s 7,226  ETA 28.3h
[03:29:37] step   6950/18150  loss 3.4599  lr 1.83e-03  |grad| 0.21  mem 54.3GB  tok/s 7,226  ETA 28.2h
[03:37:09] step   7000/18150  loss 3.4715  lr 1.82e-03  |grad| 0.19  mem 54.3GB  tok/s 7,226  ETA 28.1h
[03:44:40] step   7050/18150  loss 3.3322  lr 1.81e-03  |grad| 0.21  mem 54.3GB  tok/s 7,226  ETA 28.0h
[03:52:12] step   7100/18150  loss 3.5119  lr 1.80e-03  |grad| 0.18  mem 54.3GB  tok/s 7,226  ETA 27.8h
[03:59:44] step   7150/18150  loss 3.4410  lr 1.80e-03  |grad| 0.18  mem 54.3GB  tok/s 7,227  ETA 27.7h
[04:07:16] step   7200/18150  loss 3.4834  lr 1.79e-03  |grad| 0.17  mem 54.3GB  tok/s 7,227  ETA 27.6h
[04:14:48] step   7250/18150  loss 3.5364  lr 1.78e-03  |grad| 0.17  mem 54.3GB  tok/s 7,227  ETA 27.5h
[04:22:22] step   7300/18150  loss 3.4737  lr 1.77e-03  |grad| 0.18  mem 54.3GB  tok/s 7,227  ETA 27.3h
[04:29:53] step   7350/18150  loss 3.3304  lr 1.76e-03  |grad| 0.18  mem 54.3GB  tok/s 7,227  ETA 27.2h
[04:37:25] step   7400/18150  loss 3.3693  lr 1.75e-03  |grad| 0.18  mem 54.3GB  tok/s 7,227  ETA 27.1h
[04:44:57] step   7450/18150  loss 3.3361  lr 1.74e-03  |grad| 0.18  mem 54.3GB  tok/s 7,227  ETA 27.0h
[04:52:29] step   7500/18150  loss 3.5180  lr 1.73e-03  |grad| 0.17  mem 54.3GB  tok/s 7,227  ETA 26.8h
[05:00:01] step   7550/18150  loss 3.4669  lr 1.73e-03  |grad| 0.17  mem 54.3GB  tok/s 7,228  ETA 26.7h
[05:07:33] step   7600/18150  loss 3.3221  lr 1.72e-03  |grad| 0.16  mem 54.3GB  tok/s 7,228  ETA 26.6h
[05:15:05] step   7650/18150  loss 3.2309  lr 1.71e-03  |grad| 0.16  mem 54.3GB  tok/s 7,228  ETA 26.4h
[05:22:37] step   7700/18150  loss 3.6290  lr 1.70e-03  |grad| 0.18  mem 54.3GB  tok/s 7,228  ETA 26.3h
[05:30:08] step   7750/18150  loss 3.4235  lr 1.69e-03  |grad| 0.16  mem 54.3GB  tok/s 7,228  ETA 26.2h
[05:37:40] step   7800/18150  loss 3.6517  lr 1.68e-03  |grad| 0.16  mem 54.3GB  tok/s 7,228  ETA 26.1h
[05:45:12] step   7850/18150  loss 3.4441  lr 1.67e-03  |grad| 0.18  mem 54.3GB  tok/s 7,229  ETA 25.9h
[05:52:44] step   7900/18150  loss 3.3746  lr 1.66e-03  |grad| 0.15  mem 54.3GB  tok/s 7,229  ETA 25.8h
[06:00:16] step   7950/18150  loss 3.4469  lr 1.65e-03  |grad| 0.19  mem 54.3GB  tok/s 7,229  ETA 25.7h
[06:07:48] step   8000/18150  loss 3.6275  lr 1.65e-03  |grad| 0.18  mem 54.3GB  tok/s 7,229  ETA 25.6h
[06:08:02]   [eval @ 8000] val PPL=36.86
[06:15:35] step   8050/18150  loss 3.4851  lr 1.64e-03  |grad| 0.18  mem 54.3GB  tok/s 7,228  ETA 25.4h
[06:23:09] step   8100/18150  loss 2.9625  lr 1.63e-03  |grad| 0.17  mem 54.3GB  tok/s 7,228  ETA 25.3h
[06:30:41] step   8150/18150  loss 3.1136  lr 1.62e-03  |grad| 0.16  mem 54.3GB  tok/s 7,228  ETA 25.2h
[06:38:13] step   8200/18150  loss 3.4660  lr 1.61e-03  |grad| 0.17  mem 54.3GB  tok/s 7,228  ETA 25.1h
[06:45:44] step   8250/18150  loss 3.2882  lr 1.60e-03  |grad| 0.19  mem 54.3GB  tok/s 7,228  ETA 24.9h
[06:53:16] step   8300/18150  loss 3.1186  lr 1.59e-03  |grad| 0.15  mem 54.3GB  tok/s 7,228  ETA 24.8h
[07:00:48] step   8350/18150  loss 3.3055  lr 1.58e-03  |grad| 0.18  mem 54.3GB  tok/s 7,228  ETA 24.7h
[07:08:20] step   8400/18150  loss 3.6012  lr 1.57e-03  |grad| 0.21  mem 54.3GB  tok/s 7,228  ETA 24.6h
[07:15:52] step   8450/18150  loss 3.2836  lr 1.56e-03  |grad| 0.15  mem 54.3GB  tok/s 7,229  ETA 24.4h
[07:23:23] step   8500/18150  loss 3.6226  lr 1.55e-03  |grad| 0.19  mem 54.3GB  tok/s 7,229  ETA 24.3h
[07:31:18] step   8550/18150  loss 3.3530  lr 1.54e-03  |grad| 0.16  mem 54.3GB  tok/s 7,227  ETA 24.2h
[07:39:34] step   8600/18150  loss 3.4781  lr 1.53e-03  |grad| 0.17  mem 54.3GB  tok/s 7,223  ETA 24.1h
[07:47:58] step   8650/18150  loss 3.4346  lr 1.53e-03  |grad| 0.17  mem 54.3GB  tok/s 7,218  ETA 24.0h
[07:56:11] step   8700/18150  loss 3.2174  lr 1.52e-03  |grad| 0.15  mem 54.3GB  tok/s 7,215  ETA 23.8h
[08:04:18] step   8750/18150  loss 3.5859  lr 1.51e-03  |grad| 0.17  mem 54.3GB  tok/s 7,212  ETA 23.7h
[08:12:06] step   8800/18150  loss 3.3545  lr 1.50e-03  |grad| 0.15  mem 54.3GB  tok/s 7,210  ETA 23.6h
[08:20:18] step   8850/18150  loss 3.3878  lr 1.49e-03  |grad| 0.17  mem 54.3GB  tok/s 7,207  ETA 23.5h
[08:28:46] step   8900/18150  loss 3.3785  lr 1.48e-03  |grad| 0.16  mem 54.3GB  tok/s 7,202  ETA 23.4h
[08:37:06] step   8950/18150  loss 3.2576  lr 1.47e-03  |grad| 0.18  mem 54.3GB  tok/s 7,198  ETA 23.3h
[08:45:23] step   9000/18150  loss 3.4069  lr 1.46e-03  |grad| 0.17  mem 54.3GB  tok/s 7,195  ETA 23.2h
[08:53:41] step   9050/18150  loss 3.4735  lr 1.45e-03  |grad| 0.18  mem 54.3GB  tok/s 7,191  ETA 23.0h
[09:01:55] step   9100/18150  loss 3.5242  lr 1.44e-03  |grad| 0.16  mem 54.3GB  tok/s 7,188  ETA 22.9h
[09:10:11] step   9150/18150  loss 3.5137  lr 1.43e-03  |grad| 0.17  mem 54.3GB  tok/s 7,184  ETA 22.8h
[09:18:20] step   9200/18150  loss 3.4241  lr 1.42e-03  |grad| 0.18  mem 54.3GB  tok/s 7,181  ETA 22.7h
[09:26:05] step   9250/18150  loss 3.3343  lr 1.41e-03  |grad| 0.17  mem 54.3GB  tok/s 7,181  ETA 22.6h
[09:33:37] step   9300/18150  loss 3.3032  lr 1.40e-03  |grad| 0.17  mem 54.3GB  tok/s 7,181  ETA 22.4h
[09:41:09] step   9350/18150  loss 3.6132  lr 1.39e-03  |grad| 0.17  mem 54.3GB  tok/s 7,181  ETA 22.3h
[09:48:41] step   9400/18150  loss 3.2054  lr 1.38e-03  |grad| 0.18  mem 54.3GB  tok/s 7,182  ETA 22.2h
[09:56:12] step   9450/18150  loss 3.1747  lr 1.37e-03  |grad| 0.16  mem 54.3GB  tok/s 7,182  ETA 22.1h
[10:03:44] step   9500/18150  loss 3.3180  lr 1.36e-03  |grad| 0.16  mem 54.3GB  tok/s 7,182  ETA 21.9h
[10:11:16] step   9550/18150  loss 2.9814  lr 1.36e-03  |grad| 0.14  mem 54.3GB  tok/s 7,183  ETA 21.8h
[10:18:48] step   9600/18150  loss 3.3559  lr 1.35e-03  |grad| 0.16  mem 54.3GB  tok/s 7,183  ETA 21.7h
[10:26:19] step   9650/18150  loss 3.1950  lr 1.34e-03  |grad| 0.17  mem 54.3GB  tok/s 7,184  ETA 21.5h
[10:33:51] step   9700/18150  loss 4.0311  lr 1.33e-03  |grad| 0.20  mem 54.3GB  tok/s 7,184  ETA 21.4h
[10:41:23] step   9750/18150  loss 3.3424  lr 1.32e-03  |grad| 0.17  mem 54.3GB  tok/s 7,184  ETA 21.3h
[10:48:54] step   9800/18150  loss 3.5206  lr 1.31e-03  |grad| 0.18  mem 54.3GB  tok/s 7,185  ETA 21.2h
[10:56:27] step   9850/18150  loss 3.2174  lr 1.30e-03  |grad| 0.17  mem 54.3GB  tok/s 7,185  ETA 21.0h
[11:03:59] step   9900/18150  loss 3.2622  lr 1.29e-03  |grad| 0.15  mem 54.3GB  tok/s 7,185  ETA 20.9h
[11:11:30] step   9950/18150  loss 3.0836  lr 1.28e-03  |grad| 0.17  mem 54.3GB  tok/s 7,186  ETA 20.8h
[11:19:02] step  10000/18150  loss 3.2404  lr 1.27e-03  |grad| 0.17  mem 54.3GB  tok/s 7,186  ETA 20.6h
[11:19:16]   [eval @ 10000] val PPL=34.11
[11:26:50] step  10050/18150  loss 3.0894  lr 1.26e-03  |grad| 0.19  mem 54.3GB  tok/s 7,185  ETA 20.5h
[11:34:22] step  10100/18150  loss 3.3208  lr 1.25e-03  |grad| 0.15  mem 54.3GB  tok/s 7,185  ETA 20.4h
[11:41:54] step  10150/18150  loss 3.1239  lr 1.24e-03  |grad| 0.15  mem 54.3GB  tok/s 7,186  ETA 20.3h
[11:49:25] step  10200/18150  loss 3.4082  lr 1.23e-03  |grad| 0.14  mem 54.3GB  tok/s 7,186  ETA 20.1h
[11:56:57] step  10250/18150  loss 3.2410  lr 1.22e-03  |grad| 0.18  mem 54.3GB  tok/s 7,186  ETA 20.0h
[12:04:32] step  10300/18150  loss 3.3490  lr 1.21e-03  |grad| 0.19  mem 54.3GB  tok/s 7,186  ETA 19.9h
[12:12:12] step  10350/18150  loss 3.3553  lr 1.20e-03  |grad| 0.14  mem 54.3GB  tok/s 7,186  ETA 19.8h
[12:19:47] step  10400/18150  loss 3.3562  lr 1.19e-03  |grad| 0.15  mem 54.3GB  tok/s 7,186  ETA 19.6h
[12:27:19] step  10450/18150  loss 3.3627  lr 1.19e-03  |grad| 0.16  mem 54.3GB  tok/s 7,186  ETA 19.5h
[12:35:16] step  10500/18150  loss 3.3930  lr 1.18e-03  |grad| 0.16  mem 54.3GB  tok/s 7,185  ETA 19.4h
[12:42:57] step  10550/18150  loss 3.1384  lr 1.17e-03  |grad| 0.16  mem 54.3GB  tok/s 7,185  ETA 19.3h
[12:50:29] step  10600/18150  loss 3.1069  lr 1.16e-03  |grad| 0.15  mem 54.3GB  tok/s 7,185  ETA 19.1h
[12:58:02] step  10650/18150  loss 3.3199  lr 1.15e-03  |grad| 0.15  mem 54.3GB  tok/s 7,185  ETA 19.0h
[13:05:34] step  10700/18150  loss 3.0519  lr 1.14e-03  |grad| 0.14  mem 54.3GB  tok/s 7,185  ETA 18.9h
[13:13:06] step  10750/18150  loss 3.2603  lr 1.13e-03  |grad| 0.15  mem 54.3GB  tok/s 7,186  ETA 18.7h
[13:20:38] step  10800/18150  loss 2.9533  lr 1.12e-03  |grad| 0.15  mem 54.3GB  tok/s 7,186  ETA 18.6h
[13:28:34] step  10850/18150  loss 3.3980  lr 1.11e-03  |grad| 0.16  mem 54.3GB  tok/s 7,185  ETA 18.5h
[13:36:45] step  10900/18150  loss 3.3730  lr 1.10e-03  |grad| 0.17  mem 54.3GB  tok/s 7,182  ETA 18.4h
[13:44:58] step  10950/18150  loss 3.3208  lr 1.09e-03  |grad| 0.16  mem 54.3GB  tok/s 7,179  ETA 18.3h
[13:53:13] step  11000/18150  loss 3.3958  lr 1.08e-03  |grad| 0.15  mem 54.3GB  tok/s 7,177  ETA 18.1h
[14:01:29] step  11050/18150  loss 3.3543  lr 1.07e-03  |grad| 0.15  mem 54.3GB  tok/s 7,174  ETA 18.0h
[14:09:39] step  11100/18150  loss 3.2970  lr 1.07e-03  |grad| 0.17  mem 54.3GB  tok/s 7,171  ETA 17.9h
[14:17:58] step  11150/18150  loss 3.3231  lr 1.06e-03  |grad| 0.14  mem 54.3GB  tok/s 7,169  ETA 17.8h
[14:26:22] step  11200/18150  loss 3.3444  lr 1.05e-03  |grad| 0.17  mem 54.3GB  tok/s 7,165  ETA 17.7h
[14:34:55] step  11250/18150  loss 3.2110  lr 1.04e-03  |grad| 0.14  mem 54.3GB  tok/s 7,161  ETA 17.5h
[14:43:07] step  11300/18150  loss 3.2218  lr 1.03e-03  |grad| 0.17  mem 54.3GB  tok/s 7,159  ETA 17.4h
[14:51:43] step  11350/18150  loss 3.3573  lr 1.02e-03  |grad| 0.15  mem 54.3GB  tok/s 7,155  ETA 17.3h
[15:00:01] step  11400/18150  loss 3.3557  lr 1.01e-03  |grad| 0.17  mem 54.3GB  tok/s 7,152  ETA 17.2h
[15:07:49] step  11450/18150  loss 3.2290  lr 1.00e-03  |grad| 0.13  mem 54.3GB  tok/s 7,152  ETA 17.1h
[15:15:22] step  11500/18150  loss 2.9978  lr 9.94e-04  |grad| 0.17  mem 54.3GB  tok/s 7,152  ETA 16.9h
[15:22:54] step  11550/18150  loss 3.2592  lr 9.85e-04  |grad| 0.15  mem 54.3GB  tok/s 7,152  ETA 16.8h
[15:30:26] step  11600/18150  loss 3.1153  lr 9.76e-04  |grad| 0.15  mem 54.3GB  tok/s 7,153  ETA 16.7h
[15:37:58] step  11650/18150  loss 3.3732  lr 9.67e-04  |grad| 0.16  mem 54.3GB  tok/s 7,153  ETA 16.5h
[15:45:30] step  11700/18150  loss 3.2824  lr 9.59e-04  |grad| 0.15  mem 54.3GB  tok/s 7,154  ETA 16.4h
[15:53:02] step  11750/18150  loss 3.6237  lr 9.50e-04  |grad| 0.15  mem 54.3GB  tok/s 7,154  ETA 16.3h
[16:00:35] step  11800/18150  loss 3.2851  lr 9.41e-04  |grad| 0.20  mem 54.3GB  tok/s 7,154  ETA 16.2h
[16:08:07] step  11850/18150  loss 3.4087  lr 9.33e-04  |grad| 0.16  mem 54.3GB  tok/s 7,155  ETA 16.0h
[16:15:39] step  11900/18150  loss 3.2353  lr 9.24e-04  |grad| 0.15  mem 54.3GB  tok/s 7,155  ETA 15.9h
[16:23:11] step  11950/18150  loss 3.3344  lr 9.15e-04  |grad| 0.14  mem 54.3GB  tok/s 7,155  ETA 15.8h
[16:30:43] step  12000/18150  loss 2.9283  lr 9.07e-04  |grad| 0.14  mem 54.3GB  tok/s 7,156  ETA 15.6h
[16:30:57]   [eval @ 12000] val PPL=31.97
[16:38:30] step  12050/18150  loss 3.4835  lr 8.98e-04  |grad| 0.16  mem 54.3GB  tok/s 7,155  ETA 15.5h
[16:46:02] step  12100/18150  loss 3.2622  lr 8.90e-04  |grad| 0.15  mem 54.3GB  tok/s 7,156  ETA 15.4h
[16:53:34] step  12150/18150  loss 3.5902  lr 8.82e-04  |grad| 0.15  mem 54.3GB  tok/s 7,156  ETA 15.3h
[17:01:06] step  12200/18150  loss 3.2031  lr 8.73e-04  |grad| 0.15  mem 54.3GB  tok/s 7,156  ETA 15.1h
[17:08:38] step  12250/18150  loss 3.2291  lr 8.65e-04  |grad| 0.14  mem 54.3GB  tok/s 7,157  ETA 15.0h
[17:16:10] step  12300/18150  loss 3.2641  lr 8.56e-04  |grad| 0.16  mem 54.3GB  tok/s 7,157  ETA 14.9h
[17:23:42] step  12350/18150  loss 3.2455  lr 8.48e-04  |grad| 0.14  mem 54.3GB  tok/s 7,158  ETA 14.8h
[17:31:14] step  12400/18150  loss 3.4028  lr 8.40e-04  |grad| 0.15  mem 54.3GB  tok/s 7,158  ETA 14.6h
[17:38:46] step  12450/18150  loss 3.1688  lr 8.32e-04  |grad| 0.14  mem 54.3GB  tok/s 7,158  ETA 14.5h
[17:46:18] step  12500/18150  loss 3.3199  lr 8.24e-04  |grad| 0.16  mem 54.3GB  tok/s 7,159  ETA 14.4h
[17:53:50] step  12550/18150  loss 3.2690  lr 8.16e-04  |grad| 0.15  mem 54.3GB  tok/s 7,159  ETA 14.2h
[18:01:22] step  12600/18150  loss 3.1116  lr 8.08e-04  |grad| 0.14  mem 54.3GB  tok/s 7,159  ETA 14.1h
[18:08:54] step  12650/18150  loss 3.0160  lr 8.00e-04  |grad| 0.15  mem 54.3GB  tok/s 7,160  ETA 14.0h
[18:16:26] step  12700/18150  loss 3.1894  lr 7.92e-04  |grad| 0.15  mem 54.3GB  tok/s 7,160  ETA 13.9h
[18:23:58] step  12750/18150  loss 3.0555  lr 7.84e-04  |grad| 0.13  mem 54.3GB  tok/s 7,160  ETA 13.7h
[18:31:29] step  12800/18150  loss 3.2538  lr 7.76e-04  |grad| 0.15  mem 54.3GB  tok/s 7,161  ETA 13.6h
[18:39:01] step  12850/18150  loss 3.2315  lr 7.68e-04  |grad| 0.14  mem 54.3GB  tok/s 7,161  ETA 13.5h
[18:46:33] step  12900/18150  loss 3.1503  lr 7.60e-04  |grad| 0.14  mem 54.3GB  tok/s 7,161  ETA 13.3h
[18:54:05] step  12950/18150  loss 3.2016  lr 7.53e-04  |grad| 0.15  mem 54.3GB  tok/s 7,162  ETA 13.2h
[19:01:37] step  13000/18150  loss 3.1473  lr 7.45e-04  |grad| 0.14  mem 54.3GB  tok/s 7,162  ETA 13.1h
[19:09:09] step  13050/18150  loss 3.1110  lr 7.37e-04  |grad| 0.15  mem 54.3GB  tok/s 7,162  ETA 13.0h
[19:16:41] step  13100/18150  loss 3.3595  lr 7.30e-04  |grad| 0.14  mem 54.3GB  tok/s 7,163  ETA 12.8h
[19:24:13] step  13150/18150  loss 3.1838  lr 7.22e-04  |grad| 0.16  mem 54.3GB  tok/s 7,163  ETA 12.7h
[19:31:44] step  13200/18150  loss 2.9026  lr 7.15e-04  |grad| 0.16  mem 54.3GB  tok/s 7,163  ETA 12.6h
[19:39:16] step  13250/18150  loss 3.2616  lr 7.07e-04  |grad| 0.15  mem 54.3GB  tok/s 7,164  ETA 12.5h
[19:46:48] step  13300/18150  loss 3.1052  lr 7.00e-04  |grad| 0.15  mem 54.3GB  tok/s 7,164  ETA 12.3h
[19:54:19] step  13350/18150  loss 3.1029  lr 6.93e-04  |grad| 0.14  mem 54.3GB  tok/s 7,164  ETA 12.2h
[20:01:51] step  13400/18150  loss 3.2589  lr 6.85e-04  |grad| 0.15  mem 54.3GB  tok/s 7,165  ETA 12.1h
[20:09:23] step  13450/18150  loss 2.8889  lr 6.78e-04  |grad| 0.15  mem 54.3GB  tok/s 7,165  ETA 11.9h
[20:16:54] step  13500/18150  loss 3.1405  lr 6.71e-04  |grad| 0.14  mem 54.3GB  tok/s 7,165  ETA 11.8h
[20:24:26] step  13550/18150  loss 3.0535  lr 6.64e-04  |grad| 0.15  mem 54.3GB  tok/s 7,166  ETA 11.7h
[20:31:58] step  13600/18150  loss 3.2973  lr 6.57e-04  |grad| 0.14  mem 54.3GB  tok/s 7,166  ETA 11.6h
[20:39:30] step  13650/18150  loss 3.1385  lr 6.50e-04  |grad| 0.15  mem 54.3GB  tok/s 7,166  ETA 11.4h
[20:47:01] step  13700/18150  loss 3.1979  lr 6.43e-04  |grad| 0.15  mem 54.3GB  tok/s 7,167  ETA 11.3h
[20:54:33] step  13750/18150  loss 3.2011  lr 6.36e-04  |grad| 0.14  mem 54.3GB  tok/s 7,167  ETA 11.2h
[21:02:05] step  13800/18150  loss 3.3345  lr 6.30e-04  |grad| 0.14  mem 54.3GB  tok/s 7,167  ETA 11.0h
[21:09:37] step  13850/18150  loss 3.1146  lr 6.23e-04  |grad| 0.15  mem 54.3GB  tok/s 7,168  ETA 10.9h
[21:17:08] step  13900/18150  loss 3.1753  lr 6.16e-04  |grad| 0.14  mem 54.3GB  tok/s 7,168  ETA 10.8h
[21:24:57] step  13950/18150  loss 3.0758  lr 6.10e-04  |grad| 0.15  mem 54.3GB  tok/s 7,167  ETA 10.7h
[21:33:11] step  14000/18150  loss 2.9231  lr 6.03e-04  |grad| 0.13  mem 54.3GB  tok/s 7,165  ETA 10.5h
[21:33:26]   [eval @ 14000] val PPL=30.55
[21:41:28] step  14050/18150  loss 3.2319  lr 5.97e-04  |grad| 0.14  mem 54.3GB  tok/s 7,163  ETA 10.4h
[21:49:01] step  14100/18150  loss 3.3696  lr 5.90e-04  |grad| 0.14  mem 54.3GB  tok/s 7,163  ETA 10.3h
[21:57:06] step  14150/18150  loss 3.2826  lr 5.84e-04  |grad| 0.14  mem 54.3GB  tok/s 7,162  ETA 10.2h
[22:05:20] step  14200/18150  loss 3.1021  lr 5.78e-04  |grad| 0.14  mem 54.3GB  tok/s 7,160  ETA 10.0h
[22:13:30] step  14250/18150  loss 3.2995  lr 5.71e-04  |grad| 0.14  mem 54.3GB  tok/s 7,158  ETA 9.9h
[22:21:41] step  14300/18150  loss 2.9753  lr 5.65e-04  |grad| 0.14  mem 54.3GB  tok/s 7,156  ETA 9.8h
[22:29:52] step  14350/18150  loss 3.1603  lr 5.59e-04  |grad| 0.13  mem 54.3GB  tok/s 7,154  ETA 9.7h
[22:38:02] step  14400/18150  loss 3.2301  lr 5.53e-04  |grad| 0.15  mem 54.3GB  tok/s 7,153  ETA 9.5h
[22:46:12] step  14450/18150  loss 2.9227  lr 5.47e-04  |grad| 0.14  mem 54.3GB  tok/s 7,151  ETA 9.4h
[22:54:29] step  14500/18150  loss 3.1294  lr 5.41e-04  |grad| 0.14  mem 54.3GB  tok/s 7,149  ETA 9.3h
[23:02:33] step  14550/18150  loss 2.9699  lr 5.36e-04  |grad| 0.14  mem 54.3GB  tok/s 7,147  ETA 9.2h
[23:10:11] step  14600/18150  loss 3.1528  lr 5.30e-04  |grad| 0.15  mem 54.3GB  tok/s 7,148  ETA 9.0h
[23:17:42] step  14650/18150  loss 3.2097  lr 5.24e-04  |grad| 0.14  mem 54.3GB  tok/s 7,148  ETA 8.9h
[23:25:13] step  14700/18150  loss 3.1495  lr 5.19e-04  |grad| 0.15  mem 54.3GB  tok/s 7,148  ETA 8.8h
[23:32:45] step  14750/18150  loss 2.9259  lr 5.13e-04  |grad| 0.14  mem 54.3GB  tok/s 7,149  ETA 8.7h
[23:40:16] step  14800/18150  loss 3.1701  lr 5.08e-04  |grad| 0.14  mem 54.3GB  tok/s 7,149  ETA 8.5h
[23:47:48] step  14850/18150  loss 3.0656  lr 5.02e-04  |grad| 0.15  mem 54.3GB  tok/s 7,149  ETA 8.4h
[23:55:19] step  14900/18150  loss 3.1113  lr 4.97e-04  |grad| 0.14  mem 54.3GB  tok/s 7,150  ETA 8.3h
[00:02:50] step  14950/18150  loss 2.8929  lr 4.92e-04  |grad| 0.14  mem 54.3GB  tok/s 7,150  ETA 8.1h
[00:10:22] step  15000/18150  loss 2.9761  lr 4.86e-04  |grad| 0.14  mem 54.3GB  tok/s 7,150  ETA 8.0h
[00:17:53] step  15050/18150  loss 3.2615  lr 4.81e-04  |grad| 0.14  mem 54.3GB  tok/s 7,151  ETA 7.9h
[00:25:25] step  15100/18150  loss 3.1117  lr 4.76e-04  |grad| 0.14  mem 54.3GB  tok/s 7,151  ETA 7.8h
[00:32:56] step  15150/18150  loss 3.2463  lr 4.71e-04  |grad| 0.16  mem 54.3GB  tok/s 7,151  ETA 7.6h
[00:40:28] step  15200/18150  loss 2.8725  lr 4.67e-04  |grad| 0.14  mem 54.3GB  tok/s 7,152  ETA 7.5h
[00:47:59] step  15250/18150  loss 3.1061  lr 4.62e-04  |grad| 0.15  mem 54.3GB  tok/s 7,152  ETA 7.4h
[00:55:31] step  15300/18150  loss 3.2725  lr 4.57e-04  |grad| 0.14  mem 54.3GB  tok/s 7,153  ETA 7.3h
[01:03:02] step  15350/18150  loss 3.1845  lr 4.52e-04  |grad| 0.15  mem 54.3GB  tok/s 7,153  ETA 7.1h
[01:10:33] step  15400/18150  loss 3.4005  lr 4.48e-04  |grad| 0.15  mem 54.3GB  tok/s 7,153  ETA 7.0h
[01:18:04] step  15450/18150  loss 3.0914  lr 4.43e-04  |grad| 0.14  mem 54.3GB  tok/s 7,154  ETA 6.9h
[01:25:35] step  15500/18150  loss 3.1096  lr 4.39e-04  |grad| 0.14  mem 54.3GB  tok/s 7,154  ETA 6.7h
[01:33:07] step  15550/18150  loss 3.1457  lr 4.34e-04  |grad| 0.15  mem 54.3GB  tok/s 7,154  ETA 6.6h
[01:40:38] step  15600/18150  loss 2.9506  lr 4.30e-04  |grad| 0.14  mem 54.3GB  tok/s 7,155  ETA 6.5h
[01:48:09] step  15650/18150  loss 2.9766  lr 4.26e-04  |grad| 0.13  mem 54.3GB  tok/s 7,155  ETA 6.4h
[01:55:40] step  15700/18150  loss 3.2271  lr 4.22e-04  |grad| 0.14  mem 54.3GB  tok/s 7,155  ETA 6.2h
[02:03:11] step  15750/18150  loss 3.0251  lr 4.18e-04  |grad| 0.14  mem 54.3GB  tok/s 7,156  ETA 6.1h
[02:10:42] step  15800/18150  loss 3.2990  lr 4.14e-04  |grad| 0.15  mem 54.3GB  tok/s 7,156  ETA 6.0h
[02:18:14] step  15850/18150  loss 3.1986  lr 4.10e-04  |grad| 0.13  mem 54.3GB  tok/s 7,156  ETA 5.9h
[02:25:45] step  15900/18150  loss 3.1189  lr 4.06e-04  |grad| 0.13  mem 54.3GB  tok/s 7,157  ETA 5.7h
[02:33:17] step  15950/18150  loss 3.0792  lr 4.02e-04  |grad| 0.15  mem 54.3GB  tok/s 7,157  ETA 5.6h
[02:40:48] step  16000/18150  loss 3.0442  lr 3.99e-04  |grad| 0.14  mem 54.3GB  tok/s 7,157  ETA 5.5h
[02:41:02]   [eval @ 16000] val PPL=29.85
[02:48:34] step  16050/18150  loss 3.1541  lr 3.95e-04  |grad| 0.14  mem 54.3GB  tok/s 7,157  ETA 5.3h
[02:56:06] step  16100/18150  loss 2.9644  lr 3.92e-04  |grad| 0.14  mem 54.3GB  tok/s 7,157  ETA 5.2h
[03:03:37] step  16150/18150  loss 3.2418  lr 3.88e-04  |grad| 0.14  mem 54.3GB  tok/s 7,157  ETA 5.1h
[03:11:08] step  16200/18150  loss 3.3557  lr 3.85e-04  |grad| 0.13  mem 54.3GB  tok/s 7,158  ETA 5.0h
[03:18:40] step  16250/18150  loss 2.8323  lr 3.82e-04  |grad| 0.15  mem 54.3GB  tok/s 7,158  ETA 4.8h
[03:26:11] step  16300/18150  loss 3.3323  lr 3.78e-04  |grad| 0.14  mem 54.3GB  tok/s 7,158  ETA 4.7h
[03:33:43] step  16350/18150  loss 3.0348  lr 3.75e-04  |grad| 0.14  mem 54.3GB  tok/s 7,159  ETA 4.6h
[03:41:14] step  16400/18150  loss 3.1560  lr 3.72e-04  |grad| 0.14  mem 54.3GB  tok/s 7,159  ETA 4.5h
[03:48:45] step  16450/18150  loss 3.2841  lr 3.69e-04  |grad| 0.14  mem 54.3GB  tok/s 7,159  ETA 4.3h
[03:56:17] step  16500/18150  loss 2.8928  lr 3.67e-04  |grad| 0.14  mem 54.3GB  tok/s 7,160  ETA 4.2h
[04:03:48] step  16550/18150  loss 3.1194  lr 3.64e-04  |grad| 0.14  mem 54.3GB  tok/s 7,160  ETA 4.1h
[04:11:19] step  16600/18150  loss 3.1155  lr 3.61e-04  |grad| 0.14  mem 54.3GB  tok/s 7,160  ETA 3.9h
[04:18:51] step  16650/18150  loss 2.9627  lr 3.59e-04  |grad| 0.14  mem 54.3GB  tok/s 7,160  ETA 3.8h
[04:26:22] step  16700/18150  loss 2.9363  lr 3.56e-04  |grad| 0.14  mem 54.3GB  tok/s 7,161  ETA 3.7h
[04:33:53] step  16750/18150  loss 3.1763  lr 3.54e-04  |grad| 0.14  mem 54.3GB  tok/s 7,161  ETA 3.6h
[04:41:25] step  16800/18150  loss 3.0711  lr 3.51e-04  |grad| 0.13  mem 54.3GB  tok/s 7,161  ETA 3.4h
[04:48:56] step  16850/18150  loss 2.9818  lr 3.49e-04  |grad| 0.14  mem 54.3GB  tok/s 7,162  ETA 3.3h
[04:56:27] step  16900/18150  loss 3.2519  lr 3.47e-04  |grad| 0.14  mem 54.3GB  tok/s 7,162  ETA 3.2h
[05:03:59] step  16950/18150  loss 2.8029  lr 3.45e-04  |grad| 0.13  mem 54.3GB  tok/s 7,162  ETA 3.1h
[05:11:30] step  17000/18150  loss 3.1554  lr 3.43e-04  |grad| 0.14  mem 54.3GB  tok/s 7,163  ETA 2.9h
[05:19:01] step  17050/18150  loss 3.4872  lr 3.41e-04  |grad| 0.13  mem 54.3GB  tok/s 7,163  ETA 2.8h
[05:26:33] step  17100/18150  loss 3.1397  lr 3.39e-04  |grad| 0.14  mem 54.3GB  tok/s 7,163  ETA 2.7h
[05:34:04] step  17150/18150  loss 3.0072  lr 3.37e-04  |grad| 0.14  mem 54.3GB  tok/s 7,163  ETA 2.5h
[05:41:35] step  17200/18150  loss 3.1547  lr 3.36e-04  |grad| 0.14  mem 54.3GB  tok/s 7,164  ETA 2.4h
[05:49:07] step  17250/18150  loss 2.9210  lr 3.34e-04  |grad| 0.14  mem 54.3GB  tok/s 7,164  ETA 2.3h
[05:56:38] step  17300/18150  loss 3.2413  lr 3.32e-04  |grad| 0.14  mem 54.3GB  tok/s 7,164  ETA 2.2h
[06:04:09] step  17350/18150  loss 3.0094  lr 3.31e-04  |grad| 0.14  mem 54.3GB  tok/s 7,164  ETA 2.0h
[06:11:41] step  17400/18150  loss 3.3314  lr 3.30e-04  |grad| 0.14  mem 54.3GB  tok/s 7,165  ETA 1.9h
[06:19:12] step  17450/18150  loss 3.1975  lr 3.28e-04  |grad| 0.14  mem 54.3GB  tok/s 7,165  ETA 1.8h
[06:26:44] step  17500/18150  loss 3.3350  lr 3.27e-04  |grad| 0.14  mem 54.3GB  tok/s 7,165  ETA 1.7h
[06:34:15] step  17550/18150  loss 3.2432  lr 3.26e-04  |grad| 0.14  mem 54.3GB  tok/s 7,166  ETA 1.5h
[06:41:47] step  17600/18150  loss 3.1332  lr 3.25e-04  |grad| 0.13  mem 54.3GB  tok/s 7,166  ETA 1.4h
[06:49:18] step  17650/18150  loss 3.2627  lr 3.24e-04  |grad| 0.14  mem 54.3GB  tok/s 7,166  ETA 1.3h
[06:56:50] step  17700/18150  loss 3.0634  lr 3.23e-04  |grad| 0.14  mem 54.3GB  tok/s 7,166  ETA 1.1h
[07:04:21] step  17750/18150  loss 3.1614  lr 3.23e-04  |grad| 0.14  mem 54.3GB  tok/s 7,167  ETA 1.0h
[07:11:53] step  17800/18150  loss 3.2596  lr 3.22e-04  |grad| 0.14  mem 54.3GB  tok/s 7,167  ETA 0.9h
[07:19:24] step  17850/18150  loss 3.1761  lr 3.22e-04  |grad| 0.14  mem 54.3GB  tok/s 7,167  ETA 0.8h
[07:26:56] step  17900/18150  loss 3.3373  lr 3.21e-04  |grad| 0.14  mem 54.3GB  tok/s 7,167  ETA 0.6h
[07:34:27] step  17950/18150  loss 3.1887  lr 3.21e-04  |grad| 0.14  mem 54.3GB  tok/s 7,168  ETA 0.5h
[07:41:59] step  18000/18150  loss 3.2106  lr 3.20e-04  |grad| 0.15  mem 54.3GB  tok/s 7,168  ETA 0.4h
[07:42:12]   [eval @ 18000] val PPL=29.57
[07:49:45] step  18050/18150  loss 3.0221  lr 3.20e-04  |grad| 0.14  mem 54.3GB  tok/s 7,167  ETA 0.3h
[07:57:17] step  18100/18150  loss 3.1827  lr 3.20e-04  |grad| 0.14  mem 54.3GB  tok/s 7,168  ETA 0.1h
[08:04:48] step  18150/18150  loss 3.3074  lr 3.20e-04  |grad| 0.14  mem 54.3GB  tok/s 7,168  ETA 0.0h
[08:05:04] DONE  final val PPL=29.54
