[safe_cuda] capped CUDA at 85% of 129 GB unified pool (~109 GB); over-allocation now errors cleanly.
[17:59:36] ARM arch=faithful schedule=cosine optimizer=adamw zloss=0.0 | vr=False ln=False hg=False | steps=2000 seed=0 tok/step=65,536
[17:59:37] optimizer split: 197 / 113 param tensors
Warning: You are sending unauthenticated requests to the HF Hub. Please set a HF_TOKEN to enable higher rate limits and faster downloads.
[17:59:40] DATA=dclm-edu: 150,107,480 train + 300,000 val tokens (shards 4)
[17:59:40] Compiling model...
[18:01:25] step    10/2000  ce 10.1717  lr 1.70e-04  |grad| 2.06  mem 57.4GB  tok/s 6,275
[18:03:00] step    20/2000  ce 8.2313  lr 3.40e-04  |grad| 0.93  mem 57.4GB  tok/s 6,591
[18:04:34] step    30/2000  ce 8.0080  lr 5.10e-04  |grad| 0.77  mem 57.4GB  tok/s 6,705
[18:06:09] step    40/2000  ce 7.7461  lr 6.80e-04  |grad| 0.76  mem 57.4GB  tok/s 6,760
[18:07:43] step    50/2000  ce 7.6140  lr 8.50e-04  |grad| 0.57  mem 57.4GB  tok/s 6,792
[18:09:18] step    60/2000  ce 7.4284  lr 1.02e-03  |grad| 1.06  mem 57.4GB  tok/s 6,814
[18:10:53] step    70/2000  ce 7.2117  lr 1.19e-03  |grad| 0.90  mem 57.4GB  tok/s 6,829
[18:12:27] step    80/2000  ce 7.0706  lr 1.36e-03  |grad| 0.67  mem 57.4GB  tok/s 6,840
[18:14:02] step    90/2000  ce 6.8808  lr 1.53e-03  |grad| 1.07  mem 57.4GB  tok/s 6,848
[18:15:37] step   100/2000  ce 7.0393  lr 1.70e-03  |grad| 0.88  mem 57.4GB  tok/s 6,855
[18:17:12] step   110/2000  ce 6.5669  lr 1.70e-03  |grad| 0.55  mem 57.4GB  tok/s 6,860
[18:18:47] step   120/2000  ce 6.7307  lr 1.70e-03  |grad| 0.42  mem 57.4GB  tok/s 6,864
[18:20:21] step   130/2000  ce 6.6937  lr 1.70e-03  |grad| 0.66  mem 57.4GB  tok/s 6,868
[18:21:56] step   140/2000  ce 6.7554  lr 1.70e-03  |grad| 0.62  mem 57.4GB  tok/s 6,871
[18:23:31] step   150/2000  ce 6.4377  lr 1.70e-03  |grad| 0.72  mem 57.4GB  tok/s 6,874
[18:25:06] step   160/2000  ce 6.3779  lr 1.70e-03  |grad| 0.53  mem 57.4GB  tok/s 6,877
[18:26:41] step   170/2000  ce 6.3895  lr 1.70e-03  |grad| 0.55  mem 57.4GB  tok/s 6,878
[18:28:15] step   180/2000  ce 6.1465  lr 1.69e-03  |grad| 0.50  mem 57.4GB  tok/s 6,880
[18:29:50] step   190/2000  ce 6.3497  lr 1.69e-03  |grad| 0.55  mem 57.4GB  tok/s 6,882
[18:31:25] step   200/2000  ce 5.9063  lr 1.69e-03  |grad| 0.46  mem 57.4GB  tok/s 6,884
[18:33:00] step   210/2000  ce 6.4453  lr 1.69e-03  |grad| 0.39  mem 57.4GB  tok/s 6,886
[18:34:34] step   220/2000  ce 6.1450  lr 1.69e-03  |grad| 0.38  mem 57.4GB  tok/s 6,887
[18:36:09] step   230/2000  ce 6.0401  lr 1.68e-03  |grad| 0.42  mem 57.4GB  tok/s 6,888
[18:37:44] step   240/2000  ce 5.9278  lr 1.68e-03  |grad| 0.37  mem 57.4GB  tok/s 6,889
[18:39:19] step   250/2000  ce 6.1999  lr 1.68e-03  |grad| 0.42  mem 57.4GB  tok/s 6,891
[18:39:23]   [ckpt @ 250] -> checkpoint_treatment_seed0.pt
[18:40:58] step   260/2000  ce 5.7119  lr 1.68e-03  |grad| 0.38  mem 57.4GB  tok/s 6,880
[18:42:41] step   270/2000  ce 5.8729  lr 1.67e-03  |grad| 0.36  mem 57.4GB  tok/s 6,859
[18:44:15] step   280/2000  ce 5.7694  lr 1.67e-03  |grad| 0.41  mem 57.4GB  tok/s 6,861
[18:45:50] step   290/2000  ce 5.7543  lr 1.67e-03  |grad| 0.42  mem 57.4GB  tok/s 6,863
[18:47:25] step   300/2000  ce 5.6747  lr 1.66e-03  |grad| 0.39  mem 57.4GB  tok/s 6,865
[18:49:00] step   310/2000  ce 5.8554  lr 1.66e-03  |grad| 0.44  mem 57.4GB  tok/s 6,867
[18:50:34] step   320/2000  ce 5.8452  lr 1.65e-03  |grad| 0.59  mem 57.4GB  tok/s 6,868
[18:52:09] step   330/2000  ce 5.7173  lr 1.65e-03  |grad| 0.32  mem 57.4GB  tok/s 6,870
[18:53:44] step   340/2000  ce 5.8419  lr 1.65e-03  |grad| 0.45  mem 57.4GB  tok/s 6,871
[18:55:19] step   350/2000  ce 5.4346  lr 1.64e-03  |grad| 0.44  mem 57.4GB  tok/s 6,872
[18:56:53] step   360/2000  ce 5.6332  lr 1.64e-03  |grad| 0.36  mem 57.4GB  tok/s 6,874
[18:58:28] step   370/2000  ce 5.4693  lr 1.63e-03  |grad| 0.32  mem 57.4GB  tok/s 6,875
[19:00:03] step   380/2000  ce 5.4059  lr 1.63e-03  |grad| 0.38  mem 57.4GB  tok/s 6,876
[19:01:38] step   390/2000  ce 5.6197  lr 1.62e-03  |grad| 0.36  mem 57.4GB  tok/s 6,877
[19:03:12] step   400/2000  ce 5.4905  lr 1.62e-03  |grad| 0.36  mem 57.4GB  tok/s 6,878
[19:04:47] step   410/2000  ce 5.6093  lr 1.61e-03  |grad| 0.33  mem 57.4GB  tok/s 6,879
[19:06:22] step   420/2000  ce 5.1473  lr 1.61e-03  |grad| 0.45  mem 57.4GB  tok/s 6,880
[19:07:57] step   430/2000  ce 5.2992  lr 1.60e-03  |grad| 0.34  mem 57.4GB  tok/s 6,880
[19:09:31] step   440/2000  ce 5.1398  lr 1.59e-03  |grad| 0.38  mem 57.4GB  tok/s 6,881
[19:11:06] step   450/2000  ce 5.4740  lr 1.59e-03  |grad| 0.33  mem 57.4GB  tok/s 6,882
[19:12:41] step   460/2000  ce 5.2252  lr 1.58e-03  |grad| 0.32  mem 57.4GB  tok/s 6,883
[19:14:16] step   470/2000  ce 5.4622  lr 1.57e-03  |grad| 0.30  mem 57.4GB  tok/s 6,883
[19:15:51] step   480/2000  ce 5.5901  lr 1.57e-03  |grad| 0.37  mem 57.4GB  tok/s 6,884
[19:17:25] step   490/2000  ce 5.3763  lr 1.56e-03  |grad| 0.26  mem 57.4GB  tok/s 6,885
[19:19:00] step   500/2000  ce 5.1262  lr 1.55e-03  |grad| 0.30  mem 57.4GB  tok/s 6,885
[19:19:11]   [eval @ 500] val PPL=189.81
[19:19:17]   [ckpt @ 500] -> checkpoint_treatment_seed0.pt
[19:20:53] step   510/2000  ce 5.3242  lr 1.55e-03  |grad| 0.37  mem 57.4GB  tok/s 6,860
[19:22:29] step   520/2000  ce 5.0635  lr 1.54e-03  |grad| 0.35  mem 57.4GB  tok/s 6,860
[19:24:04] step   530/2000  ce 5.0210  lr 1.53e-03  |grad| 0.31  mem 57.4GB  tok/s 6,861
[19:25:39] step   540/2000  ce 5.0327  lr 1.53e-03  |grad| 0.35  mem 57.4GB  tok/s 6,862
[19:27:14] step   550/2000  ce 5.8475  lr 1.52e-03  |grad| 0.30  mem 57.4GB  tok/s 6,862
[19:28:49] step   560/2000  ce 5.2858  lr 1.51e-03  |grad| 0.34  mem 57.4GB  tok/s 6,862
[19:30:24] step   570/2000  ce 4.9723  lr 1.50e-03  |grad| 0.29  mem 57.4GB  tok/s 6,863
[19:31:59] step   580/2000  ce 4.9319  lr 1.49e-03  |grad| 0.28  mem 57.4GB  tok/s 6,863
[19:33:35] step   590/2000  ce 4.9346  lr 1.49e-03  |grad| 0.31  mem 57.4GB  tok/s 6,863
[19:35:09] step   600/2000  ce 4.9508  lr 1.48e-03  |grad| 0.31  mem 57.4GB  tok/s 6,864
[19:36:44] step   610/2000  ce 5.1661  lr 1.47e-03  |grad| 0.32  mem 57.4GB  tok/s 6,865
[19:38:20] step   620/2000  ce 5.2610  lr 1.46e-03  |grad| 0.29  mem 57.4GB  tok/s 6,865
[19:39:55] step   630/2000  ce 4.9086  lr 1.45e-03  |grad| 0.29  mem 57.4GB  tok/s 6,865
[19:41:30] step   640/2000  ce 5.0567  lr 1.44e-03  |grad| 0.27  mem 57.4GB  tok/s 6,866
[19:43:05] step   650/2000  ce 5.1266  lr 1.43e-03  |grad| 0.28  mem 57.4GB  tok/s 6,866
[19:44:40] step   660/2000  ce 4.8322  lr 1.42e-03  |grad| 0.33  mem 57.4GB  tok/s 6,867
[19:46:15] step   670/2000  ce 4.9482  lr 1.42e-03  |grad| 0.24  mem 57.4GB  tok/s 6,867
[19:47:50] step   680/2000  ce 5.0222  lr 1.41e-03  |grad| 0.32  mem 57.4GB  tok/s 6,868
[19:49:25] step   690/2000  ce 4.6951  lr 1.40e-03  |grad| 0.26  mem 57.4GB  tok/s 6,868
[19:51:00] step   700/2000  ce 4.5468  lr 1.39e-03  |grad| 0.39  mem 57.4GB  tok/s 6,868
[19:52:35] step   710/2000  ce 4.6877  lr 1.38e-03  |grad| 0.35  mem 57.4GB  tok/s 6,868
[19:54:11] step   720/2000  ce 5.0605  lr 1.37e-03  |grad| 0.28  mem 57.4GB  tok/s 6,869
[19:55:46] step   730/2000  ce 4.6183  lr 1.36e-03  |grad| 0.27  mem 57.4GB  tok/s 6,868
[19:57:21] step   740/2000  ce 4.7240  lr 1.35e-03  |grad| 0.26  mem 57.4GB  tok/s 6,869
[19:58:56] step   750/2000  ce 4.8108  lr 1.34e-03  |grad| 0.28  mem 57.4GB  tok/s 6,869
[19:59:00]   [ckpt @ 750] -> checkpoint_treatment_seed0.pt
[20:00:35] step   760/2000  ce 4.9532  lr 1.33e-03  |grad| 0.28  mem 57.4GB  tok/s 6,866
[20:02:10] step   770/2000  ce 4.9702  lr 1.32e-03  |grad| 0.35  mem 57.4GB  tok/s 6,866
[20:03:46] step   780/2000  ce 4.7180  lr 1.31e-03  |grad| 0.27  mem 57.4GB  tok/s 6,866
[20:05:21] step   790/2000  ce 4.6036  lr 1.30e-03  |grad| 0.23  mem 57.4GB  tok/s 6,866
[20:06:56] step   800/2000  ce 5.0923  lr 1.29e-03  |grad| 0.44  mem 57.4GB  tok/s 6,867
[20:08:31] step   810/2000  ce 5.3067  lr 1.28e-03  |grad| 0.28  mem 57.4GB  tok/s 6,867
[20:10:07] step   820/2000  ce 4.6461  lr 1.27e-03  |grad| 0.26  mem 57.4GB  tok/s 6,867
[20:11:42] step   830/2000  ce 4.8062  lr 1.26e-03  |grad| 0.24  mem 57.4GB  tok/s 6,867
[20:13:17] step   840/2000  ce 4.3879  lr 1.24e-03  |grad| 0.25  mem 57.4GB  tok/s 6,867
[20:14:52] step   850/2000  ce 4.5466  lr 1.23e-03  |grad| 0.27  mem 57.4GB  tok/s 6,868
[20:16:27] step   860/2000  ce 4.8246  lr 1.22e-03  |grad| 0.27  mem 57.4GB  tok/s 6,868
[20:18:03] step   870/2000  ce 4.5221  lr 1.21e-03  |grad| 0.24  mem 57.4GB  tok/s 6,868
[20:19:38] step   880/2000  ce 4.7071  lr 1.20e-03  |grad| 0.32  mem 57.4GB  tok/s 6,868
[20:21:13] step   890/2000  ce 4.6646  lr 1.19e-03  |grad| 0.26  mem 57.4GB  tok/s 6,868
[20:22:48] step   900/2000  ce 4.3753  lr 1.18e-03  |grad| 0.28  mem 57.4GB  tok/s 6,868
[20:24:24] step   910/2000  ce 4.4981  lr 1.17e-03  |grad| 0.24  mem 57.4GB  tok/s 6,869
[20:25:59] step   920/2000  ce 4.5681  lr 1.16e-03  |grad| 0.25  mem 57.4GB  tok/s 6,869
[20:27:34] step   930/2000  ce 4.5312  lr 1.15e-03  |grad| 0.25  mem 57.4GB  tok/s 6,869
[20:29:09] step   940/2000  ce 4.4033  lr 1.13e-03  |grad| 0.24  mem 57.4GB  tok/s 6,870
[20:30:44] step   950/2000  ce 4.6343  lr 1.12e-03  |grad| 0.24  mem 57.4GB  tok/s 6,870
[20:32:19] step   960/2000  ce 4.6422  lr 1.11e-03  |grad| 0.23  mem 57.4GB  tok/s 6,870
[20:33:54] step   970/2000  ce 4.4744  lr 1.10e-03  |grad| 0.23  mem 57.4GB  tok/s 6,870
[20:35:29] step   980/2000  ce 4.4481  lr 1.09e-03  |grad| 0.25  mem 57.4GB  tok/s 6,871
[20:37:04] step   990/2000  ce 4.6653  lr 1.08e-03  |grad| 0.23  mem 57.4GB  tok/s 6,871
[20:38:41] step  1000/2000  ce 4.3182  lr 1.07e-03  |grad| 0.26  mem 57.4GB  tok/s 6,870
[20:38:50]   [eval @ 1000] val PPL=93.19
[20:38:54]   [ckpt @ 1000] -> checkpoint_treatment_seed0.pt
[20:40:38] step  1010/2000  ce 3.7987  lr 1.06e-03  |grad| 0.27  mem 57.4GB  tok/s 6,854
[20:42:21] step  1020/2000  ce 4.6228  lr 1.04e-03  |grad| 0.24  mem 57.4GB  tok/s 6,849
[20:44:03] step  1030/2000  ce 4.6251  lr 1.03e-03  |grad| 0.24  mem 57.4GB  tok/s 6,845
[20:45:44] step  1040/2000  ce 4.4280  lr 1.02e-03  |grad| 0.25  mem 57.4GB  tok/s 6,841
[20:47:19] step  1050/2000  ce 4.4732  lr 1.01e-03  |grad| 0.22  mem 57.4GB  tok/s 6,841
[20:48:55] step  1060/2000  ce 4.7340  lr 9.99e-04  |grad| 0.24  mem 57.4GB  tok/s 6,842
[20:50:29] step  1070/2000  ce 4.5082  lr 9.87e-04  |grad| 0.25  mem 57.4GB  tok/s 6,842
[20:52:05] step  1080/2000  ce 4.5603  lr 9.76e-04  |grad| 0.20  mem 57.4GB  tok/s 6,843
[20:53:40] step  1090/2000  ce 4.4890  lr 9.64e-04  |grad| 0.23  mem 57.4GB  tok/s 6,843
[20:55:15] step  1100/2000  ce 4.2753  lr 9.53e-04  |grad| 0.22  mem 57.4GB  tok/s 6,843
[20:56:51] step  1110/2000  ce 4.4423  lr 9.42e-04  |grad| 0.21  mem 57.4GB  tok/s 6,843
[20:58:26] step  1120/2000  ce 4.4469  lr 9.30e-04  |grad| 0.28  mem 57.4GB  tok/s 6,844
[21:00:01] step  1130/2000  ce 4.3726  lr 9.19e-04  |grad| 0.22  mem 57.4GB  tok/s 6,844
[21:01:37] step  1140/2000  ce 4.4297  lr 9.08e-04  |grad| 0.23  mem 57.4GB  tok/s 6,844
[21:03:12] step  1150/2000  ce 4.3652  lr 8.96e-04  |grad| 0.21  mem 57.4GB  tok/s 6,845
[21:04:47] step  1160/2000  ce 4.6515  lr 8.85e-04  |grad| 0.23  mem 57.4GB  tok/s 6,845
[21:06:22] step  1170/2000  ce 4.1223  lr 8.74e-04  |grad| 0.21  mem 57.4GB  tok/s 6,845
[21:07:57] step  1180/2000  ce 4.2592  lr 8.63e-04  |grad| 0.21  mem 57.4GB  tok/s 6,846
[21:09:33] step  1190/2000  ce 4.2683  lr 8.52e-04  |grad| 0.19  mem 57.4GB  tok/s 6,846
[21:11:08] step  1200/2000  ce 4.1921  lr 8.41e-04  |grad| 0.26  mem 57.4GB  tok/s 6,846
[21:12:43] step  1210/2000  ce 4.3886  lr 8.30e-04  |grad| 0.20  mem 57.4GB  tok/s 6,847
[21:14:18] step  1220/2000  ce 4.5697  lr 8.19e-04  |grad| 0.21  mem 57.4GB  tok/s 6,847
[21:15:54] step  1230/2000  ce 4.5623  lr 8.08e-04  |grad| 0.20  mem 57.4GB  tok/s 6,847
[21:17:29] step  1240/2000  ce 4.1782  lr 7.97e-04  |grad| 0.22  mem 57.4GB  tok/s 6,847
[21:19:04] step  1250/2000  ce 4.3419  lr 7.86e-04  |grad| 0.20  mem 57.4GB  tok/s 6,848
[21:19:08]   [ckpt @ 1250] -> checkpoint_treatment_seed0.pt
[21:20:43] step  1260/2000  ce 4.1537  lr 7.75e-04  |grad| 0.20  mem 57.4GB  tok/s 6,846
[21:22:18] step  1270/2000  ce 4.1754  lr 7.65e-04  |grad| 0.21  mem 57.4GB  tok/s 6,846
[21:23:54] step  1280/2000  ce 4.5007  lr 7.54e-04  |grad| 0.22  mem 57.4GB  tok/s 6,846
[21:25:29] step  1290/2000  ce 4.0847  lr 7.43e-04  |grad| 0.23  mem 57.4GB  tok/s 6,847
[21:27:04] step  1300/2000  ce 3.8604  lr 7.33e-04  |grad| 0.21  mem 57.4GB  tok/s 6,847
[21:28:39] step  1310/2000  ce 4.3942  lr 7.22e-04  |grad| 0.19  mem 57.4GB  tok/s 6,847
[21:30:15] step  1320/2000  ce 4.4700  lr 7.12e-04  |grad| 0.20  mem 57.4GB  tok/s 6,847
[21:31:50] step  1330/2000  ce 4.3345  lr 7.02e-04  |grad| 0.21  mem 57.4GB  tok/s 6,847
[21:33:25] step  1340/2000  ce 4.2069  lr 6.92e-04  |grad| 0.22  mem 57.4GB  tok/s 6,848
[21:35:01] step  1350/2000  ce 4.1827  lr 6.82e-04  |grad| 0.20  mem 57.4GB  tok/s 6,848
[21:36:36] step  1360/2000  ce 4.3334  lr 6.72e-04  |grad| 0.20  mem 57.4GB  tok/s 6,848
[21:38:11] step  1370/2000  ce 3.8601  lr 6.62e-04  |grad| 0.22  mem 57.4GB  tok/s 6,849
[21:39:46] step  1380/2000  ce 4.2208  lr 6.52e-04  |grad| 0.20  mem 57.4GB  tok/s 6,849
[21:41:21] step  1390/2000  ce 4.2275  lr 6.42e-04  |grad| 0.22  mem 57.4GB  tok/s 6,849
[21:42:57] step  1400/2000  ce 4.2965  lr 6.33e-04  |grad| 0.21  mem 57.4GB  tok/s 6,849
[21:44:32] step  1410/2000  ce 4.4169  lr 6.23e-04  |grad| 0.19  mem 57.4GB  tok/s 6,849
[21:46:07] step  1420/2000  ce 4.2041  lr 6.14e-04  |grad| 0.22  mem 57.4GB  tok/s 6,850
[21:47:43] step  1430/2000  ce 4.3446  lr 6.04e-04  |grad| 0.19  mem 57.4GB  tok/s 6,850
[21:49:18] step  1440/2000  ce 4.2287  lr 5.95e-04  |grad| 0.20  mem 57.4GB  tok/s 6,850
[21:50:53] step  1450/2000  ce 4.1783  lr 5.86e-04  |grad| 0.19  mem 57.4GB  tok/s 6,850
[21:52:28] step  1460/2000  ce 4.2470  lr 5.77e-04  |grad| 0.19  mem 57.4GB  tok/s 6,850
[21:54:04] step  1470/2000  ce 4.4282  lr 5.68e-04  |grad| 0.19  mem 57.4GB  tok/s 6,851
[21:55:39] step  1480/2000  ce 4.3119  lr 5.60e-04  |grad| 0.20  mem 57.4GB  tok/s 6,851
[21:57:14] step  1490/2000  ce 4.2365  lr 5.51e-04  |grad| 0.20  mem 57.4GB  tok/s 6,851
[21:58:49] step  1500/2000  ce 4.2870  lr 5.43e-04  |grad| 0.21  mem 57.4GB  tok/s 6,851
[21:58:58]   [eval @ 1500] val PPL=69.26
[21:59:02]   [ckpt @ 1500] -> checkpoint_treatment_seed0.pt
[22:00:37] step  1510/2000  ce 4.2900  lr 5.34e-04  |grad| 0.19  mem 57.4GB  tok/s 6,846
[22:02:12] step  1520/2000  ce 4.0001  lr 5.26e-04  |grad| 0.19  mem 57.4GB  tok/s 6,846
[22:03:47] step  1530/2000  ce 4.2227  lr 5.18e-04  |grad| 0.23  mem 57.4GB  tok/s 6,846
[22:05:22] step  1540/2000  ce 4.1210  lr 5.10e-04  |grad| 0.19  mem 57.4GB  tok/s 6,846
[22:06:57] step  1550/2000  ce 4.4539  lr 5.02e-04  |grad| 0.20  mem 57.4GB  tok/s 6,847
[22:08:32] step  1560/2000  ce 4.0541  lr 4.95e-04  |grad| 0.20  mem 57.4GB  tok/s 6,847
[22:10:08] step  1570/2000  ce 4.1544  lr 4.87e-04  |grad| 0.19  mem 57.4GB  tok/s 6,847
[22:11:43] step  1580/2000  ce 4.1833  lr 4.80e-04  |grad| 0.21  mem 57.4GB  tok/s 6,847
[22:13:18] step  1590/2000  ce 3.8223  lr 4.73e-04  |grad| 0.18  mem 57.4GB  tok/s 6,848
[22:14:53] step  1600/2000  ce 3.9585  lr 4.65e-04  |grad| 0.18  mem 57.4GB  tok/s 6,848
[22:16:28] step  1610/2000  ce 4.1028  lr 4.59e-04  |grad| 0.18  mem 57.4GB  tok/s 6,848
[22:18:03] step  1620/2000  ce 4.4903  lr 4.52e-04  |grad| 0.20  mem 57.4GB  tok/s 6,848
[22:19:39] step  1630/2000  ce 4.3017  lr 4.45e-04  |grad| 0.18  mem 57.4GB  tok/s 6,849
[22:21:14] step  1640/2000  ce 4.2692  lr 4.39e-04  |grad| 0.17  mem 57.4GB  tok/s 6,849
[22:22:49] step  1650/2000  ce 4.1347  lr 4.32e-04  |grad| 0.18  mem 57.4GB  tok/s 6,849
[22:24:25] step  1660/2000  ce 4.1751  lr 4.26e-04  |grad| 0.20  mem 57.4GB  tok/s 6,849
[22:26:00] step  1670/2000  ce 4.1018  lr 4.20e-04  |grad| 0.18  mem 57.4GB  tok/s 6,849
[22:27:37] step  1680/2000  ce 4.2015  lr 4.14e-04  |grad| 0.18  mem 57.4GB  tok/s 6,849
[22:29:21] step  1690/2000  ce 4.2783  lr 4.09e-04  |grad| 0.18  mem 57.4GB  tok/s 6,845
[22:31:06] step  1700/2000  ce 4.1325  lr 4.03e-04  |grad| 0.18  mem 57.4GB  tok/s 6,842
[22:32:51] step  1710/2000  ce 4.3391  lr 3.98e-04  |grad| 0.20  mem 57.4GB  tok/s 6,838
[22:34:35] step  1720/2000  ce 3.9237  lr 3.93e-04  |grad| 0.18  mem 57.4GB  tok/s 6,834
[22:36:17] step  1730/2000  ce 4.2359  lr 3.88e-04  |grad| 0.17  mem 57.4GB  tok/s 6,831
[22:38:02] step  1740/2000  ce 4.0910  lr 3.83e-04  |grad| 0.18  mem 57.4GB  tok/s 6,828
[22:39:48] step  1750/2000  ce 3.8376  lr 3.78e-04  |grad| 0.19  mem 57.4GB  tok/s 6,824
[22:39:51]   [ckpt @ 1750] -> checkpoint_treatment_seed0.pt
[22:41:35] step  1760/2000  ce 4.0495  lr 3.74e-04  |grad| 0.19  mem 57.4GB  tok/s 6,819
[22:43:17] step  1770/2000  ce 4.2592  lr 3.69e-04  |grad| 0.18  mem 57.4GB  tok/s 6,817
[22:44:59] step  1780/2000  ce 4.1159  lr 3.65e-04  |grad| 0.18  mem 57.4GB  tok/s 6,815
[22:46:41] step  1790/2000  ce 3.9307  lr 3.61e-04  |grad| 0.18  mem 57.4GB  tok/s 6,813
[22:48:23] step  1800/2000  ce 4.2160  lr 3.57e-04  |grad| 0.17  mem 57.4GB  tok/s 6,810
[22:50:05] step  1810/2000  ce 3.8447  lr 3.54e-04  |grad| 0.18  mem 57.4GB  tok/s 6,808
[22:51:47] step  1820/2000  ce 4.0382  lr 3.50e-04  |grad| 0.17  mem 57.4GB  tok/s 6,806
[22:53:28] step  1830/2000  ce 4.1852  lr 3.47e-04  |grad| 0.17  mem 57.4GB  tok/s 6,804
[22:55:11] step  1840/2000  ce 4.1467  lr 3.44e-04  |grad| 0.18  mem 57.4GB  tok/s 6,801
[22:56:54] step  1850/2000  ce 3.8806  lr 3.41e-04  |grad| 0.18  mem 57.4GB  tok/s 6,799
[22:58:38] step  1860/2000  ce 4.1550  lr 3.38e-04  |grad| 0.18  mem 57.4GB  tok/s 6,796
[23:00:25] step  1870/2000  ce 3.9399  lr 3.36e-04  |grad| 0.17  mem 57.4GB  tok/s 6,792
[23:02:08] step  1880/2000  ce 4.0862  lr 3.34e-04  |grad| 0.17  mem 57.4GB  tok/s 6,789
[23:03:50] step  1890/2000  ce 3.8997  lr 3.31e-04  |grad| 0.18  mem 57.4GB  tok/s 6,787
[23:05:34] step  1900/2000  ce 4.1269  lr 3.29e-04  |grad| 0.18  mem 57.4GB  tok/s 6,785
[23:07:19] step  1910/2000  ce 4.1912  lr 3.28e-04  |grad| 0.17  mem 57.4GB  tok/s 6,782
[23:09:03] step  1920/2000  ce 4.2959  lr 3.26e-04  |grad| 0.17  mem 57.4GB  tok/s 6,779
[23:10:45] step  1930/2000  ce 4.0373  lr 3.25e-04  |grad| 0.20  mem 57.4GB  tok/s 6,777
[23:12:30] step  1940/2000  ce 4.1251  lr 3.23e-04  |grad| 0.18  mem 57.4GB  tok/s 6,774
[23:14:14] step  1950/2000  ce 4.1546  lr 3.22e-04  |grad| 0.19  mem 57.4GB  tok/s 6,771
[23:15:57] step  1960/2000  ce 4.0670  lr 3.22e-04  |grad| 0.17  mem 57.4GB  tok/s 6,769
[23:17:41] step  1970/2000  ce 4.1316  lr 3.21e-04  |grad| 0.17  mem 57.4GB  tok/s 6,766
[23:19:27] step  1980/2000  ce 4.0298  lr 3.20e-04  |grad| 0.17  mem 57.4GB  tok/s 6,763
[23:21:11] step  1990/2000  ce 4.1775  lr 3.20e-04  |grad| 0.18  mem 57.4GB  tok/s 6,761
[23:22:57] step  2000/2000  ce 4.2641  lr 3.20e-04  |grad| 0.17  mem 57.4GB  tok/s 6,758
[23:23:06]   [eval @ 2000] val PPL=61.07
[23:23:10]   [ckpt @ 2000] -> checkpoint_treatment_seed0.pt
[23:23:13] DONE
