[04:41:13] ARM arch=faithful schedule=cosine optimizer=adamw zloss=0.0 | vr=False ln=False hg=False | steps=2000 seed=2 tok/step=65,536
[04:41:14] optimizer split: 197 / 113 param tensors
[04:41:17] DATA=dclm-edu: 150,107,480 train + 300,000 val tokens (shards 4)
[04:41:17] Compiling model...
[04:42:56] step    10/2000  ce 10.0053  lr 1.70e-04  |grad| 1.83  mem 57.4GB  tok/s 6,664
[04:44:30] step    20/2000  ce 8.5187  lr 3.40e-04  |grad| 1.13  mem 57.4GB  tok/s 6,799
[04:46:05] step    30/2000  ce 7.7635  lr 5.10e-04  |grad| 0.90  mem 57.4GB  tok/s 6,845
[04:47:40] step    40/2000  ce 7.7648  lr 6.80e-04  |grad| 0.73  mem 57.4GB  tok/s 6,864
[04:49:14] step    50/2000  ce 7.6036  lr 8.50e-04  |grad| 0.73  mem 57.4GB  tok/s 6,875
[04:50:49] step    60/2000  ce 7.4388  lr 1.02e-03  |grad| 0.76  mem 57.4GB  tok/s 6,882
[04:52:24] step    70/2000  ce 7.4597  lr 1.19e-03  |grad| 1.31  mem 57.4GB  tok/s 6,886
[04:53:59] step    80/2000  ce 7.0436  lr 1.36e-03  |grad| 0.79  mem 57.4GB  tok/s 6,890
[04:55:33] step    90/2000  ce 6.7483  lr 1.53e-03  |grad| 0.73  mem 57.4GB  tok/s 6,892
[04:57:08] step   100/2000  ce 6.8501  lr 1.70e-03  |grad| 0.67  mem 57.4GB  tok/s 6,895
[04:58:43] step   110/2000  ce 6.4401  lr 1.70e-03  |grad| 0.56  mem 57.4GB  tok/s 6,896
[05:00:18] step   120/2000  ce 6.6521  lr 1.70e-03  |grad| 0.70  mem 57.4GB  tok/s 6,897
[05:01:53] step   130/2000  ce 6.5239  lr 1.70e-03  |grad| 0.51  mem 57.4GB  tok/s 6,898
[05:03:27] step   140/2000  ce 6.6139  lr 1.70e-03  |grad| 0.71  mem 57.4GB  tok/s 6,900
[05:05:02] step   150/2000  ce 6.4274  lr 1.70e-03  |grad| 0.61  mem 57.4GB  tok/s 6,901
[05:06:37] step   160/2000  ce 6.5126  lr 1.70e-03  |grad| 0.47  mem 57.4GB  tok/s 6,902
[05:08:12] step   170/2000  ce 6.3887  lr 1.70e-03  |grad| 0.43  mem 57.4GB  tok/s 6,903
[05:09:47] step   180/2000  ce 6.6861  lr 1.69e-03  |grad| 0.45  mem 57.4GB  tok/s 6,903
[05:11:21] step   190/2000  ce 6.3236  lr 1.69e-03  |grad| 0.79  mem 57.4GB  tok/s 6,903
[05:12:56] step   200/2000  ce 6.3204  lr 1.69e-03  |grad| 0.44  mem 57.4GB  tok/s 6,904
[05:14:31] step   210/2000  ce 6.1384  lr 1.69e-03  |grad| 0.44  mem 57.4GB  tok/s 6,905
[05:16:06] step   220/2000  ce 6.0969  lr 1.69e-03  |grad| 0.39  mem 57.4GB  tok/s 6,906
[05:17:40] step   230/2000  ce 5.9750  lr 1.68e-03  |grad| 0.56  mem 57.4GB  tok/s 6,906
[05:19:15] step   240/2000  ce 5.7766  lr 1.68e-03  |grad| 0.40  mem 57.4GB  tok/s 6,906
[05:20:50] step   250/2000  ce 5.8520  lr 1.68e-03  |grad| 0.45  mem 57.4GB  tok/s 6,907
[05:20:53]   [ckpt @ 250] -> checkpoint_treatment_seed2.pt
[05:22:36] step   260/2000  ce 5.7849  lr 1.68e-03  |grad| 0.44  mem 57.4GB  tok/s 6,874
[05:24:12] step   270/2000  ce 5.7807  lr 1.67e-03  |grad| 0.45  mem 57.4GB  tok/s 6,874
[05:25:47] step   280/2000  ce 5.9188  lr 1.67e-03  |grad| 0.37  mem 57.4GB  tok/s 6,875
[05:27:22] step   290/2000  ce 5.4658  lr 1.67e-03  |grad| 0.41  mem 57.4GB  tok/s 6,876
[05:28:57] step   300/2000  ce 5.9398  lr 1.66e-03  |grad| 0.42  mem 57.4GB  tok/s 6,876
[05:30:32] step   310/2000  ce 5.8257  lr 1.66e-03  |grad| 0.44  mem 57.4GB  tok/s 6,877
[05:32:07] step   320/2000  ce 5.5963  lr 1.65e-03  |grad| 0.41  mem 57.4GB  tok/s 6,877
[05:33:42] step   330/2000  ce 5.8235  lr 1.65e-03  |grad| 0.37  mem 57.4GB  tok/s 6,878
[05:35:17] step   340/2000  ce 5.4668  lr 1.65e-03  |grad| 0.33  mem 57.4GB  tok/s 6,878
[05:36:52] step   350/2000  ce 5.5790  lr 1.64e-03  |grad| 0.39  mem 57.4GB  tok/s 6,879
[05:38:27] step   360/2000  ce 5.4806  lr 1.64e-03  |grad| 0.48  mem 57.4GB  tok/s 6,879
[05:40:03] step   370/2000  ce 5.6190  lr 1.63e-03  |grad| 0.34  mem 57.4GB  tok/s 6,879
[05:41:38] step   380/2000  ce 5.3769  lr 1.63e-03  |grad| 0.35  mem 57.4GB  tok/s 6,878
[05:43:14] step   390/2000  ce 5.2835  lr 1.62e-03  |grad| 0.37  mem 57.4GB  tok/s 6,878
[05:44:49] step   400/2000  ce 5.2884  lr 1.62e-03  |grad| 0.31  mem 57.4GB  tok/s 6,878
[05:46:24] step   410/2000  ce 5.5918  lr 1.61e-03  |grad| 0.44  mem 57.4GB  tok/s 6,878
[05:47:59] step   420/2000  ce 5.3629  lr 1.61e-03  |grad| 0.39  mem 57.4GB  tok/s 6,878
[05:49:35] step   430/2000  ce 5.7661  lr 1.60e-03  |grad| 0.35  mem 57.4GB  tok/s 6,878
[05:51:10] step   440/2000  ce 5.3545  lr 1.59e-03  |grad| 0.38  mem 57.4GB  tok/s 6,878
[05:52:45] step   450/2000  ce 5.6379  lr 1.59e-03  |grad| 0.30  mem 57.4GB  tok/s 6,878
[05:54:21] step   460/2000  ce 5.4904  lr 1.58e-03  |grad| 0.33  mem 57.4GB  tok/s 6,878
[05:55:56] step   470/2000  ce 5.4608  lr 1.57e-03  |grad| 0.35  mem 57.4GB  tok/s 6,878
[05:57:31] step   480/2000  ce 5.2628  lr 1.57e-03  |grad| 0.38  mem 57.4GB  tok/s 6,878
[05:59:07] step   490/2000  ce 5.2254  lr 1.56e-03  |grad| 0.33  mem 57.4GB  tok/s 6,878
[06:00:42] step   500/2000  ce 5.0388  lr 1.55e-03  |grad| 0.35  mem 57.4GB  tok/s 6,878
[06:00:53]   [eval @ 500] val PPL=186.55
[06:00:57]   [ckpt @ 500] -> checkpoint_treatment_seed2.pt
[06:02:33] step   510/2000  ce 5.2880  lr 1.55e-03  |grad| 0.32  mem 57.4GB  tok/s 6,855
[06:04:09] step   520/2000  ce 5.2603  lr 1.54e-03  |grad| 0.33  mem 57.4GB  tok/s 6,855
[06:05:44] step   530/2000  ce 5.1403  lr 1.53e-03  |grad| 0.30  mem 57.4GB  tok/s 6,855
[06:07:20] step   540/2000  ce 5.2343  lr 1.53e-03  |grad| 0.33  mem 57.4GB  tok/s 6,856
[06:08:55] step   550/2000  ce 4.8988  lr 1.52e-03  |grad| 0.36  mem 57.4GB  tok/s 6,856
[06:10:30] step   560/2000  ce 4.9191  lr 1.51e-03  |grad| 0.30  mem 57.4GB  tok/s 6,857
[06:12:05] step   570/2000  ce 5.1127  lr 1.50e-03  |grad| 0.34  mem 57.4GB  tok/s 6,858
[06:13:40] step   580/2000  ce 5.1078  lr 1.49e-03  |grad| 0.31  mem 57.4GB  tok/s 6,858
[06:15:15] step   590/2000  ce 5.2372  lr 1.49e-03  |grad| 0.33  mem 57.4GB  tok/s 6,859
[06:16:51] step   600/2000  ce 4.9124  lr 1.48e-03  |grad| 0.29  mem 57.4GB  tok/s 6,859
[06:18:26] step   610/2000  ce 5.3713  lr 1.47e-03  |grad| 0.29  mem 57.4GB  tok/s 6,859
[06:20:01] step   620/2000  ce 4.9580  lr 1.46e-03  |grad| 0.27  mem 57.4GB  tok/s 6,859
[06:21:37] step   630/2000  ce 4.9742  lr 1.45e-03  |grad| 0.33  mem 57.4GB  tok/s 6,860
[06:23:12] step   640/2000  ce 4.8783  lr 1.44e-03  |grad| 0.33  mem 57.4GB  tok/s 6,860
[06:24:48] step   650/2000  ce 5.1287  lr 1.43e-03  |grad| 0.30  mem 57.4GB  tok/s 6,860
[06:26:23] step   660/2000  ce 5.0852  lr 1.42e-03  |grad| 0.27  mem 57.4GB  tok/s 6,860
[06:27:59] step   670/2000  ce 4.7301  lr 1.42e-03  |grad| 0.28  mem 57.4GB  tok/s 6,860
[06:29:34] step   680/2000  ce 4.8462  lr 1.41e-03  |grad| 0.32  mem 57.4GB  tok/s 6,860
[06:31:09] step   690/2000  ce 4.8219  lr 1.40e-03  |grad| 0.28  mem 57.4GB  tok/s 6,861
[06:32:44] step   700/2000  ce 4.6330  lr 1.39e-03  |grad| 0.29  mem 57.4GB  tok/s 6,861
[06:34:19] step   710/2000  ce 4.6880  lr 1.38e-03  |grad| 0.25  mem 57.4GB  tok/s 6,861
[06:35:54] step   720/2000  ce 4.6085  lr 1.37e-03  |grad| 0.24  mem 57.4GB  tok/s 6,862
[06:37:29] step   730/2000  ce 4.9124  lr 1.36e-03  |grad| 0.29  mem 57.4GB  tok/s 6,862
[06:39:04] step   740/2000  ce 4.8461  lr 1.35e-03  |grad| 0.36  mem 57.4GB  tok/s 6,863
[06:40:40] step   750/2000  ce 4.8400  lr 1.34e-03  |grad| 0.32  mem 57.4GB  tok/s 6,863
[06:40:43]   [ckpt @ 750] -> checkpoint_treatment_seed2.pt
[06:42:18] step   760/2000  ce 4.9152  lr 1.33e-03  |grad| 0.27  mem 57.4GB  tok/s 6,860
[06:43:53] step   770/2000  ce 4.8320  lr 1.32e-03  |grad| 0.26  mem 57.4GB  tok/s 6,860
[06:45:29] step   780/2000  ce 4.5830  lr 1.31e-03  |grad| 0.30  mem 57.4GB  tok/s 6,861
[06:47:04] step   790/2000  ce 4.7656  lr 1.30e-03  |grad| 0.29  mem 57.4GB  tok/s 6,861
[06:48:39] step   800/2000  ce 4.8670  lr 1.29e-03  |grad| 0.26  mem 57.4GB  tok/s 6,861
[06:50:14] step   810/2000  ce 4.8450  lr 1.28e-03  |grad| 0.27  mem 57.4GB  tok/s 6,862
[06:51:49] step   820/2000  ce 4.9908  lr 1.27e-03  |grad| 0.24  mem 57.4GB  tok/s 6,862
[06:53:25] step   830/2000  ce 4.6307  lr 1.26e-03  |grad| 0.33  mem 57.4GB  tok/s 6,862
[06:55:00] step   840/2000  ce 4.7586  lr 1.24e-03  |grad| 0.31  mem 57.4GB  tok/s 6,862
[06:56:36] step   850/2000  ce 4.4131  lr 1.23e-03  |grad| 0.28  mem 57.4GB  tok/s 6,862
[06:58:11] step   860/2000  ce 4.7385  lr 1.22e-03  |grad| 0.28  mem 57.4GB  tok/s 6,862
[06:59:46] step   870/2000  ce 4.9104  lr 1.21e-03  |grad| 0.26  mem 57.4GB  tok/s 6,863
[07:01:21] step   880/2000  ce 4.4861  lr 1.20e-03  |grad| 0.25  mem 57.4GB  tok/s 6,863
[07:02:56] step   890/2000  ce 4.6755  lr 1.19e-03  |grad| 0.30  mem 57.4GB  tok/s 6,863
[07:04:32] step   900/2000  ce 4.7555  lr 1.18e-03  |grad| 0.24  mem 57.4GB  tok/s 6,863
[07:06:07] step   910/2000  ce 4.6364  lr 1.17e-03  |grad| 0.24  mem 57.4GB  tok/s 6,864
[07:07:42] step   920/2000  ce 4.1523  lr 1.16e-03  |grad| 0.25  mem 57.4GB  tok/s 6,864
[07:09:17] step   930/2000  ce 4.4430  lr 1.15e-03  |grad| 0.24  mem 57.4GB  tok/s 6,864
[07:10:52] step   940/2000  ce 4.7016  lr 1.13e-03  |grad| 0.25  mem 57.4GB  tok/s 6,864
[07:12:27] step   950/2000  ce 4.5106  lr 1.12e-03  |grad| 0.23  mem 57.4GB  tok/s 6,865
[07:14:02] step   960/2000  ce 4.5879  lr 1.11e-03  |grad| 0.24  mem 57.4GB  tok/s 6,865
[07:15:37] step   970/2000  ce 4.3890  lr 1.10e-03  |grad| 0.23  mem 57.4GB  tok/s 6,865
[07:17:12] step   980/2000  ce 4.6021  lr 1.09e-03  |grad| 0.27  mem 57.4GB  tok/s 6,866
[07:18:47] step   990/2000  ce 4.3095  lr 1.08e-03  |grad| 0.24  mem 57.4GB  tok/s 6,866
[07:20:22] step  1000/2000  ce 4.6663  lr 1.07e-03  |grad| 0.21  mem 57.4GB  tok/s 6,866
[07:20:32]   [eval @ 1000] val PPL=92.45
[07:20:35]   [ckpt @ 1000] -> checkpoint_treatment_seed2.pt
[07:22:11] step  1010/2000  ce 4.3698  lr 1.06e-03  |grad| 0.22  mem 57.4GB  tok/s 6,857
[07:23:46] step  1020/2000  ce 4.5271  lr 1.04e-03  |grad| 0.20  mem 57.4GB  tok/s 6,857
[07:25:21] step  1030/2000  ce 4.5387  lr 1.03e-03  |grad| 0.24  mem 57.4GB  tok/s 6,857
[07:26:56] step  1040/2000  ce 4.3191  lr 1.02e-03  |grad| 0.22  mem 57.4GB  tok/s 6,858
[07:28:31] step  1050/2000  ce 4.8751  lr 1.01e-03  |grad| 0.29  mem 57.4GB  tok/s 6,858
[07:30:06] step  1060/2000  ce 4.4541  lr 9.99e-04  |grad| 0.23  mem 57.4GB  tok/s 6,859
[07:31:42] step  1070/2000  ce 4.3744  lr 9.87e-04  |grad| 0.26  mem 57.4GB  tok/s 6,859
[07:33:17] step  1080/2000  ce 4.5475  lr 9.76e-04  |grad| 0.23  mem 57.4GB  tok/s 6,859
[07:34:52] step  1090/2000  ce 4.3669  lr 9.64e-04  |grad| 0.22  mem 57.4GB  tok/s 6,859
[07:36:28] step  1100/2000  ce 4.4412  lr 9.53e-04  |grad| 0.22  mem 57.4GB  tok/s 6,859
[07:38:03] step  1110/2000  ce 4.3003  lr 9.42e-04  |grad| 0.20  mem 57.4GB  tok/s 6,859
[07:39:38] step  1120/2000  ce 4.4882  lr 9.30e-04  |grad| 0.22  mem 57.4GB  tok/s 6,860
[07:41:14] step  1130/2000  ce 4.5601  lr 9.19e-04  |grad| 0.22  mem 57.4GB  tok/s 6,860
[07:42:49] step  1140/2000  ce 4.4798  lr 9.08e-04  |grad| 0.21  mem 57.4GB  tok/s 6,860
[07:44:24] step  1150/2000  ce 4.2745  lr 8.96e-04  |grad| 0.22  mem 57.4GB  tok/s 6,860
[07:45:59] step  1160/2000  ce 4.3844  lr 8.85e-04  |grad| 0.21  mem 57.4GB  tok/s 6,860
[07:47:35] step  1170/2000  ce 4.3055  lr 8.74e-04  |grad| 0.24  mem 57.4GB  tok/s 6,860
[07:49:10] step  1180/2000  ce 4.6027  lr 8.63e-04  |grad| 0.21  mem 57.4GB  tok/s 6,860
[07:50:45] step  1190/2000  ce 4.3069  lr 8.52e-04  |grad| 0.21  mem 57.4GB  tok/s 6,861
[07:52:21] step  1200/2000  ce 4.5104  lr 8.41e-04  |grad| 0.21  mem 57.4GB  tok/s 6,861
[07:53:56] step  1210/2000  ce 4.3373  lr 8.30e-04  |grad| 0.23  mem 57.4GB  tok/s 6,861
[07:55:31] step  1220/2000  ce 4.1689  lr 8.19e-04  |grad| 0.23  mem 57.4GB  tok/s 6,861
[07:57:07] step  1230/2000  ce 4.3436  lr 8.08e-04  |grad| 0.20  mem 57.4GB  tok/s 6,861
[07:58:42] step  1240/2000  ce 4.2199  lr 7.97e-04  |grad| 0.22  mem 57.4GB  tok/s 6,861
[08:00:17] step  1250/2000  ce 4.3160  lr 7.86e-04  |grad| 0.26  mem 57.4GB  tok/s 6,861
[08:00:21]   [ckpt @ 1250] -> checkpoint_treatment_seed2.pt
[08:01:56] step  1260/2000  ce 4.3415  lr 7.75e-04  |grad| 0.19  mem 57.4GB  tok/s 6,860
[08:03:31] step  1270/2000  ce 4.2266  lr 7.65e-04  |grad| 0.24  mem 57.4GB  tok/s 6,860
[08:05:06] step  1280/2000  ce 4.1596  lr 7.54e-04  |grad| 0.22  mem 57.4GB  tok/s 6,860
[08:06:41] step  1290/2000  ce 4.4080  lr 7.43e-04  |grad| 0.20  mem 57.4GB  tok/s 6,860
[08:08:16] step  1300/2000  ce 4.2457  lr 7.33e-04  |grad| 0.21  mem 57.4GB  tok/s 6,860
[08:09:51] step  1310/2000  ce 4.4594  lr 7.22e-04  |grad| 0.20  mem 57.4GB  tok/s 6,861
[08:11:26] step  1320/2000  ce 4.3770  lr 7.12e-04  |grad| 0.22  mem 57.4GB  tok/s 6,861
[08:13:01] step  1330/2000  ce 4.2870  lr 7.02e-04  |grad| 0.21  mem 57.4GB  tok/s 6,861
[08:14:36] step  1340/2000  ce 4.3534  lr 6.92e-04  |grad| 0.20  mem 57.4GB  tok/s 6,861
[08:16:12] step  1350/2000  ce 4.2670  lr 6.82e-04  |grad| 0.20  mem 57.4GB  tok/s 6,862
[08:17:47] step  1360/2000  ce 4.2544  lr 6.72e-04  |grad| 0.21  mem 57.4GB  tok/s 6,862
[08:19:22] step  1370/2000  ce 4.0830  lr 6.62e-04  |grad| 0.24  mem 57.4GB  tok/s 6,862
[08:20:57] step  1380/2000  ce 4.2827  lr 6.52e-04  |grad| 0.18  mem 57.4GB  tok/s 6,862
[08:22:32] step  1390/2000  ce 4.2239  lr 6.42e-04  |grad| 0.21  mem 57.4GB  tok/s 6,863
[08:24:07] step  1400/2000  ce 4.1244  lr 6.33e-04  |grad| 0.21  mem 57.4GB  tok/s 6,863
[08:25:42] step  1410/2000  ce 4.0884  lr 6.23e-04  |grad| 0.20  mem 57.4GB  tok/s 6,863
[08:27:17] step  1420/2000  ce 4.2784  lr 6.14e-04  |grad| 0.21  mem 57.4GB  tok/s 6,863
[08:28:53] step  1430/2000  ce 4.3091  lr 6.04e-04  |grad| 0.19  mem 57.4GB  tok/s 6,863
[08:30:28] step  1440/2000  ce 4.2573  lr 5.95e-04  |grad| 0.19  mem 57.4GB  tok/s 6,863
[08:32:03] step  1450/2000  ce 4.1268  lr 5.86e-04  |grad| 0.19  mem 57.4GB  tok/s 6,863
[08:33:39] step  1460/2000  ce 4.2012  lr 5.77e-04  |grad| 0.19  mem 57.4GB  tok/s 6,863
[08:35:15] step  1470/2000  ce 4.3655  lr 5.68e-04  |grad| 0.20  mem 57.4GB  tok/s 6,863
[08:36:50] step  1480/2000  ce 4.0271  lr 5.60e-04  |grad| 0.20  mem 57.4GB  tok/s 6,863
[08:38:25] step  1490/2000  ce 3.9108  lr 5.51e-04  |grad| 0.18  mem 57.4GB  tok/s 6,863
[08:40:00] step  1500/2000  ce 4.0121  lr 5.43e-04  |grad| 0.21  mem 57.4GB  tok/s 6,863
[08:40:10]   [eval @ 1500] val PPL=69.20
[08:40:13]   [ckpt @ 1500] -> checkpoint_treatment_seed2.pt
[08:41:49] step  1510/2000  ce 4.3831  lr 5.34e-04  |grad| 0.19  mem 57.4GB  tok/s 6,857
[08:43:24] step  1520/2000  ce 4.1683  lr 5.26e-04  |grad| 0.18  mem 57.4GB  tok/s 6,857
[08:44:59] step  1530/2000  ce 4.9604  lr 5.18e-04  |grad| 0.36  mem 57.4GB  tok/s 6,858
[08:46:34] step  1540/2000  ce 4.0789  lr 5.10e-04  |grad| 0.19  mem 57.4GB  tok/s 6,858
[08:48:09] step  1550/2000  ce 4.4014  lr 5.02e-04  |grad| 0.18  mem 57.4GB  tok/s 6,858
[08:49:45] step  1560/2000  ce 4.5113  lr 4.95e-04  |grad| 0.19  mem 57.4GB  tok/s 6,858
[08:51:20] step  1570/2000  ce 4.3012  lr 4.87e-04  |grad| 0.18  mem 57.4GB  tok/s 6,859
[08:52:55] step  1580/2000  ce 4.2095  lr 4.80e-04  |grad| 0.20  mem 57.4GB  tok/s 6,859
[08:54:30] step  1590/2000  ce 4.1911  lr 4.73e-04  |grad| 0.18  mem 57.4GB  tok/s 6,859
[08:56:05] step  1600/2000  ce 4.0731  lr 4.65e-04  |grad| 0.20  mem 57.4GB  tok/s 6,859
[08:57:41] step  1610/2000  ce 4.5475  lr 4.59e-04  |grad| 0.20  mem 57.4GB  tok/s 6,859
[08:59:16] step  1620/2000  ce 3.8819  lr 4.52e-04  |grad| 0.20  mem 57.4GB  tok/s 6,859
[09:00:53] step  1630/2000  ce 3.7383  lr 4.45e-04  |grad| 0.18  mem 57.4GB  tok/s 6,859
[09:02:29] step  1640/2000  ce 4.2159  lr 4.39e-04  |grad| 0.18  mem 57.4GB  tok/s 6,858
[09:04:05] step  1650/2000  ce 4.0165  lr 4.32e-04  |grad| 0.18  mem 57.4GB  tok/s 6,858
[09:05:41] step  1660/2000  ce 4.1769  lr 4.26e-04  |grad| 0.18  mem 57.4GB  tok/s 6,858
[09:07:16] step  1670/2000  ce 4.1274  lr 4.20e-04  |grad| 0.18  mem 57.4GB  tok/s 6,858
[09:08:52] step  1680/2000  ce 4.0549  lr 4.14e-04  |grad| 0.20  mem 57.4GB  tok/s 6,858
[09:10:27] step  1690/2000  ce 3.6886  lr 4.09e-04  |grad| 0.19  mem 57.4GB  tok/s 6,858
[09:12:02] step  1700/2000  ce 4.2598  lr 4.03e-04  |grad| 0.18  mem 57.4GB  tok/s 6,858
[09:13:38] step  1710/2000  ce 4.1203  lr 3.98e-04  |grad| 0.18  mem 57.4GB  tok/s 6,858
[09:15:13] step  1720/2000  ce 4.1230  lr 3.93e-04  |grad| 0.18  mem 57.4GB  tok/s 6,858
[09:16:48] step  1730/2000  ce 4.0986  lr 3.88e-04  |grad| 0.18  mem 57.4GB  tok/s 6,859
[09:18:23] step  1740/2000  ce 4.2035  lr 3.83e-04  |grad| 0.19  mem 57.4GB  tok/s 6,859
[09:19:59] step  1750/2000  ce 4.0522  lr 3.78e-04  |grad| 0.17  mem 57.4GB  tok/s 6,859
[09:20:02]   [ckpt @ 1750] -> checkpoint_treatment_seed2.pt
[09:21:38] step  1760/2000  ce 4.1554  lr 3.74e-04  |grad| 0.19  mem 57.4GB  tok/s 6,858
[09:23:13] step  1770/2000  ce 4.2059  lr 3.69e-04  |grad| 0.18  mem 57.4GB  tok/s 6,858
[09:24:48] step  1780/2000  ce 4.0661  lr 3.65e-04  |grad| 0.17  mem 57.4GB  tok/s 6,858
[09:26:24] step  1790/2000  ce 4.1062  lr 3.61e-04  |grad| 0.18  mem 57.4GB  tok/s 6,858
[09:27:59] step  1800/2000  ce 4.3440  lr 3.57e-04  |grad| 0.18  mem 57.4GB  tok/s 6,858
[09:29:34] step  1810/2000  ce 4.3081  lr 3.54e-04  |grad| 0.19  mem 57.4GB  tok/s 6,858
[09:31:10] step  1820/2000  ce 3.7252  lr 3.50e-04  |grad| 0.19  mem 57.4GB  tok/s 6,858
[09:32:45] step  1830/2000  ce 4.2930  lr 3.47e-04  |grad| 0.19  mem 57.4GB  tok/s 6,858
[09:34:20] step  1840/2000  ce 4.2559  lr 3.44e-04  |grad| 0.18  mem 57.4GB  tok/s 6,858
[09:35:56] step  1850/2000  ce 4.0588  lr 3.41e-04  |grad| 0.17  mem 57.4GB  tok/s 6,858
[09:37:31] step  1860/2000  ce 4.3292  lr 3.38e-04  |grad| 0.18  mem 57.4GB  tok/s 6,858
[09:39:07] step  1870/2000  ce 4.0529  lr 3.36e-04  |grad| 0.18  mem 57.4GB  tok/s 6,858
[09:40:42] step  1880/2000  ce 4.0727  lr 3.34e-04  |grad| 0.18  mem 57.4GB  tok/s 6,859
[09:42:17] step  1890/2000  ce 4.0747  lr 3.31e-04  |grad| 0.19  mem 57.4GB  tok/s 6,859
[09:43:52] step  1900/2000  ce 4.2425  lr 3.29e-04  |grad| 0.18  mem 57.4GB  tok/s 6,859
[09:45:27] step  1910/2000  ce 4.0078  lr 3.28e-04  |grad| 0.18  mem 57.4GB  tok/s 6,859
[09:47:02] step  1920/2000  ce 3.8813  lr 3.26e-04  |grad| 0.17  mem 57.4GB  tok/s 6,859
[09:48:37] step  1930/2000  ce 4.0376  lr 3.25e-04  |grad| 0.17  mem 57.4GB  tok/s 6,860
[09:50:13] step  1940/2000  ce 4.0564  lr 3.23e-04  |grad| 0.19  mem 57.4GB  tok/s 6,859
[09:51:48] step  1950/2000  ce 4.2078  lr 3.22e-04  |grad| 0.19  mem 57.4GB  tok/s 6,859
[09:53:24] step  1960/2000  ce 4.3097  lr 3.22e-04  |grad| 0.19  mem 57.4GB  tok/s 6,860
[09:54:59] step  1970/2000  ce 3.8094  lr 3.21e-04  |grad| 0.18  mem 57.4GB  tok/s 6,860
[09:56:34] step  1980/2000  ce 4.0710  lr 3.20e-04  |grad| 0.18  mem 57.4GB  tok/s 6,860
[09:58:10] step  1990/2000  ce 4.0076  lr 3.20e-04  |grad| 0.20  mem 57.4GB  tok/s 6,860
[09:59:45] step  2000/2000  ce 4.1330  lr 3.20e-04  |grad| 0.17  mem 57.4GB  tok/s 6,860
[09:59:54]   [eval @ 2000] val PPL=61.17
[09:59:58]   [ckpt @ 2000] -> checkpoint_treatment_seed2.pt
[10:00:01] DONE
