[safe_cuda] capped CUDA at 85% of 129 GB unified pool (~109 GB); over-allocation now errors cleanly.
[10:56:58] ARM arch=faithful schedule=wsd optimizer=adamw zloss=0.0 | vr=False ln=False hg=False | steps=2000 seed=1 tok/step=65,536
[10:56:58] optimizer split: 197 / 113 param tensors
Warning: You are sending unauthenticated requests to the HF Hub. Please set a HF_TOKEN to enable higher rate limits and faster downloads.
[10:57:01]   loaded cached tokens from tokcache_133072000_300000_seed0_Qwen3-0.6B-Base.pt (133,072,000 train + 300,000 val)
[10:57:01] Compiling model...
[10:58:47] step    10/2000  ce 10.0064  lr 1.70e-04  |grad| 1.92  mem 57.4GB  tok/s 6,266
[11:00:26] step    20/2000  ce 8.0306  lr 3.40e-04  |grad| 0.96  mem 57.4GB  tok/s 6,450
[11:02:04] step    30/2000  ce 7.9139  lr 5.10e-04  |grad| 0.86  mem 57.4GB  tok/s 6,512
[11:03:43] step    40/2000  ce 7.6138  lr 6.80e-04  |grad| 0.66  mem 57.4GB  tok/s 6,548
[11:05:29] step    50/2000  ce 7.3673  lr 8.50e-04  |grad| 1.25  mem 57.4GB  tok/s 6,472
[11:07:18] step    60/2000  ce 7.2609  lr 1.02e-03  |grad| 0.79  mem 57.4GB  tok/s 6,389
[11:09:04] step    70/2000  ce 7.2627  lr 1.19e-03  |grad| 0.71  mem 57.4GB  tok/s 6,354
[11:10:51] step    80/2000  ce 7.0777  lr 1.36e-03  |grad| 0.83  mem 57.4GB  tok/s 6,323
[11:12:39] step    90/2000  ce 6.7931  lr 1.53e-03  |grad| 0.85  mem 57.4GB  tok/s 6,296
[11:14:25] step   100/2000  ce 6.7392  lr 1.70e-03  |grad| 0.73  mem 57.4GB  tok/s 6,284
[11:16:10] step   110/2000  ce 6.7993  lr 1.70e-03  |grad| 0.61  mem 57.4GB  tok/s 6,282
[11:17:55] step   120/2000  ce 7.0370  lr 1.70e-03  |grad| 0.71  mem 57.4GB  tok/s 6,278
[11:19:41] step   130/2000  ce 6.4121  lr 1.70e-03  |grad| 0.47  mem 57.4GB  tok/s 6,271
[11:21:23] step   140/2000  ce 6.4696  lr 1.70e-03  |grad| 0.46  mem 57.4GB  tok/s 6,280
[11:23:13] step   150/2000  ce 6.4998  lr 1.70e-03  |grad| 0.68  mem 57.4GB  tok/s 6,260
[11:24:59] step   160/2000  ce 6.3330  lr 1.70e-03  |grad| 0.57  mem 57.4GB  tok/s 6,255
[11:26:46] step   170/2000  ce 6.5048  lr 1.70e-03  |grad| 0.50  mem 57.4GB  tok/s 6,248
[11:28:34] step   180/2000  ce 6.3863  lr 1.70e-03  |grad| 0.55  mem 57.4GB  tok/s 6,235
[11:30:18] step   190/2000  ce 6.2710  lr 1.70e-03  |grad| 0.46  mem 57.4GB  tok/s 6,240
[11:32:07] step   200/2000  ce 6.2664  lr 1.70e-03  |grad| 0.45  mem 57.4GB  tok/s 6,228
[11:33:56] step   210/2000  ce 6.1945  lr 1.70e-03  |grad| 0.52  mem 57.4GB  tok/s 6,216
[11:35:41] step   220/2000  ce 5.8717  lr 1.70e-03  |grad| 0.50  mem 57.4GB  tok/s 6,219
[11:37:24] step   230/2000  ce 6.0910  lr 1.70e-03  |grad| 0.44  mem 57.4GB  tok/s 6,224
[11:39:07] step   240/2000  ce 5.8665  lr 1.70e-03  |grad| 0.52  mem 57.4GB  tok/s 6,231
[11:40:48] step   250/2000  ce 6.1376  lr 1.70e-03  |grad| 0.37  mem 57.4GB  tok/s 6,239
[11:40:52]   [ckpt @ 250] -> checkpoint_wsd_seed1.pt
[11:42:33] step   260/2000  ce 5.8305  lr 1.70e-03  |grad| 0.36  mem 57.4GB  tok/s 6,239
[11:44:15] step   270/2000  ce 5.6502  lr 1.70e-03  |grad| 0.34  mem 57.4GB  tok/s 6,247
[11:45:53] step   280/2000  ce 5.7278  lr 1.70e-03  |grad| 0.37  mem 57.4GB  tok/s 6,261
[11:47:28] step   290/2000  ce 5.7436  lr 1.70e-03  |grad| 0.38  mem 57.4GB  tok/s 6,281
[11:49:02] step   300/2000  ce 5.7888  lr 1.70e-03  |grad| 0.41  mem 57.4GB  tok/s 6,302
[11:50:37] step   310/2000  ce 5.7960  lr 1.70e-03  |grad| 0.30  mem 57.4GB  tok/s 6,320
[11:52:11] step   320/2000  ce 5.5952  lr 1.70e-03  |grad| 0.37  mem 57.4GB  tok/s 6,338
[11:53:46] step   330/2000  ce 5.4121  lr 1.70e-03  |grad| 0.36  mem 57.4GB  tok/s 6,354
[11:55:20] step   340/2000  ce 5.6135  lr 1.70e-03  |grad| 0.36  mem 57.4GB  tok/s 6,370
[11:56:55] step   350/2000  ce 5.5469  lr 1.70e-03  |grad| 0.43  mem 57.4GB  tok/s 6,384
[11:58:30] step   360/2000  ce 5.6364  lr 1.70e-03  |grad| 0.45  mem 57.4GB  tok/s 6,398
[12:00:04] step   370/2000  ce 5.6302  lr 1.70e-03  |grad| 0.34  mem 57.4GB  tok/s 6,411
[12:01:39] step   380/2000  ce 5.5112  lr 1.70e-03  |grad| 0.31  mem 57.4GB  tok/s 6,424
[12:03:14] step   390/2000  ce 5.5334  lr 1.70e-03  |grad| 0.33  mem 57.4GB  tok/s 6,436
[12:04:48] step   400/2000  ce 5.4740  lr 1.70e-03  |grad| 0.30  mem 57.4GB  tok/s 6,447
[12:06:23] step   410/2000  ce 5.0762  lr 1.70e-03  |grad| 0.34  mem 57.4GB  tok/s 6,458
[12:07:57] step   420/2000  ce 5.2954  lr 1.70e-03  |grad| 0.37  mem 57.4GB  tok/s 6,469
[12:09:32] step   430/2000  ce 5.3279  lr 1.70e-03  |grad| 0.33  mem 57.4GB  tok/s 6,479
[12:11:06] step   440/2000  ce 5.3187  lr 1.70e-03  |grad| 0.34  mem 57.4GB  tok/s 6,489
[12:12:41] step   450/2000  ce 5.2182  lr 1.70e-03  |grad| 0.30  mem 57.4GB  tok/s 6,498
[12:14:15] step   460/2000  ce 5.5428  lr 1.70e-03  |grad| 0.31  mem 57.4GB  tok/s 6,507
[12:15:50] step   470/2000  ce 5.2172  lr 1.70e-03  |grad| 0.33  mem 57.4GB  tok/s 6,515
[12:17:24] step   480/2000  ce 5.1798  lr 1.70e-03  |grad| 0.32  mem 57.4GB  tok/s 6,524
[12:18:59] step   490/2000  ce 5.1519  lr 1.70e-03  |grad| 0.32  mem 57.4GB  tok/s 6,532
[12:20:33] step   500/2000  ce 5.1503  lr 1.70e-03  |grad| 0.34  mem 57.4GB  tok/s 6,539
[12:20:44]   [eval @ 500] val PPL=152.11
[12:20:48]   [ckpt @ 500] -> checkpoint_wsd_seed1.pt
[12:22:23] step   510/2000  ce 4.9713  lr 1.70e-03  |grad| 0.31  mem 57.4GB  tok/s 6,527
[12:23:57] step   520/2000  ce 4.9374  lr 1.70e-03  |grad| 0.36  mem 57.4GB  tok/s 6,535
[12:25:32] step   530/2000  ce 5.2148  lr 1.70e-03  |grad| 0.34  mem 57.4GB  tok/s 6,542
[12:27:06] step   540/2000  ce 4.8047  lr 1.70e-03  |grad| 0.30  mem 57.4GB  tok/s 6,549
[12:28:41] step   550/2000  ce 5.0510  lr 1.70e-03  |grad| 0.35  mem 57.4GB  tok/s 6,555
[12:30:16] step   560/2000  ce 4.7237  lr 1.70e-03  |grad| 0.26  mem 57.4GB  tok/s 6,561
[12:31:50] step   570/2000  ce 4.9209  lr 1.70e-03  |grad| 0.35  mem 57.4GB  tok/s 6,568
[12:33:25] step   580/2000  ce 4.6462  lr 1.70e-03  |grad| 0.29  mem 57.4GB  tok/s 6,574
[12:34:59] step   590/2000  ce 4.7032  lr 1.70e-03  |grad| 0.34  mem 57.4GB  tok/s 6,579
[12:36:34] step   600/2000  ce 5.1198  lr 1.70e-03  |grad| 0.39  mem 57.4GB  tok/s 6,585
[12:38:08] step   610/2000  ce 4.4928  lr 1.70e-03  |grad| 0.33  mem 57.4GB  tok/s 6,590
[12:39:43] step   620/2000  ce 4.8169  lr 1.70e-03  |grad| 0.33  mem 57.4GB  tok/s 6,595
[12:41:17] step   630/2000  ce 4.3583  lr 1.70e-03  |grad| 0.30  mem 57.4GB  tok/s 6,601
[12:42:52] step   640/2000  ce 4.7041  lr 1.70e-03  |grad| 0.27  mem 57.4GB  tok/s 6,606
[12:44:26] step   650/2000  ce 4.5811  lr 1.70e-03  |grad| 0.26  mem 57.4GB  tok/s 6,610
[12:46:01] step   660/2000  ce 4.6685  lr 1.70e-03  |grad| 0.28  mem 57.4GB  tok/s 6,615
[12:47:36] step   670/2000  ce 4.7186  lr 1.70e-03  |grad| 0.31  mem 57.4GB  tok/s 6,620
[12:49:10] step   680/2000  ce 4.8766  lr 1.70e-03  |grad| 0.30  mem 57.4GB  tok/s 6,624
[12:50:45] step   690/2000  ce 4.8596  lr 1.70e-03  |grad| 0.29  mem 57.4GB  tok/s 6,628
[12:52:19] step   700/2000  ce 4.3080  lr 1.70e-03  |grad| 0.28  mem 57.4GB  tok/s 6,632
[12:53:54] step   710/2000  ce 4.7781  lr 1.70e-03  |grad| 0.27  mem 57.4GB  tok/s 6,637
[12:55:28] step   720/2000  ce 4.6531  lr 1.70e-03  |grad| 0.28  mem 57.4GB  tok/s 6,641
[12:57:03] step   730/2000  ce 4.4469  lr 1.70e-03  |grad| 0.28  mem 57.4GB  tok/s 6,644
[12:58:37] step   740/2000  ce 4.5885  lr 1.70e-03  |grad| 0.27  mem 57.4GB  tok/s 6,648
[13:00:12] step   750/2000  ce 4.4286  lr 1.70e-03  |grad| 0.27  mem 57.4GB  tok/s 6,652
[13:00:15]   [ckpt @ 750] -> checkpoint_wsd_seed1.pt
[13:01:50] step   760/2000  ce 4.5205  lr 1.70e-03  |grad| 0.28  mem 57.4GB  tok/s 6,652
[13:03:24] step   770/2000  ce 4.3301  lr 1.70e-03  |grad| 0.23  mem 57.4GB  tok/s 6,656
[13:04:59] step   780/2000  ce 4.4282  lr 1.70e-03  |grad| 0.31  mem 57.4GB  tok/s 6,659
[13:06:33] step   790/2000  ce 4.5553  lr 1.70e-03  |grad| 0.28  mem 57.4GB  tok/s 6,662
[13:08:08] step   800/2000  ce 4.5911  lr 1.70e-03  |grad| 0.30  mem 57.4GB  tok/s 6,666
[13:09:42] step   810/2000  ce 4.6581  lr 1.70e-03  |grad| 0.24  mem 57.4GB  tok/s 6,669
[13:11:17] step   820/2000  ce 4.2724  lr 1.70e-03  |grad| 0.25  mem 57.4GB  tok/s 6,672
[13:12:51] step   830/2000  ce 4.6112  lr 1.70e-03  |grad| 0.25  mem 57.4GB  tok/s 6,675
[13:14:26] step   840/2000  ce 3.9843  lr 1.70e-03  |grad| 0.27  mem 57.4GB  tok/s 6,678
[13:16:00] step   850/2000  ce 4.4519  lr 1.70e-03  |grad| 0.26  mem 57.4GB  tok/s 6,681
[13:17:35] step   860/2000  ce 4.5301  lr 1.70e-03  |grad| 0.23  mem 57.4GB  tok/s 6,684
[13:19:09] step   870/2000  ce 4.2837  lr 1.70e-03  |grad| 0.25  mem 57.4GB  tok/s 6,687
[13:20:44] step   880/2000  ce 4.0516  lr 1.70e-03  |grad| 0.23  mem 57.4GB  tok/s 6,689
[13:22:18] step   890/2000  ce 4.3746  lr 1.70e-03  |grad| 0.29  mem 57.4GB  tok/s 6,692
[13:23:53] step   900/2000  ce 4.2378  lr 1.70e-03  |grad| 0.25  mem 57.4GB  tok/s 6,695
[13:25:27] step   910/2000  ce 4.2638  lr 1.70e-03  |grad| 0.24  mem 57.4GB  tok/s 6,697
[13:27:02] step   920/2000  ce 4.3063  lr 1.70e-03  |grad| 0.28  mem 57.4GB  tok/s 6,700
[13:28:36] step   930/2000  ce 4.5571  lr 1.70e-03  |grad| 0.25  mem 57.4GB  tok/s 6,702
[13:30:11] step   940/2000  ce 3.7805  lr 1.70e-03  |grad| 0.28  mem 57.4GB  tok/s 6,704
[13:31:49] step   950/2000  ce 4.3492  lr 1.70e-03  |grad| 0.25  mem 57.4GB  tok/s 6,704
[13:33:31] step   960/2000  ce 4.0727  lr 1.70e-03  |grad| 0.26  mem 57.4GB  tok/s 6,701
[13:35:13] step   970/2000  ce 4.1798  lr 1.70e-03  |grad| 0.27  mem 57.4GB  tok/s 6,698
[13:36:54] step   980/2000  ce 4.3156  lr 1.70e-03  |grad| 0.25  mem 57.4GB  tok/s 6,696
[13:38:36] step   990/2000  ce 4.3462  lr 1.70e-03  |grad| 0.25  mem 57.4GB  tok/s 6,693
[13:40:14] step  1000/2000  ce 4.1574  lr 1.70e-03  |grad| 0.26  mem 57.4GB  tok/s 6,693
[13:40:23]   [eval @ 1000] val PPL=73.54
[13:40:27]   [ckpt @ 1000] -> checkpoint_wsd_seed1.pt
[13:42:02] step  1010/2000  ce 4.1730  lr 1.70e-03  |grad| 0.27  mem 57.4GB  tok/s 6,687
[13:43:36] step  1020/2000  ce 4.3344  lr 1.70e-03  |grad| 0.22  mem 57.4GB  tok/s 6,689
[13:45:11] step  1030/2000  ce 4.3119  lr 1.70e-03  |grad| 0.30  mem 57.4GB  tok/s 6,691
[13:46:47] step  1040/2000  ce 4.0250  lr 1.70e-03  |grad| 0.24  mem 57.4GB  tok/s 6,692
[13:48:24] step  1050/2000  ce 4.1670  lr 1.70e-03  |grad| 0.27  mem 57.4GB  tok/s 6,693
[13:49:59] step  1060/2000  ce 4.2368  lr 1.70e-03  |grad| 0.25  mem 57.4GB  tok/s 6,695
[13:51:33] step  1070/2000  ce 4.6176  lr 1.70e-03  |grad| 0.27  mem 57.4GB  tok/s 6,697
[13:53:08] step  1080/2000  ce 4.2316  lr 1.70e-03  |grad| 0.25  mem 57.4GB  tok/s 6,699
[13:54:42] step  1090/2000  ce 4.1062  lr 1.70e-03  |grad| 0.24  mem 57.4GB  tok/s 6,701
[13:56:17] step  1100/2000  ce 4.2689  lr 1.70e-03  |grad| 0.24  mem 57.4GB  tok/s 6,703
[13:57:51] step  1110/2000  ce 4.2302  lr 1.70e-03  |grad| 0.23  mem 57.4GB  tok/s 6,705
[13:59:26] step  1120/2000  ce 4.3059  lr 1.70e-03  |grad| 0.23  mem 57.4GB  tok/s 6,707
[14:01:00] step  1130/2000  ce 4.2469  lr 1.70e-03  |grad| 0.22  mem 57.4GB  tok/s 6,709
[14:02:35] step  1140/2000  ce 3.9847  lr 1.70e-03  |grad| 0.26  mem 57.4GB  tok/s 6,711
[14:04:09] step  1150/2000  ce 4.4866  lr 1.70e-03  |grad| 0.28  mem 57.4GB  tok/s 6,713
[14:05:46] step  1160/2000  ce 4.0036  lr 1.70e-03  |grad| 0.21  mem 57.4GB  tok/s 6,714
[14:07:21] step  1170/2000  ce 4.0461  lr 1.70e-03  |grad| 0.25  mem 57.4GB  tok/s 6,715
[14:08:55] step  1180/2000  ce 4.2742  lr 1.70e-03  |grad| 0.24  mem 57.4GB  tok/s 6,717
[14:10:29] step  1190/2000  ce 4.1534  lr 1.70e-03  |grad| 0.23  mem 57.4GB  tok/s 6,719
[14:12:04] step  1200/2000  ce 4.2337  lr 1.70e-03  |grad| 0.21  mem 57.4GB  tok/s 6,721
[14:13:38] step  1210/2000  ce 4.2477  lr 1.70e-03  |grad| 0.25  mem 57.4GB  tok/s 6,722
[14:15:13] step  1220/2000  ce 4.0698  lr 1.70e-03  |grad| 0.25  mem 57.4GB  tok/s 6,724
[14:16:48] step  1230/2000  ce 4.2621  lr 1.70e-03  |grad| 0.29  mem 57.4GB  tok/s 6,726
[14:18:22] step  1240/2000  ce 3.8786  lr 1.70e-03  |grad| 0.21  mem 57.4GB  tok/s 6,727
[14:19:57] step  1250/2000  ce 4.2165  lr 1.70e-03  |grad| 0.23  mem 57.4GB  tok/s 6,729
[14:20:00]   [ckpt @ 1250] -> checkpoint_wsd_seed1.pt
[14:21:35] step  1260/2000  ce 4.0676  lr 1.70e-03  |grad| 0.22  mem 57.4GB  tok/s 6,728
[14:23:09] step  1270/2000  ce 3.9730  lr 1.70e-03  |grad| 0.25  mem 57.4GB  tok/s 6,730
[14:24:44] step  1280/2000  ce 4.2921  lr 1.70e-03  |grad| 0.25  mem 57.4GB  tok/s 6,732
[14:26:24] step  1290/2000  ce 4.1516  lr 1.70e-03  |grad| 0.22  mem 57.4GB  tok/s 6,730
[14:28:06] step  1300/2000  ce 4.1793  lr 1.70e-03  |grad| 0.21  mem 57.4GB  tok/s 6,728
[14:29:47] step  1310/2000  ce 4.2298  lr 1.70e-03  |grad| 0.25  mem 57.4GB  tok/s 6,726
[14:31:29] step  1320/2000  ce 4.2421  lr 1.70e-03  |grad| 0.24  mem 57.4GB  tok/s 6,723
[14:33:11] step  1330/2000  ce 4.0412  lr 1.70e-03  |grad| 0.24  mem 57.4GB  tok/s 6,721
[14:34:52] step  1340/2000  ce 4.0812  lr 1.70e-03  |grad| 0.26  mem 57.4GB  tok/s 6,719
[14:36:30] step  1350/2000  ce 3.9400  lr 1.70e-03  |grad| 0.21  mem 57.4GB  tok/s 6,719
[14:38:05] step  1360/2000  ce 4.2405  lr 1.70e-03  |grad| 0.24  mem 57.4GB  tok/s 6,720
[14:39:39] step  1370/2000  ce 4.2404  lr 1.70e-03  |grad| 0.26  mem 57.4GB  tok/s 6,722
[14:41:14] step  1380/2000  ce 4.2345  lr 1.70e-03  |grad| 0.26  mem 57.4GB  tok/s 6,723
[14:42:49] step  1390/2000  ce 4.1184  lr 1.70e-03  |grad| 0.24  mem 57.4GB  tok/s 6,725
[14:44:23] step  1400/2000  ce 4.1083  lr 1.70e-03  |grad| 0.22  mem 57.4GB  tok/s 6,726
[14:45:58] step  1410/2000  ce 4.1291  lr 1.70e-03  |grad| 0.25  mem 57.4GB  tok/s 6,728
[14:47:32] step  1420/2000  ce 3.9372  lr 1.70e-03  |grad| 0.21  mem 57.4GB  tok/s 6,729
[14:49:07] step  1430/2000  ce 3.9952  lr 1.70e-03  |grad| 0.23  mem 57.4GB  tok/s 6,730
[14:50:41] step  1440/2000  ce 4.3181  lr 1.70e-03  |grad| 0.39  mem 57.4GB  tok/s 6,732
[14:52:16] step  1450/2000  ce 4.0557  lr 1.70e-03  |grad| 0.23  mem 57.4GB  tok/s 6,733
[14:53:50] step  1460/2000  ce 3.9460  lr 1.70e-03  |grad| 0.22  mem 57.4GB  tok/s 6,735
[14:55:25] step  1470/2000  ce 4.1090  lr 1.70e-03  |grad| 0.25  mem 57.4GB  tok/s 6,736
[14:56:59] step  1480/2000  ce 4.0751  lr 1.70e-03  |grad| 0.21  mem 57.4GB  tok/s 6,737
[14:58:34] step  1490/2000  ce 4.0091  lr 1.70e-03  |grad| 0.22  mem 57.4GB  tok/s 6,738
[15:00:08] step  1500/2000  ce 4.0060  lr 1.70e-03  |grad| 0.22  mem 57.4GB  tok/s 6,740
[15:00:17]   [eval @ 1500] val PPL=56.68
[15:00:21]   [ckpt @ 1500] -> checkpoint_wsd_seed1.pt
[15:01:55] step  1510/2000  ce 4.0897  lr 1.70e-03  |grad| 0.21  mem 57.4GB  tok/s 6,735
[15:03:30] step  1520/2000  ce 3.8689  lr 1.70e-03  |grad| 0.23  mem 57.4GB  tok/s 6,736
[15:05:04] step  1530/2000  ce 4.2165  lr 1.70e-03  |grad| 0.23  mem 57.4GB  tok/s 6,738
[15:06:39] step  1540/2000  ce 4.0668  lr 1.70e-03  |grad| 0.21  mem 57.4GB  tok/s 6,739
[15:08:13] step  1550/2000  ce 4.0823  lr 1.70e-03  |grad| 0.21  mem 57.4GB  tok/s 6,740
[15:09:48] step  1560/2000  ce 4.0708  lr 1.70e-03  |grad| 0.25  mem 57.4GB  tok/s 6,741
[15:11:24] step  1570/2000  ce 3.9629  lr 1.70e-03  |grad| 0.25  mem 57.4GB  tok/s 6,742
[15:13:13] step  1580/2000  ce 4.1474  lr 1.70e-03  |grad| 0.24  mem 57.4GB  tok/s 6,737
[15:14:54] step  1590/2000  ce 3.8227  lr 1.70e-03  |grad| 0.22  mem 57.4GB  tok/s 6,735
[15:16:36] step  1600/2000  ce 4.1172  lr 1.70e-03  |grad| 0.19  mem 57.4GB  tok/s 6,733
[15:18:18] step  1610/2000  ce 4.1121  lr 1.66e-03  |grad| 0.21  mem 57.4GB  tok/s 6,731
[15:19:59] step  1620/2000  ce 4.0729  lr 1.61e-03  |grad| 0.20  mem 57.4GB  tok/s 6,729
[15:21:41] step  1630/2000  ce 4.1527  lr 1.57e-03  |grad| 0.19  mem 57.4GB  tok/s 6,728
[15:23:22] step  1640/2000  ce 3.8887  lr 1.53e-03  |grad| 0.20  mem 57.4GB  tok/s 6,726
[15:24:59] step  1650/2000  ce 4.1315  lr 1.49e-03  |grad| 0.23  mem 57.4GB  tok/s 6,726
[15:26:34] step  1660/2000  ce 3.9116  lr 1.44e-03  |grad| 0.21  mem 57.4GB  tok/s 6,727
[15:28:11] step  1670/2000  ce 3.9805  lr 1.40e-03  |grad| 0.21  mem 57.4GB  tok/s 6,728
[15:29:47] step  1680/2000  ce 4.0644  lr 1.36e-03  |grad| 0.22  mem 57.4GB  tok/s 6,728
[15:31:23] step  1690/2000  ce 3.8913  lr 1.32e-03  |grad| 0.20  mem 57.4GB  tok/s 6,728
[15:32:58] step  1700/2000  ce 3.9799  lr 1.27e-03  |grad| 0.21  mem 57.4GB  tok/s 6,730
[15:34:35] step  1710/2000  ce 3.8579  lr 1.23e-03  |grad| 0.18  mem 57.4GB  tok/s 6,730
[15:36:09] step  1720/2000  ce 4.0830  lr 1.19e-03  |grad| 0.23  mem 57.4GB  tok/s 6,731
[15:37:44] step  1730/2000  ce 4.0160  lr 1.15e-03  |grad| 0.19  mem 57.4GB  tok/s 6,732
[15:39:20] step  1740/2000  ce 4.0082  lr 1.11e-03  |grad| 0.24  mem 57.4GB  tok/s 6,732
[15:40:55] step  1750/2000  ce 3.8576  lr 1.06e-03  |grad| 0.19  mem 57.4GB  tok/s 6,733
[15:40:59]   [ckpt @ 1750] -> checkpoint_wsd_seed1.pt
[15:42:33] step  1760/2000  ce 3.9676  lr 1.02e-03  |grad| 0.20  mem 57.4GB  tok/s 6,733
[15:44:07] step  1770/2000  ce 3.6585  lr 9.77e-04  |grad| 0.18  mem 57.4GB  tok/s 6,734
[15:45:42] step  1780/2000  ce 3.9453  lr 9.35e-04  |grad| 0.18  mem 57.4GB  tok/s 6,735
[15:47:17] step  1790/2000  ce 4.0124  lr 8.92e-04  |grad| 0.19  mem 57.4GB  tok/s 6,736
[15:48:51] step  1800/2000  ce 3.6657  lr 8.50e-04  |grad| 0.19  mem 57.4GB  tok/s 6,737
[15:50:26] step  1810/2000  ce 3.7142  lr 8.07e-04  |grad| 0.20  mem 57.4GB  tok/s 6,739
[15:52:00] step  1820/2000  ce 3.9012  lr 7.65e-04  |grad| 0.18  mem 57.4GB  tok/s 6,740
[15:53:35] step  1830/2000  ce 3.8353  lr 7.22e-04  |grad| 0.21  mem 57.4GB  tok/s 6,741
[15:55:09] step  1840/2000  ce 3.4649  lr 6.80e-04  |grad| 0.18  mem 57.4GB  tok/s 6,742
[15:56:49] step  1850/2000  ce 3.7320  lr 6.37e-04  |grad| 0.17  mem 57.4GB  tok/s 6,741
[15:58:24] step  1860/2000  ce 3.4698  lr 5.95e-04  |grad| 0.17  mem 57.4GB  tok/s 6,742
[15:59:58] step  1870/2000  ce 3.6527  lr 5.53e-04  |grad| 0.17  mem 57.4GB  tok/s 6,742
[16:01:40] step  1880/2000  ce 4.0509  lr 5.10e-04  |grad| 0.17  mem 57.4GB  tok/s 6,741
[16:03:22] step  1890/2000  ce 3.9208  lr 4.68e-04  |grad| 0.15  mem 57.4GB  tok/s 6,739
[16:05:04] step  1900/2000  ce 3.8296  lr 4.25e-04  |grad| 0.15  mem 57.4GB  tok/s 6,738
[16:06:40] step  1910/2000  ce 3.8185  lr 3.82e-04  |grad| 0.17  mem 57.4GB  tok/s 6,738
[16:08:15] step  1920/2000  ce 3.8579  lr 3.40e-04  |grad| 0.17  mem 57.4GB  tok/s 6,739
[16:09:50] step  1930/2000  ce 3.9397  lr 2.97e-04  |grad| 0.15  mem 57.4GB  tok/s 6,740
[16:11:24] step  1940/2000  ce 3.6038  lr 2.55e-04  |grad| 0.15  mem 57.4GB  tok/s 6,741
[16:12:59] step  1950/2000  ce 3.6611  lr 2.12e-04  |grad| 0.16  mem 57.4GB  tok/s 6,742
[16:14:33] step  1960/2000  ce 3.5713  lr 1.70e-04  |grad| 0.14  mem 57.4GB  tok/s 6,742
[16:16:08] step  1970/2000  ce 3.7934  lr 1.27e-04  |grad| 0.15  mem 57.4GB  tok/s 6,743
[16:17:42] step  1980/2000  ce 3.5847  lr 8.50e-05  |grad| 0.15  mem 57.4GB  tok/s 6,744
[16:19:17] step  1990/2000  ce 3.7938  lr 4.25e-05  |grad| 0.15  mem 57.4GB  tok/s 6,745
[16:20:51] step  2000/2000  ce 3.6092  lr 0.00e+00  |grad| 0.15  mem 57.4GB  tok/s 6,746
[16:21:00]   [eval @ 2000] val PPL=42.32
[16:21:04]   [ckpt @ 2000] -> checkpoint_wsd_seed1.pt
[16:21:07] DONE
