[safe_cuda] capped CUDA at 85% of 129 GB unified pool (~109 GB); over-allocation now errors cleanly.
[06:53:29] ARM arch=faithful schedule=cosine optimizer=adamw zloss=0.0001 | vr=False ln=False hg=False | steps=2000 seed=1 tok/step=65,536
[06:53:30] optimizer split: 197 / 113 param tensors
Warning: You are sending unauthenticated requests to the HF Hub. Please set a HF_TOKEN to enable higher rate limits and faster downloads.
[06:53:33]   loaded cached tokens from tokcache_133072000_300000_seed0_Qwen3-0.6B-Base.pt (133,072,000 train + 300,000 val)
[06:53:33] Compiling model...
[06:55:47] step    10/2000  ce 10.0065  z 0.01419  lr 1.70e-04  |grad| 1.92  mem 67.3GB  tok/s 4,905
[06:57:56] step    20/2000  ce 8.0302  z 0.01237  lr 3.40e-04  |grad| 0.96  mem 67.3GB  tok/s 4,984
[07:00:06] step    30/2000  ce 7.9152  z 0.01351  lr 5.10e-04  |grad| 0.87  mem 67.3GB  tok/s 5,012
[07:02:15] step    40/2000  ce 7.6159  z 0.01293  lr 6.80e-04  |grad| 0.67  mem 67.3GB  tok/s 5,026
[07:04:25] step    50/2000  ce 7.3792  z 0.01227  lr 8.50e-04  |grad| 1.36  mem 67.3GB  tok/s 5,033
[07:06:34] step    60/2000  ce 7.3214  z 0.01275  lr 1.02e-03  |grad| 0.86  mem 67.3GB  tok/s 5,037
[07:08:43] step    70/2000  ce 7.2963  z 0.01292  lr 1.19e-03  |grad| 0.52  mem 67.3GB  tok/s 5,041
[07:10:53] step    80/2000  ce 7.1085  z 0.01334  lr 1.36e-03  |grad| 0.80  mem 67.3GB  tok/s 5,043
[07:13:03] step    90/2000  ce 6.8220  z 0.01308  lr 1.53e-03  |grad| 0.56  mem 67.3GB  tok/s 5,045
[07:15:12] step   100/2000  ce 6.7517  z 0.01342  lr 1.70e-03  |grad| 0.55  mem 67.3GB  tok/s 5,046
[07:17:22] step   110/2000  ce 6.8488  z 0.01339  lr 1.70e-03  |grad| 0.59  mem 67.3GB  tok/s 5,047
[07:19:31] step   120/2000  ce 7.0628  z 0.01313  lr 1.70e-03  |grad| 0.58  mem 67.3GB  tok/s 5,048
[07:21:41] step   130/2000  ce 6.4385  z 0.01281  lr 1.70e-03  |grad| 0.60  mem 67.3GB  tok/s 5,048
[07:23:51] step   140/2000  ce 6.4987  z 0.01286  lr 1.70e-03  |grad| 0.87  mem 67.3GB  tok/s 5,049
[07:26:00] step   150/2000  ce 6.5072  z 0.01292  lr 1.70e-03  |grad| 0.44  mem 67.3GB  tok/s 5,049
[07:28:10] step   160/2000  ce 6.3124  z 0.01316  lr 1.70e-03  |grad| 0.56  mem 67.3GB  tok/s 5,050
[07:30:20] step   170/2000  ce 6.5136  z 0.01267  lr 1.70e-03  |grad| 0.59  mem 67.3GB  tok/s 5,050
[07:32:29] step   180/2000  ce 6.3507  z 0.01293  lr 1.69e-03  |grad| 0.45  mem 67.3GB  tok/s 5,050
[07:34:39] step   190/2000  ce 6.2821  z 0.01264  lr 1.69e-03  |grad| 0.73  mem 67.3GB  tok/s 5,050
[07:36:49] step   200/2000  ce 6.2560  z 0.01304  lr 1.69e-03  |grad| 0.55  mem 67.3GB  tok/s 5,050
[07:38:58] step   210/2000  ce 6.2042  z 0.01305  lr 1.69e-03  |grad| 0.58  mem 67.3GB  tok/s 5,051
[07:41:08] step   220/2000  ce 5.9221  z 0.01417  lr 1.69e-03  |grad| 0.44  mem 67.3GB  tok/s 5,051
[07:43:18] step   230/2000  ce 6.0767  z 0.01322  lr 1.68e-03  |grad| 0.38  mem 67.3GB  tok/s 5,051
[07:45:27] step   240/2000  ce 5.8375  z 0.01305  lr 1.68e-03  |grad| 0.40  mem 67.3GB  tok/s 5,051
[07:47:37] step   250/2000  ce 6.1629  z 0.01296  lr 1.68e-03  |grad| 0.38  mem 67.3GB  tok/s 5,051
[07:47:40]   [ckpt @ 250] -> checkpoint_zloss_seed1.pt
[07:49:50] step   260/2000  ce 5.8279  z 0.01318  lr 1.68e-03  |grad| 0.43  mem 67.3GB  tok/s 5,046
[07:52:00] step   270/2000  ce 5.6412  z 0.01311  lr 1.67e-03  |grad| 0.39  mem 67.3GB  tok/s 5,046
[07:54:09] step   280/2000  ce 5.7261  z 0.01301  lr 1.67e-03  |grad| 0.40  mem 67.3GB  tok/s 5,047
[07:56:19] step   290/2000  ce 5.7373  z 0.01320  lr 1.67e-03  |grad| 0.42  mem 67.3GB  tok/s 5,047
[07:58:29] step   300/2000  ce 5.7748  z 0.01287  lr 1.66e-03  |grad| 0.37  mem 67.3GB  tok/s 5,047
[08:00:39] step   310/2000  ce 5.7874  z 0.01301  lr 1.66e-03  |grad| 0.34  mem 67.3GB  tok/s 5,047
[08:02:48] step   320/2000  ce 5.5862  z 0.01330  lr 1.65e-03  |grad| 0.38  mem 67.3GB  tok/s 5,047
[08:04:58] step   330/2000  ce 5.3892  z 0.01325  lr 1.65e-03  |grad| 0.33  mem 67.3GB  tok/s 5,048
[08:07:08] step   340/2000  ce 5.5923  z 0.01295  lr 1.65e-03  |grad| 0.36  mem 67.3GB  tok/s 5,048
[08:09:17] step   350/2000  ce 5.5403  z 0.01316  lr 1.64e-03  |grad| 0.32  mem 67.3GB  tok/s 5,048
[08:11:27] step   360/2000  ce 5.6100  z 0.01298  lr 1.64e-03  |grad| 0.38  mem 67.3GB  tok/s 5,048
[08:13:36] step   370/2000  ce 5.6101  z 0.01310  lr 1.63e-03  |grad| 0.31  mem 67.3GB  tok/s 5,049
[08:15:46] step   380/2000  ce 5.5001  z 0.01355  lr 1.63e-03  |grad| 0.32  mem 67.3GB  tok/s 5,049
[08:17:56] step   390/2000  ce 5.5032  z 0.01357  lr 1.62e-03  |grad| 0.38  mem 67.3GB  tok/s 5,049
[08:20:06] step   400/2000  ce 5.4732  z 0.01326  lr 1.62e-03  |grad| 0.31  mem 67.3GB  tok/s 5,049
[08:22:15] step   410/2000  ce 5.0567  z 0.01384  lr 1.61e-03  |grad| 0.33  mem 67.3GB  tok/s 5,049
[08:24:25] step   420/2000  ce 5.2722  z 0.01366  lr 1.61e-03  |grad| 0.29  mem 67.3GB  tok/s 5,049
[08:26:35] step   430/2000  ce 5.3347  z 0.01357  lr 1.60e-03  |grad| 0.34  mem 67.3GB  tok/s 5,049
[08:28:44] step   440/2000  ce 5.2812  z 0.01333  lr 1.59e-03  |grad| 0.31  mem 67.3GB  tok/s 5,049
[08:30:54] step   450/2000  ce 5.2047  z 0.01364  lr 1.59e-03  |grad| 0.29  mem 67.3GB  tok/s 5,049
[08:33:04] step   460/2000  ce 5.5387  z 0.01339  lr 1.58e-03  |grad| 0.30  mem 67.3GB  tok/s 5,050
[08:35:13] step   470/2000  ce 5.1899  z 0.01354  lr 1.57e-03  |grad| 0.30  mem 67.3GB  tok/s 5,050
[08:37:23] step   480/2000  ce 5.1589  z 0.01336  lr 1.57e-03  |grad| 0.29  mem 67.3GB  tok/s 5,050
[08:39:33] step   490/2000  ce 5.1390  z 0.01367  lr 1.56e-03  |grad| 0.31  mem 67.3GB  tok/s 5,050
[08:41:42] step   500/2000  ce 5.1478  z 0.01367  lr 1.55e-03  |grad| 0.27  mem 67.3GB  tok/s 5,050
[08:41:53]   [eval @ 500] val PPL=150.08
[08:41:57]   [ckpt @ 500] -> checkpoint_zloss_seed1.pt
[08:44:06] step   510/2000  ce 4.9659  z 0.01365  lr 1.55e-03  |grad| 0.36  mem 67.3GB  tok/s 5,039
[08:46:20] step   520/2000  ce 4.9414  z 0.01350  lr 1.54e-03  |grad| 0.31  mem 67.3GB  tok/s 5,036
[08:48:40] step   530/2000  ce 5.2109  z 0.01321  lr 1.53e-03  |grad| 0.29  mem 67.3GB  tok/s 5,029
[08:50:59] step   540/2000  ce 4.7951  z 0.01409  lr 1.53e-03  |grad| 0.32  mem 67.3GB  tok/s 5,023
[08:53:14] step   550/2000  ce 5.0373  z 0.01371  lr 1.52e-03  |grad| 0.30  mem 67.3GB  tok/s 5,020
[08:55:34] step   560/2000  ce 4.7550  z 0.01395  lr 1.51e-03  |grad| 0.38  mem 67.3GB  tok/s 5,014
[08:57:53] step   570/2000  ce 4.9041  z 0.01374  lr 1.50e-03  |grad| 0.29  mem 67.3GB  tok/s 5,008
[09:00:12] step   580/2000  ce 4.6440  z 0.01393  lr 1.49e-03  |grad| 0.28  mem 67.3GB  tok/s 5,002
[09:02:32] step   590/2000  ce 4.6864  z 0.01418  lr 1.49e-03  |grad| 0.28  mem 67.3GB  tok/s 4,996
[09:04:52] step   600/2000  ce 5.0975  z 0.01360  lr 1.48e-03  |grad| 0.28  mem 67.3GB  tok/s 4,991
[09:07:11] step   610/2000  ce 4.4856  z 0.01442  lr 1.47e-03  |grad| 0.30  mem 67.3GB  tok/s 4,986
[09:09:31] step   620/2000  ce 4.8139  z 0.01410  lr 1.46e-03  |grad| 0.26  mem 67.3GB  tok/s 4,981
[09:11:51] step   630/2000  ce 4.3464  z 0.01486  lr 1.45e-03  |grad| 0.25  mem 67.3GB  tok/s 4,976
[09:14:13] step   640/2000  ce 4.6962  z 0.01415  lr 1.44e-03  |grad| 0.26  mem 67.3GB  tok/s 4,970
[09:16:32] step   650/2000  ce 4.5781  z 0.01402  lr 1.43e-03  |grad| 0.29  mem 67.3GB  tok/s 4,966
[09:18:54] step   660/2000  ce 4.6487  z 0.01445  lr 1.42e-03  |grad| 0.28  mem 67.3GB  tok/s 4,960
[09:21:14] step   670/2000  ce 4.7076  z 0.01395  lr 1.42e-03  |grad| 0.28  mem 67.3GB  tok/s 4,956
[09:23:29] step   680/2000  ce 4.8761  z 0.01390  lr 1.41e-03  |grad| 0.26  mem 67.3GB  tok/s 4,954
[09:25:38] step   690/2000  ce 4.8375  z 0.01418  lr 1.40e-03  |grad| 0.26  mem 67.3GB  tok/s 4,956
[09:27:48] step   700/2000  ce 4.2781  z 0.01514  lr 1.39e-03  |grad| 0.26  mem 67.3GB  tok/s 4,957
[09:29:58] step   710/2000  ce 4.7577  z 0.01415  lr 1.38e-03  |grad| 0.26  mem 67.3GB  tok/s 4,958
[09:32:08] step   720/2000  ce 4.6311  z 0.01428  lr 1.37e-03  |grad| 0.24  mem 67.3GB  tok/s 4,960
[09:34:17] step   730/2000  ce 4.4345  z 0.01436  lr 1.36e-03  |grad| 0.26  mem 67.3GB  tok/s 4,961
[09:36:27] step   740/2000  ce 4.5674  z 0.01423  lr 1.35e-03  |grad| 0.26  mem 67.3GB  tok/s 4,962
[09:38:37] step   750/2000  ce 4.4239  z 0.01457  lr 1.34e-03  |grad| 0.27  mem 67.3GB  tok/s 4,963
[09:38:40]   [ckpt @ 750] -> checkpoint_zloss_seed1.pt
[09:40:50] step   760/2000  ce 4.4977  z 0.01447  lr 1.33e-03  |grad| 0.26  mem 67.3GB  tok/s 4,962
[09:43:00] step   770/2000  ce 4.3134  z 0.01446  lr 1.32e-03  |grad| 0.22  mem 67.3GB  tok/s 4,964
[09:45:10] step   780/2000  ce 4.3817  z 0.01436  lr 1.31e-03  |grad| 0.28  mem 67.3GB  tok/s 4,965
[09:47:19] step   790/2000  ce 4.5270  z 0.01384  lr 1.30e-03  |grad| 0.23  mem 67.3GB  tok/s 4,966
[09:49:29] step   800/2000  ce 4.5598  z 0.01411  lr 1.29e-03  |grad| 0.26  mem 67.3GB  tok/s 4,967
[09:51:39] step   810/2000  ce 4.6422  z 0.01401  lr 1.28e-03  |grad| 0.23  mem 67.3GB  tok/s 4,968
[09:53:49] step   820/2000  ce 4.2561  z 0.01408  lr 1.27e-03  |grad| 0.24  mem 67.3GB  tok/s 4,969
[09:55:58] step   830/2000  ce 4.5813  z 0.01421  lr 1.26e-03  |grad| 0.26  mem 67.3GB  tok/s 4,970
[09:58:08] step   840/2000  ce 3.9484  z 0.01473  lr 1.24e-03  |grad| 0.23  mem 67.3GB  tok/s 4,971
[10:00:18] step   850/2000  ce 4.4127  z 0.01434  lr 1.23e-03  |grad| 0.23  mem 67.3GB  tok/s 4,972
[10:02:28] step   860/2000  ce 4.5031  z 0.01396  lr 1.22e-03  |grad| 0.21  mem 67.3GB  tok/s 4,973
[10:04:37] step   870/2000  ce 4.2496  z 0.01434  lr 1.21e-03  |grad| 0.22  mem 67.3GB  tok/s 4,974
[10:06:47] step   880/2000  ce 4.0067  z 0.01509  lr 1.20e-03  |grad| 0.23  mem 67.3GB  tok/s 4,974
[10:08:57] step   890/2000  ce 4.3248  z 0.01437  lr 1.19e-03  |grad| 0.24  mem 67.3GB  tok/s 4,975
[10:11:07] step   900/2000  ce 4.1960  z 0.01452  lr 1.18e-03  |grad| 0.23  mem 67.3GB  tok/s 4,976
[10:13:17] step   910/2000  ce 4.2189  z 0.01462  lr 1.17e-03  |grad| 0.22  mem 67.3GB  tok/s 4,977
[10:15:26] step   920/2000  ce 4.2688  z 0.01433  lr 1.16e-03  |grad| 0.22  mem 67.3GB  tok/s 4,978
[10:17:36] step   930/2000  ce 4.5255  z 0.01400  lr 1.15e-03  |grad| 0.22  mem 67.3GB  tok/s 4,978
[10:19:46] step   940/2000  ce 3.7445  z 0.01554  lr 1.13e-03  |grad| 0.23  mem 67.3GB  tok/s 4,979
[10:21:55] step   950/2000  ce 4.3173  z 0.01428  lr 1.12e-03  |grad| 0.25  mem 67.3GB  tok/s 4,980
[10:24:05] step   960/2000  ce 4.0395  z 0.01462  lr 1.11e-03  |grad| 0.23  mem 67.3GB  tok/s 4,981
[10:26:15] step   970/2000  ce 4.1485  z 0.01429  lr 1.10e-03  |grad| 0.24  mem 67.3GB  tok/s 4,981
[10:28:24] step   980/2000  ce 4.2953  z 0.01446  lr 1.09e-03  |grad| 0.23  mem 67.3GB  tok/s 4,982
[10:30:34] step   990/2000  ce 4.3144  z 0.01424  lr 1.08e-03  |grad| 0.25  mem 67.3GB  tok/s 4,983
[10:32:44] step  1000/2000  ce 4.1174  z 0.01418  lr 1.07e-03  |grad| 0.26  mem 67.3GB  tok/s 4,983
[10:32:53]   [eval @ 1000] val PPL=70.53
[10:32:56]   [ckpt @ 1000] -> checkpoint_zloss_seed1.pt
[10:35:06] step  1010/2000  ce 4.1562  z 0.01450  lr 1.06e-03  |grad| 0.21  mem 67.3GB  tok/s 4,979
[10:37:16] step  1020/2000  ce 4.2894  z 0.01416  lr 1.04e-03  |grad| 0.21  mem 67.3GB  tok/s 4,980
[10:39:26] step  1030/2000  ce 4.2706  z 0.01434  lr 1.03e-03  |grad| 0.23  mem 67.3GB  tok/s 4,981
[10:41:35] step  1040/2000  ce 3.9943  z 0.01426  lr 1.02e-03  |grad| 0.22  mem 67.3GB  tok/s 4,982
[10:43:45] step  1050/2000  ce 4.1119  z 0.01439  lr 1.01e-03  |grad| 0.20  mem 67.3GB  tok/s 4,982
[10:45:55] step  1060/2000  ce 4.1898  z 0.01412  lr 9.99e-04  |grad| 0.25  mem 67.3GB  tok/s 4,983
[10:48:05] step  1070/2000  ce 4.5937  z 0.01374  lr 9.87e-04  |grad| 0.25  mem 67.3GB  tok/s 4,983
[10:50:15] step  1080/2000  ce 4.1826  z 0.01412  lr 9.76e-04  |grad| 0.21  mem 67.3GB  tok/s 4,984
[10:52:24] step  1090/2000  ce 4.0503  z 0.01450  lr 9.64e-04  |grad| 0.22  mem 67.3GB  tok/s 4,985
[10:54:34] step  1100/2000  ce 4.1965  z 0.01431  lr 9.53e-04  |grad| 0.21  mem 67.3GB  tok/s 4,985
[10:56:44] step  1110/2000  ce 4.1701  z 0.01436  lr 9.42e-04  |grad| 0.21  mem 67.3GB  tok/s 4,986
[10:58:54] step  1120/2000  ce 4.2419  z 0.01411  lr 9.30e-04  |grad| 0.21  mem 67.3GB  tok/s 4,986
[11:01:03] step  1130/2000  ce 4.1912  z 0.01425  lr 9.19e-04  |grad| 0.19  mem 67.3GB  tok/s 4,987
[11:03:13] step  1140/2000  ce 3.9506  z 0.01446  lr 9.08e-04  |grad| 0.21  mem 67.3GB  tok/s 4,988
[11:05:23] step  1150/2000  ce 4.4192  z 0.01387  lr 8.96e-04  |grad| 0.23  mem 67.3GB  tok/s 4,988
[11:07:33] step  1160/2000  ce 3.9793  z 0.01463  lr 8.85e-04  |grad| 0.20  mem 67.3GB  tok/s 4,989
[11:09:42] step  1170/2000  ce 3.9952  z 0.01455  lr 8.74e-04  |grad| 0.22  mem 67.3GB  tok/s 4,989
[11:11:52] step  1180/2000  ce 4.2204  z 0.01421  lr 8.63e-04  |grad| 0.19  mem 67.3GB  tok/s 4,990
[11:14:02] step  1190/2000  ce 4.0789  z 0.01417  lr 8.52e-04  |grad| 0.21  mem 67.3GB  tok/s 4,990
[11:16:12] step  1200/2000  ce 4.1789  z 0.01438  lr 8.41e-04  |grad| 0.20  mem 67.3GB  tok/s 4,991
[11:18:21] step  1210/2000  ce 4.1821  z 0.01407  lr 8.30e-04  |grad| 0.19  mem 67.3GB  tok/s 4,991
[11:20:31] step  1220/2000  ce 4.0188  z 0.01434  lr 8.19e-04  |grad| 0.20  mem 67.3GB  tok/s 4,992
[11:22:41] step  1230/2000  ce 4.1964  z 0.01408  lr 8.08e-04  |grad| 0.20  mem 67.3GB  tok/s 4,992
[11:24:51] step  1240/2000  ce 3.8180  z 0.01472  lr 7.97e-04  |grad| 0.20  mem 67.3GB  tok/s 4,992
[11:27:01] step  1250/2000  ce 4.1608  z 0.01400  lr 7.86e-04  |grad| 0.21  mem 67.3GB  tok/s 4,993
[11:27:04]   [ckpt @ 1250] -> checkpoint_zloss_seed1.pt
[11:29:14] step  1260/2000  ce 3.9909  z 0.01457  lr 7.75e-04  |grad| 0.19  mem 67.3GB  tok/s 4,992
[11:31:24] step  1270/2000  ce 3.9040  z 0.01465  lr 7.65e-04  |grad| 0.20  mem 67.3GB  tok/s 4,993
[11:33:33] step  1280/2000  ce 4.2133  z 0.01418  lr 7.54e-04  |grad| 0.20  mem 67.3GB  tok/s 4,993
[11:35:43] step  1290/2000  ce 4.1015  z 0.01455  lr 7.43e-04  |grad| 0.22  mem 67.3GB  tok/s 4,994
[11:37:53] step  1300/2000  ce 4.1081  z 0.01422  lr 7.33e-04  |grad| 0.18  mem 67.3GB  tok/s 4,994
[11:40:03] step  1310/2000  ce 4.1719  z 0.01426  lr 7.22e-04  |grad| 0.23  mem 67.3GB  tok/s 4,995
[11:42:13] step  1320/2000  ce 4.1740  z 0.01407  lr 7.12e-04  |grad| 0.20  mem 67.3GB  tok/s 4,995
[11:44:22] step  1330/2000  ce 3.9594  z 0.01452  lr 7.02e-04  |grad| 0.21  mem 67.3GB  tok/s 4,995
[11:46:32] step  1340/2000  ce 3.9967  z 0.01438  lr 6.92e-04  |grad| 0.20  mem 67.3GB  tok/s 4,996
[11:48:42] step  1350/2000  ce 3.8696  z 0.01460  lr 6.82e-04  |grad| 0.18  mem 67.3GB  tok/s 4,996
[11:50:52] step  1360/2000  ce 4.1551  z 0.01427  lr 6.72e-04  |grad| 0.20  mem 67.3GB  tok/s 4,997
[11:53:01] step  1370/2000  ce 4.1614  z 0.01421  lr 6.62e-04  |grad| 0.20  mem 67.3GB  tok/s 4,997
[11:55:11] step  1380/2000  ce 4.1557  z 0.01400  lr 6.52e-04  |grad| 0.21  mem 67.3GB  tok/s 4,997
[11:57:21] step  1390/2000  ce 4.0549  z 0.01410  lr 6.42e-04  |grad| 0.19  mem 67.3GB  tok/s 4,998
[11:59:31] step  1400/2000  ce 4.0448  z 0.01443  lr 6.33e-04  |grad| 0.18  mem 67.3GB  tok/s 4,998
[12:01:40] step  1410/2000  ce 4.0647  z 0.01437  lr 6.23e-04  |grad| 0.19  mem 67.3GB  tok/s 4,998
[12:03:50] step  1420/2000  ce 3.8844  z 0.01447  lr 6.14e-04  |grad| 0.19  mem 67.3GB  tok/s 4,999
[12:06:00] step  1430/2000  ce 3.9255  z 0.01437  lr 6.04e-04  |grad| 0.19  mem 67.3GB  tok/s 4,999
[12:08:10] step  1440/2000  ce 3.8858  z 0.01683  lr 5.95e-04  |grad| 0.33  mem 67.3GB  tok/s 5,000
[12:10:19] step  1450/2000  ce 3.9772  z 0.01425  lr 5.86e-04  |grad| 0.19  mem 67.3GB  tok/s 5,000
[12:12:29] step  1460/2000  ce 3.8690  z 0.01411  lr 5.77e-04  |grad| 0.18  mem 67.3GB  tok/s 5,000
[12:14:39] step  1470/2000  ce 4.0337  z 0.01443  lr 5.68e-04  |grad| 0.18  mem 67.3GB  tok/s 5,001
[12:16:49] step  1480/2000  ce 4.0047  z 0.01426  lr 5.60e-04  |grad| 0.18  mem 67.3GB  tok/s 5,001
[12:18:58] step  1490/2000  ce 3.9266  z 0.01416  lr 5.51e-04  |grad| 0.18  mem 67.3GB  tok/s 5,001
[12:21:08] step  1500/2000  ce 3.9125  z 0.01438  lr 5.43e-04  |grad| 0.18  mem 67.3GB  tok/s 5,002
[12:21:17]   [eval @ 1500] val PPL=52.20
[12:21:20]   [ckpt @ 1500] -> checkpoint_zloss_seed1.pt
[12:23:30] step  1510/2000  ce 4.0115  z 0.01391  lr 5.34e-04  |grad| 0.18  mem 67.3GB  tok/s 4,999
[12:25:40] step  1520/2000  ce 3.7893  z 0.01447  lr 5.26e-04  |grad| 0.18  mem 67.3GB  tok/s 4,999
[12:27:50] step  1530/2000  ce 4.1429  z 0.01415  lr 5.18e-04  |grad| 0.19  mem 67.3GB  tok/s 4,999
[12:30:00] step  1540/2000  ce 3.9964  z 0.01427  lr 5.10e-04  |grad| 0.18  mem 67.3GB  tok/s 5,000
[12:32:09] step  1550/2000  ce 4.0000  z 0.01409  lr 5.02e-04  |grad| 0.19  mem 67.3GB  tok/s 5,000
[12:34:19] step  1560/2000  ce 3.9940  z 0.01431  lr 4.95e-04  |grad| 0.19  mem 67.3GB  tok/s 5,000
[12:36:29] step  1570/2000  ce 3.8939  z 0.01435  lr 4.87e-04  |grad| 0.17  mem 67.3GB  tok/s 5,001
[12:38:39] step  1580/2000  ce 4.0935  z 0.01402  lr 4.80e-04  |grad| 0.18  mem 67.3GB  tok/s 5,001
[12:40:49] step  1590/2000  ce 3.7519  z 0.01449  lr 4.73e-04  |grad| 0.19  mem 67.3GB  tok/s 5,001
[12:42:59] step  1600/2000  ce 4.0246  z 0.01401  lr 4.65e-04  |grad| 0.18  mem 67.3GB  tok/s 5,001
[12:45:09] step  1610/2000  ce 4.0516  z 0.01418  lr 4.59e-04  |grad| 0.18  mem 67.3GB  tok/s 5,002
[12:47:19] step  1620/2000  ce 3.9957  z 0.01435  lr 4.52e-04  |grad| 0.18  mem 67.3GB  tok/s 5,002
[12:49:28] step  1630/2000  ce 4.0745  z 0.01395  lr 4.45e-04  |grad| 0.18  mem 67.3GB  tok/s 5,002
[12:51:38] step  1640/2000  ce 3.8229  z 0.01462  lr 4.39e-04  |grad| 0.17  mem 67.3GB  tok/s 5,003
[12:53:48] step  1650/2000  ce 4.0745  z 0.01422  lr 4.32e-04  |grad| 0.17  mem 67.3GB  tok/s 5,003
[12:55:58] step  1660/2000  ce 3.8421  z 0.01435  lr 4.26e-04  |grad| 0.17  mem 67.3GB  tok/s 5,003
[12:58:08] step  1670/2000  ce 3.9311  z 0.01428  lr 4.20e-04  |grad| 0.18  mem 67.3GB  tok/s 5,003
[13:00:17] step  1680/2000  ce 4.0146  z 0.01414  lr 4.14e-04  |grad| 0.17  mem 67.3GB  tok/s 5,004
[13:02:27] step  1690/2000  ce 3.8756  z 0.01427  lr 4.09e-04  |grad| 0.18  mem 67.3GB  tok/s 5,004
[13:04:37] step  1700/2000  ce 3.9505  z 0.01432  lr 4.03e-04  |grad| 0.19  mem 67.3GB  tok/s 5,004
[13:06:47] step  1710/2000  ce 3.8238  z 0.01416  lr 3.98e-04  |grad| 0.17  mem 67.3GB  tok/s 5,004
[13:08:56] step  1720/2000  ce 4.0615  z 0.01415  lr 3.93e-04  |grad| 0.18  mem 67.3GB  tok/s 5,005
[13:11:06] step  1730/2000  ce 3.9971  z 0.01410  lr 3.88e-04  |grad| 0.17  mem 67.3GB  tok/s 5,005
[13:13:16] step  1740/2000  ce 4.0007  z 0.01422  lr 3.83e-04  |grad| 0.18  mem 67.3GB  tok/s 5,005
[13:15:26] step  1750/2000  ce 3.8561  z 0.01424  lr 3.78e-04  |grad| 0.18  mem 67.3GB  tok/s 5,006
[13:15:29]   [ckpt @ 1750] -> checkpoint_zloss_seed1.pt
[13:17:39] step  1760/2000  ce 3.9531  z 0.01404  lr 3.74e-04  |grad| 0.18  mem 67.3GB  tok/s 5,005
[13:19:49] step  1770/2000  ce 3.6678  z 0.01479  lr 3.69e-04  |grad| 0.18  mem 67.3GB  tok/s 5,005
[13:21:58] step  1780/2000  ce 3.9460  z 0.01410  lr 3.65e-04  |grad| 0.18  mem 67.3GB  tok/s 5,006
[13:24:08] step  1790/2000  ce 4.0161  z 0.01418  lr 3.61e-04  |grad| 0.19  mem 67.3GB  tok/s 5,006
[13:26:18] step  1800/2000  ce 3.7000  z 0.01461  lr 3.57e-04  |grad| 0.18  mem 67.3GB  tok/s 5,006
[13:28:28] step  1810/2000  ce 3.7458  z 0.01446  lr 3.54e-04  |grad| 0.18  mem 67.3GB  tok/s 5,006
[13:30:37] step  1820/2000  ce 3.9264  z 0.01434  lr 3.50e-04  |grad| 0.18  mem 67.3GB  tok/s 5,007
[13:32:47] step  1830/2000  ce 3.8694  z 0.01392  lr 3.47e-04  |grad| 0.19  mem 67.3GB  tok/s 5,007
[13:34:57] step  1840/2000  ce 3.4951  z 0.01476  lr 3.44e-04  |grad| 0.18  mem 67.3GB  tok/s 5,007
[13:37:07] step  1850/2000  ce 3.7862  z 0.01442  lr 3.41e-04  |grad| 0.17  mem 67.3GB  tok/s 5,007
[13:39:16] step  1860/2000  ce 3.5015  z 0.01460  lr 3.38e-04  |grad| 0.17  mem 67.3GB  tok/s 5,007
[13:41:26] step  1870/2000  ce 3.6944  z 0.01468  lr 3.36e-04  |grad| 0.18  mem 67.3GB  tok/s 5,008
[13:43:36] step  1880/2000  ce 4.1206  z 0.01425  lr 3.34e-04  |grad| 0.17  mem 67.3GB  tok/s 5,008
[13:45:46] step  1890/2000  ce 3.9868  z 0.01433  lr 3.31e-04  |grad| 0.16  mem 67.3GB  tok/s 5,008
[13:47:55] step  1900/2000  ce 3.9064  z 0.01419  lr 3.29e-04  |grad| 0.17  mem 67.3GB  tok/s 5,008
[13:50:05] step  1910/2000  ce 3.8983  z 0.01454  lr 3.28e-04  |grad| 0.18  mem 67.3GB  tok/s 5,009
[13:52:15] step  1920/2000  ce 3.9356  z 0.01407  lr 3.26e-04  |grad| 0.18  mem 67.3GB  tok/s 5,009
[13:54:24] step  1930/2000  ce 4.0116  z 0.01395  lr 3.25e-04  |grad| 0.17  mem 67.3GB  tok/s 5,009
[13:56:34] step  1940/2000  ce 3.6867  z 0.01445  lr 3.23e-04  |grad| 0.16  mem 67.3GB  tok/s 5,009
[13:58:44] step  1950/2000  ce 3.7323  z 0.01463  lr 3.22e-04  |grad| 0.19  mem 67.3GB  tok/s 5,010
[14:00:54] step  1960/2000  ce 3.6371  z 0.01509  lr 3.22e-04  |grad| 0.16  mem 67.3GB  tok/s 5,010
[14:03:03] step  1970/2000  ce 3.8478  z 0.01433  lr 3.21e-04  |grad| 0.17  mem 67.3GB  tok/s 5,010
[14:05:13] step  1980/2000  ce 3.6681  z 0.01422  lr 3.20e-04  |grad| 0.17  mem 67.3GB  tok/s 5,010
[14:07:23] step  1990/2000  ce 3.8562  z 0.01403  lr 3.20e-04  |grad| 0.18  mem 67.3GB  tok/s 5,010
[14:09:33] step  2000/2000  ce 3.6944  z 0.01425  lr 3.20e-04  |grad| 0.17  mem 67.3GB  tok/s 5,011
[14:09:42]   [eval @ 2000] val PPL=45.93
[14:09:45]   [ckpt @ 2000] -> checkpoint_zloss_seed1.pt
[14:09:49] DONE
