[2026-06-18T12:42:40Z] [sentinel] armed: pid=2276709 kill_at=0.80 interval=30s grace=60s start_ticks=85901655 marker=/home/yashb98/Downloads/BuildFromScratch/research/loop_state.json.sentinel_kill
[2026-06-18T12:52:10Z] [sentinel] heartbeat: pool usage 68.3%, pid 2276709 alive, rss 5.3 GiB
[2026-06-18T13:02:10Z] [sentinel] heartbeat: pool usage 68.5%, pid 2276709 alive, rss 5.3 GiB
[2026-06-18T13:12:10Z] [sentinel] heartbeat: pool usage 68.6%, pid 2276709 alive, rss 5.3 GiB
[2026-06-18T13:22:10Z] [sentinel] heartbeat: pool usage 68.6%, pid 2276709 alive, rss 5.3 GiB
[2026-06-18T13:32:10Z] [sentinel] heartbeat: pool usage 68.5%, pid 2276709 alive, rss 5.3 GiB
[2026-06-18T13:42:10Z] [sentinel] heartbeat: pool usage 68.6%, pid 2276709 alive, rss 5.3 GiB
[2026-06-18T13:52:10Z] [sentinel] heartbeat: pool usage 68.8%, pid 2276709 alive, rss 5.3 GiB
[2026-06-18T14:02:10Z] [sentinel] heartbeat: pool usage 68.8%, pid 2276709 alive, rss 5.3 GiB
[2026-06-18T14:12:10Z] [sentinel] heartbeat: pool usage 68.8%, pid 2276709 alive, rss 5.3 GiB
[2026-06-18T14:22:10Z] [sentinel] heartbeat: pool usage 67.6%, pid 2276709 alive, rss 4.0 GiB
[2026-06-18T14:32:10Z] [sentinel] heartbeat: pool usage 67.8%, pid 2276709 alive, rss 4.0 GiB
[2026-06-18T14:42:10Z] [sentinel] heartbeat: pool usage 67.8%, pid 2276709 alive, rss 4.0 GiB
[2026-06-18T14:52:10Z] [sentinel] heartbeat: pool usage 67.8%, pid 2276709 alive, rss 4.0 GiB
[2026-06-18T15:02:10Z] [sentinel] heartbeat: pool usage 67.8%, pid 2276709 alive, rss 4.0 GiB
[2026-06-18T15:12:10Z] [sentinel] heartbeat: pool usage 67.8%, pid 2276709 alive, rss 4.0 GiB
[2026-06-18T15:22:10Z] [sentinel] heartbeat: pool usage 67.8%, pid 2276709 alive, rss 4.0 GiB
[2026-06-18T15:32:10Z] [sentinel] heartbeat: pool usage 67.9%, pid 2276709 alive, rss 4.0 GiB
[2026-06-18T15:42:10Z] [sentinel] heartbeat: pool usage 67.9%, pid 2276709 alive, rss 4.0 GiB
[2026-06-18T15:52:10Z] [sentinel] heartbeat: pool usage 67.9%, pid 2276709 alive, rss 4.0 GiB
[2026-06-18T16:02:10Z] [sentinel] heartbeat: pool usage 68.0%, pid 2276709 alive, rss 4.0 GiB
[2026-06-18T16:12:10Z] [sentinel] heartbeat: pool usage 68.0%, pid 2276709 alive, rss 4.0 GiB
[2026-06-18T16:22:11Z] [sentinel] heartbeat: pool usage 68.0%, pid 2276709 alive, rss 4.0 GiB
[2026-06-18T16:32:11Z] [sentinel] heartbeat: pool usage 68.0%, pid 2276709 alive, rss 4.0 GiB
[2026-06-18T16:42:11Z] [sentinel] heartbeat: pool usage 68.0%, pid 2276709 alive, rss 4.0 GiB
[2026-06-18T16:52:11Z] [sentinel] heartbeat: pool usage 68.1%, pid 2276709 alive, rss 4.0 GiB
[2026-06-18T17:02:11Z] [sentinel] heartbeat: pool usage 68.1%, pid 2276709 alive, rss 4.0 GiB
[2026-06-18T17:12:11Z] [sentinel] heartbeat: pool usage 68.1%, pid 2276709 alive, rss 4.0 GiB
[2026-06-18T17:22:11Z] [sentinel] heartbeat: pool usage 68.1%, pid 2276709 alive, rss 4.0 GiB
[2026-06-18T17:32:11Z] [sentinel] heartbeat: pool usage 68.1%, pid 2276709 alive, rss 4.0 GiB
[2026-06-18T17:42:11Z] [sentinel] heartbeat: pool usage 68.1%, pid 2276709 alive, rss 4.0 GiB
[2026-06-18T17:52:11Z] [sentinel] heartbeat: pool usage 68.1%, pid 2276709 alive, rss 4.0 GiB
[2026-06-18T18:02:11Z] [sentinel] heartbeat: pool usage 68.1%, pid 2276709 alive, rss 4.0 GiB
[2026-06-18T18:12:11Z] [sentinel] heartbeat: pool usage 68.1%, pid 2276709 alive, rss 4.0 GiB
[2026-06-18T18:22:11Z] [sentinel] heartbeat: pool usage 68.2%, pid 2276709 alive, rss 4.0 GiB
[2026-06-18T18:32:11Z] [sentinel] heartbeat: pool usage 68.2%, pid 2276709 alive, rss 4.0 GiB
[2026-06-18T18:36:40Z] [sentinel] armed: pid=2527267 kill_at=0.80 interval=30s grace=60s start_ticks=88025654 marker=/home/yashb98/Downloads/BuildFromScratch/research/loop_state.json.sentinel_kill
[2026-06-18T18:36:41Z] [sentinel] watched pid 2276709 exited on its own; disarming (no kill)
[2026-06-18T18:46:10Z] [sentinel] heartbeat: pool usage 68.5%, pid 2527267 alive, rss 4.3 GiB
[2026-06-18T18:56:10Z] [sentinel] heartbeat: pool usage 68.5%, pid 2527267 alive, rss 4.3 GiB
[2026-06-18T19:06:10Z] [sentinel] heartbeat: pool usage 68.5%, pid 2527267 alive, rss 4.3 GiB
[2026-06-18T19:16:10Z] [sentinel] heartbeat: pool usage 68.5%, pid 2527267 alive, rss 4.3 GiB
[2026-06-18T19:26:10Z] [sentinel] heartbeat: pool usage 68.5%, pid 2527267 alive, rss 4.3 GiB
[2026-06-18T19:36:10Z] [sentinel] heartbeat: pool usage 68.5%, pid 2527267 alive, rss 4.3 GiB
[2026-06-18T19:46:10Z] [sentinel] heartbeat: pool usage 68.5%, pid 2527267 alive, rss 4.3 GiB
[2026-06-18T19:56:10Z] [sentinel] heartbeat: pool usage 68.5%, pid 2527267 alive, rss 4.3 GiB
[2026-06-18T20:06:10Z] [sentinel] heartbeat: pool usage 67.4%, pid 2527267 alive, rss 3.0 GiB
[2026-06-18T20:16:10Z] [sentinel] heartbeat: pool usage 67.5%, pid 2527267 alive, rss 3.0 GiB
[2026-06-18T20:26:10Z] [sentinel] heartbeat: pool usage 67.5%, pid 2527267 alive, rss 3.0 GiB
[2026-06-18T20:36:10Z] [sentinel] heartbeat: pool usage 67.5%, pid 2527267 alive, rss 3.0 GiB
[2026-06-18T20:46:10Z] [sentinel] heartbeat: pool usage 67.5%, pid 2527267 alive, rss 3.0 GiB
[2026-06-18T20:56:10Z] [sentinel] heartbeat: pool usage 67.5%, pid 2527267 alive, rss 3.0 GiB
[2026-06-18T21:06:10Z] [sentinel] heartbeat: pool usage 67.5%, pid 2527267 alive, rss 3.0 GiB
[2026-06-18T21:16:10Z] [sentinel] heartbeat: pool usage 67.5%, pid 2527267 alive, rss 3.0 GiB
[2026-06-18T21:26:10Z] [sentinel] heartbeat: pool usage 67.6%, pid 2527267 alive, rss 3.0 GiB
[2026-06-18T21:36:10Z] [sentinel] heartbeat: pool usage 67.9%, pid 2527267 alive, rss 3.0 GiB
[2026-06-18T21:46:10Z] [sentinel] heartbeat: pool usage 68.0%, pid 2527267 alive, rss 3.0 GiB
[2026-06-18T21:56:10Z] [sentinel] heartbeat: pool usage 68.0%, pid 2527267 alive, rss 3.0 GiB
[2026-06-18T22:06:10Z] [sentinel] heartbeat: pool usage 68.0%, pid 2527267 alive, rss 3.0 GiB
[2026-06-18T22:16:10Z] [sentinel] heartbeat: pool usage 68.0%, pid 2527267 alive, rss 3.0 GiB
[2026-06-18T22:26:10Z] [sentinel] heartbeat: pool usage 67.9%, pid 2527267 alive, rss 3.0 GiB
[2026-06-18T22:36:11Z] [sentinel] heartbeat: pool usage 68.0%, pid 2527267 alive, rss 3.0 GiB
[2026-06-18T22:46:11Z] [sentinel] heartbeat: pool usage 68.0%, pid 2527267 alive, rss 3.0 GiB
[2026-06-18T22:56:11Z] [sentinel] heartbeat: pool usage 68.0%, pid 2527267 alive, rss 3.0 GiB
[2026-06-18T23:06:11Z] [sentinel] heartbeat: pool usage 68.0%, pid 2527267 alive, rss 3.0 GiB
[2026-06-18T23:16:11Z] [sentinel] heartbeat: pool usage 68.0%, pid 2527267 alive, rss 3.0 GiB
[2026-06-18T23:26:11Z] [sentinel] heartbeat: pool usage 68.0%, pid 2527267 alive, rss 3.0 GiB
[2026-06-18T23:36:11Z] [sentinel] heartbeat: pool usage 68.0%, pid 2527267 alive, rss 3.0 GiB
[2026-06-18T23:46:11Z] [sentinel] heartbeat: pool usage 68.0%, pid 2527267 alive, rss 3.0 GiB
[2026-06-18T23:56:11Z] [sentinel] heartbeat: pool usage 68.0%, pid 2527267 alive, rss 3.0 GiB
[2026-06-19T00:06:11Z] [sentinel] heartbeat: pool usage 68.0%, pid 2527267 alive, rss 3.0 GiB
[2026-06-19T00:11:43Z] [sentinel] armed: pid=2767924 kill_at=0.80 interval=30s grace=60s start_ticks=90035960 marker=/home/yashb98/Downloads/BuildFromScratch/research/loop_state.json.sentinel_kill
[2026-06-19T00:12:11Z] [sentinel] watched pid 2527267 exited on its own; disarming (no kill)
[2026-06-19T00:21:13Z] [sentinel] heartbeat: pool usage 69.1%, pid 2767924 alive, rss 4.3 GiB
[2026-06-19T00:31:13Z] [sentinel] heartbeat: pool usage 69.1%, pid 2767924 alive, rss 4.3 GiB
[2026-06-19T00:41:13Z] [sentinel] heartbeat: pool usage 69.1%, pid 2767924 alive, rss 4.3 GiB
[2026-06-19T00:51:13Z] [sentinel] heartbeat: pool usage 69.2%, pid 2767924 alive, rss 4.3 GiB
[2026-06-19T01:01:13Z] [sentinel] heartbeat: pool usage 69.1%, pid 2767924 alive, rss 4.3 GiB
[2026-06-19T01:11:13Z] [sentinel] heartbeat: pool usage 69.2%, pid 2767924 alive, rss 4.3 GiB
[2026-06-19T01:21:13Z] [sentinel] heartbeat: pool usage 69.2%, pid 2767924 alive, rss 4.3 GiB
[2026-06-19T01:31:13Z] [sentinel] heartbeat: pool usage 68.4%, pid 2767924 alive, rss 3.0 GiB
[2026-06-19T01:41:13Z] [sentinel] heartbeat: pool usage 68.1%, pid 2767924 alive, rss 3.0 GiB
[2026-06-19T01:51:13Z] [sentinel] heartbeat: pool usage 68.1%, pid 2767924 alive, rss 3.0 GiB
[2026-06-19T02:01:13Z] [sentinel] heartbeat: pool usage 68.1%, pid 2767924 alive, rss 3.0 GiB
[2026-06-19T02:11:13Z] [sentinel] heartbeat: pool usage 68.1%, pid 2767924 alive, rss 3.0 GiB
[2026-06-19T02:21:13Z] [sentinel] heartbeat: pool usage 68.1%, pid 2767924 alive, rss 3.0 GiB
[2026-06-19T02:31:13Z] [sentinel] heartbeat: pool usage 68.2%, pid 2767924 alive, rss 3.0 GiB
[2026-06-19T02:41:13Z] [sentinel] heartbeat: pool usage 68.2%, pid 2767924 alive, rss 3.0 GiB
[2026-06-19T02:51:13Z] [sentinel] heartbeat: pool usage 68.2%, pid 2767924 alive, rss 3.0 GiB
[2026-06-19T03:01:13Z] [sentinel] heartbeat: pool usage 68.2%, pid 2767924 alive, rss 3.0 GiB
[2026-06-19T03:11:13Z] [sentinel] heartbeat: pool usage 68.2%, pid 2767924 alive, rss 3.0 GiB
[2026-06-19T03:21:14Z] [sentinel] heartbeat: pool usage 68.2%, pid 2767924 alive, rss 3.0 GiB
[2026-06-19T03:31:14Z] [sentinel] heartbeat: pool usage 68.3%, pid 2767924 alive, rss 3.0 GiB
[2026-06-19T03:41:14Z] [sentinel] heartbeat: pool usage 68.2%, pid 2767924 alive, rss 3.0 GiB
[2026-06-19T03:51:14Z] [sentinel] heartbeat: pool usage 68.2%, pid 2767924 alive, rss 3.0 GiB
[2026-06-19T04:01:14Z] [sentinel] heartbeat: pool usage 68.2%, pid 2767924 alive, rss 3.0 GiB
[2026-06-19T04:11:14Z] [sentinel] heartbeat: pool usage 68.2%, pid 2767924 alive, rss 3.0 GiB
[2026-06-19T04:21:14Z] [sentinel] heartbeat: pool usage 68.3%, pid 2767924 alive, rss 3.0 GiB
[2026-06-19T04:31:14Z] [sentinel] heartbeat: pool usage 68.2%, pid 2767924 alive, rss 3.0 GiB
[2026-06-19T04:41:14Z] [sentinel] heartbeat: pool usage 68.3%, pid 2767924 alive, rss 3.0 GiB
[2026-06-19T04:51:14Z] [sentinel] heartbeat: pool usage 68.3%, pid 2767924 alive, rss 3.0 GiB
[2026-06-19T05:01:14Z] [sentinel] heartbeat: pool usage 68.3%, pid 2767924 alive, rss 3.0 GiB
[2026-06-19T05:11:14Z] [sentinel] heartbeat: pool usage 68.3%, pid 2767924 alive, rss 3.0 GiB
[2026-06-19T05:21:14Z] [sentinel] heartbeat: pool usage 68.3%, pid 2767924 alive, rss 3.0 GiB
[2026-06-19T05:28:11Z] [sentinel] armed: pid=2992208 kill_at=0.80 interval=30s grace=60s start_ticks=91934754 marker=/home/yashb98/Downloads/BuildFromScratch/research/loop_state.json.sentinel_kill
[2026-06-19T05:28:14Z] [sentinel] watched pid 2767924 exited on its own; disarming (no kill)
[2026-06-19T05:37:41Z] [sentinel] heartbeat: pool usage 69.4%, pid 2992208 alive, rss 4.3 GiB
[2026-06-19T05:47:41Z] [sentinel] heartbeat: pool usage 69.4%, pid 2992208 alive, rss 4.3 GiB
[2026-06-19T05:57:41Z] [sentinel] heartbeat: pool usage 69.4%, pid 2992208 alive, rss 4.3 GiB
[2026-06-19T06:07:41Z] [sentinel] heartbeat: pool usage 69.4%, pid 2992208 alive, rss 4.3 GiB
[2026-06-19T06:17:41Z] [sentinel] heartbeat: pool usage 69.4%, pid 2992208 alive, rss 4.3 GiB
[2026-06-19T06:27:41Z] [sentinel] heartbeat: pool usage 69.4%, pid 2992208 alive, rss 4.3 GiB
[2026-06-19T06:37:41Z] [sentinel] heartbeat: pool usage 69.4%, pid 2992208 alive, rss 4.3 GiB
[2026-06-19T06:47:41Z] [sentinel] heartbeat: pool usage 68.7%, pid 2992208 alive, rss 3.0 GiB
[2026-06-19T06:57:41Z] [sentinel] heartbeat: pool usage 68.3%, pid 2992208 alive, rss 3.0 GiB
[2026-06-19T07:07:41Z] [sentinel] heartbeat: pool usage 68.2%, pid 2992208 alive, rss 3.0 GiB
[2026-06-19T07:17:41Z] [sentinel] heartbeat: pool usage 68.2%, pid 2992208 alive, rss 3.0 GiB
[2026-06-19T07:27:41Z] [sentinel] heartbeat: pool usage 68.5%, pid 2992208 alive, rss 3.0 GiB
[2026-06-19T07:37:41Z] [sentinel] heartbeat: pool usage 68.4%, pid 2992208 alive, rss 3.0 GiB
[2026-06-19T07:47:41Z] [sentinel] heartbeat: pool usage 68.3%, pid 2992208 alive, rss 3.0 GiB
[2026-06-19T07:57:41Z] [sentinel] heartbeat: pool usage 68.3%, pid 2992208 alive, rss 3.0 GiB
[2026-06-19T08:07:41Z] [sentinel] heartbeat: pool usage 68.3%, pid 2992208 alive, rss 3.0 GiB
[2026-06-19T08:17:41Z] [sentinel] heartbeat: pool usage 68.4%, pid 2992208 alive, rss 3.0 GiB
[2026-06-19T08:27:41Z] [sentinel] heartbeat: pool usage 68.4%, pid 2992208 alive, rss 3.0 GiB
[2026-06-19T08:37:41Z] [sentinel] heartbeat: pool usage 68.5%, pid 2992208 alive, rss 3.0 GiB
[2026-06-19T08:47:41Z] [sentinel] heartbeat: pool usage 68.6%, pid 2992208 alive, rss 3.0 GiB
[2026-06-19T08:57:42Z] [sentinel] heartbeat: pool usage 68.6%, pid 2992208 alive, rss 3.0 GiB
[2026-06-19T09:07:42Z] [sentinel] heartbeat: pool usage 68.6%, pid 2992208 alive, rss 3.0 GiB
[2026-06-19T09:17:42Z] [sentinel] heartbeat: pool usage 68.6%, pid 2992208 alive, rss 3.0 GiB
[2026-06-19T09:27:42Z] [sentinel] heartbeat: pool usage 68.6%, pid 2992208 alive, rss 3.0 GiB
[2026-06-19T09:37:42Z] [sentinel] heartbeat: pool usage 68.6%, pid 2992208 alive, rss 3.0 GiB
[2026-06-19T09:47:42Z] [sentinel] heartbeat: pool usage 68.6%, pid 2992208 alive, rss 3.0 GiB
[2026-06-19T09:57:42Z] [sentinel] heartbeat: pool usage 68.7%, pid 2992208 alive, rss 3.0 GiB
[2026-06-19T10:07:42Z] [sentinel] heartbeat: pool usage 68.7%, pid 2992208 alive, rss 3.0 GiB
[2026-06-19T10:17:42Z] [sentinel] heartbeat: pool usage 68.7%, pid 2992208 alive, rss 3.0 GiB
[2026-06-19T10:27:42Z] [sentinel] heartbeat: pool usage 68.7%, pid 2992208 alive, rss 3.0 GiB
[2026-06-19T10:37:42Z] [sentinel] heartbeat: pool usage 68.7%, pid 2992208 alive, rss 3.0 GiB
[2026-06-19T10:47:42Z] [sentinel] heartbeat: pool usage 68.8%, pid 2992208 alive, rss 3.0 GiB
[2026-06-19T10:56:51Z] [sentinel] armed: pid=3246096 kill_at=0.80 interval=30s grace=60s start_ticks=93906750 marker=/home/yashb98/Downloads/BuildFromScratch/research/loop_state.json.sentinel_kill
[2026-06-19T10:57:12Z] [sentinel] watched pid 2992208 exited on its own; disarming (no kill)
[2026-06-19T11:06:21Z] [sentinel] heartbeat: pool usage 70.6%, pid 3246096 alive, rss 4.3 GiB
[2026-06-19T11:16:21Z] [sentinel] heartbeat: pool usage 70.7%, pid 3246096 alive, rss 4.3 GiB
[2026-06-19T11:26:21Z] [sentinel] heartbeat: pool usage 70.8%, pid 3246096 alive, rss 4.3 GiB
[2026-06-19T11:36:21Z] [sentinel] heartbeat: pool usage 70.7%, pid 3246096 alive, rss 4.3 GiB
[2026-06-19T11:46:21Z] [sentinel] heartbeat: pool usage 69.9%, pid 3246096 alive, rss 4.3 GiB
[2026-06-19T11:56:21Z] [sentinel] heartbeat: pool usage 69.9%, pid 3246096 alive, rss 4.3 GiB
[2026-06-19T12:06:21Z] [sentinel] heartbeat: pool usage 69.9%, pid 3246096 alive, rss 4.3 GiB
[2026-06-19T12:16:21Z] [sentinel] heartbeat: pool usage 69.9%, pid 3246096 alive, rss 4.3 GiB
[2026-06-19T12:26:21Z] [sentinel] heartbeat: pool usage 68.8%, pid 3246096 alive, rss 3.0 GiB
[2026-06-19T12:36:21Z] [sentinel] heartbeat: pool usage 68.8%, pid 3246096 alive, rss 3.0 GiB
[2026-06-19T12:46:21Z] [sentinel] heartbeat: pool usage 68.8%, pid 3246096 alive, rss 3.0 GiB
[2026-06-19T12:56:21Z] [sentinel] heartbeat: pool usage 68.8%, pid 3246096 alive, rss 3.0 GiB
[2026-06-19T13:06:21Z] [sentinel] heartbeat: pool usage 68.8%, pid 3246096 alive, rss 3.0 GiB
[2026-06-19T13:16:21Z] [sentinel] heartbeat: pool usage 68.9%, pid 3246096 alive, rss 3.0 GiB
[2026-06-19T13:26:21Z] [sentinel] heartbeat: pool usage 68.9%, pid 3246096 alive, rss 3.0 GiB
[2026-06-19T13:36:21Z] [sentinel] heartbeat: pool usage 68.9%, pid 3246096 alive, rss 3.0 GiB
[2026-06-19T13:46:21Z] [sentinel] heartbeat: pool usage 68.8%, pid 3246096 alive, rss 3.0 GiB
[2026-06-19T13:56:21Z] [sentinel] heartbeat: pool usage 68.9%, pid 3246096 alive, rss 3.0 GiB
[2026-06-19T14:06:21Z] [sentinel] heartbeat: pool usage 68.8%, pid 3246096 alive, rss 3.0 GiB
[2026-06-19T14:16:21Z] [sentinel] heartbeat: pool usage 68.8%, pid 3246096 alive, rss 3.0 GiB
[2026-06-19T14:26:21Z] [sentinel] heartbeat: pool usage 68.9%, pid 3246096 alive, rss 3.0 GiB
[2026-06-19T14:36:21Z] [sentinel] heartbeat: pool usage 68.9%, pid 3246096 alive, rss 3.0 GiB
[2026-06-19T14:46:21Z] [sentinel] heartbeat: pool usage 68.8%, pid 3246096 alive, rss 3.0 GiB
[2026-06-19T14:56:21Z] [sentinel] heartbeat: pool usage 68.9%, pid 3246096 alive, rss 3.0 GiB
[2026-06-19T15:06:22Z] [sentinel] heartbeat: pool usage 68.9%, pid 3246096 alive, rss 3.0 GiB
[2026-06-19T15:16:22Z] [sentinel] heartbeat: pool usage 69.1%, pid 3246096 alive, rss 3.0 GiB
[2026-06-19T15:26:22Z] [sentinel] heartbeat: pool usage 68.9%, pid 3246096 alive, rss 3.0 GiB
[2026-06-19T15:36:22Z] [sentinel] heartbeat: pool usage 68.9%, pid 3246096 alive, rss 3.0 GiB
[2026-06-19T15:46:22Z] [sentinel] heartbeat: pool usage 68.9%, pid 3246096 alive, rss 3.0 GiB
[2026-06-19T15:56:22Z] [sentinel] heartbeat: pool usage 69.0%, pid 3246096 alive, rss 3.0 GiB
[2026-06-19T16:06:22Z] [sentinel] heartbeat: pool usage 68.8%, pid 3246096 alive, rss 3.0 GiB
[2026-06-19T16:16:22Z] [sentinel] heartbeat: pool usage 68.8%, pid 3246096 alive, rss 3.0 GiB
[2026-06-19T16:21:09Z] [sentinel] armed: pid=3483501 kill_at=0.80 interval=30s grace=60s start_ticks=95852561 marker=/home/yashb98/Downloads/BuildFromScratch/research/loop_state.json.sentinel_kill
[2026-06-19T16:21:22Z] [sentinel] watched pid 3246096 exited on its own; disarming (no kill)
[2026-06-19T16:30:39Z] [sentinel] heartbeat: pool usage 70.0%, pid 3483501 alive, rss 4.3 GiB
[2026-06-19T16:40:39Z] [sentinel] heartbeat: pool usage 70.0%, pid 3483501 alive, rss 4.3 GiB
[2026-06-19T16:50:39Z] [sentinel] heartbeat: pool usage 70.0%, pid 3483501 alive, rss 4.3 GiB
[2026-06-19T17:00:39Z] [sentinel] heartbeat: pool usage 70.0%, pid 3483501 alive, rss 4.3 GiB
[2026-06-19T17:10:39Z] [sentinel] heartbeat: pool usage 70.0%, pid 3483501 alive, rss 4.3 GiB
[2026-06-19T17:20:39Z] [sentinel] heartbeat: pool usage 70.0%, pid 3483501 alive, rss 4.3 GiB
[2026-06-19T17:30:39Z] [sentinel] heartbeat: pool usage 70.0%, pid 3483501 alive, rss 4.3 GiB
[2026-06-19T17:40:39Z] [sentinel] heartbeat: pool usage 70.1%, pid 3483501 alive, rss 4.4 GiB
[2026-06-19T17:50:39Z] [sentinel] heartbeat: pool usage 69.0%, pid 3483501 alive, rss 3.0 GiB
[2026-06-19T18:00:39Z] [sentinel] heartbeat: pool usage 68.9%, pid 3483501 alive, rss 3.0 GiB
[2026-06-19T18:10:39Z] [sentinel] heartbeat: pool usage 68.9%, pid 3483501 alive, rss 3.0 GiB
[2026-06-19T18:20:39Z] [sentinel] heartbeat: pool usage 68.9%, pid 3483501 alive, rss 3.0 GiB
[2026-06-19T18:30:39Z] [sentinel] heartbeat: pool usage 69.0%, pid 3483501 alive, rss 3.0 GiB
[2026-06-19T18:40:39Z] [sentinel] heartbeat: pool usage 68.9%, pid 3483501 alive, rss 3.0 GiB
[2026-06-19T18:50:39Z] [sentinel] heartbeat: pool usage 68.9%, pid 3483501 alive, rss 3.0 GiB
[2026-06-19T19:00:40Z] [sentinel] heartbeat: pool usage 68.9%, pid 3483501 alive, rss 3.0 GiB
[2026-06-19T19:10:40Z] [sentinel] heartbeat: pool usage 69.0%, pid 3483501 alive, rss 3.0 GiB
[2026-06-19T19:20:40Z] [sentinel] heartbeat: pool usage 69.0%, pid 3483501 alive, rss 3.0 GiB
[2026-06-19T19:30:40Z] [sentinel] heartbeat: pool usage 68.9%, pid 3483501 alive, rss 3.0 GiB
[2026-06-19T19:40:40Z] [sentinel] heartbeat: pool usage 69.0%, pid 3483501 alive, rss 3.0 GiB
[2026-06-19T19:50:40Z] [sentinel] heartbeat: pool usage 69.0%, pid 3483501 alive, rss 3.0 GiB
[2026-06-19T20:00:40Z] [sentinel] heartbeat: pool usage 69.0%, pid 3483501 alive, rss 3.0 GiB
[2026-06-19T20:10:40Z] [sentinel] heartbeat: pool usage 69.0%, pid 3483501 alive, rss 3.0 GiB
[2026-06-19T20:20:40Z] [sentinel] heartbeat: pool usage 69.0%, pid 3483501 alive, rss 3.0 GiB
[2026-06-19T20:30:40Z] [sentinel] heartbeat: pool usage 69.0%, pid 3483501 alive, rss 3.0 GiB
[2026-06-19T20:40:40Z] [sentinel] heartbeat: pool usage 69.0%, pid 3483501 alive, rss 3.0 GiB
[2026-06-19T20:50:40Z] [sentinel] heartbeat: pool usage 69.0%, pid 3483501 alive, rss 3.0 GiB
[2026-06-19T21:00:40Z] [sentinel] heartbeat: pool usage 69.1%, pid 3483501 alive, rss 3.0 GiB
[2026-06-19T21:10:40Z] [sentinel] heartbeat: pool usage 69.1%, pid 3483501 alive, rss 3.0 GiB
[2026-06-19T21:20:40Z] [sentinel] heartbeat: pool usage 69.0%, pid 3483501 alive, rss 3.0 GiB
[2026-06-19T21:30:40Z] [sentinel] heartbeat: pool usage 69.1%, pid 3483501 alive, rss 3.0 GiB
[2026-06-19T21:40:10Z] [sentinel] armed: pid=3712179 kill_at=0.80 interval=30s grace=60s start_ticks=97766594 marker=/home/yashb98/Downloads/BuildFromScratch/research/loop_state.json.sentinel_kill
[2026-06-19T21:40:10Z] [sentinel] watched pid 3483501 exited on its own; disarming (no kill)
[2026-06-19T21:41:10Z] [sentinel] KILL: pool usage 80.6% >= kill-at 80% (MemAvailable 23.2 GiB of 119.7 GiB; trainer rss 4.6 GiB) -> SIGTERM 3712179
[2026-06-19T21:41:11Z] [sentinel] pid 3712179 exited within grace period
[2026-06-19T21:41:11Z] [sentinel] marker written: /home/yashb98/Downloads/BuildFromScratch/research/loop_state.json.sentinel_kill
[2026-06-19T21:48:45Z] [sentinel] armed: pid=3720281 kill_at=0.80 interval=30s grace=60s start_ticks=97818160 marker=/home/yashb98/Downloads/BuildFromScratch/research/loop_state.json.sentinel_kill
[2026-06-19T21:49:15Z] [sentinel] KILL: pool usage 80.7% >= kill-at 80% (MemAvailable 23.1 GiB of 119.7 GiB; trainer rss 4.6 GiB) -> SIGTERM 3720281
[2026-06-19T21:49:16Z] [sentinel] pid 3720281 exited within grace period
[2026-06-19T21:49:16Z] [sentinel] marker written: /home/yashb98/Downloads/BuildFromScratch/research/loop_state.json.sentinel_kill
[2026-06-19T21:56:32Z] [sentinel] armed: pid=3727934 kill_at=0.80 interval=30s grace=60s start_ticks=97864890 marker=/home/yashb98/Downloads/BuildFromScratch/research/loop_state.json.sentinel_kill
[2026-06-19T21:57:02Z] [sentinel] KILL: pool usage 88.7% >= kill-at 80% (MemAvailable 13.5 GiB of 119.7 GiB; trainer rss 4.3 GiB) -> SIGTERM 3727934
[2026-06-19T21:57:02Z] [sentinel] pid 3727934 exited within grace period
[2026-06-19T21:57:02Z] [sentinel] marker written: /home/yashb98/Downloads/BuildFromScratch/research/loop_state.json.sentinel_kill
[2026-06-19T22:00:42Z] [sentinel] armed: pid=3731983 kill_at=0.80 interval=30s grace=60s start_ticks=97889827 marker=/home/yashb98/Downloads/BuildFromScratch/research/loop_state.json.sentinel_kill
[2026-06-19T22:10:12Z] [sentinel] heartbeat: pool usage 60.2%, pid 3731983 alive, rss 4.6 GiB
[2026-06-19T22:19:24Z] [sentinel] armed: pid=3746523 kill_at=0.80 interval=30s grace=60s start_ticks=98002059 marker=/home/yashb98/Downloads/BuildFromScratch/research/loop_state.json.sentinel_kill
[2026-06-19T22:28:54Z] [sentinel] heartbeat: pool usage 54.9%, pid 3746523 alive, rss 4.8 GiB
[2026-06-19T22:38:54Z] [sentinel] heartbeat: pool usage 55.0%, pid 3746523 alive, rss 4.8 GiB
[2026-06-19T22:48:54Z] [sentinel] heartbeat: pool usage 54.9%, pid 3746523 alive, rss 4.8 GiB
[2026-06-19T22:58:54Z] [sentinel] heartbeat: pool usage 55.0%, pid 3746523 alive, rss 4.8 GiB
[2026-06-19T23:08:54Z] [sentinel] heartbeat: pool usage 54.9%, pid 3746523 alive, rss 4.8 GiB
[2026-06-19T23:18:54Z] [sentinel] heartbeat: pool usage 54.9%, pid 3746523 alive, rss 4.8 GiB
[2026-06-19T23:28:54Z] [sentinel] heartbeat: pool usage 54.9%, pid 3746523 alive, rss 4.8 GiB
[2026-06-19T23:32:16Z] [sentinel] armed: pid=3801223 kill_at=0.80 interval=30s grace=60s start_ticks=98439197 marker=/home/yashb98/Downloads/BuildFromScratch/research/loop_state.json.sentinel_kill
[2026-06-19T23:32:46Z] [sentinel] KILL: pool usage 80.5% >= kill-at 80% (MemAvailable 23.3 GiB of 119.7 GiB; trainer rss 4.6 GiB) -> SIGTERM 3801223
[2026-06-19T23:32:46Z] [sentinel] pid 3801223 exited within grace period
[2026-06-19T23:32:46Z] [sentinel] marker written: /home/yashb98/Downloads/BuildFromScratch/research/loop_state.json.sentinel_kill
[2026-06-19T23:34:30Z] [sentinel] armed: pid=3806112 kill_at=0.80 interval=30s grace=60s start_ticks=98452594 marker=/home/yashb98/Downloads/BuildFromScratch/research/loop_state.json.sentinel_kill
[2026-06-19T23:36:17Z] [sentinel] armed: pid=3808209 kill_at=0.83 interval=30s grace=60s start_ticks=98463308 marker=/home/yashb98/Downloads/BuildFromScratch/research/loop_state.json.sentinel_kill
[2026-06-19T23:45:47Z] [sentinel] heartbeat: pool usage 80.3%, pid 3808209 alive, rss 4.6 GiB
[2026-06-19T23:55:47Z] [sentinel] heartbeat: pool usage 80.4%, pid 3808209 alive, rss 4.6 GiB
[2026-06-20T00:05:47Z] [sentinel] heartbeat: pool usage 80.4%, pid 3808209 alive, rss 4.6 GiB
[2026-06-20T00:15:47Z] [sentinel] heartbeat: pool usage 80.3%, pid 3808209 alive, rss 4.6 GiB
[2026-06-20T00:25:47Z] [sentinel] heartbeat: pool usage 80.3%, pid 3808209 alive, rss 4.6 GiB
[2026-06-20T00:35:47Z] [sentinel] heartbeat: pool usage 80.3%, pid 3808209 alive, rss 4.6 GiB
[2026-06-20T00:45:47Z] [sentinel] heartbeat: pool usage 80.3%, pid 3808209 alive, rss 4.6 GiB
[2026-06-20T00:55:47Z] [sentinel] heartbeat: pool usage 80.3%, pid 3808209 alive, rss 4.6 GiB
[2026-06-20T01:05:47Z] [sentinel] heartbeat: pool usage 80.3%, pid 3808209 alive, rss 4.6 GiB
[2026-06-20T01:15:47Z] [sentinel] heartbeat: pool usage 80.3%, pid 3808209 alive, rss 4.6 GiB
[2026-06-20T01:25:47Z] [sentinel] heartbeat: pool usage 80.3%, pid 3808209 alive, rss 4.6 GiB
[2026-06-20T01:35:47Z] [sentinel] heartbeat: pool usage 79.2%, pid 3808209 alive, rss 3.3 GiB
[2026-06-20T01:45:47Z] [sentinel] heartbeat: pool usage 79.3%, pid 3808209 alive, rss 3.3 GiB
[2026-06-20T01:55:47Z] [sentinel] heartbeat: pool usage 79.3%, pid 3808209 alive, rss 3.3 GiB
[2026-06-20T02:05:47Z] [sentinel] heartbeat: pool usage 79.3%, pid 3808209 alive, rss 3.3 GiB
[2026-06-20T02:15:47Z] [sentinel] heartbeat: pool usage 79.3%, pid 3808209 alive, rss 3.3 GiB
[2026-06-20T02:25:47Z] [sentinel] heartbeat: pool usage 79.4%, pid 3808209 alive, rss 3.3 GiB
[2026-06-20T02:35:47Z] [sentinel] heartbeat: pool usage 79.4%, pid 3808209 alive, rss 3.3 GiB
[2026-06-20T02:45:47Z] [sentinel] heartbeat: pool usage 79.4%, pid 3808209 alive, rss 3.3 GiB
[2026-06-20T02:55:47Z] [sentinel] heartbeat: pool usage 79.4%, pid 3808209 alive, rss 3.3 GiB
[2026-06-20T03:05:47Z] [sentinel] heartbeat: pool usage 79.4%, pid 3808209 alive, rss 3.3 GiB
[2026-06-20T03:15:47Z] [sentinel] heartbeat: pool usage 79.5%, pid 3808209 alive, rss 3.3 GiB
[2026-06-20T03:25:47Z] [sentinel] heartbeat: pool usage 79.5%, pid 3808209 alive, rss 3.3 GiB
[2026-06-20T03:35:47Z] [sentinel] heartbeat: pool usage 79.5%, pid 3808209 alive, rss 3.3 GiB
[2026-06-20T03:45:47Z] [sentinel] heartbeat: pool usage 79.4%, pid 3808209 alive, rss 3.3 GiB
[2026-06-20T03:55:47Z] [sentinel] heartbeat: pool usage 79.5%, pid 3808209 alive, rss 3.3 GiB
[2026-06-20T04:05:47Z] [sentinel] heartbeat: pool usage 79.5%, pid 3808209 alive, rss 3.3 GiB
[2026-06-20T04:15:47Z] [sentinel] heartbeat: pool usage 79.5%, pid 3808209 alive, rss 3.3 GiB
[2026-06-20T04:25:47Z] [sentinel] heartbeat: pool usage 79.5%, pid 3808209 alive, rss 3.3 GiB
[2026-06-20T04:35:47Z] [sentinel] heartbeat: pool usage 79.5%, pid 3808209 alive, rss 3.3 GiB
[2026-06-20T04:45:47Z] [sentinel] heartbeat: pool usage 79.5%, pid 3808209 alive, rss 3.3 GiB
[2026-06-20T04:55:47Z] [sentinel] heartbeat: pool usage 79.5%, pid 3808209 alive, rss 3.3 GiB
[2026-06-20T05:05:47Z] [sentinel] heartbeat: pool usage 79.5%, pid 3808209 alive, rss 3.3 GiB
[2026-06-20T05:15:47Z] [sentinel] heartbeat: pool usage 79.5%, pid 3808209 alive, rss 3.3 GiB
[2026-06-20T05:25:47Z] [sentinel] heartbeat: pool usage 79.5%, pid 3808209 alive, rss 3.3 GiB
[2026-06-20T05:35:47Z] [sentinel] heartbeat: pool usage 79.5%, pid 3808209 alive, rss 3.3 GiB
[2026-06-20T05:45:47Z] [sentinel] heartbeat: pool usage 79.4%, pid 3808209 alive, rss 3.3 GiB
[2026-06-20T05:55:47Z] [sentinel] heartbeat: pool usage 79.4%, pid 3808209 alive, rss 3.3 GiB
[2026-06-20T06:05:47Z] [sentinel] heartbeat: pool usage 79.3%, pid 3808209 alive, rss 3.3 GiB
[2026-06-20T06:15:47Z] [sentinel] heartbeat: pool usage 79.3%, pid 3808209 alive, rss 3.3 GiB
[2026-06-20T06:25:47Z] [sentinel] heartbeat: pool usage 79.4%, pid 3808209 alive, rss 3.3 GiB
[2026-06-20T06:35:47Z] [sentinel] heartbeat: pool usage 79.3%, pid 3808209 alive, rss 3.3 GiB
[2026-06-20T06:45:47Z] [sentinel] heartbeat: pool usage 79.3%, pid 3808209 alive, rss 3.3 GiB
[2026-06-20T06:53:22Z] [sentinel] armed: pid=4119624 kill_at=0.83 interval=30s grace=60s start_ticks=101085866 marker=/home/yashb98/Downloads/BuildFromScratch/research/loop_state.json.sentinel_kill
[2026-06-20T06:53:48Z] [sentinel] watched pid 3808209 exited on its own; disarming (no kill)
[2026-06-20T07:02:52Z] [sentinel] heartbeat: pool usage 80.4%, pid 4119624 alive, rss 4.6 GiB
[2026-06-20T07:12:52Z] [sentinel] heartbeat: pool usage 80.3%, pid 4119624 alive, rss 4.6 GiB
[2026-06-20T07:22:52Z] [sentinel] heartbeat: pool usage 80.4%, pid 4119624 alive, rss 4.6 GiB
[2026-06-20T07:32:52Z] [sentinel] heartbeat: pool usage 80.3%, pid 4119624 alive, rss 4.6 GiB
[2026-06-20T07:42:52Z] [sentinel] heartbeat: pool usage 80.4%, pid 4119624 alive, rss 4.6 GiB
[2026-06-20T07:52:52Z] [sentinel] heartbeat: pool usage 80.3%, pid 4119624 alive, rss 4.6 GiB
[2026-06-20T08:02:52Z] [sentinel] heartbeat: pool usage 80.4%, pid 4119624 alive, rss 4.6 GiB
[2026-06-20T08:12:52Z] [sentinel] heartbeat: pool usage 80.3%, pid 4119624 alive, rss 4.6 GiB
[2026-06-20T08:22:52Z] [sentinel] heartbeat: pool usage 80.4%, pid 4119624 alive, rss 4.6 GiB
[2026-06-20T08:32:52Z] [sentinel] heartbeat: pool usage 80.5%, pid 4119624 alive, rss 4.6 GiB
[2026-06-20T08:42:52Z] [sentinel] heartbeat: pool usage 79.3%, pid 4119624 alive, rss 3.3 GiB
[2026-06-20T08:52:52Z] [sentinel] heartbeat: pool usage 79.4%, pid 4119624 alive, rss 3.3 GiB
[2026-06-20T09:02:52Z] [sentinel] heartbeat: pool usage 79.4%, pid 4119624 alive, rss 3.3 GiB
[2026-06-20T09:12:52Z] [sentinel] heartbeat: pool usage 79.4%, pid 4119624 alive, rss 3.3 GiB
[2026-06-20T09:22:52Z] [sentinel] heartbeat: pool usage 79.4%, pid 4119624 alive, rss 3.3 GiB
[2026-06-20T09:32:53Z] [sentinel] heartbeat: pool usage 79.3%, pid 4119624 alive, rss 3.3 GiB
[2026-06-20T09:42:53Z] [sentinel] heartbeat: pool usage 79.3%, pid 4119624 alive, rss 3.3 GiB
[2026-06-20T09:52:53Z] [sentinel] heartbeat: pool usage 79.3%, pid 4119624 alive, rss 3.3 GiB
[2026-06-20T10:02:53Z] [sentinel] heartbeat: pool usage 79.3%, pid 4119624 alive, rss 3.3 GiB
[2026-06-20T10:12:53Z] [sentinel] heartbeat: pool usage 79.4%, pid 4119624 alive, rss 3.3 GiB
[2026-06-20T10:22:53Z] [sentinel] heartbeat: pool usage 79.4%, pid 4119624 alive, rss 3.3 GiB
[2026-06-20T10:32:53Z] [sentinel] heartbeat: pool usage 79.4%, pid 4119624 alive, rss 3.3 GiB
[2026-06-20T10:42:53Z] [sentinel] heartbeat: pool usage 79.3%, pid 4119624 alive, rss 3.3 GiB
[2026-06-20T10:52:53Z] [sentinel] heartbeat: pool usage 79.4%, pid 4119624 alive, rss 3.3 GiB
[2026-06-20T11:02:53Z] [sentinel] heartbeat: pool usage 79.4%, pid 4119624 alive, rss 3.3 GiB
[2026-06-20T11:12:53Z] [sentinel] heartbeat: pool usage 79.4%, pid 4119624 alive, rss 3.3 GiB
[2026-06-20T11:22:53Z] [sentinel] heartbeat: pool usage 79.4%, pid 4119624 alive, rss 3.3 GiB
[2026-06-20T11:32:53Z] [sentinel] heartbeat: pool usage 79.4%, pid 4119624 alive, rss 3.3 GiB
[2026-06-20T11:42:53Z] [sentinel] heartbeat: pool usage 79.4%, pid 4119624 alive, rss 3.3 GiB
[2026-06-20T11:52:53Z] [sentinel] heartbeat: pool usage 79.4%, pid 4119624 alive, rss 3.3 GiB
[2026-06-20T12:02:53Z] [sentinel] heartbeat: pool usage 79.4%, pid 4119624 alive, rss 3.3 GiB
[2026-06-20T12:12:53Z] [sentinel] heartbeat: pool usage 79.4%, pid 4119624 alive, rss 3.3 GiB
[2026-06-20T12:22:53Z] [sentinel] heartbeat: pool usage 79.4%, pid 4119624 alive, rss 3.3 GiB
[2026-06-20T12:32:53Z] [sentinel] heartbeat: pool usage 79.4%, pid 4119624 alive, rss 3.3 GiB
[2026-06-20T12:42:53Z] [sentinel] heartbeat: pool usage 79.4%, pid 4119624 alive, rss 3.3 GiB
[2026-06-20T12:52:53Z] [sentinel] heartbeat: pool usage 79.4%, pid 4119624 alive, rss 3.3 GiB
[2026-06-20T13:02:53Z] [sentinel] heartbeat: pool usage 79.3%, pid 4119624 alive, rss 3.3 GiB
[2026-06-20T13:12:53Z] [sentinel] heartbeat: pool usage 79.4%, pid 4119624 alive, rss 3.3 GiB
[2026-06-20T13:22:53Z] [sentinel] heartbeat: pool usage 79.3%, pid 4119624 alive, rss 3.3 GiB
[2026-06-20T13:32:53Z] [sentinel] heartbeat: pool usage 79.4%, pid 4119624 alive, rss 3.3 GiB
[2026-06-20T13:42:53Z] [sentinel] heartbeat: pool usage 79.3%, pid 4119624 alive, rss 3.3 GiB
[2026-06-20T13:52:53Z] [sentinel] heartbeat: pool usage 79.3%, pid 4119624 alive, rss 3.3 GiB
[2026-06-20T14:02:53Z] [sentinel] heartbeat: pool usage 79.3%, pid 4119624 alive, rss 3.3 GiB
[2026-06-20T14:09:51Z] [sentinel] armed: pid=235906 kill_at=0.83 interval=30s grace=60s start_ticks=103704742 marker=/home/yashb98/Downloads/BuildFromScratch/research/loop_state.json.sentinel_kill
[2026-06-20T14:09:53Z] [sentinel] watched pid 4119624 exited on its own; disarming (no kill)
[2026-06-20T14:19:21Z] [sentinel] heartbeat: pool usage 80.7%, pid 235906 alive, rss 4.6 GiB
[2026-06-20T14:29:21Z] [sentinel] heartbeat: pool usage 80.5%, pid 235906 alive, rss 4.6 GiB
[2026-06-20T14:39:21Z] [sentinel] heartbeat: pool usage 80.6%, pid 235906 alive, rss 4.6 GiB
[2026-06-20T14:49:21Z] [sentinel] heartbeat: pool usage 80.6%, pid 235906 alive, rss 4.6 GiB
[2026-06-20T14:59:21Z] [sentinel] heartbeat: pool usage 80.6%, pid 235906 alive, rss 4.6 GiB
[2026-06-20T15:09:21Z] [sentinel] heartbeat: pool usage 80.0%, pid 235906 alive, rss 4.6 GiB
[2026-06-20T15:19:21Z] [sentinel] heartbeat: pool usage 80.0%, pid 235906 alive, rss 4.6 GiB
[2026-06-20T15:29:21Z] [sentinel] heartbeat: pool usage 80.0%, pid 235906 alive, rss 4.6 GiB
[2026-06-20T15:39:21Z] [sentinel] heartbeat: pool usage 80.0%, pid 235906 alive, rss 4.6 GiB
[2026-06-20T15:49:21Z] [sentinel] heartbeat: pool usage 80.0%, pid 235906 alive, rss 4.6 GiB
[2026-06-20T15:59:21Z] [sentinel] heartbeat: pool usage 79.0%, pid 235906 alive, rss 3.3 GiB
[2026-06-20T16:09:21Z] [sentinel] heartbeat: pool usage 78.9%, pid 235906 alive, rss 3.3 GiB
[2026-06-20T16:19:21Z] [sentinel] heartbeat: pool usage 78.9%, pid 235906 alive, rss 3.3 GiB
[2026-06-20T16:29:21Z] [sentinel] heartbeat: pool usage 78.9%, pid 235906 alive, rss 3.3 GiB
[2026-06-20T16:39:21Z] [sentinel] heartbeat: pool usage 78.9%, pid 235906 alive, rss 3.3 GiB
[2026-06-20T16:49:21Z] [sentinel] heartbeat: pool usage 78.9%, pid 235906 alive, rss 3.3 GiB
[2026-06-20T16:59:21Z] [sentinel] heartbeat: pool usage 78.9%, pid 235906 alive, rss 3.3 GiB
[2026-06-20T17:09:21Z] [sentinel] heartbeat: pool usage 78.9%, pid 235906 alive, rss 3.3 GiB
[2026-06-20T17:19:21Z] [sentinel] heartbeat: pool usage 79.0%, pid 235906 alive, rss 3.3 GiB
[2026-06-20T17:29:21Z] [sentinel] heartbeat: pool usage 79.0%, pid 235906 alive, rss 3.3 GiB
[2026-06-20T17:39:21Z] [sentinel] heartbeat: pool usage 78.9%, pid 235906 alive, rss 3.3 GiB
[2026-06-20T17:49:21Z] [sentinel] heartbeat: pool usage 79.0%, pid 235906 alive, rss 3.3 GiB
[2026-06-20T17:59:21Z] [sentinel] heartbeat: pool usage 78.9%, pid 235906 alive, rss 3.3 GiB
[2026-06-20T18:09:21Z] [sentinel] heartbeat: pool usage 78.9%, pid 235906 alive, rss 3.3 GiB
[2026-06-20T18:19:21Z] [sentinel] heartbeat: pool usage 78.9%, pid 235906 alive, rss 3.3 GiB
[2026-06-20T18:29:21Z] [sentinel] heartbeat: pool usage 79.0%, pid 235906 alive, rss 3.3 GiB
[2026-06-20T18:39:21Z] [sentinel] heartbeat: pool usage 79.0%, pid 235906 alive, rss 3.3 GiB
[2026-06-20T18:49:21Z] [sentinel] heartbeat: pool usage 79.0%, pid 235906 alive, rss 3.3 GiB
[2026-06-20T18:59:22Z] [sentinel] heartbeat: pool usage 79.0%, pid 235906 alive, rss 3.3 GiB
[2026-06-20T19:09:22Z] [sentinel] heartbeat: pool usage 78.9%, pid 235906 alive, rss 3.3 GiB
[2026-06-20T19:19:22Z] [sentinel] heartbeat: pool usage 79.0%, pid 235906 alive, rss 3.3 GiB
[2026-06-20T19:29:22Z] [sentinel] heartbeat: pool usage 79.0%, pid 235906 alive, rss 3.3 GiB
[2026-06-20T19:39:22Z] [sentinel] heartbeat: pool usage 79.0%, pid 235906 alive, rss 3.3 GiB
[2026-06-20T19:49:22Z] [sentinel] heartbeat: pool usage 79.0%, pid 235906 alive, rss 3.3 GiB
[2026-06-20T19:59:22Z] [sentinel] heartbeat: pool usage 79.0%, pid 235906 alive, rss 3.3 GiB
[2026-06-20T20:09:22Z] [sentinel] heartbeat: pool usage 79.0%, pid 235906 alive, rss 3.3 GiB
[2026-06-20T20:19:22Z] [sentinel] heartbeat: pool usage 79.0%, pid 235906 alive, rss 3.3 GiB
[2026-06-20T20:29:22Z] [sentinel] heartbeat: pool usage 79.0%, pid 235906 alive, rss 3.3 GiB
[2026-06-20T20:39:22Z] [sentinel] heartbeat: pool usage 79.0%, pid 235906 alive, rss 3.3 GiB
[2026-06-20T20:49:22Z] [sentinel] heartbeat: pool usage 78.9%, pid 235906 alive, rss 3.3 GiB
[2026-06-20T20:59:22Z] [sentinel] heartbeat: pool usage 78.9%, pid 235906 alive, rss 3.3 GiB
[2026-06-20T21:09:22Z] [sentinel] heartbeat: pool usage 78.9%, pid 235906 alive, rss 3.3 GiB
[2026-06-20T21:19:22Z] [sentinel] heartbeat: pool usage 78.9%, pid 235906 alive, rss 3.3 GiB
[2026-06-20T21:24:05Z] [sentinel] armed: pid=541295 kill_at=0.83 interval=30s grace=60s start_ticks=106310173 marker=/home/yashb98/Downloads/BuildFromScratch/research/loop_state.json.sentinel_kill
[2026-06-20T21:24:22Z] [sentinel] watched pid 235906 exited on its own; disarming (no kill)
[2026-06-20T21:33:35Z] [sentinel] heartbeat: pool usage 72.4%, pid 541295 alive, rss 3.5 GiB
[2026-06-20T21:43:35Z] [sentinel] heartbeat: pool usage 73.1%, pid 541295 alive, rss 3.5 GiB
[2026-06-20T21:53:35Z] [sentinel] heartbeat: pool usage 72.8%, pid 541295 alive, rss 3.5 GiB
[2026-06-20T22:03:35Z] [sentinel] heartbeat: pool usage 72.9%, pid 541295 alive, rss 3.5 GiB
[2026-06-20T22:13:35Z] [sentinel] heartbeat: pool usage 72.7%, pid 541295 alive, rss 3.5 GiB
[2026-06-20T22:23:35Z] [sentinel] heartbeat: pool usage 72.8%, pid 541295 alive, rss 3.5 GiB
[2026-06-20T22:33:35Z] [sentinel] heartbeat: pool usage 72.2%, pid 541295 alive, rss 3.5 GiB
[2026-06-20T22:43:35Z] [sentinel] heartbeat: pool usage 72.3%, pid 541295 alive, rss 3.5 GiB
[2026-06-20T22:53:35Z] [sentinel] heartbeat: pool usage 72.3%, pid 541295 alive, rss 3.5 GiB
[2026-06-20T23:03:35Z] [sentinel] heartbeat: pool usage 72.0%, pid 541295 alive, rss 3.2 GiB
[2026-06-20T23:13:36Z] [sentinel] heartbeat: pool usage 72.0%, pid 541295 alive, rss 3.2 GiB
[2026-06-20T23:23:36Z] [sentinel] heartbeat: pool usage 71.7%, pid 541295 alive, rss 2.9 GiB
[2026-06-20T23:33:36Z] [sentinel] heartbeat: pool usage 71.7%, pid 541295 alive, rss 2.9 GiB
[2026-06-20T23:43:36Z] [sentinel] heartbeat: pool usage 71.9%, pid 541295 alive, rss 3.2 GiB
[2026-06-20T23:53:36Z] [sentinel] heartbeat: pool usage 72.0%, pid 541295 alive, rss 3.2 GiB
[2026-06-21T00:03:36Z] [sentinel] heartbeat: pool usage 71.9%, pid 541295 alive, rss 3.2 GiB
[2026-06-21T00:13:36Z] [sentinel] heartbeat: pool usage 71.9%, pid 541295 alive, rss 3.2 GiB
[2026-06-21T00:23:36Z] [sentinel] heartbeat: pool usage 72.0%, pid 541295 alive, rss 3.2 GiB
[2026-06-21T00:33:36Z] [sentinel] heartbeat: pool usage 72.0%, pid 541295 alive, rss 3.2 GiB
[2026-06-21T00:43:36Z] [sentinel] heartbeat: pool usage 72.0%, pid 541295 alive, rss 3.2 GiB
[2026-06-21T00:53:36Z] [sentinel] heartbeat: pool usage 71.9%, pid 541295 alive, rss 3.2 GiB
[2026-06-21T01:03:36Z] [sentinel] heartbeat: pool usage 72.0%, pid 541295 alive, rss 3.2 GiB
[2026-06-21T01:13:36Z] [sentinel] heartbeat: pool usage 72.0%, pid 541295 alive, rss 3.2 GiB
[2026-06-21T01:23:36Z] [sentinel] heartbeat: pool usage 72.0%, pid 541295 alive, rss 3.2 GiB
[2026-06-21T01:33:36Z] [sentinel] heartbeat: pool usage 72.0%, pid 541295 alive, rss 3.2 GiB
[2026-06-21T01:43:36Z] [sentinel] heartbeat: pool usage 72.0%, pid 541295 alive, rss 3.2 GiB
[2026-06-21T01:53:36Z] [sentinel] heartbeat: pool usage 72.0%, pid 541295 alive, rss 3.2 GiB
[2026-06-21T02:03:36Z] [sentinel] heartbeat: pool usage 72.0%, pid 541295 alive, rss 3.2 GiB
[2026-06-21T02:13:36Z] [sentinel] heartbeat: pool usage 72.0%, pid 541295 alive, rss 3.2 GiB
[2026-06-21T02:23:36Z] [sentinel] heartbeat: pool usage 72.1%, pid 541295 alive, rss 3.2 GiB
[2026-06-21T02:33:36Z] [sentinel] heartbeat: pool usage 72.0%, pid 541295 alive, rss 3.2 GiB
[2026-06-21T02:43:36Z] [sentinel] heartbeat: pool usage 72.1%, pid 541295 alive, rss 3.2 GiB
[2026-06-21T02:53:36Z] [sentinel] heartbeat: pool usage 72.0%, pid 541295 alive, rss 3.2 GiB
[2026-06-21T03:03:36Z] [sentinel] heartbeat: pool usage 72.0%, pid 541295 alive, rss 3.2 GiB
[2026-06-21T03:11:15Z] [sentinel] armed: pid=806434 kill_at=0.83 interval=30s grace=60s start_ticks=108393126 marker=/home/yashb98/Downloads/BuildFromScratch/research/loop_state.json.sentinel_kill
[2026-06-21T03:11:36Z] [sentinel] watched pid 541295 exited on its own; disarming (no kill)
[2026-06-21T03:20:45Z] [sentinel] heartbeat: pool usage 72.4%, pid 806434 alive, rss 3.5 GiB
[2026-06-21T03:30:45Z] [sentinel] heartbeat: pool usage 72.3%, pid 806434 alive, rss 3.5 GiB
[2026-06-21T03:40:45Z] [sentinel] heartbeat: pool usage 72.4%, pid 806434 alive, rss 3.5 GiB
[2026-06-21T03:50:45Z] [sentinel] heartbeat: pool usage 72.3%, pid 806434 alive, rss 3.5 GiB
[2026-06-21T04:00:45Z] [sentinel] heartbeat: pool usage 72.4%, pid 806434 alive, rss 3.5 GiB
[2026-06-21T04:10:45Z] [sentinel] heartbeat: pool usage 72.4%, pid 806434 alive, rss 3.5 GiB
[2026-06-21T04:20:45Z] [sentinel] heartbeat: pool usage 72.4%, pid 806434 alive, rss 3.5 GiB
[2026-06-21T04:30:45Z] [sentinel] heartbeat: pool usage 72.4%, pid 806434 alive, rss 3.5 GiB
[2026-06-21T04:40:45Z] [sentinel] heartbeat: pool usage 72.1%, pid 806434 alive, rss 3.2 GiB
[2026-06-21T04:50:45Z] [sentinel] heartbeat: pool usage 72.1%, pid 806434 alive, rss 3.2 GiB
[2026-06-21T05:00:45Z] [sentinel] heartbeat: pool usage 71.9%, pid 806434 alive, rss 2.9 GiB
[2026-06-21T05:10:45Z] [sentinel] heartbeat: pool usage 71.9%, pid 806434 alive, rss 2.9 GiB
[2026-06-21T05:20:45Z] [sentinel] heartbeat: pool usage 72.1%, pid 806434 alive, rss 3.2 GiB
[2026-06-21T05:30:45Z] [sentinel] heartbeat: pool usage 72.1%, pid 806434 alive, rss 3.2 GiB
[2026-06-21T05:40:45Z] [sentinel] heartbeat: pool usage 72.1%, pid 806434 alive, rss 3.2 GiB
[2026-06-21T05:50:45Z] [sentinel] heartbeat: pool usage 72.1%, pid 806434 alive, rss 3.2 GiB
[2026-06-21T06:00:45Z] [sentinel] heartbeat: pool usage 72.2%, pid 806434 alive, rss 3.2 GiB
[2026-06-21T06:10:45Z] [sentinel] heartbeat: pool usage 72.1%, pid 806434 alive, rss 3.2 GiB
[2026-06-21T06:20:45Z] [sentinel] heartbeat: pool usage 72.2%, pid 806434 alive, rss 3.2 GiB
[2026-06-21T06:30:45Z] [sentinel] heartbeat: pool usage 72.1%, pid 806434 alive, rss 3.2 GiB
[2026-06-21T06:40:45Z] [sentinel] heartbeat: pool usage 72.1%, pid 806434 alive, rss 3.2 GiB
[2026-06-21T06:50:45Z] [sentinel] heartbeat: pool usage 72.1%, pid 806434 alive, rss 3.2 GiB
[2026-06-21T07:00:45Z] [sentinel] heartbeat: pool usage 72.1%, pid 806434 alive, rss 3.2 GiB
[2026-06-21T07:10:45Z] [sentinel] heartbeat: pool usage 72.1%, pid 806434 alive, rss 3.2 GiB
[2026-06-21T07:20:45Z] [sentinel] heartbeat: pool usage 72.1%, pid 806434 alive, rss 3.2 GiB
[2026-06-21T07:30:45Z] [sentinel] heartbeat: pool usage 72.1%, pid 806434 alive, rss 3.2 GiB
[2026-06-21T07:40:45Z] [sentinel] heartbeat: pool usage 72.1%, pid 806434 alive, rss 3.2 GiB
[2026-06-21T07:50:45Z] [sentinel] heartbeat: pool usage 72.1%, pid 806434 alive, rss 3.2 GiB
[2026-06-21T08:00:45Z] [sentinel] heartbeat: pool usage 72.1%, pid 806434 alive, rss 3.2 GiB
[2026-06-21T08:10:45Z] [sentinel] heartbeat: pool usage 72.1%, pid 806434 alive, rss 3.2 GiB
[2026-06-21T08:20:45Z] [sentinel] heartbeat: pool usage 72.1%, pid 806434 alive, rss 3.2 GiB
[2026-06-21T08:30:45Z] [sentinel] heartbeat: pool usage 72.1%, pid 806434 alive, rss 3.2 GiB
[2026-06-21T08:40:45Z] [sentinel] heartbeat: pool usage 72.2%, pid 806434 alive, rss 3.2 GiB
[2026-06-21T08:50:45Z] [sentinel] heartbeat: pool usage 72.2%, pid 806434 alive, rss 3.2 GiB
[2026-06-21T08:50:51Z] [sentinel] armed: pid=1045977 kill_at=0.83 interval=30s grace=60s start_ticks=110430730 marker=/home/yashb98/Downloads/BuildFromScratch/research/loop_state.json.sentinel_kill
[2026-06-21T08:51:15Z] [sentinel] watched pid 806434 exited on its own; disarming (no kill)
[2026-06-21T09:00:21Z] [sentinel] heartbeat: pool usage 72.5%, pid 1045977 alive, rss 3.5 GiB
[2026-06-21T09:10:21Z] [sentinel] heartbeat: pool usage 72.5%, pid 1045977 alive, rss 3.5 GiB
[2026-06-21T09:20:21Z] [sentinel] heartbeat: pool usage 72.4%, pid 1045977 alive, rss 3.5 GiB
[2026-06-21T09:30:21Z] [sentinel] heartbeat: pool usage 72.4%, pid 1045977 alive, rss 3.5 GiB
[2026-06-21T09:40:21Z] [sentinel] heartbeat: pool usage 72.3%, pid 1045977 alive, rss 3.5 GiB
[2026-06-21T09:50:21Z] [sentinel] heartbeat: pool usage 72.3%, pid 1045977 alive, rss 3.5 GiB
[2026-06-21T10:00:21Z] [sentinel] heartbeat: pool usage 72.3%, pid 1045977 alive, rss 3.5 GiB
[2026-06-21T10:10:21Z] [sentinel] heartbeat: pool usage 72.3%, pid 1045977 alive, rss 3.5 GiB
[2026-06-21T10:20:21Z] [sentinel] heartbeat: pool usage 72.0%, pid 1045977 alive, rss 3.2 GiB
[2026-06-21T10:30:21Z] [sentinel] heartbeat: pool usage 72.0%, pid 1045977 alive, rss 3.2 GiB
[2026-06-21T10:40:21Z] [sentinel] heartbeat: pool usage 71.8%, pid 1045977 alive, rss 2.9 GiB
[2026-06-21T10:50:21Z] [sentinel] heartbeat: pool usage 71.8%, pid 1045977 alive, rss 2.9 GiB
[2026-06-21T11:00:21Z] [sentinel] heartbeat: pool usage 72.0%, pid 1045977 alive, rss 3.2 GiB
[2026-06-21T11:10:21Z] [sentinel] heartbeat: pool usage 72.1%, pid 1045977 alive, rss 3.2 GiB
[2026-06-21T11:20:21Z] [sentinel] heartbeat: pool usage 72.1%, pid 1045977 alive, rss 3.2 GiB
[2026-06-21T11:30:21Z] [sentinel] heartbeat: pool usage 72.1%, pid 1045977 alive, rss 3.2 GiB
[2026-06-21T11:40:21Z] [sentinel] heartbeat: pool usage 72.1%, pid 1045977 alive, rss 3.2 GiB
[2026-06-21T11:50:21Z] [sentinel] heartbeat: pool usage 72.1%, pid 1045977 alive, rss 3.2 GiB
[2026-06-21T12:00:21Z] [sentinel] heartbeat: pool usage 72.1%, pid 1045977 alive, rss 3.2 GiB
[2026-06-21T12:10:21Z] [sentinel] heartbeat: pool usage 72.1%, pid 1045977 alive, rss 3.2 GiB
[2026-06-21T12:20:21Z] [sentinel] heartbeat: pool usage 72.1%, pid 1045977 alive, rss 3.2 GiB
[2026-06-21T12:30:21Z] [sentinel] heartbeat: pool usage 72.1%, pid 1045977 alive, rss 3.2 GiB
[2026-06-21T12:40:21Z] [sentinel] heartbeat: pool usage 72.1%, pid 1045977 alive, rss 3.2 GiB
[2026-06-21T12:50:21Z] [sentinel] heartbeat: pool usage 72.1%, pid 1045977 alive, rss 3.2 GiB
[2026-06-21T13:00:21Z] [sentinel] heartbeat: pool usage 72.0%, pid 1045977 alive, rss 3.2 GiB
[2026-06-21T13:10:21Z] [sentinel] heartbeat: pool usage 72.1%, pid 1045977 alive, rss 3.2 GiB
[2026-06-21T13:20:21Z] [sentinel] heartbeat: pool usage 72.1%, pid 1045977 alive, rss 3.2 GiB
[2026-06-21T13:30:21Z] [sentinel] heartbeat: pool usage 72.1%, pid 1045977 alive, rss 3.2 GiB
[2026-06-21T13:40:21Z] [sentinel] heartbeat: pool usage 72.0%, pid 1045977 alive, rss 3.2 GiB
[2026-06-21T13:50:21Z] [sentinel] heartbeat: pool usage 72.1%, pid 1045977 alive, rss 3.2 GiB
[2026-06-21T14:00:22Z] [sentinel] heartbeat: pool usage 72.1%, pid 1045977 alive, rss 3.2 GiB
[2026-06-21T14:10:22Z] [sentinel] heartbeat: pool usage 72.1%, pid 1045977 alive, rss 3.2 GiB
[2026-06-21T14:20:22Z] [sentinel] heartbeat: pool usage 72.1%, pid 1045977 alive, rss 3.2 GiB
[2026-06-21T14:30:22Z] [sentinel] heartbeat: pool usage 72.1%, pid 1045977 alive, rss 3.2 GiB
[2026-06-21T14:32:52Z] [sentinel] watched pid 1045977 exited on its own; disarming (no kill)
