[03:11:22] ARM arch=imu1 schedule=cosine optimizer=adamw zloss=0.0 | vr=True ln=True hg=True | steps=2000 seed=1 tok/step=65,536
[03:11:22] optimizer split: 225 / 197 param tensors
[03:11:25]   loaded cached tokens from tokcache_133072000_300000_seed0_Qwen3-0.6B-Base.pt (133,072,000 train + 300,000 val)
[03:11:25] Compiling model...
[03:13:12] step    10/2000  ce 9.9088  lr 1.70e-04  |grad| 1.95  mem 61.1GB  tok/s 6,163
[03:14:54] step    20/2000  ce 7.9068  lr 3.40e-04  |grad| 0.88  mem 61.1GB  tok/s 6,310
[03:16:35] step    30/2000  ce 7.5341  lr 5.10e-04  |grad| 1.14  mem 61.1GB  tok/s 6,364
[03:18:16] step    40/2000  ce 7.2412  lr 6.80e-04  |grad| 0.78  mem 61.1GB  tok/s 6,389
[03:19:58] step    50/2000  ce 6.9396  lr 8.50e-04  |grad| 0.61  mem 61.1GB  tok/s 6,403
[03:21:39] step    60/2000  ce 6.7867  lr 1.02e-03  |grad| 0.69  mem 61.1GB  tok/s 6,414
[03:23:20] step    70/2000  ce 6.7934  lr 1.19e-03  |grad| 0.55  mem 61.1GB  tok/s 6,421
[03:25:02] step    80/2000  ce 6.5996  lr 1.36e-03  |grad| 0.82  mem 61.1GB  tok/s 6,426
[03:26:43] step    90/2000  ce 6.4364  lr 1.53e-03  |grad| 0.51  mem 61.1GB  tok/s 6,430
[03:28:25] step   100/2000  ce 6.4015  lr 1.70e-03  |grad| 0.96  mem 61.1GB  tok/s 6,433
[03:30:06] step   110/2000  ce 6.3500  lr 1.70e-03  |grad| 0.47  mem 61.1GB  tok/s 6,436
[03:31:47] step   120/2000  ce 6.2978  lr 1.70e-03  |grad| 0.45  mem 61.1GB  tok/s 6,438
[03:33:29] step   130/2000  ce 6.2999  lr 1.70e-03  |grad| 0.46  mem 61.1GB  tok/s 6,440
[03:35:10] step   140/2000  ce 6.1274  lr 1.70e-03  |grad| 0.41  mem 61.1GB  tok/s 6,442
[03:36:52] step   150/2000  ce 6.0892  lr 1.70e-03  |grad| 0.47  mem 61.1GB  tok/s 6,443
[03:38:33] step   160/2000  ce 5.9640  lr 1.70e-03  |grad| 0.50  mem 61.1GB  tok/s 6,444
[03:40:14] step   170/2000  ce 5.9902  lr 1.70e-03  |grad| 0.48  mem 61.1GB  tok/s 6,445
[03:41:56] step   180/2000  ce 5.8457  lr 1.69e-03  |grad| 0.58  mem 61.1GB  tok/s 6,446
[03:43:37] step   190/2000  ce 5.5905  lr 1.69e-03  |grad| 0.47  mem 61.1GB  tok/s 6,447
[03:45:19] step   200/2000  ce 5.7481  lr 1.69e-03  |grad| 0.46  mem 61.1GB  tok/s 6,448
[03:47:00] step   210/2000  ce 5.7561  lr 1.69e-03  |grad| 0.48  mem 61.1GB  tok/s 6,448
[03:48:42] step   220/2000  ce 5.7233  lr 1.69e-03  |grad| 0.36  mem 61.1GB  tok/s 6,449
[03:50:23] step   230/2000  ce 5.5828  lr 1.68e-03  |grad| 0.37  mem 61.1GB  tok/s 6,449
[03:52:04] step   240/2000  ce 5.3623  lr 1.68e-03  |grad| 0.40  mem 61.1GB  tok/s 6,450
[03:53:46] step   250/2000  ce 5.2926  lr 1.68e-03  |grad| 0.45  mem 61.1GB  tok/s 6,450
[03:53:49]   [ckpt @ 250] -> checkpoint_arch_seed1.pt
[03:55:31] step   260/2000  ce 5.5813  lr 1.68e-03  |grad| 0.42  mem 61.1GB  tok/s 6,443
[03:57:12] step   270/2000  ce 5.4958  lr 1.67e-03  |grad| 0.36  mem 61.1GB  tok/s 6,443
[03:58:54] step   280/2000  ce 5.0561  lr 1.67e-03  |grad| 0.30  mem 61.1GB  tok/s 6,444
[04:00:35] step   290/2000  ce 5.4337  lr 1.67e-03  |grad| 0.32  mem 61.1GB  tok/s 6,444
[04:02:16] step   300/2000  ce 5.1287  lr 1.66e-03  |grad| 0.29  mem 61.1GB  tok/s 6,445
[04:03:58] step   310/2000  ce 5.1618  lr 1.66e-03  |grad| 0.35  mem 61.1GB  tok/s 6,445
[04:05:39] step   320/2000  ce 5.2637  lr 1.65e-03  |grad| 0.32  mem 61.1GB  tok/s 6,446
[04:07:21] step   330/2000  ce 5.2663  lr 1.65e-03  |grad| 0.33  mem 61.1GB  tok/s 6,446
[04:09:02] step   340/2000  ce 4.8916  lr 1.65e-03  |grad| 0.31  mem 61.1GB  tok/s 6,447
[04:10:44] step   350/2000  ce 5.1383  lr 1.64e-03  |grad| 0.29  mem 61.1GB  tok/s 6,447
[04:12:25] step   360/2000  ce 5.3119  lr 1.64e-03  |grad| 0.34  mem 61.1GB  tok/s 6,447
[04:14:07] step   370/2000  ce 4.8600  lr 1.63e-03  |grad| 0.28  mem 61.1GB  tok/s 6,448
[04:15:48] step   380/2000  ce 5.0815  lr 1.63e-03  |grad| 0.29  mem 61.1GB  tok/s 6,448
[04:17:29] step   390/2000  ce 4.9257  lr 1.62e-03  |grad| 0.27  mem 61.1GB  tok/s 6,449
[04:19:11] step   400/2000  ce 5.0070  lr 1.62e-03  |grad| 0.26  mem 61.1GB  tok/s 6,449
[04:20:52] step   410/2000  ce 4.9434  lr 1.61e-03  |grad| 0.31  mem 61.1GB  tok/s 6,449
[04:22:34] step   420/2000  ce 4.7397  lr 1.61e-03  |grad| 0.44  mem 61.1GB  tok/s 6,450
[04:24:15] step   430/2000  ce 4.7665  lr 1.60e-03  |grad| 0.26  mem 61.1GB  tok/s 6,450
[04:25:56] step   440/2000  ce 4.5229  lr 1.59e-03  |grad| 0.26  mem 61.1GB  tok/s 6,450
[04:27:38] step   450/2000  ce 4.8366  lr 1.59e-03  |grad| 0.28  mem 61.1GB  tok/s 6,450
[04:29:19] step   460/2000  ce 4.6916  lr 1.58e-03  |grad| 0.24  mem 61.1GB  tok/s 6,451
[04:31:01] step   470/2000  ce 4.7046  lr 1.57e-03  |grad| 0.28  mem 61.1GB  tok/s 6,451
[04:32:42] step   480/2000  ce 4.6548  lr 1.57e-03  |grad| 0.24  mem 61.1GB  tok/s 6,451
[04:34:24] step   490/2000  ce 4.6390  lr 1.56e-03  |grad| 0.27  mem 61.1GB  tok/s 6,451
[04:36:05] step   500/2000  ce 4.4101  lr 1.55e-03  |grad| 0.24  mem 61.1GB  tok/s 6,452
[04:36:17]   [eval @ 500] val PPL=91.29
[04:36:20]   [ckpt @ 500] -> checkpoint_arch_seed1.pt
[04:38:02] step   510/2000  ce 4.6791  lr 1.55e-03  |grad| 0.23  mem 61.1GB  tok/s 6,433
[04:39:43] step   520/2000  ce 4.4648  lr 1.54e-03  |grad| 0.23  mem 61.1GB  tok/s 6,433
[04:41:25] step   530/2000  ce 4.4180  lr 1.53e-03  |grad| 0.26  mem 61.1GB  tok/s 6,434
[04:43:06] step   540/2000  ce 4.4754  lr 1.53e-03  |grad| 0.26  mem 61.1GB  tok/s 6,434
[04:44:47] step   550/2000  ce 4.4743  lr 1.52e-03  |grad| 0.24  mem 61.1GB  tok/s 6,435
[04:46:29] step   560/2000  ce 4.4123  lr 1.51e-03  |grad| 0.22  mem 61.1GB  tok/s 6,435
[04:48:10] step   570/2000  ce 4.6296  lr 1.50e-03  |grad| 0.23  mem 61.1GB  tok/s 6,436
[04:49:52] step   580/2000  ce 4.6753  lr 1.49e-03  |grad| 0.27  mem 61.1GB  tok/s 6,436
[04:51:33] step   590/2000  ce 4.4581  lr 1.49e-03  |grad| 0.22  mem 61.1GB  tok/s 6,437
[04:53:14] step   600/2000  ce 4.3309  lr 1.48e-03  |grad| 0.22  mem 61.1GB  tok/s 6,437
[04:54:56] step   610/2000  ce 4.3882  lr 1.47e-03  |grad| 0.22  mem 61.1GB  tok/s 6,438
[04:56:37] step   620/2000  ce 4.4112  lr 1.46e-03  |grad| 0.22  mem 61.1GB  tok/s 6,438
[04:58:19] step   630/2000  ce 4.1249  lr 1.45e-03  |grad| 0.27  mem 61.1GB  tok/s 6,438
[05:00:00] step   640/2000  ce 4.2395  lr 1.44e-03  |grad| 0.23  mem 61.1GB  tok/s 6,439
[05:01:41] step   650/2000  ce 4.3312  lr 1.43e-03  |grad| 0.22  mem 61.1GB  tok/s 6,439
[05:03:23] step   660/2000  ce 4.3616  lr 1.42e-03  |grad| 0.24  mem 61.1GB  tok/s 6,439
[05:05:04] step   670/2000  ce 4.2491  lr 1.42e-03  |grad| 0.23  mem 61.1GB  tok/s 6,440
[05:06:46] step   680/2000  ce 4.1697  lr 1.41e-03  |grad| 0.23  mem 61.1GB  tok/s 6,440
[05:08:27] step   690/2000  ce 3.9572  lr 1.40e-03  |grad| 0.23  mem 61.1GB  tok/s 6,440
[05:10:08] step   700/2000  ce 4.1768  lr 1.39e-03  |grad| 0.21  mem 61.1GB  tok/s 6,441
[05:11:50] step   710/2000  ce 4.1503  lr 1.38e-03  |grad| 0.20  mem 61.1GB  tok/s 6,441
[05:13:31] step   720/2000  ce 4.3216  lr 1.37e-03  |grad| 0.22  mem 61.1GB  tok/s 6,441
[05:15:13] step   730/2000  ce 4.3909  lr 1.36e-03  |grad| 0.23  mem 61.1GB  tok/s 6,442
[05:16:54] step   740/2000  ce 4.2487  lr 1.35e-03  |grad| 0.22  mem 61.1GB  tok/s 6,442
[05:18:36] step   750/2000  ce 4.2024  lr 1.34e-03  |grad| 0.20  mem 61.1GB  tok/s 6,442
[05:18:42]   [ckpt @ 750] -> checkpoint_arch_seed1.pt
[05:20:23] step   760/2000  ce 3.9508  lr 1.33e-03  |grad| 0.19  mem 61.1GB  tok/s 6,437
[05:22:04] step   770/2000  ce 4.2668  lr 1.32e-03  |grad| 0.23  mem 61.1GB  tok/s 6,438
[05:23:46] step   780/2000  ce 4.1330  lr 1.31e-03  |grad| 0.22  mem 61.1GB  tok/s 6,438
[05:25:27] step   790/2000  ce 4.2724  lr 1.30e-03  |grad| 0.19  mem 61.1GB  tok/s 6,438
[05:27:09] step   800/2000  ce 4.1992  lr 1.29e-03  |grad| 0.20  mem 61.1GB  tok/s 6,439
[05:28:50] step   810/2000  ce 4.1690  lr 1.28e-03  |grad| 0.20  mem 61.1GB  tok/s 6,439
[05:30:32] step   820/2000  ce 4.0656  lr 1.27e-03  |grad| 0.19  mem 61.1GB  tok/s 6,439
[05:32:13] step   830/2000  ce 4.1146  lr 1.26e-03  |grad| 0.20  mem 61.1GB  tok/s 6,439
[05:33:54] step   840/2000  ce 4.1479  lr 1.24e-03  |grad| 0.23  mem 61.1GB  tok/s 6,440
[05:35:36] step   850/2000  ce 4.1014  lr 1.23e-03  |grad| 0.20  mem 61.1GB  tok/s 6,440
[05:37:17] step   860/2000  ce 3.7284  lr 1.22e-03  |grad| 0.20  mem 61.1GB  tok/s 6,440
[05:38:59] step   870/2000  ce 3.9881  lr 1.21e-03  |grad| 0.20  mem 61.1GB  tok/s 6,440
[05:40:40] step   880/2000  ce 4.0536  lr 1.20e-03  |grad| 0.19  mem 61.1GB  tok/s 6,441
[05:42:22] step   890/2000  ce 4.0471  lr 1.19e-03  |grad| 0.20  mem 61.1GB  tok/s 6,441
[05:44:03] step   900/2000  ce 3.9803  lr 1.18e-03  |grad| 0.19  mem 61.1GB  tok/s 6,441
[05:45:45] step   910/2000  ce 4.1165  lr 1.17e-03  |grad| 0.20  mem 61.1GB  tok/s 6,441
[05:47:26] step   920/2000  ce 4.2396  lr 1.16e-03  |grad| 0.20  mem 61.1GB  tok/s 6,441
[05:49:07] step   930/2000  ce 4.0603  lr 1.15e-03  |grad| 0.23  mem 61.1GB  tok/s 6,442
[05:50:49] step   940/2000  ce 3.9208  lr 1.13e-03  |grad| 0.22  mem 61.1GB  tok/s 6,442
[05:52:30] step   950/2000  ce 3.9401  lr 1.12e-03  |grad| 0.19  mem 61.1GB  tok/s 6,442
[05:54:12] step   960/2000  ce 4.0615  lr 1.11e-03  |grad| 0.20  mem 61.1GB  tok/s 6,442
[05:55:53] step   970/2000  ce 3.9625  lr 1.10e-03  |grad| 0.22  mem 61.1GB  tok/s 6,443
[05:57:34] step   980/2000  ce 4.2909  lr 1.09e-03  |grad| 0.20  mem 61.1GB  tok/s 6,443
[05:59:16] step   990/2000  ce 4.1225  lr 1.08e-03  |grad| 0.18  mem 61.1GB  tok/s 6,443
[06:00:57] step  1000/2000  ce 3.9808  lr 1.07e-03  |grad| 0.21  mem 61.1GB  tok/s 6,443
[06:01:07]   [eval @ 1000] val PPL=51.55
[06:01:10]   [ckpt @ 1000] -> checkpoint_arch_seed1.pt
[06:02:52] step  1010/2000  ce 3.9021  lr 1.06e-03  |grad| 0.20  mem 61.1GB  tok/s 6,435
[06:04:33] step  1020/2000  ce 3.8192  lr 1.04e-03  |grad| 0.20  mem 61.1GB  tok/s 6,435
[06:06:15] step  1030/2000  ce 3.9517  lr 1.03e-03  |grad| 0.19  mem 61.1GB  tok/s 6,436
[06:07:56] step  1040/2000  ce 4.1473  lr 1.02e-03  |grad| 0.23  mem 61.1GB  tok/s 6,436
[06:09:38] step  1050/2000  ce 3.7737  lr 1.01e-03  |grad| 0.20  mem 61.1GB  tok/s 6,436
[06:11:19] step  1060/2000  ce 3.9572  lr 9.99e-04  |grad| 0.20  mem 61.1GB  tok/s 6,436
[06:13:00] step  1070/2000  ce 3.8855  lr 9.87e-04  |grad| 0.22  mem 61.1GB  tok/s 6,437
[06:14:42] step  1080/2000  ce 3.8815  lr 9.76e-04  |grad| 0.19  mem 61.1GB  tok/s 6,437
[06:16:23] step  1090/2000  ce 4.0985  lr 9.64e-04  |grad| 0.18  mem 61.1GB  tok/s 6,437
[06:18:04] step  1100/2000  ce 3.7825  lr 9.53e-04  |grad| 0.18  mem 61.1GB  tok/s 6,437
[06:19:46] step  1110/2000  ce 3.9707  lr 9.42e-04  |grad| 0.19  mem 61.1GB  tok/s 6,438
[06:21:27] step  1120/2000  ce 3.9873  lr 9.30e-04  |grad| 0.17  mem 61.1GB  tok/s 6,438
[06:23:09] step  1130/2000  ce 3.6546  lr 9.19e-04  |grad| 0.19  mem 61.1GB  tok/s 6,438
[06:24:50] step  1140/2000  ce 4.0025  lr 9.08e-04  |grad| 0.19  mem 61.1GB  tok/s 6,438
[06:26:31] step  1150/2000  ce 3.8943  lr 8.96e-04  |grad| 0.18  mem 61.1GB  tok/s 6,439
[06:28:13] step  1160/2000  ce 3.9313  lr 8.85e-04  |grad| 0.18  mem 61.1GB  tok/s 6,439
[06:29:54] step  1170/2000  ce 3.9005  lr 8.74e-04  |grad| 0.19  mem 61.1GB  tok/s 6,439
[06:31:36] step  1180/2000  ce 4.0145  lr 8.63e-04  |grad| 0.18  mem 61.1GB  tok/s 6,439
[06:33:17] step  1190/2000  ce 3.8881  lr 8.52e-04  |grad| 0.19  mem 61.1GB  tok/s 6,439
[06:34:58] step  1200/2000  ce 3.8564  lr 8.41e-04  |grad| 0.19  mem 61.1GB  tok/s 6,440
[06:36:40] step  1210/2000  ce 3.8242  lr 8.30e-04  |grad| 0.19  mem 61.1GB  tok/s 6,440
[06:38:21] step  1220/2000  ce 3.9361  lr 8.19e-04  |grad| 0.17  mem 61.1GB  tok/s 6,440
[06:40:03] step  1230/2000  ce 3.8756  lr 8.08e-04  |grad| 0.17  mem 61.1GB  tok/s 6,440
[06:41:44] step  1240/2000  ce 3.8047  lr 7.97e-04  |grad| 0.19  mem 61.1GB  tok/s 6,440
[06:43:25] step  1250/2000  ce 3.6257  lr 7.86e-04  |grad| 0.18  mem 61.1GB  tok/s 6,440
[06:43:29]   [ckpt @ 1250] -> checkpoint_arch_seed1.pt
[06:45:10] step  1260/2000  ce 3.7544  lr 7.75e-04  |grad| 0.19  mem 61.1GB  tok/s 6,439
[06:46:52] step  1270/2000  ce 3.9313  lr 7.65e-04  |grad| 0.18  mem 61.1GB  tok/s 6,439
[06:48:33] step  1280/2000  ce 3.7590  lr 7.54e-04  |grad| 0.17  mem 61.1GB  tok/s 6,439
[06:50:15] step  1290/2000  ce 3.5160  lr 7.43e-04  |grad| 0.19  mem 61.1GB  tok/s 6,439
[06:51:56] step  1300/2000  ce 3.6279  lr 7.33e-04  |grad| 0.20  mem 61.1GB  tok/s 6,440
[06:53:37] step  1310/2000  ce 3.9777  lr 7.22e-04  |grad| 0.18  mem 61.1GB  tok/s 6,440
[06:55:19] step  1320/2000  ce 3.7673  lr 7.12e-04  |grad| 0.18  mem 61.1GB  tok/s 6,440
[06:57:00] step  1330/2000  ce 3.7721  lr 7.02e-04  |grad| 0.29  mem 61.1GB  tok/s 6,440
[06:58:42] step  1340/2000  ce 4.0017  lr 6.92e-04  |grad| 0.18  mem 61.1GB  tok/s 6,440
[07:00:23] step  1350/2000  ce 3.9046  lr 6.82e-04  |grad| 0.18  mem 61.1GB  tok/s 6,440
[07:02:05] step  1360/2000  ce 4.0155  lr 6.72e-04  |grad| 0.17  mem 61.1GB  tok/s 6,441
[07:03:46] step  1370/2000  ce 3.8260  lr 6.62e-04  |grad| 0.17  mem 61.1GB  tok/s 6,441
[07:05:28] step  1380/2000  ce 3.6546  lr 6.52e-04  |grad| 0.18  mem 61.1GB  tok/s 6,441
[07:07:09] step  1390/2000  ce 3.9445  lr 6.42e-04  |grad| 0.18  mem 61.1GB  tok/s 6,441
[07:08:50] step  1400/2000  ce 3.6424  lr 6.33e-04  |grad| 0.18  mem 61.1GB  tok/s 6,441
[07:10:32] step  1410/2000  ce 3.5988  lr 6.23e-04  |grad| 0.17  mem 61.1GB  tok/s 6,441
[07:12:13] step  1420/2000  ce 3.7894  lr 6.14e-04  |grad| 0.17  mem 61.1GB  tok/s 6,441
[07:13:55] step  1430/2000  ce 3.6697  lr 6.04e-04  |grad| 0.17  mem 61.1GB  tok/s 6,441
[07:15:36] step  1440/2000  ce 3.5896  lr 5.95e-04  |grad| 0.17  mem 61.1GB  tok/s 6,442
[07:17:18] step  1450/2000  ce 3.7423  lr 5.86e-04  |grad| 0.17  mem 61.1GB  tok/s 6,442
[07:18:59] step  1460/2000  ce 3.5101  lr 5.77e-04  |grad| 0.17  mem 61.1GB  tok/s 6,442
[07:20:41] step  1470/2000  ce 3.7789  lr 5.68e-04  |grad| 0.17  mem 61.1GB  tok/s 6,442
[07:22:22] step  1480/2000  ce 3.6790  lr 5.60e-04  |grad| 0.16  mem 61.1GB  tok/s 6,442
[07:24:04] step  1490/2000  ce 3.6551  lr 5.51e-04  |grad| 0.17  mem 61.1GB  tok/s 6,442
[07:25:45] step  1500/2000  ce 3.5971  lr 5.43e-04  |grad| 0.17  mem 61.1GB  tok/s 6,442
[07:25:55]   [eval @ 1500] val PPL=40.51
[07:25:58]   [ckpt @ 1500] -> checkpoint_arch_seed1.pt
[07:27:40] step  1510/2000  ce 3.7070  lr 5.34e-04  |grad| 0.17  mem 61.1GB  tok/s 6,437
[07:29:21] step  1520/2000  ce 3.6887  lr 5.26e-04  |grad| 0.17  mem 61.1GB  tok/s 6,437
[07:31:03] step  1530/2000  ce 3.8982  lr 5.18e-04  |grad| 0.17  mem 61.1GB  tok/s 6,437
[07:32:44] step  1540/2000  ce 3.9535  lr 5.10e-04  |grad| 0.18  mem 61.1GB  tok/s 6,437
[07:34:26] step  1550/2000  ce 3.5645  lr 5.02e-04  |grad| 0.17  mem 61.1GB  tok/s 6,437
[07:36:07] step  1560/2000  ce 3.6130  lr 4.95e-04  |grad| 0.17  mem 61.1GB  tok/s 6,437
[07:37:49] step  1570/2000  ce 3.9559  lr 4.87e-04  |grad| 0.17  mem 61.1GB  tok/s 6,438
[07:39:30] step  1580/2000  ce 3.6208  lr 4.80e-04  |grad| 0.17  mem 61.1GB  tok/s 6,438
[07:41:11] step  1590/2000  ce 3.8506  lr 4.73e-04  |grad| 0.16  mem 61.1GB  tok/s 6,438
[07:42:53] step  1600/2000  ce 3.7447  lr 4.65e-04  |grad| 0.17  mem 61.1GB  tok/s 6,438
[07:44:34] step  1610/2000  ce 3.8267  lr 4.59e-04  |grad| 0.16  mem 61.1GB  tok/s 6,438
[07:46:16] step  1620/2000  ce 3.4317  lr 4.52e-04  |grad| 0.17  mem 61.1GB  tok/s 6,438
[07:47:57] step  1630/2000  ce 3.6614  lr 4.45e-04  |grad| 2.19  mem 61.1GB  tok/s 6,439
[07:49:39] step  1640/2000  ce 3.6038  lr 4.39e-04  |grad| 0.17  mem 61.1GB  tok/s 6,439
[07:51:20] step  1650/2000  ce 3.8725  lr 4.32e-04  |grad| 0.17  mem 61.1GB  tok/s 6,439
[07:53:01] step  1660/2000  ce 3.7130  lr 4.26e-04  |grad| 0.16  mem 61.1GB  tok/s 6,439
[07:54:43] step  1670/2000  ce 3.6749  lr 4.20e-04  |grad| 0.17  mem 61.1GB  tok/s 6,439
[07:56:24] step  1680/2000  ce 3.7966  lr 4.14e-04  |grad| 0.17  mem 61.1GB  tok/s 6,439
[07:58:05] step  1690/2000  ce 3.5547  lr 4.09e-04  |grad| 0.17  mem 61.1GB  tok/s 6,439
[07:59:47] step  1700/2000  ce 3.3847  lr 4.03e-04  |grad| 0.16  mem 61.1GB  tok/s 6,440
[08:01:28] step  1710/2000  ce 3.8235  lr 3.98e-04  |grad| 0.16  mem 61.1GB  tok/s 6,440
[08:03:10] step  1720/2000  ce 3.4871  lr 3.93e-04  |grad| 0.16  mem 61.1GB  tok/s 6,440
[08:04:51] step  1730/2000  ce 3.6345  lr 3.88e-04  |grad| 0.17  mem 61.1GB  tok/s 6,440
[08:06:32] step  1740/2000  ce 3.6245  lr 3.83e-04  |grad| 0.16  mem 61.1GB  tok/s 6,440
[08:08:14] step  1750/2000  ce 3.7150  lr 3.78e-04  |grad| 0.16  mem 61.1GB  tok/s 6,440
[08:08:17]   [ckpt @ 1750] -> checkpoint_arch_seed1.pt
[08:09:59] step  1760/2000  ce 3.6120  lr 3.74e-04  |grad| 0.17  mem 61.1GB  tok/s 6,439
[08:11:40] step  1770/2000  ce 3.7919  lr 3.69e-04  |grad| 0.17  mem 61.1GB  tok/s 6,439
[08:13:21] step  1780/2000  ce 3.6353  lr 3.65e-04  |grad| 0.18  mem 61.1GB  tok/s 6,439
[08:15:03] step  1790/2000  ce 3.6157  lr 3.61e-04  |grad| 0.17  mem 61.1GB  tok/s 6,440
[08:16:44] step  1800/2000  ce 3.6028  lr 3.57e-04  |grad| 0.17  mem 61.1GB  tok/s 6,440
[08:18:25] step  1810/2000  ce 3.7023  lr 3.54e-04  |grad| 0.17  mem 61.1GB  tok/s 6,440
[08:20:07] step  1820/2000  ce 3.9693  lr 3.50e-04  |grad| 0.17  mem 61.1GB  tok/s 6,440
[08:21:48] step  1830/2000  ce 3.4343  lr 3.47e-04  |grad| 0.16  mem 61.1GB  tok/s 6,440
[08:23:30] step  1840/2000  ce 3.7732  lr 3.44e-04  |grad| 0.16  mem 61.1GB  tok/s 6,440
[08:25:11] step  1850/2000  ce 3.4637  lr 3.41e-04  |grad| 0.15  mem 61.1GB  tok/s 6,440
[08:26:53] step  1860/2000  ce 3.6509  lr 3.38e-04  |grad| 0.16  mem 61.1GB  tok/s 6,440
[08:28:34] step  1870/2000  ce 3.6736  lr 3.36e-04  |grad| 0.16  mem 61.1GB  tok/s 6,441
[08:30:15] step  1880/2000  ce 3.7442  lr 3.34e-04  |grad| 0.17  mem 61.1GB  tok/s 6,441
[08:31:57] step  1890/2000  ce 3.6476  lr 3.31e-04  |grad| 0.16  mem 61.1GB  tok/s 6,441
[08:33:38] step  1900/2000  ce 3.5737  lr 3.29e-04  |grad| 0.16  mem 61.1GB  tok/s 6,441
[08:35:20] step  1910/2000  ce 3.6222  lr 3.28e-04  |grad| 0.17  mem 61.1GB  tok/s 6,441
[08:37:01] step  1920/2000  ce 3.6242  lr 3.26e-04  |grad| 0.16  mem 61.1GB  tok/s 6,441
[08:38:42] step  1930/2000  ce 3.5143  lr 3.25e-04  |grad| 0.16  mem 61.1GB  tok/s 6,441
[08:40:24] step  1940/2000  ce 3.4814  lr 3.23e-04  |grad| 0.21  mem 61.1GB  tok/s 6,441
[08:42:05] step  1950/2000  ce 3.5283  lr 3.22e-04  |grad| 0.16  mem 61.1GB  tok/s 6,442
[08:43:46] step  1960/2000  ce 3.3018  lr 3.22e-04  |grad| 0.16  mem 61.1GB  tok/s 6,442
[08:45:28] step  1970/2000  ce 3.4543  lr 3.21e-04  |grad| 0.17  mem 61.1GB  tok/s 6,442
[08:47:09] step  1980/2000  ce 3.7300  lr 3.20e-04  |grad| 0.17  mem 61.1GB  tok/s 6,442
[08:48:51] step  1990/2000  ce 3.6636  lr 3.20e-04  |grad| 0.17  mem 61.1GB  tok/s 6,442
[08:50:32] step  2000/2000  ce 3.5748  lr 3.20e-04  |grad| 0.16  mem 61.1GB  tok/s 6,442
[08:50:41]   [eval @ 2000] val PPL=36.19
[08:50:45]   [ckpt @ 2000] -> checkpoint_arch_seed1.pt
[08:50:49] DONE
