[16:21:16] ARM arch=faithful schedule=wsd optimizer=adamw zloss=0.0 | vr=False ln=False hg=False | steps=2000 seed=2 tok/step=65,536
[16:21:16] optimizer split: 197 / 113 param tensors
[16:21:19]   loaded cached tokens from tokcache_133072000_300000_seed0_Qwen3-0.6B-Base.pt (133,072,000 train + 300,000 val)
[16:21:19] Compiling model...
[16:22:59] step    10/2000  ce 10.0997  lr 1.70e-04  |grad| 1.88  mem 57.4GB  tok/s 6,638
[16:24:36] step    20/2000  ce 8.0935  lr 3.40e-04  |grad| 0.91  mem 57.4GB  tok/s 6,705
[16:26:12] step    30/2000  ce 7.8771  lr 5.10e-04  |grad| 0.80  mem 57.4GB  tok/s 6,725
[16:27:47] step    40/2000  ce 7.5359  lr 6.80e-04  |grad| 0.65  mem 57.4GB  tok/s 6,772
[16:29:22] step    50/2000  ce 7.4402  lr 8.50e-04  |grad| 0.93  mem 57.4GB  tok/s 6,800
[16:30:57] step    60/2000  ce 7.2719  lr 1.02e-03  |grad| 0.64  mem 57.4GB  tok/s 6,818
[16:32:32] step    70/2000  ce 7.1904  lr 1.19e-03  |grad| 0.62  mem 57.4GB  tok/s 6,831
[16:34:07] step    80/2000  ce 7.0910  lr 1.36e-03  |grad| 0.51  mem 57.4GB  tok/s 6,840
[16:35:41] step    90/2000  ce 6.8413  lr 1.53e-03  |grad| 0.81  mem 57.4GB  tok/s 6,848
[16:37:16] step   100/2000  ce 6.8679  lr 1.70e-03  |grad| 0.44  mem 57.4GB  tok/s 6,854
[16:38:51] step   110/2000  ce 6.6348  lr 1.70e-03  |grad| 0.83  mem 57.4GB  tok/s 6,858
[16:40:26] step   120/2000  ce 6.5318  lr 1.70e-03  |grad| 0.65  mem 57.4GB  tok/s 6,863
[16:42:01] step   130/2000  ce 6.4797  lr 1.70e-03  |grad| 0.94  mem 57.4GB  tok/s 6,866
[16:43:36] step   140/2000  ce 6.3422  lr 1.70e-03  |grad| 0.52  mem 57.4GB  tok/s 6,869
[16:45:11] step   150/2000  ce 6.3303  lr 1.70e-03  |grad| 0.81  mem 57.4GB  tok/s 6,872
[16:46:46] step   160/2000  ce 6.5517  lr 1.70e-03  |grad| 0.55  mem 57.4GB  tok/s 6,874
[16:48:21] step   170/2000  ce 6.0927  lr 1.70e-03  |grad| 0.55  mem 57.4GB  tok/s 6,876
[16:49:55] step   180/2000  ce 6.1586  lr 1.70e-03  |grad| 0.65  mem 57.4GB  tok/s 6,878
[16:51:30] step   190/2000  ce 6.1734  lr 1.70e-03  |grad| 0.57  mem 57.4GB  tok/s 6,879
[16:53:05] step   200/2000  ce 6.3010  lr 1.70e-03  |grad| 0.57  mem 57.4GB  tok/s 6,880
[16:54:40] step   210/2000  ce 5.8938  lr 1.70e-03  |grad| 0.41  mem 57.4GB  tok/s 6,882
[16:56:15] step   220/2000  ce 6.1689  lr 1.70e-03  |grad| 0.38  mem 57.4GB  tok/s 6,884
[16:57:49] step   230/2000  ce 5.9171  lr 1.70e-03  |grad| 0.54  mem 57.4GB  tok/s 6,885
[16:59:24] step   240/2000  ce 6.0978  lr 1.70e-03  |grad| 0.41  mem 57.4GB  tok/s 6,886
[17:00:59] step   250/2000  ce 5.8821  lr 1.70e-03  |grad| 0.32  mem 57.4GB  tok/s 6,887
[17:01:03]   [ckpt @ 250] -> checkpoint_wsd_seed2.pt
[17:02:38] step   260/2000  ce 5.7227  lr 1.70e-03  |grad| 0.34  mem 57.4GB  tok/s 6,878
[17:04:12] step   270/2000  ce 5.5204  lr 1.70e-03  |grad| 0.42  mem 57.4GB  tok/s 6,879
[17:05:47] step   280/2000  ce 5.7060  lr 1.70e-03  |grad| 0.46  mem 57.4GB  tok/s 6,880
[17:07:22] step   290/2000  ce 5.5358  lr 1.70e-03  |grad| 0.41  mem 57.4GB  tok/s 6,881
[17:08:57] step   300/2000  ce 5.8413  lr 1.70e-03  |grad| 0.43  mem 57.4GB  tok/s 6,882
[17:10:32] step   310/2000  ce 5.7202  lr 1.70e-03  |grad| 0.43  mem 57.4GB  tok/s 6,883
[17:12:07] step   320/2000  ce 5.3635  lr 1.70e-03  |grad| 0.38  mem 57.4GB  tok/s 6,884
[17:13:41] step   330/2000  ce 5.6308  lr 1.70e-03  |grad| 0.37  mem 57.4GB  tok/s 6,885
[17:15:16] step   340/2000  ce 5.7070  lr 1.70e-03  |grad| 0.38  mem 57.4GB  tok/s 6,885
[17:16:51] step   350/2000  ce 5.3017  lr 1.70e-03  |grad| 0.39  mem 57.4GB  tok/s 6,886
[17:18:26] step   360/2000  ce 5.4074  lr 1.70e-03  |grad| 0.35  mem 57.4GB  tok/s 6,887
[17:20:01] step   370/2000  ce 5.8372  lr 1.70e-03  |grad| 0.37  mem 57.4GB  tok/s 6,888
[17:21:35] step   380/2000  ce 5.4280  lr 1.70e-03  |grad| 0.37  mem 57.4GB  tok/s 6,889
[17:23:10] step   390/2000  ce 5.2013  lr 1.70e-03  |grad| 0.36  mem 57.4GB  tok/s 6,889
[17:24:45] step   400/2000  ce 5.2331  lr 1.70e-03  |grad| 0.31  mem 57.4GB  tok/s 6,890
[17:26:20] step   410/2000  ce 5.3320  lr 1.70e-03  |grad| 0.50  mem 57.4GB  tok/s 6,890
[17:27:55] step   420/2000  ce 5.1816  lr 1.70e-03  |grad| 0.39  mem 57.4GB  tok/s 6,891
[17:29:29] step   430/2000  ce 5.2308  lr 1.70e-03  |grad| 0.36  mem 57.4GB  tok/s 6,891
[17:31:04] step   440/2000  ce 5.3362  lr 1.70e-03  |grad| 0.34  mem 57.4GB  tok/s 6,892
[17:32:39] step   450/2000  ce 5.2695  lr 1.70e-03  |grad| 0.32  mem 57.4GB  tok/s 6,893
[17:34:14] step   460/2000  ce 5.1958  lr 1.70e-03  |grad| 0.40  mem 57.4GB  tok/s 6,893
[17:35:48] step   470/2000  ce 5.0399  lr 1.70e-03  |grad| 0.39  mem 57.4GB  tok/s 6,893
[17:37:23] step   480/2000  ce 5.0378  lr 1.70e-03  |grad| 0.32  mem 57.4GB  tok/s 6,894
[17:38:58] step   490/2000  ce 4.9478  lr 1.70e-03  |grad| 0.33  mem 57.4GB  tok/s 6,894
[17:40:33] step   500/2000  ce 4.9375  lr 1.70e-03  |grad| 0.31  mem 57.4GB  tok/s 6,894
[17:40:44]   [eval @ 500] val PPL=157.35
[17:40:47]   [ckpt @ 500] -> checkpoint_wsd_seed2.pt
[17:42:22] step   510/2000  ce 5.0590  lr 1.70e-03  |grad| 0.38  mem 57.4GB  tok/s 6,874
[17:43:57] step   520/2000  ce 5.0808  lr 1.70e-03  |grad| 0.37  mem 57.4GB  tok/s 6,875
[17:45:32] step   530/2000  ce 4.9230  lr 1.70e-03  |grad| 0.35  mem 57.4GB  tok/s 6,876
[17:47:06] step   540/2000  ce 4.9090  lr 1.70e-03  |grad| 0.33  mem 57.4GB  tok/s 6,877
[17:48:41] step   550/2000  ce 5.0236  lr 1.70e-03  |grad| 0.29  mem 57.4GB  tok/s 6,877
[17:50:16] step   560/2000  ce 4.9850  lr 1.70e-03  |grad| 0.31  mem 57.4GB  tok/s 6,878
[17:51:51] step   570/2000  ce 5.0052  lr 1.70e-03  |grad| 0.26  mem 57.4GB  tok/s 6,879
[17:53:26] step   580/2000  ce 4.8450  lr 1.70e-03  |grad| 0.27  mem 57.4GB  tok/s 6,879
[17:55:01] step   590/2000  ce 4.5686  lr 1.70e-03  |grad| 0.30  mem 57.4GB  tok/s 6,880
[17:56:35] step   600/2000  ce 4.8067  lr 1.70e-03  |grad| 0.33  mem 57.4GB  tok/s 6,880
[17:58:10] step   610/2000  ce 4.8643  lr 1.70e-03  |grad| 0.34  mem 57.4GB  tok/s 6,881
[17:59:45] step   620/2000  ce 4.6677  lr 1.70e-03  |grad| 0.31  mem 57.4GB  tok/s 6,881
[18:01:19] step   630/2000  ce 4.7890  lr 1.70e-03  |grad| 0.27  mem 57.4GB  tok/s 6,882
[18:02:54] step   640/2000  ce 4.8048  lr 1.70e-03  |grad| 0.27  mem 57.4GB  tok/s 6,883
[18:04:29] step   650/2000  ce 4.7471  lr 1.70e-03  |grad| 0.32  mem 57.4GB  tok/s 6,883
[18:06:04] step   660/2000  ce 4.8579  lr 1.70e-03  |grad| 0.32  mem 57.4GB  tok/s 6,883
[18:07:39] step   670/2000  ce 4.9479  lr 1.70e-03  |grad| 0.28  mem 57.4GB  tok/s 6,884
[18:09:14] step   680/2000  ce 4.8843  lr 1.70e-03  |grad| 0.35  mem 57.4GB  tok/s 6,884
[18:10:48] step   690/2000  ce 4.7320  lr 1.70e-03  |grad| 0.27  mem 57.4GB  tok/s 6,885
[18:12:23] step   700/2000  ce 4.8822  lr 1.70e-03  |grad| 0.32  mem 57.4GB  tok/s 6,885
[18:13:58] step   710/2000  ce 4.6601  lr 1.70e-03  |grad| 0.27  mem 57.4GB  tok/s 6,885
[18:15:33] step   720/2000  ce 4.5517  lr 1.70e-03  |grad| 0.24  mem 57.4GB  tok/s 6,886
[18:17:07] step   730/2000  ce 4.5629  lr 1.70e-03  |grad| 0.29  mem 57.4GB  tok/s 6,886
[18:18:42] step   740/2000  ce 4.5165  lr 1.70e-03  |grad| 0.26  mem 57.4GB  tok/s 6,887
[18:20:17] step   750/2000  ce 4.7244  lr 1.70e-03  |grad| 0.25  mem 57.4GB  tok/s 6,887
[18:20:20]   [ckpt @ 750] -> checkpoint_wsd_seed2.pt
[18:21:55] step   760/2000  ce 4.6211  lr 1.70e-03  |grad| 0.26  mem 57.4GB  tok/s 6,884
[18:23:30] step   770/2000  ce 4.4145  lr 1.70e-03  |grad| 0.26  mem 57.4GB  tok/s 6,885
[18:25:05] step   780/2000  ce 4.6598  lr 1.70e-03  |grad| 0.25  mem 57.4GB  tok/s 6,885
[18:26:40] step   790/2000  ce 4.3931  lr 1.70e-03  |grad| 0.24  mem 57.4GB  tok/s 6,885
[18:28:15] step   800/2000  ce 4.4115  lr 1.70e-03  |grad| 0.23  mem 57.4GB  tok/s 6,886
[18:29:49] step   810/2000  ce 4.5344  lr 1.70e-03  |grad| 0.26  mem 57.4GB  tok/s 6,886
[18:31:24] step   820/2000  ce 4.4290  lr 1.70e-03  |grad| 0.29  mem 57.4GB  tok/s 6,886
[18:32:59] step   830/2000  ce 4.6145  lr 1.70e-03  |grad| 0.26  mem 57.4GB  tok/s 6,886
[18:34:34] step   840/2000  ce 4.1827  lr 1.70e-03  |grad| 0.27  mem 57.4GB  tok/s 6,887
[18:36:09] step   850/2000  ce 4.6935  lr 1.70e-03  |grad| 0.26  mem 57.4GB  tok/s 6,887
[18:37:43] step   860/2000  ce 4.4888  lr 1.70e-03  |grad| 0.26  mem 57.4GB  tok/s 6,887
[18:39:18] step   870/2000  ce 4.6891  lr 1.70e-03  |grad| 0.22  mem 57.4GB  tok/s 6,888
[18:40:53] step   880/2000  ce 4.5702  lr 1.70e-03  |grad| 0.24  mem 57.4GB  tok/s 6,888
[18:42:28] step   890/2000  ce 4.3614  lr 1.70e-03  |grad| 0.27  mem 57.4GB  tok/s 6,888
[18:44:03] step   900/2000  ce 4.5806  lr 1.70e-03  |grad| 0.22  mem 57.4GB  tok/s 6,888
[18:45:37] step   910/2000  ce 4.2327  lr 1.70e-03  |grad| 0.27  mem 57.4GB  tok/s 6,889
[18:47:12] step   920/2000  ce 4.3019  lr 1.70e-03  |grad| 0.25  mem 57.4GB  tok/s 6,889
[18:48:47] step   930/2000  ce 4.3063  lr 1.70e-03  |grad| 0.24  mem 57.4GB  tok/s 6,889
[18:50:22] step   940/2000  ce 4.0242  lr 1.70e-03  |grad| 0.25  mem 57.4GB  tok/s 6,890
[18:51:56] step   950/2000  ce 4.4399  lr 1.70e-03  |grad| 0.26  mem 57.4GB  tok/s 6,890
[18:53:31] step   960/2000  ce 4.4196  lr 1.70e-03  |grad| 0.28  mem 57.4GB  tok/s 6,890
[18:55:06] step   970/2000  ce 4.4028  lr 1.70e-03  |grad| 0.25  mem 57.4GB  tok/s 6,890
[18:56:41] step   980/2000  ce 4.2008  lr 1.70e-03  |grad| 0.26  mem 57.4GB  tok/s 6,891
[18:58:16] step   990/2000  ce 4.1572  lr 1.70e-03  |grad| 0.29  mem 57.4GB  tok/s 6,891
[18:59:51] step  1000/2000  ce 4.2514  lr 1.70e-03  |grad| 0.24  mem 57.4GB  tok/s 6,891
[19:00:00]   [eval @ 1000] val PPL=74.75
[19:00:03]   [ckpt @ 1000] -> checkpoint_wsd_seed2.pt
[19:01:38] step  1010/2000  ce 4.1641  lr 1.70e-03  |grad| 0.27  mem 57.4GB  tok/s 6,882
[19:03:13] step  1020/2000  ce 4.2288  lr 1.70e-03  |grad| 0.27  mem 57.4GB  tok/s 6,882
[19:04:48] step  1030/2000  ce 4.5527  lr 1.70e-03  |grad| 0.26  mem 57.4GB  tok/s 6,883
[19:06:23] step  1040/2000  ce 4.3120  lr 1.70e-03  |grad| 0.26  mem 57.4GB  tok/s 6,883
[19:07:57] step  1050/2000  ce 4.2364  lr 1.70e-03  |grad| 0.23  mem 57.4GB  tok/s 6,883
[19:09:32] step  1060/2000  ce 4.3754  lr 1.70e-03  |grad| 0.24  mem 57.4GB  tok/s 6,884
[19:11:07] step  1070/2000  ce 4.4296  lr 1.70e-03  |grad| 0.25  mem 57.4GB  tok/s 6,884
[19:12:42] step  1080/2000  ce 4.1693  lr 1.70e-03  |grad| 0.25  mem 57.4GB  tok/s 6,884
[19:14:17] step  1090/2000  ce 4.3038  lr 1.70e-03  |grad| 0.27  mem 57.4GB  tok/s 6,884
[19:15:51] step  1100/2000  ce 4.3676  lr 1.70e-03  |grad| 0.23  mem 57.4GB  tok/s 6,885
[19:17:26] step  1110/2000  ce 4.1141  lr 1.70e-03  |grad| 0.26  mem 57.4GB  tok/s 6,885
[19:19:01] step  1120/2000  ce 4.3436  lr 1.70e-03  |grad| 0.22  mem 57.4GB  tok/s 6,885
[19:20:36] step  1130/2000  ce 4.3490  lr 1.70e-03  |grad| 0.25  mem 57.4GB  tok/s 6,885
[19:22:11] step  1140/2000  ce 4.0864  lr 1.70e-03  |grad| 0.25  mem 57.4GB  tok/s 6,885
[19:23:46] step  1150/2000  ce 4.3724  lr 1.70e-03  |grad| 0.26  mem 57.4GB  tok/s 6,886
[19:25:20] step  1160/2000  ce 4.2155  lr 1.70e-03  |grad| 0.23  mem 57.4GB  tok/s 6,886
[19:26:55] step  1170/2000  ce 4.3709  lr 1.70e-03  |grad| 0.24  mem 57.4GB  tok/s 6,886
[19:28:30] step  1180/2000  ce 4.1844  lr 1.70e-03  |grad| 0.22  mem 57.4GB  tok/s 6,886
[19:30:05] step  1190/2000  ce 4.3465  lr 1.70e-03  |grad| 0.28  mem 57.4GB  tok/s 6,886
[19:31:40] step  1200/2000  ce 4.1617  lr 1.70e-03  |grad| 0.24  mem 57.4GB  tok/s 6,887
[19:33:15] step  1210/2000  ce 4.0005  lr 1.70e-03  |grad| 0.23  mem 57.4GB  tok/s 6,887
[19:34:49] step  1220/2000  ce 4.2844  lr 1.70e-03  |grad| 0.24  mem 57.4GB  tok/s 6,887
[19:36:24] step  1230/2000  ce 4.3992  lr 1.70e-03  |grad| 0.26  mem 57.4GB  tok/s 6,887
[19:37:59] step  1240/2000  ce 4.2277  lr 1.70e-03  |grad| 0.22  mem 57.4GB  tok/s 6,888
[19:39:34] step  1250/2000  ce 4.3592  lr 1.70e-03  |grad| 0.22  mem 57.4GB  tok/s 6,888
[19:39:38]   [ckpt @ 1250] -> checkpoint_wsd_seed2.pt
[19:41:12] step  1260/2000  ce 4.0849  lr 1.70e-03  |grad| 0.25  mem 57.4GB  tok/s 6,886
[19:42:47] step  1270/2000  ce 4.3529  lr 1.70e-03  |grad| 0.24  mem 57.4GB  tok/s 6,886
[19:44:22] step  1280/2000  ce 4.1483  lr 1.70e-03  |grad| 0.24  mem 57.4GB  tok/s 6,886
[19:45:57] step  1290/2000  ce 4.2712  lr 1.70e-03  |grad| 0.25  mem 57.4GB  tok/s 6,886
[19:47:32] step  1300/2000  ce 4.0639  lr 1.70e-03  |grad| 0.28  mem 57.4GB  tok/s 6,886
[19:49:07] step  1310/2000  ce 4.0994  lr 1.70e-03  |grad| 0.21  mem 57.4GB  tok/s 6,887
[19:50:41] step  1320/2000  ce 4.1356  lr 1.70e-03  |grad| 0.23  mem 57.4GB  tok/s 6,887
[19:52:16] step  1330/2000  ce 4.2843  lr 1.70e-03  |grad| 0.28  mem 57.4GB  tok/s 6,887
[19:53:51] step  1340/2000  ce 4.1726  lr 1.70e-03  |grad| 0.23  mem 57.4GB  tok/s 6,887
[19:55:26] step  1350/2000  ce 4.1230  lr 1.70e-03  |grad| 0.23  mem 57.4GB  tok/s 6,887
[19:57:01] step  1360/2000  ce 3.9616  lr 1.70e-03  |grad| 0.22  mem 57.4GB  tok/s 6,888
[19:58:35] step  1370/2000  ce 3.9628  lr 1.70e-03  |grad| 0.23  mem 57.4GB  tok/s 6,888
[20:00:10] step  1380/2000  ce 4.3585  lr 1.70e-03  |grad| 0.24  mem 57.4GB  tok/s 6,888
[20:01:45] step  1390/2000  ce 3.9926  lr 1.70e-03  |grad| 0.24  mem 57.4GB  tok/s 6,888
[20:03:20] step  1400/2000  ce 4.1263  lr 1.70e-03  |grad| 0.19  mem 57.4GB  tok/s 6,888
[20:04:55] step  1410/2000  ce 3.9086  lr 1.70e-03  |grad| 0.21  mem 57.4GB  tok/s 6,888
[20:06:30] step  1420/2000  ce 4.1433  lr 1.70e-03  |grad| 0.21  mem 57.4GB  tok/s 6,889
[20:08:05] step  1430/2000  ce 4.1644  lr 1.70e-03  |grad| 0.24  mem 57.4GB  tok/s 6,889
[20:09:40] step  1440/2000  ce 4.1262  lr 1.70e-03  |grad| 0.26  mem 57.4GB  tok/s 6,889
[20:11:14] step  1450/2000  ce 4.1660  lr 1.70e-03  |grad| 0.23  mem 57.4GB  tok/s 6,889
[20:12:49] step  1460/2000  ce 4.0948  lr 1.70e-03  |grad| 0.21  mem 57.4GB  tok/s 6,889
[20:14:24] step  1470/2000  ce 4.2050  lr 1.70e-03  |grad| 0.22  mem 57.4GB  tok/s 6,889
[20:15:59] step  1480/2000  ce 4.1502  lr 1.70e-03  |grad| 0.25  mem 57.4GB  tok/s 6,889
[20:17:34] step  1490/2000  ce 4.1436  lr 1.70e-03  |grad| 0.21  mem 57.4GB  tok/s 6,889
[20:19:09] step  1500/2000  ce 4.1038  lr 1.70e-03  |grad| 0.21  mem 57.4GB  tok/s 6,889
[20:19:18]   [eval @ 1500] val PPL=57.29
[20:19:22]   [ckpt @ 1500] -> checkpoint_wsd_seed2.pt
[20:20:56] step  1510/2000  ce 3.9445  lr 1.70e-03  |grad| 0.25  mem 57.4GB  tok/s 6,884
[20:22:31] step  1520/2000  ce 4.3317  lr 1.70e-03  |grad| 0.26  mem 57.4GB  tok/s 6,884
[20:24:06] step  1530/2000  ce 4.1861  lr 1.70e-03  |grad| 0.25  mem 57.4GB  tok/s 6,884
[20:25:41] step  1540/2000  ce 4.1194  lr 1.70e-03  |grad| 0.29  mem 57.4GB  tok/s 6,884
[20:27:16] step  1550/2000  ce 4.3433  lr 1.70e-03  |grad| 0.25  mem 57.4GB  tok/s 6,884
[20:28:51] step  1560/2000  ce 4.1449  lr 1.70e-03  |grad| 0.26  mem 57.4GB  tok/s 6,884
[20:30:26] step  1570/2000  ce 4.0196  lr 1.70e-03  |grad| 0.25  mem 57.4GB  tok/s 6,884
[20:32:03] step  1580/2000  ce 3.8522  lr 1.70e-03  |grad| 0.22  mem 57.4GB  tok/s 6,883
[20:33:38] step  1590/2000  ce 4.1408  lr 1.70e-03  |grad| 0.24  mem 57.4GB  tok/s 6,884
[20:35:13] step  1600/2000  ce 4.1172  lr 1.70e-03  |grad| 0.22  mem 57.4GB  tok/s 6,884
[20:36:47] step  1610/2000  ce 3.9298  lr 1.66e-03  |grad| 0.21  mem 57.4GB  tok/s 6,884
[20:38:22] step  1620/2000  ce 3.7767  lr 1.61e-03  |grad| 0.22  mem 57.4GB  tok/s 6,884
[20:39:57] step  1630/2000  ce 4.1123  lr 1.57e-03  |grad| 0.23  mem 57.4GB  tok/s 6,884
[20:41:32] step  1640/2000  ce 3.9024  lr 1.53e-03  |grad| 0.21  mem 57.4GB  tok/s 6,885
[20:43:07] step  1650/2000  ce 3.9853  lr 1.49e-03  |grad| 0.21  mem 57.4GB  tok/s 6,885
[20:44:42] step  1660/2000  ce 3.9001  lr 1.44e-03  |grad| 0.21  mem 57.4GB  tok/s 6,885
[20:46:16] step  1670/2000  ce 3.7277  lr 1.40e-03  |grad| 0.21  mem 57.4GB  tok/s 6,885
[20:47:51] step  1680/2000  ce 4.1222  lr 1.36e-03  |grad| 0.22  mem 57.4GB  tok/s 6,885
[20:49:26] step  1690/2000  ce 3.7805  lr 1.32e-03  |grad| 0.19  mem 57.4GB  tok/s 6,885
[20:51:01] step  1700/2000  ce 4.0306  lr 1.27e-03  |grad| 0.20  mem 57.4GB  tok/s 6,885
[20:52:36] step  1710/2000  ce 3.9619  lr 1.23e-03  |grad| 0.20  mem 57.4GB  tok/s 6,886
[20:54:11] step  1720/2000  ce 3.8477  lr 1.19e-03  |grad| 0.20  mem 57.4GB  tok/s 6,886
[20:55:45] step  1730/2000  ce 3.9753  lr 1.15e-03  |grad| 0.18  mem 57.4GB  tok/s 6,886
[20:57:20] step  1740/2000  ce 3.9774  lr 1.11e-03  |grad| 0.17  mem 57.4GB  tok/s 6,886
[20:58:55] step  1750/2000  ce 4.0380  lr 1.06e-03  |grad| 0.19  mem 57.4GB  tok/s 6,886
[20:58:59]   [ckpt @ 1750] -> checkpoint_wsd_seed2.pt
[21:00:33] step  1760/2000  ce 3.9880  lr 1.02e-03  |grad| 0.21  mem 57.4GB  tok/s 6,885
[21:02:08] step  1770/2000  ce 3.8561  lr 9.77e-04  |grad| 0.19  mem 57.4GB  tok/s 6,885
[21:03:43] step  1780/2000  ce 3.9356  lr 9.35e-04  |grad| 0.20  mem 57.4GB  tok/s 6,885
[21:05:18] step  1790/2000  ce 4.0556  lr 8.92e-04  |grad| 0.19  mem 57.4GB  tok/s 6,885
[21:06:53] step  1800/2000  ce 3.7199  lr 8.50e-04  |grad| 0.19  mem 57.4GB  tok/s 6,885
[21:08:28] step  1810/2000  ce 3.8919  lr 8.07e-04  |grad| 0.20  mem 57.4GB  tok/s 6,885
[21:10:03] step  1820/2000  ce 3.6949  lr 7.65e-04  |grad| 0.19  mem 57.4GB  tok/s 6,886
[21:11:38] step  1830/2000  ce 3.6094  lr 7.22e-04  |grad| 0.17  mem 57.4GB  tok/s 6,886
[21:13:12] step  1840/2000  ce 3.6179  lr 6.80e-04  |grad| 0.18  mem 57.4GB  tok/s 6,886
[21:14:47] step  1850/2000  ce 3.9194  lr 6.37e-04  |grad| 0.19  mem 57.4GB  tok/s 6,886
[21:16:22] step  1860/2000  ce 3.4218  lr 5.95e-04  |grad| 0.16  mem 57.4GB  tok/s 6,886
[21:17:57] step  1870/2000  ce 4.0231  lr 5.53e-04  |grad| 0.18  mem 57.4GB  tok/s 6,886
[21:19:32] step  1880/2000  ce 3.7340  lr 5.10e-04  |grad| 0.21  mem 57.4GB  tok/s 6,886
[21:21:06] step  1890/2000  ce 3.7114  lr 4.68e-04  |grad| 0.17  mem 57.4GB  tok/s 6,887
[21:22:41] step  1900/2000  ce 3.7525  lr 4.25e-04  |grad| 0.17  mem 57.4GB  tok/s 6,887
[21:24:16] step  1910/2000  ce 3.7370  lr 3.82e-04  |grad| 0.18  mem 57.4GB  tok/s 6,887
[21:25:51] step  1920/2000  ce 3.8043  lr 3.40e-04  |grad| 0.17  mem 57.4GB  tok/s 6,887
[21:27:32] step  1930/2000  ce 3.7251  lr 2.97e-04  |grad| 0.16  mem 57.4GB  tok/s 6,885
[21:29:16] step  1940/2000  ce 3.8117  lr 2.55e-04  |grad| 0.15  mem 57.4GB  tok/s 6,882
[21:30:58] step  1950/2000  ce 3.7537  lr 2.12e-04  |grad| 0.16  mem 57.4GB  tok/s 6,879
[21:32:40] step  1960/2000  ce 3.9515  lr 1.70e-04  |grad| 0.16  mem 57.4GB  tok/s 6,876
[21:34:24] step  1970/2000  ce 4.0154  lr 1.27e-04  |grad| 0.16  mem 57.4GB  tok/s 6,873
[21:36:10] step  1980/2000  ce 3.6504  lr 8.50e-05  |grad| 0.15  mem 57.4GB  tok/s 6,869
[21:38:02] step  1990/2000  ce 3.6804  lr 4.25e-05  |grad| 0.16  mem 57.4GB  tok/s 6,863
[21:39:50] step  2000/2000  ce 3.3891  lr 0.00e+00  |grad| 0.16  mem 57.4GB  tok/s 6,859
[21:40:00]   [eval @ 2000] val PPL=42.94
[21:40:03]   [ckpt @ 2000] -> checkpoint_wsd_seed2.pt
[21:40:07] DONE
