[00:11:50] ARM arch=faithful schedule=cosine optimizer=adamw zloss=0.0 | vr=False ln=False hg=False | steps=2000 seed=2 tok/step=65,536
[00:11:50] optimizer split: 197 / 113 param tensors
[00:11:53]   loaded cached tokens from tokcache_133072000_300000_seed0_Qwen3-0.6B-Base.pt (133,072,000 train + 300,000 val)
[00:11:53] Compiling model...
[00:13:32] step    10/2000  ce 10.0997  lr 1.70e-04  |grad| 1.88  mem 57.4GB  tok/s 6,658
[00:15:07] step    20/2000  ce 8.0936  lr 3.40e-04  |grad| 0.91  mem 57.4GB  tok/s 6,803
[00:16:41] step    30/2000  ce 7.8773  lr 5.10e-04  |grad| 0.79  mem 57.4GB  tok/s 6,850
[00:18:15] step    40/2000  ce 7.5358  lr 6.80e-04  |grad| 0.66  mem 57.4GB  tok/s 6,874
[00:19:50] step    50/2000  ce 7.4426  lr 8.50e-04  |grad| 0.89  mem 57.4GB  tok/s 6,886
[00:21:24] step    60/2000  ce 7.2700  lr 1.02e-03  |grad| 0.63  mem 57.4GB  tok/s 6,893
[00:22:59] step    70/2000  ce 7.1886  lr 1.19e-03  |grad| 0.73  mem 57.4GB  tok/s 6,897
[00:24:34] step    80/2000  ce 7.0922  lr 1.36e-03  |grad| 0.74  mem 57.4GB  tok/s 6,901
[00:26:08] step    90/2000  ce 6.7936  lr 1.53e-03  |grad| 1.04  mem 57.4GB  tok/s 6,904
[00:27:43] step   100/2000  ce 6.8774  lr 1.70e-03  |grad| 0.79  mem 57.4GB  tok/s 6,907
[00:29:17] step   110/2000  ce 6.5977  lr 1.70e-03  |grad| 0.65  mem 57.4GB  tok/s 6,910
[00:30:52] step   120/2000  ce 6.4917  lr 1.70e-03  |grad| 0.60  mem 57.4GB  tok/s 6,911
[00:32:27] step   130/2000  ce 6.4803  lr 1.70e-03  |grad| 0.92  mem 57.4GB  tok/s 6,913
[00:34:01] step   140/2000  ce 6.3194  lr 1.70e-03  |grad| 0.48  mem 57.4GB  tok/s 6,914
[00:35:36] step   150/2000  ce 6.3169  lr 1.70e-03  |grad| 0.58  mem 57.4GB  tok/s 6,916
[00:37:10] step   160/2000  ce 6.5613  lr 1.70e-03  |grad| 0.49  mem 57.4GB  tok/s 6,916
[00:38:45] step   170/2000  ce 6.0845  lr 1.70e-03  |grad| 0.55  mem 57.4GB  tok/s 6,917
[00:40:19] step   180/2000  ce 6.2243  lr 1.69e-03  |grad| 0.82  mem 57.4GB  tok/s 6,918
[00:41:54] step   190/2000  ce 6.2058  lr 1.69e-03  |grad| 0.51  mem 57.4GB  tok/s 6,919
[00:43:28] step   200/2000  ce 6.3217  lr 1.69e-03  |grad| 0.40  mem 57.4GB  tok/s 6,920
[00:45:03] step   210/2000  ce 5.9141  lr 1.69e-03  |grad| 0.49  mem 57.4GB  tok/s 6,920
[00:46:37] step   220/2000  ce 6.2065  lr 1.69e-03  |grad| 0.48  mem 57.4GB  tok/s 6,921
[00:48:12] step   230/2000  ce 5.9155  lr 1.68e-03  |grad| 0.50  mem 57.4GB  tok/s 6,921
[00:49:46] step   240/2000  ce 6.0993  lr 1.68e-03  |grad| 0.36  mem 57.4GB  tok/s 6,922
[00:51:21] step   250/2000  ce 5.9091  lr 1.68e-03  |grad| 0.44  mem 57.4GB  tok/s 6,922
[00:51:24]   [ckpt @ 250] -> checkpoint_baseline_seed2.pt
[00:52:59] step   260/2000  ce 5.7487  lr 1.68e-03  |grad| 0.44  mem 57.4GB  tok/s 6,913
[00:54:33] step   270/2000  ce 5.5300  lr 1.67e-03  |grad| 0.41  mem 57.4GB  tok/s 6,914
[00:56:08] step   280/2000  ce 5.7073  lr 1.67e-03  |grad| 0.54  mem 57.4GB  tok/s 6,914
[00:57:43] step   290/2000  ce 5.5497  lr 1.67e-03  |grad| 0.34  mem 57.4GB  tok/s 6,915
[00:59:17] step   300/2000  ce 5.8471  lr 1.66e-03  |grad| 0.34  mem 57.4GB  tok/s 6,915
[01:00:52] step   310/2000  ce 5.7622  lr 1.66e-03  |grad| 0.48  mem 57.4GB  tok/s 6,916
[01:02:26] step   320/2000  ce 5.4129  lr 1.65e-03  |grad| 0.36  mem 57.4GB  tok/s 6,916
[01:04:01] step   330/2000  ce 5.6452  lr 1.65e-03  |grad| 0.37  mem 57.4GB  tok/s 6,917
[01:05:35] step   340/2000  ce 5.7499  lr 1.65e-03  |grad| 0.36  mem 57.4GB  tok/s 6,917
[01:07:10] step   350/2000  ce 5.3175  lr 1.64e-03  |grad| 0.40  mem 57.4GB  tok/s 6,917
[01:08:45] step   360/2000  ce 5.4262  lr 1.64e-03  |grad| 0.57  mem 57.4GB  tok/s 6,918
[01:10:19] step   370/2000  ce 5.8502  lr 1.63e-03  |grad| 0.34  mem 57.4GB  tok/s 6,918
[01:11:53] step   380/2000  ce 5.4356  lr 1.63e-03  |grad| 0.33  mem 57.4GB  tok/s 6,919
[01:13:28] step   390/2000  ce 5.2126  lr 1.62e-03  |grad| 0.34  mem 57.4GB  tok/s 6,919
[01:15:02] step   400/2000  ce 5.2706  lr 1.62e-03  |grad| 0.32  mem 57.4GB  tok/s 6,920
[01:16:37] step   410/2000  ce 5.3102  lr 1.61e-03  |grad| 0.40  mem 57.4GB  tok/s 6,920
[01:18:11] step   420/2000  ce 5.2058  lr 1.61e-03  |grad| 0.35  mem 57.4GB  tok/s 6,921
[01:19:46] step   430/2000  ce 5.2310  lr 1.60e-03  |grad| 0.33  mem 57.4GB  tok/s 6,921
[01:21:20] step   440/2000  ce 5.3475  lr 1.59e-03  |grad| 0.33  mem 57.4GB  tok/s 6,921
[01:22:55] step   450/2000  ce 5.2822  lr 1.59e-03  |grad| 0.33  mem 57.4GB  tok/s 6,922
[01:24:29] step   460/2000  ce 5.2102  lr 1.58e-03  |grad| 0.37  mem 57.4GB  tok/s 6,922
[01:26:04] step   470/2000  ce 5.0342  lr 1.57e-03  |grad| 0.39  mem 57.4GB  tok/s 6,922
[01:27:38] step   480/2000  ce 5.0307  lr 1.57e-03  |grad| 0.31  mem 57.4GB  tok/s 6,922
[01:29:13] step   490/2000  ce 4.9496  lr 1.56e-03  |grad| 0.36  mem 57.4GB  tok/s 6,922
[01:30:47] step   500/2000  ce 4.9471  lr 1.55e-03  |grad| 0.31  mem 57.4GB  tok/s 6,923
[01:30:58]   [eval @ 500] val PPL=155.54
[01:31:02]   [ckpt @ 500] -> checkpoint_baseline_seed2.pt
[01:32:37] step   510/2000  ce 5.0429  lr 1.55e-03  |grad| 0.30  mem 57.4GB  tok/s 6,902
[01:34:11] step   520/2000  ce 5.0731  lr 1.54e-03  |grad| 0.39  mem 57.4GB  tok/s 6,903
[01:35:46] step   530/2000  ce 4.9070  lr 1.53e-03  |grad| 0.33  mem 57.4GB  tok/s 6,903
[01:37:20] step   540/2000  ce 4.8983  lr 1.53e-03  |grad| 0.31  mem 57.4GB  tok/s 6,904
[01:38:55] step   550/2000  ce 5.0313  lr 1.52e-03  |grad| 0.30  mem 57.4GB  tok/s 6,904
[01:40:29] step   560/2000  ce 4.9653  lr 1.51e-03  |grad| 0.27  mem 57.4GB  tok/s 6,905
[01:42:04] step   570/2000  ce 4.9827  lr 1.50e-03  |grad| 0.28  mem 57.4GB  tok/s 6,905
[01:43:38] step   580/2000  ce 4.8343  lr 1.49e-03  |grad| 0.27  mem 57.4GB  tok/s 6,906
[01:45:13] step   590/2000  ce 4.5587  lr 1.49e-03  |grad| 0.29  mem 57.4GB  tok/s 6,906
[01:46:48] step   600/2000  ce 4.7975  lr 1.48e-03  |grad| 0.36  mem 57.4GB  tok/s 6,906
[01:48:22] step   610/2000  ce 4.8639  lr 1.47e-03  |grad| 0.30  mem 57.4GB  tok/s 6,907
[01:49:56] step   620/2000  ce 4.6592  lr 1.46e-03  |grad| 0.32  mem 57.4GB  tok/s 6,907
[01:51:31] step   630/2000  ce 4.7855  lr 1.45e-03  |grad| 0.30  mem 57.4GB  tok/s 6,908
[01:53:05] step   640/2000  ce 4.7957  lr 1.44e-03  |grad| 0.27  mem 57.4GB  tok/s 6,908
[01:54:40] step   650/2000  ce 4.7394  lr 1.43e-03  |grad| 0.39  mem 57.4GB  tok/s 6,909
[01:56:15] step   660/2000  ce 4.8652  lr 1.42e-03  |grad| 0.36  mem 57.4GB  tok/s 6,909
[01:57:49] step   670/2000  ce 4.9438  lr 1.42e-03  |grad| 0.26  mem 57.4GB  tok/s 6,909
[01:59:24] step   680/2000  ce 4.8854  lr 1.41e-03  |grad| 0.38  mem 57.4GB  tok/s 6,910
[02:00:58] step   690/2000  ce 4.7082  lr 1.40e-03  |grad| 0.27  mem 57.4GB  tok/s 6,910
[02:02:33] step   700/2000  ce 4.8578  lr 1.39e-03  |grad| 0.25  mem 57.4GB  tok/s 6,910
[02:04:07] step   710/2000  ce 4.6387  lr 1.38e-03  |grad| 0.25  mem 57.4GB  tok/s 6,911
[02:05:42] step   720/2000  ce 4.5504  lr 1.37e-03  |grad| 0.27  mem 57.4GB  tok/s 6,911
[02:07:16] step   730/2000  ce 4.5477  lr 1.36e-03  |grad| 0.31  mem 57.4GB  tok/s 6,911
[02:08:51] step   740/2000  ce 4.4939  lr 1.35e-03  |grad| 0.25  mem 57.4GB  tok/s 6,912
[02:10:25] step   750/2000  ce 4.7177  lr 1.34e-03  |grad| 0.24  mem 57.4GB  tok/s 6,912
[02:10:29]   [ckpt @ 750] -> checkpoint_baseline_seed2.pt
[02:12:03] step   760/2000  ce 4.6277  lr 1.33e-03  |grad| 0.31  mem 57.4GB  tok/s 6,909
[02:13:38] step   770/2000  ce 4.4052  lr 1.32e-03  |grad| 0.27  mem 57.4GB  tok/s 6,909
[02:15:12] step   780/2000  ce 4.6499  lr 1.31e-03  |grad| 0.25  mem 57.4GB  tok/s 6,910
[02:16:47] step   790/2000  ce 4.3847  lr 1.30e-03  |grad| 0.24  mem 57.4GB  tok/s 6,910
[02:18:21] step   800/2000  ce 4.3967  lr 1.29e-03  |grad| 0.23  mem 57.4GB  tok/s 6,910
[02:19:56] step   810/2000  ce 4.5025  lr 1.28e-03  |grad| 0.25  mem 57.4GB  tok/s 6,910
[02:21:30] step   820/2000  ce 4.4067  lr 1.27e-03  |grad| 0.23  mem 57.4GB  tok/s 6,911
[02:23:05] step   830/2000  ce 4.5851  lr 1.26e-03  |grad| 0.22  mem 57.4GB  tok/s 6,911
[02:24:40] step   840/2000  ce 4.1690  lr 1.24e-03  |grad| 0.22  mem 57.4GB  tok/s 6,911
[02:26:14] step   850/2000  ce 4.6762  lr 1.23e-03  |grad| 0.25  mem 57.4GB  tok/s 6,911
[02:27:49] step   860/2000  ce 4.4511  lr 1.22e-03  |grad| 0.24  mem 57.4GB  tok/s 6,912
[02:29:23] step   870/2000  ce 4.6690  lr 1.21e-03  |grad| 0.24  mem 57.4GB  tok/s 6,912
[02:30:57] step   880/2000  ce 4.5512  lr 1.20e-03  |grad| 0.23  mem 57.4GB  tok/s 6,912
[02:32:32] step   890/2000  ce 4.3491  lr 1.19e-03  |grad| 0.22  mem 57.4GB  tok/s 6,912
[02:34:07] step   900/2000  ce 4.5679  lr 1.18e-03  |grad| 0.26  mem 57.4GB  tok/s 6,913
[02:35:41] step   910/2000  ce 4.2004  lr 1.17e-03  |grad| 0.24  mem 57.4GB  tok/s 6,913
[02:37:16] step   920/2000  ce 4.2728  lr 1.16e-03  |grad| 0.22  mem 57.4GB  tok/s 6,913
[02:38:50] step   930/2000  ce 4.2762  lr 1.15e-03  |grad| 0.23  mem 57.4GB  tok/s 6,913
[02:40:25] step   940/2000  ce 4.0077  lr 1.13e-03  |grad| 0.25  mem 57.4GB  tok/s 6,914
[02:41:59] step   950/2000  ce 4.4205  lr 1.12e-03  |grad| 0.20  mem 57.4GB  tok/s 6,914
[02:43:34] step   960/2000  ce 4.3885  lr 1.11e-03  |grad| 0.22  mem 57.4GB  tok/s 6,914
[02:45:08] step   970/2000  ce 4.3729  lr 1.10e-03  |grad| 0.27  mem 57.4GB  tok/s 6,914
[02:46:43] step   980/2000  ce 4.1732  lr 1.09e-03  |grad| 0.23  mem 57.4GB  tok/s 6,914
[02:48:17] step   990/2000  ce 4.1168  lr 1.08e-03  |grad| 0.24  mem 57.4GB  tok/s 6,915
[02:49:52] step  1000/2000  ce 4.2229  lr 1.07e-03  |grad| 0.21  mem 57.4GB  tok/s 6,915
[02:50:01]   [eval @ 1000] val PPL=72.10
[02:50:04]   [ckpt @ 1000] -> checkpoint_baseline_seed2.pt
[02:51:39] step  1010/2000  ce 4.1331  lr 1.06e-03  |grad| 0.23  mem 57.4GB  tok/s 6,906
[02:53:13] step  1020/2000  ce 4.1835  lr 1.04e-03  |grad| 0.20  mem 57.4GB  tok/s 6,906
[02:54:47] step  1030/2000  ce 4.5153  lr 1.03e-03  |grad| 0.21  mem 57.4GB  tok/s 6,907
[02:56:22] step  1040/2000  ce 4.2871  lr 1.02e-03  |grad| 0.22  mem 57.4GB  tok/s 6,907
[02:57:56] step  1050/2000  ce 4.1984  lr 1.01e-03  |grad| 0.20  mem 57.4GB  tok/s 6,907
[02:59:31] step  1060/2000  ce 4.3366  lr 9.99e-04  |grad| 0.20  mem 57.4GB  tok/s 6,908
[03:01:05] step  1070/2000  ce 4.3864  lr 9.87e-04  |grad| 0.23  mem 57.4GB  tok/s 6,908
[03:02:40] step  1080/2000  ce 4.1475  lr 9.76e-04  |grad| 0.20  mem 57.4GB  tok/s 6,908
[03:04:14] step  1090/2000  ce 4.2709  lr 9.64e-04  |grad| 0.27  mem 57.4GB  tok/s 6,908
[03:05:49] step  1100/2000  ce 4.3306  lr 9.53e-04  |grad| 0.21  mem 57.4GB  tok/s 6,909
[03:07:23] step  1110/2000  ce 4.0702  lr 9.42e-04  |grad| 0.21  mem 57.4GB  tok/s 6,909
[03:08:58] step  1120/2000  ce 4.3093  lr 9.30e-04  |grad| 0.22  mem 57.4GB  tok/s 6,909
[03:10:32] step  1130/2000  ce 4.3171  lr 9.19e-04  |grad| 0.22  mem 57.4GB  tok/s 6,909
[03:12:07] step  1140/2000  ce 4.0356  lr 9.08e-04  |grad| 0.22  mem 57.4GB  tok/s 6,910
[03:13:41] step  1150/2000  ce 4.3151  lr 8.96e-04  |grad| 0.21  mem 57.4GB  tok/s 6,910
[03:15:16] step  1160/2000  ce 4.1705  lr 8.85e-04  |grad| 0.20  mem 57.4GB  tok/s 6,910
[03:16:50] step  1170/2000  ce 4.3129  lr 8.74e-04  |grad| 0.21  mem 57.4GB  tok/s 6,910
[03:18:25] step  1180/2000  ce 4.1432  lr 8.63e-04  |grad| 0.22  mem 57.4GB  tok/s 6,910
[03:20:00] step  1190/2000  ce 4.2999  lr 8.52e-04  |grad| 0.20  mem 57.4GB  tok/s 6,910
[03:21:34] step  1200/2000  ce 4.1351  lr 8.41e-04  |grad| 0.23  mem 57.4GB  tok/s 6,911
[03:23:08] step  1210/2000  ce 3.9564  lr 8.30e-04  |grad| 0.19  mem 57.4GB  tok/s 6,911
[03:24:43] step  1220/2000  ce 4.2242  lr 8.19e-04  |grad| 0.20  mem 57.4GB  tok/s 6,911
[03:26:17] step  1230/2000  ce 4.3558  lr 8.08e-04  |grad| 0.19  mem 57.4GB  tok/s 6,911
[03:27:52] step  1240/2000  ce 4.1746  lr 7.97e-04  |grad| 0.20  mem 57.4GB  tok/s 6,912
[03:29:26] step  1250/2000  ce 4.3027  lr 7.86e-04  |grad| 0.19  mem 57.4GB  tok/s 6,912
[03:29:30]   [ckpt @ 1250] -> checkpoint_baseline_seed2.pt
[03:31:04] step  1260/2000  ce 4.0246  lr 7.75e-04  |grad| 0.19  mem 57.4GB  tok/s 6,910
[03:32:39] step  1270/2000  ce 4.2897  lr 7.65e-04  |grad| 0.21  mem 57.4GB  tok/s 6,910
[03:34:13] step  1280/2000  ce 4.0957  lr 7.54e-04  |grad| 0.19  mem 57.4GB  tok/s 6,910
[03:35:48] step  1290/2000  ce 4.2205  lr 7.43e-04  |grad| 0.20  mem 57.4GB  tok/s 6,911
[03:37:22] step  1300/2000  ce 4.0121  lr 7.33e-04  |grad| 0.22  mem 57.4GB  tok/s 6,911
[03:38:56] step  1310/2000  ce 4.0508  lr 7.22e-04  |grad| 0.21  mem 57.4GB  tok/s 6,911
[03:40:31] step  1320/2000  ce 4.0655  lr 7.12e-04  |grad| 0.20  mem 57.4GB  tok/s 6,911
[03:42:05] step  1330/2000  ce 4.2374  lr 7.02e-04  |grad| 0.19  mem 57.4GB  tok/s 6,911
[03:43:40] step  1340/2000  ce 4.1158  lr 6.92e-04  |grad| 0.21  mem 57.4GB  tok/s 6,912
[03:45:15] step  1350/2000  ce 4.0545  lr 6.82e-04  |grad| 0.19  mem 57.4GB  tok/s 6,912
[03:46:49] step  1360/2000  ce 3.8957  lr 6.72e-04  |grad| 0.19  mem 57.4GB  tok/s 6,912
[03:48:24] step  1370/2000  ce 3.9152  lr 6.62e-04  |grad| 0.20  mem 57.4GB  tok/s 6,912
[03:49:58] step  1380/2000  ce 4.2952  lr 6.52e-04  |grad| 0.20  mem 57.4GB  tok/s 6,912
[03:51:33] step  1390/2000  ce 3.9222  lr 6.42e-04  |grad| 0.20  mem 57.4GB  tok/s 6,912
[03:53:07] step  1400/2000  ce 4.0499  lr 6.33e-04  |grad| 0.18  mem 57.4GB  tok/s 6,913
[03:54:42] step  1410/2000  ce 3.8439  lr 6.23e-04  |grad| 0.19  mem 57.4GB  tok/s 6,913
[03:56:16] step  1420/2000  ce 4.0717  lr 6.14e-04  |grad| 0.20  mem 57.4GB  tok/s 6,913
[03:57:51] step  1430/2000  ce 4.1044  lr 6.04e-04  |grad| 0.19  mem 57.4GB  tok/s 6,913
[03:59:25] step  1440/2000  ce 4.0575  lr 5.95e-04  |grad| 0.19  mem 57.4GB  tok/s 6,913
[04:01:00] step  1450/2000  ce 4.1043  lr 5.86e-04  |grad| 0.18  mem 57.4GB  tok/s 6,913
[04:02:34] step  1460/2000  ce 4.0352  lr 5.77e-04  |grad| 0.19  mem 57.4GB  tok/s 6,913
[04:04:09] step  1470/2000  ce 4.1404  lr 5.68e-04  |grad| 0.18  mem 57.4GB  tok/s 6,914
[04:05:43] step  1480/2000  ce 4.0666  lr 5.60e-04  |grad| 0.22  mem 57.4GB  tok/s 6,914
[04:07:18] step  1490/2000  ce 4.0670  lr 5.51e-04  |grad| 0.18  mem 57.4GB  tok/s 6,914
[04:08:52] step  1500/2000  ce 4.0460  lr 5.43e-04  |grad| 0.20  mem 57.4GB  tok/s 6,914
[04:09:01]   [eval @ 1500] val PPL=53.15
[04:09:05]   [ckpt @ 1500] -> checkpoint_baseline_seed2.pt
[04:10:39] step  1510/2000  ce 3.8686  lr 5.34e-04  |grad| 0.20  mem 57.4GB  tok/s 6,908
[04:12:14] step  1520/2000  ce 4.2359  lr 5.26e-04  |grad| 0.18  mem 57.4GB  tok/s 6,908
[04:13:48] step  1530/2000  ce 4.1100  lr 5.18e-04  |grad| 0.20  mem 57.4GB  tok/s 6,908
[04:15:23] step  1540/2000  ce 4.0609  lr 5.10e-04  |grad| 0.24  mem 57.4GB  tok/s 6,909
[04:16:57] step  1550/2000  ce 4.2808  lr 5.02e-04  |grad| 0.19  mem 57.4GB  tok/s 6,909
[04:18:32] step  1560/2000  ce 4.0938  lr 4.95e-04  |grad| 0.20  mem 57.4GB  tok/s 6,909
[04:20:06] step  1570/2000  ce 3.9474  lr 4.87e-04  |grad| 0.18  mem 57.4GB  tok/s 6,909
[04:21:41] step  1580/2000  ce 3.7783  lr 4.80e-04  |grad| 0.18  mem 57.4GB  tok/s 6,909
[04:23:16] step  1590/2000  ce 4.0508  lr 4.73e-04  |grad| 0.19  mem 57.4GB  tok/s 6,909
[04:24:50] step  1600/2000  ce 4.0229  lr 4.65e-04  |grad| 0.18  mem 57.4GB  tok/s 6,909
[04:26:25] step  1610/2000  ce 3.8601  lr 4.59e-04  |grad| 0.18  mem 57.4GB  tok/s 6,910
[04:27:59] step  1620/2000  ce 3.7029  lr 4.52e-04  |grad| 0.17  mem 57.4GB  tok/s 6,910
[04:29:33] step  1630/2000  ce 4.0432  lr 4.45e-04  |grad| 0.18  mem 57.4GB  tok/s 6,910
[04:31:08] step  1640/2000  ce 3.8494  lr 4.39e-04  |grad| 0.18  mem 57.4GB  tok/s 6,910
[04:32:42] step  1650/2000  ce 3.9171  lr 4.32e-04  |grad| 0.17  mem 57.4GB  tok/s 6,910
[04:34:17] step  1660/2000  ce 3.8605  lr 4.26e-04  |grad| 0.17  mem 57.4GB  tok/s 6,910
[04:35:51] step  1670/2000  ce 3.6782  lr 4.20e-04  |grad| 0.18  mem 57.4GB  tok/s 6,911
[04:37:26] step  1680/2000  ce 4.0843  lr 4.14e-04  |grad| 0.17  mem 57.4GB  tok/s 6,911
[04:39:00] step  1690/2000  ce 3.7450  lr 4.09e-04  |grad| 0.20  mem 57.4GB  tok/s 6,911
[04:40:35] step  1700/2000  ce 3.9927  lr 4.03e-04  |grad| 0.18  mem 57.4GB  tok/s 6,911
[04:42:09] step  1710/2000  ce 3.9423  lr 3.98e-04  |grad| 0.18  mem 57.4GB  tok/s 6,911
[04:43:44] step  1720/2000  ce 3.8170  lr 3.93e-04  |grad| 0.19  mem 57.4GB  tok/s 6,911
[04:45:18] step  1730/2000  ce 3.9764  lr 3.88e-04  |grad| 0.17  mem 57.4GB  tok/s 6,911
[04:46:53] step  1740/2000  ce 3.9618  lr 3.83e-04  |grad| 0.17  mem 57.4GB  tok/s 6,912
[04:48:27] step  1750/2000  ce 4.0226  lr 3.78e-04  |grad| 0.17  mem 57.4GB  tok/s 6,912
[04:48:31]   [ckpt @ 1750] -> checkpoint_baseline_seed2.pt
[04:50:05] step  1760/2000  ce 3.9767  lr 3.74e-04  |grad| 0.18  mem 57.4GB  tok/s 6,910
[04:51:40] step  1770/2000  ce 3.8513  lr 3.69e-04  |grad| 0.18  mem 57.4GB  tok/s 6,911
[04:53:14] step  1780/2000  ce 3.9512  lr 3.65e-04  |grad| 0.18  mem 57.4GB  tok/s 6,911
[04:54:49] step  1790/2000  ce 4.0653  lr 3.61e-04  |grad| 0.19  mem 57.4GB  tok/s 6,911
[04:56:23] step  1800/2000  ce 3.7494  lr 3.57e-04  |grad| 0.18  mem 57.4GB  tok/s 6,911
[04:57:58] step  1810/2000  ce 3.9144  lr 3.54e-04  |grad| 0.17  mem 57.4GB  tok/s 6,911
[04:59:32] step  1820/2000  ce 3.7255  lr 3.50e-04  |grad| 0.19  mem 57.4GB  tok/s 6,911
[05:01:07] step  1830/2000  ce 3.6615  lr 3.47e-04  |grad| 0.19  mem 57.4GB  tok/s 6,911
[05:02:41] step  1840/2000  ce 3.6609  lr 3.44e-04  |grad| 0.17  mem 57.4GB  tok/s 6,912
[05:04:15] step  1850/2000  ce 3.9540  lr 3.41e-04  |grad| 0.17  mem 57.4GB  tok/s 6,912
[05:05:50] step  1860/2000  ce 3.4815  lr 3.38e-04  |grad| 0.17  mem 57.4GB  tok/s 6,912
[05:07:24] step  1870/2000  ce 4.0831  lr 3.36e-04  |grad| 0.19  mem 57.4GB  tok/s 6,912
[05:08:59] step  1880/2000  ce 3.7933  lr 3.34e-04  |grad| 0.23  mem 57.4GB  tok/s 6,912
[05:10:33] step  1890/2000  ce 3.7807  lr 3.31e-04  |grad| 0.18  mem 57.4GB  tok/s 6,912
[05:12:08] step  1900/2000  ce 3.8250  lr 3.29e-04  |grad| 0.18  mem 57.4GB  tok/s 6,912
[05:13:43] step  1910/2000  ce 3.8187  lr 3.28e-04  |grad| 0.18  mem 57.4GB  tok/s 6,912
[05:15:17] step  1920/2000  ce 3.8714  lr 3.26e-04  |grad| 0.17  mem 57.4GB  tok/s 6,913
[05:16:52] step  1930/2000  ce 3.7963  lr 3.25e-04  |grad| 0.18  mem 57.4GB  tok/s 6,913
[05:18:26] step  1940/2000  ce 3.8907  lr 3.23e-04  |grad| 0.17  mem 57.4GB  tok/s 6,913
[05:20:01] step  1950/2000  ce 3.8458  lr 3.22e-04  |grad| 0.17  mem 57.4GB  tok/s 6,913
[05:21:35] step  1960/2000  ce 4.0234  lr 3.22e-04  |grad| 0.17  mem 57.4GB  tok/s 6,913
[05:23:10] step  1970/2000  ce 4.0977  lr 3.21e-04  |grad| 0.19  mem 57.4GB  tok/s 6,913
[05:24:44] step  1980/2000  ce 3.7462  lr 3.20e-04  |grad| 0.18  mem 57.4GB  tok/s 6,913
[05:26:19] step  1990/2000  ce 3.7687  lr 3.20e-04  |grad| 0.17  mem 57.4GB  tok/s 6,913
[05:27:53] step  2000/2000  ce 3.4742  lr 3.20e-04  |grad| 0.18  mem 57.4GB  tok/s 6,913
[05:28:02]   [eval @ 2000] val PPL=46.61
[05:28:05]   [ckpt @ 2000] -> checkpoint_baseline_seed2.pt
[05:28:09] DONE
