[18:05:35] device=cuda bundle: vr=True ln=True hg=True  steps=18150
[18:05:35] param split: 224 NorMuon (2D), 198 AdamW (1D/embed)  tok/step=65,536
[18:05:40]   loaded cached tokens from tokcache_1191478400_300000.pt (1,191,478,400 train + 300,000 val)
[18:05:40] Compiling model...
[18:16:25] step    50/18150  ce 7.4375  z 0.01204  lr 6.11e-04  |grad| 0.89  mem 66.1GB  tok/s 5,083
[18:26:52] step   100/18150  ce 6.4375  z 0.01285  lr 1.22e-03  |grad| 0.55  mem 66.1GB  tok/s 5,154
[18:37:20] step   150/18150  ce 5.9688  z 0.01314  lr 1.83e-03  |grad| 0.55  mem 66.1GB  tok/s 5,175
[18:47:47] step   200/18150  ce 5.5000  z 0.01389  lr 2.44e-03  |grad| 0.50  mem 66.1GB  tok/s 5,187
[18:58:14] step   250/18150  ce 5.4375  z 0.01374  lr 3.06e-03  |grad| 0.42  mem 66.1GB  tok/s 5,195
[19:08:41] step   300/18150  ce 5.0625  z 0.01445  lr 3.67e-03  |grad| 0.37  mem 66.1GB  tok/s 5,200
[19:19:08] step   350/18150  ce 4.5625  z 0.01533  lr 4.28e-03  |grad| 0.28  mem 66.1GB  tok/s 5,204
[19:29:35] step   400/18150  ce 4.2500  z 0.01577  lr 4.89e-03  |grad| 0.23  mem 66.1GB  tok/s 5,207
[19:40:06] step   450/18150  ce 4.3125  z 0.01543  lr 5.50e-03  |grad| 0.22  mem 66.1GB  tok/s 5,205
[19:50:33] step   500/18150  ce 4.0625  z 0.01555  lr 6.11e-03  |grad| 0.22  mem 66.1GB  tok/s 5,207
[20:01:00] step   550/18150  ce 4.6250  z 0.01526  lr 6.72e-03  |grad| 0.56  mem 66.1GB  tok/s 5,209
[20:11:27] step   600/18150  ce 4.2500  z 0.01507  lr 7.33e-03  |grad| 0.19  mem 66.1GB  tok/s 5,210
[20:21:54] step   650/18150  ce 4.2188  z 0.01466  lr 7.94e-03  |grad| 0.14  mem 66.1GB  tok/s 5,212
[20:32:21] step   700/18150  ce 4.1250  z 0.01445  lr 8.56e-03  |grad| 0.14  mem 66.1GB  tok/s 5,213
[20:42:48] step   750/18150  ce 4.0000  z 0.01448  lr 9.17e-03  |grad| 0.13  mem 66.1GB  tok/s 5,213
[20:53:15] step   800/18150  ce 3.9375  z 0.01488  lr 9.78e-03  |grad| 0.11  mem 66.1GB  tok/s 5,214
[21:03:42] step   850/18150  ce 3.8594  z 0.01419  lr 1.04e-02  |grad| 0.10  mem 66.1GB  tok/s 5,215
[21:14:09] step   900/18150  ce 3.9062  z 0.01426  lr 1.10e-02  |grad| 0.14  mem 66.1GB  tok/s 5,216
[21:24:36] step   950/18150  ce 3.9375  z 0.01417  lr 1.10e-02  |grad| 0.11  mem 66.1GB  tok/s 5,216
[21:35:45] step  1000/18150  ce 3.8281  z 0.01415  lr 1.10e-02  |grad| 0.09  mem 66.1GB  tok/s 5,199
[21:47:10] step  1050/18150  ce 3.5938  z 0.01434  lr 1.10e-02  |grad| 0.11  mem 66.1GB  tok/s 5,178
[21:58:35] step  1100/18150  ce 3.6875  z 0.01449  lr 1.10e-02  |grad| 0.09  mem 66.1GB  tok/s 5,158
[22:10:03] step  1150/18150  ce 3.8438  z 0.01377  lr 1.10e-02  |grad| 0.10  mem 66.1GB  tok/s 5,140
[22:21:23] step  1200/18150  ce 3.7500  z 0.01413  lr 1.10e-02  |grad| 0.08  mem 66.1GB  tok/s 5,126
[22:32:56] step  1250/18150  ce 3.6250  z 0.01452  lr 1.10e-02  |grad| 0.07  mem 66.1GB  tok/s 5,108
[22:43:49] step  1300/18150  ce 3.6094  z 0.01419  lr 1.10e-02  |grad| 0.10  mem 66.1GB  tok/s 5,105
[22:54:24] step  1350/18150  ce 3.6562  z 0.01373  lr 1.10e-02  |grad| 0.07  mem 66.1GB  tok/s 5,107
[23:05:01] step  1400/18150  ce 3.6562  z 0.01407  lr 1.10e-02  |grad| 0.06  mem 66.1GB  tok/s 5,108
[23:15:28] step  1450/18150  ce 3.4375  z 0.01411  lr 1.10e-02  |grad| 0.06  mem 66.1GB  tok/s 5,112
[23:25:54] step  1500/18150  ce 3.9688  z 0.01347  lr 1.10e-02  |grad| 0.08  mem 66.1GB  tok/s 5,116
[23:36:21] step  1550/18150  ce 3.5781  z 0.01386  lr 1.10e-02  |grad| 0.08  mem 66.1GB  tok/s 5,120
[23:46:48] step  1600/18150  ce 3.6719  z 0.01338  lr 1.10e-02  |grad| 0.07  mem 66.1GB  tok/s 5,123
[23:57:15] step  1650/18150  ce 3.6562  z 0.01341  lr 1.10e-02  |grad| 0.09  mem 66.1GB  tok/s 5,126
[00:07:42] step  1700/18150  ce 3.6875  z 0.01363  lr 1.10e-02  |grad| 0.10  mem 66.1GB  tok/s 5,129
[00:18:09] step  1750/18150  ce 3.6562  z 0.01350  lr 1.10e-02  |grad| 0.07  mem 66.1GB  tok/s 5,132
[00:28:35] step  1800/18150  ce 3.6875  z 0.01369  lr 1.10e-02  |grad| 0.06  mem 66.1GB  tok/s 5,134
[00:39:02] step  1850/18150  ce 3.4062  z 0.01419  lr 1.10e-02  |grad| 0.12  mem 66.1GB  tok/s 5,137
[00:49:29] step  1900/18150  ce 3.6875  z 0.01313  lr 1.10e-02  |grad| 0.08  mem 66.1GB  tok/s 5,139
[00:59:55] step  1950/18150  ce 3.5000  z 0.01353  lr 1.10e-02  |grad| 0.11  mem 66.1GB  tok/s 5,142
[01:10:22] step  2000/18150  ce 3.7969  z 0.01315  lr 1.10e-02  |grad| 0.07  mem 66.1GB  tok/s 5,144
[01:10:35]   [eval @ 2000] val PPL=44.38
[01:10:36]   [ckpt @ 2000]
[01:21:03] step  2050/18150  ce 3.4062  z 0.01375  lr 1.10e-02  |grad| 0.07  mem 66.1GB  tok/s 5,143
[01:31:30] step  2100/18150  ce 3.4219  z 0.01336  lr 1.10e-02  |grad| 0.07  mem 66.1GB  tok/s 5,145
[01:41:57] step  2150/18150  ce 3.7188  z 0.01285  lr 1.10e-02  |grad| 0.07  mem 66.1GB  tok/s 5,147
[01:52:24] step  2200/18150  ce 3.4375  z 0.01353  lr 1.10e-02  |grad| 0.10  mem 66.1GB  tok/s 5,149
[02:02:50] step  2250/18150  ce 3.4375  z 0.01338  lr 1.10e-02  |grad| 0.13  mem 66.1GB  tok/s 5,150
[02:13:17] step  2300/18150  ce 3.4375  z 0.01297  lr 1.10e-02  |grad| 0.13  mem 66.1GB  tok/s 5,152
[02:23:44] step  2350/18150  ce 3.2656  z 0.01344  lr 1.10e-02  |grad| 0.11  mem 66.1GB  tok/s 5,154
[02:34:11] step  2400/18150  ce 3.5781  z 0.01297  lr 1.10e-02  |grad| 0.07  mem 66.1GB  tok/s 5,155
[02:44:38] step  2450/18150  ce 3.5625  z 0.01304  lr 1.10e-02  |grad| 0.06  mem 66.1GB  tok/s 5,157
[02:55:05] step  2500/18150  ce 3.6562  z 0.01318  lr 1.10e-02  |grad| 0.09  mem 66.1GB  tok/s 5,158
[03:05:32] step  2550/18150  ce 3.1875  z 0.01275  lr 1.10e-02  |grad| 0.06  mem 66.1GB  tok/s 5,159
[03:15:58] step  2600/18150  ce 3.4688  z 0.01286  lr 1.10e-02  |grad| 0.07  mem 66.1GB  tok/s 5,161
[03:26:25] step  2650/18150  ce 3.1875  z 0.01313  lr 1.10e-02  |grad| 0.08  mem 66.1GB  tok/s 5,162
[03:36:52] step  2700/18150  ce 3.5156  z 0.01298  lr 1.10e-02  |grad| 0.09  mem 66.1GB  tok/s 5,163
[03:47:19] step  2750/18150  ce 3.7188  z 0.01234  lr 1.10e-02  |grad| 0.11  mem 66.1GB  tok/s 5,164
[03:57:45] step  2800/18150  ce 3.3281  z 0.01270  lr 1.10e-02  |grad| 0.15  mem 66.1GB  tok/s 5,165
[04:08:12] step  2850/18150  ce 3.2188  z 0.01275  lr 1.10e-02  |grad| 0.08  mem 66.1GB  tok/s 5,166
[04:18:39] step  2900/18150  ce 3.6094  z 0.01248  lr 1.10e-02  |grad| 0.09  mem 66.1GB  tok/s 5,167
[04:29:06] step  2950/18150  ce 3.5000  z 0.01208  lr 1.10e-02  |grad| 0.05  mem 66.1GB  tok/s 5,168
[04:39:33] step  3000/18150  ce 3.4062  z 0.01219  lr 1.10e-02  |grad| 0.12  mem 66.1GB  tok/s 5,169
[04:50:00] step  3050/18150  ce 3.1875  z 0.01297  lr 1.10e-02  |grad| 0.07  mem 66.1GB  tok/s 5,170
[05:00:27] step  3100/18150  ce 3.4062  z 0.01263  lr 1.10e-02  |grad| 0.09  mem 66.1GB  tok/s 5,171
[05:10:54] step  3150/18150  ce 3.2812  z 0.01248  lr 1.10e-02  |grad| 0.11  mem 66.1GB  tok/s 5,172
[05:21:21] step  3200/18150  ce 3.4531  z 0.01258  lr 1.10e-02  |grad| 0.07  mem 66.1GB  tok/s 5,173
[05:31:47] step  3250/18150  ce 3.5469  z 0.01214  lr 1.10e-02  |grad| 0.12  mem 66.1GB  tok/s 5,174
[05:42:14] step  3300/18150  ce 3.5156  z 0.01288  lr 1.10e-02  |grad| 0.11  mem 66.1GB  tok/s 5,175
[05:52:41] step  3350/18150  ce 3.4375  z 0.01242  lr 1.10e-02  |grad| 0.10  mem 66.1GB  tok/s 5,175
[06:03:08] step  3400/18150  ce 3.4688  z 0.01238  lr 1.10e-02  |grad| 0.07  mem 66.1GB  tok/s 5,176
[06:13:35] step  3450/18150  ce 3.4062  z 0.01266  lr 1.10e-02  |grad| 0.08  mem 66.1GB  tok/s 5,177
[06:24:02] step  3500/18150  ce 3.3906  z 0.01204  lr 1.10e-02  |grad| 0.09  mem 66.1GB  tok/s 5,178
[06:34:29] step  3550/18150  ce 3.2812  z 0.01233  lr 1.10e-02  |grad| 0.06  mem 66.1GB  tok/s 5,178
[06:44:56] step  3600/18150  ce 3.4688  z 0.01215  lr 1.10e-02  |grad| 0.06  mem 66.1GB  tok/s 5,179
[06:55:23] step  3650/18150  ce 3.2500  z 0.01191  lr 1.10e-02  |grad| 0.06  mem 66.1GB  tok/s 5,180
[07:05:49] step  3700/18150  ce 3.2344  z 0.01257  lr 1.10e-02  |grad| 0.09  mem 66.1GB  tok/s 5,180
[07:16:16] step  3750/18150  ce 3.4375  z 0.01248  lr 1.10e-02  |grad| 0.09  mem 66.1GB  tok/s 5,181
[07:26:43] step  3800/18150  ce 3.1250  z 0.01212  lr 1.10e-02  |grad| 0.08  mem 66.1GB  tok/s 5,181
[07:37:10] step  3850/18150  ce 3.3438  z 0.01178  lr 1.10e-02  |grad| 0.11  mem 66.1GB  tok/s 5,182
[07:47:37] step  3900/18150  ce 3.1875  z 0.01150  lr 1.10e-02  |grad| 0.06  mem 66.1GB  tok/s 5,183
[07:58:04] step  3950/18150  ce 3.3125  z 0.01175  lr 1.10e-02  |grad| 0.08  mem 66.1GB  tok/s 5,183
[08:08:31] step  4000/18150  ce 3.1562  z 0.01180  lr 1.10e-02  |grad| 0.09  mem 66.1GB  tok/s 5,184
[08:08:40]   [eval @ 4000] val PPL=35.62
[08:08:41]   [ckpt @ 4000]
[08:19:08] step  4050/18150  ce 3.2344  z 0.01200  lr 1.10e-02  |grad| 0.10  mem 66.1GB  tok/s 5,183
[08:29:35] step  4100/18150  ce 3.3750  z 0.01136  lr 1.10e-02  |grad| 0.06  mem 66.1GB  tok/s 5,184
[08:40:40] step  4150/18150  ce 3.2188  z 0.01165  lr 1.10e-02  |grad| 0.08  mem 66.1GB  tok/s 5,180
[08:51:07] step  4200/18150  ce 3.5156  z 0.01160  lr 1.10e-02  |grad| 0.09  mem 66.1GB  tok/s 5,181
[09:02:09] step  4250/18150  ce 3.4062  z 0.01105  lr 1.10e-02  |grad| 0.10  mem 66.1GB  tok/s 5,178
[09:13:25] step  4300/18150  ce 2.8438  z 0.01140  lr 1.10e-02  |grad| 0.06  mem 66.1GB  tok/s 5,174
[09:24:46] step  4350/18150  ce 3.3750  z 0.01151  lr 1.10e-02  |grad| 0.05  mem 66.1GB  tok/s 5,170
[09:36:28] step  4400/18150  ce 3.3438  z 0.01116  lr 1.10e-02  |grad| 0.06  mem 66.1GB  tok/s 5,163
[09:47:43] step  4450/18150  ce 3.1250  z 0.01130  lr 1.10e-02  |grad| 0.07  mem 66.1GB  tok/s 5,160
[09:58:59] step  4500/18150  ce 3.3750  z 0.01138  lr 1.10e-02  |grad| 0.09  mem 66.1GB  tok/s 5,156
[10:09:49] step  4550/18150  ce 3.2031  z 0.01151  lr 1.10e-02  |grad| 0.08  mem 66.1GB  tok/s 5,155
[10:20:38] step  4600/18150  ce 3.3750  z 0.01125  lr 1.10e-02  |grad| 0.07  mem 66.1GB  tok/s 5,153
[10:31:10] step  4650/18150  ce 3.2500  z 0.01119  lr 1.10e-02  |grad| 0.08  mem 66.1GB  tok/s 5,154
[10:41:37] step  4700/18150  ce 2.9062  z 0.01200  lr 1.10e-02  |grad| 0.13  mem 66.1GB  tok/s 5,155
[10:52:05] step  4750/18150  ce 3.3125  z 0.01139  lr 1.10e-02  |grad| 0.09  mem 66.1GB  tok/s 5,155
[11:02:32] step  4800/18150  ce 3.0938  z 0.01185  lr 1.10e-02  |grad| 0.07  mem 66.1GB  tok/s 5,156
[11:13:00] step  4850/18150  ce 3.1094  z 0.01176  lr 1.10e-02  |grad| 0.07  mem 66.1GB  tok/s 5,157
[11:23:27] step  4900/18150  ce 3.3750  z 0.01123  lr 1.10e-02  |grad| 0.07  mem 66.1GB  tok/s 5,157
[11:33:54] step  4950/18150  ce 3.4531  z 0.01124  lr 1.10e-02  |grad| 0.06  mem 66.1GB  tok/s 5,158
[11:44:22] step  5000/18150  ce 3.0625  z 0.01102  lr 1.10e-02  |grad| 0.07  mem 66.1GB  tok/s 5,159
[11:54:49] step  5050/18150  ce 3.3750  z 0.01161  lr 1.10e-02  |grad| 0.08  mem 66.1GB  tok/s 5,159
[12:05:16] step  5100/18150  ce 3.3281  z 0.01081  lr 1.10e-02  |grad| 0.12  mem 66.1GB  tok/s 5,160
[12:15:44] step  5150/18150  ce 3.1875  z 0.01126  lr 1.10e-02  |grad| 0.10  mem 66.1GB  tok/s 5,160
[12:26:11] step  5200/18150  ce 3.5156  z 0.01140  lr 1.10e-02  |grad| 0.09  mem 66.1GB  tok/s 5,161
[12:36:39] step  5250/18150  ce 2.8750  z 0.01062  lr 1.10e-02  |grad| 0.08  mem 66.1GB  tok/s 5,162
[12:47:06] step  5300/18150  ce 3.1250  z 0.01117  lr 1.10e-02  |grad| 0.08  mem 66.1GB  tok/s 5,162
[12:57:42] step  5350/18150  ce 3.3750  z 0.01111  lr 1.10e-02  |grad| 0.09  mem 66.1GB  tok/s 5,162
[13:08:38] step  5400/18150  ce 3.5938  z 0.01108  lr 1.10e-02  |grad| 0.08  mem 66.1GB  tok/s 5,160
[13:19:26] step  5450/18150  ce 3.0625  z 0.01152  lr 1.10e-02  |grad| 0.10  mem 66.1GB  tok/s 5,160
[13:30:36] step  5500/18150  ce 3.1250  z 0.01154  lr 1.10e-02  |grad| 0.05  mem 66.1GB  tok/s 5,157
[13:41:48] step  5550/18150  ce 3.5469  z 0.01101  lr 1.10e-02  |grad| 0.07  mem 66.1GB  tok/s 5,154
[13:52:41] step  5600/18150  ce 3.2812  z 0.01116  lr 1.10e-02  |grad| 0.07  mem 66.1GB  tok/s 5,153
[14:03:10] step  5650/18150  ce 3.4062  z 0.01096  lr 1.10e-02  |grad| 0.06  mem 66.1GB  tok/s 5,154
[14:13:39] step  5700/18150  ce 3.1875  z 0.01100  lr 1.10e-02  |grad| 0.13  mem 66.1GB  tok/s 5,154
[14:24:06] step  5750/18150  ce 3.1875  z 0.01071  lr 1.10e-02  |grad| 0.07  mem 66.1GB  tok/s 5,155
[14:34:33] step  5800/18150  ce 3.0312  z 0.01097  lr 1.10e-02  |grad| 0.10  mem 66.1GB  tok/s 5,155
[14:45:00] step  5850/18150  ce 3.4531  z 0.01077  lr 1.10e-02  |grad| 0.06  mem 66.1GB  tok/s 5,156
[14:55:27] step  5900/18150  ce 3.2500  z 0.01114  lr 1.10e-02  |grad| 0.07  mem 66.1GB  tok/s 5,156
[15:05:54] step  5950/18150  ce 3.2188  z 0.01105  lr 1.10e-02  |grad| 0.06  mem 66.1GB  tok/s 5,157
[15:16:22] step  6000/18150  ce 3.3750  z 0.01102  lr 1.10e-02  |grad| 0.06  mem 66.1GB  tok/s 5,158
[15:16:31]   [eval @ 6000] val PPL=32.54
[15:16:32]   [ckpt @ 6000]
[15:27:00] step  6050/18150  ce 3.3594  z 0.01069  lr 1.10e-02  |grad| 0.07  mem 66.1GB  tok/s 5,157
[15:37:27] step  6100/18150  ce 3.1875  z 0.01069  lr 1.10e-02  |grad| 0.06  mem 66.1GB  tok/s 5,158
[15:47:54] step  6150/18150  ce 3.0938  z 0.01070  lr 1.10e-02  |grad| 0.08  mem 66.1GB  tok/s 5,158
[15:58:22] step  6200/18150  ce 3.2500  z 0.01053  lr 1.10e-02  |grad| 0.07  mem 66.1GB  tok/s 5,159
[16:08:49] step  6250/18150  ce 3.1250  z 0.01090  lr 1.10e-02  |grad| 0.12  mem 66.1GB  tok/s 5,159
[16:19:16] step  6300/18150  ce 3.3125  z 0.01069  lr 1.10e-02  |grad| 0.12  mem 66.1GB  tok/s 5,160
[16:29:44] step  6350/18150  ce 3.2188  z 0.01059  lr 1.10e-02  |grad| 0.07  mem 66.1GB  tok/s 5,160
[16:40:10] step  6400/18150  ce 3.1875  z 0.01046  lr 1.10e-02  |grad| 0.07  mem 66.1GB  tok/s 5,161
[16:50:37] step  6450/18150  ce 3.2969  z 0.01020  lr 1.10e-02  |grad| 0.08  mem 66.1GB  tok/s 5,161
[17:01:04] step  6500/18150  ce 3.5312  z 0.01067  lr 1.10e-02  |grad| 0.07  mem 66.1GB  tok/s 5,162
[17:11:32] step  6550/18150  ce 3.4062  z 0.01044  lr 1.10e-02  |grad| 0.06  mem 66.1GB  tok/s 5,162
[17:21:59] step  6600/18150  ce 3.2188  z 0.01040  lr 1.10e-02  |grad| 0.07  mem 66.1GB  tok/s 5,163
[17:32:26] step  6650/18150  ce 3.1250  z 0.01110  lr 1.10e-02  |grad| 0.06  mem 66.1GB  tok/s 5,163
[17:42:53] step  6700/18150  ce 3.2031  z 0.01062  lr 1.10e-02  |grad| 0.10  mem 66.1GB  tok/s 5,164
[17:53:20] step  6750/18150  ce 3.0312  z 0.01008  lr 1.10e-02  |grad| 0.07  mem 66.1GB  tok/s 5,164
[18:03:46] step  6800/18150  ce 3.2500  z 0.01070  lr 1.10e-02  |grad| 0.08  mem 66.1GB  tok/s 5,165
[18:14:13] step  6850/18150  ce 3.2500  z 0.01052  lr 1.10e-02  |grad| 0.07  mem 66.1GB  tok/s 5,165
[18:24:45] step  6900/18150  ce 3.5625  z 0.01046  lr 1.10e-02  |grad| 0.06  mem 66.1GB  tok/s 5,165
[18:35:14] step  6950/18150  ce 3.2500  z 0.01028  lr 1.10e-02  |grad| 0.12  mem 66.1GB  tok/s 5,166
[18:45:43] step  7000/18150  ce 3.2812  z 0.01003  lr 1.10e-02  |grad| 0.09  mem 66.1GB  tok/s 5,166
[18:56:21] step  7050/18150  ce 3.3281  z 0.01056  lr 1.10e-02  |grad| 0.12  mem 66.1GB  tok/s 5,166
[19:07:00] step  7100/18150  ce 3.1875  z 0.00997  lr 1.10e-02  |grad| 0.06  mem 66.1GB  tok/s 5,165
[19:17:33] step  7150/18150  ce 3.1875  z 0.00988  lr 1.10e-02  |grad| 0.09  mem 66.1GB  tok/s 5,166
[19:28:04] step  7200/18150  ce 3.0469  z 0.01020  lr 1.10e-02  |grad| 0.10  mem 66.1GB  tok/s 5,166
[19:38:59] step  7250/18150  ce 3.4062  z 0.01002  lr 1.10e-02  |grad| 0.12  mem 66.1GB  tok/s 5,165
[19:49:26] step  7300/18150  ce 3.3906  z 0.01030  lr 1.10e-02  |grad| 0.06  mem 66.1GB  tok/s 5,165
[19:59:53] step  7350/18150  ce 3.1562  z 0.01039  lr 1.10e-02  |grad| 0.10  mem 66.1GB  tok/s 5,165
[20:10:19] step  7400/18150  ce 3.2344  z 0.01005  lr 1.10e-02  |grad| 0.08  mem 66.1GB  tok/s 5,166
[20:20:47] step  7450/18150  ce 3.3125  z 0.01000  lr 1.10e-02  |grad| 0.07  mem 66.1GB  tok/s 5,166
[20:31:14] step  7500/18150  ce 3.2500  z 0.01039  lr 1.10e-02  |grad| 0.09  mem 66.1GB  tok/s 5,167
[20:41:40] step  7550/18150  ce 3.2969  z 0.01028  lr 1.10e-02  |grad| 0.09  mem 66.1GB  tok/s 5,167
[20:52:07] step  7600/18150  ce 3.0625  z 0.01014  lr 1.10e-02  |grad| 0.08  mem 66.1GB  tok/s 5,167
[21:02:34] step  7650/18150  ce 3.2188  z 0.01018  lr 1.10e-02  |grad| 0.11  mem 66.1GB  tok/s 5,168
[21:13:01] step  7700/18150  ce 3.1406  z 0.01055  lr 1.10e-02  |grad| 0.08  mem 66.1GB  tok/s 5,168
[21:23:27] step  7750/18150  ce 3.3750  z 0.01009  lr 1.10e-02  |grad| 0.16  mem 66.1GB  tok/s 5,169
[21:33:54] step  7800/18150  ce 3.3281  z 0.01050  lr 1.10e-02  |grad| 0.10  mem 66.1GB  tok/s 5,169
[21:44:20] step  7850/18150  ce 3.4375  z 0.00979  lr 1.10e-02  |grad| 0.12  mem 66.1GB  tok/s 5,169
[21:54:47] step  7900/18150  ce 3.3438  z 0.01009  lr 1.10e-02  |grad| 0.08  mem 66.1GB  tok/s 5,170
[22:05:14] step  7950/18150  ce 3.0312  z 0.00968  lr 1.10e-02  |grad| 0.07  mem 66.1GB  tok/s 5,170
[22:15:40] step  8000/18150  ce 3.4531  z 0.00997  lr 1.10e-02  |grad| 0.09  mem 66.1GB  tok/s 5,170
[22:15:50]   [eval @ 8000] val PPL=30.41
[22:15:51]   [ckpt @ 8000]
[22:26:19] step  8050/18150  ce 3.3125  z 0.00974  lr 1.10e-02  |grad| 0.09  mem 66.1GB  tok/s 5,170
[22:36:45] step  8100/18150  ce 2.9062  z 0.01020  lr 1.10e-02  |grad| 0.08  mem 66.1GB  tok/s 5,171
[22:47:12] step  8150/18150  ce 3.2188  z 0.01002  lr 1.10e-02  |grad| 0.06  mem 66.1GB  tok/s 5,171
[22:57:39] step  8200/18150  ce 3.3750  z 0.00981  lr 1.10e-02  |grad| 0.07  mem 66.1GB  tok/s 5,171
[23:08:06] step  8250/18150  ce 3.0312  z 0.01031  lr 1.10e-02  |grad| 0.08  mem 66.1GB  tok/s 5,172
[23:18:33] step  8300/18150  ce 3.0938  z 0.00982  lr 1.10e-02  |grad| 0.06  mem 66.1GB  tok/s 5,172
[23:29:00] step  8350/18150  ce 3.3125  z 0.00946  lr 1.10e-02  |grad| 0.09  mem 66.1GB  tok/s 5,172
[23:39:27] step  8400/18150  ce 3.1094  z 0.00955  lr 1.10e-02  |grad| 0.09  mem 66.1GB  tok/s 5,173
[23:49:54] step  8450/18150  ce 3.1250  z 0.00990  lr 1.10e-02  |grad| 0.09  mem 66.1GB  tok/s 5,173
[00:00:20] step  8500/18150  ce 2.7812  z 0.00975  lr 1.10e-02  |grad| 0.07  mem 66.1GB  tok/s 5,173
[00:10:47] step  8550/18150  ce 3.2812  z 0.01016  lr 1.10e-02  |grad| 0.07  mem 66.1GB  tok/s 5,174
[00:21:20] step  8600/18150  ce 3.0781  z 0.01010  lr 1.10e-02  |grad| 0.10  mem 66.1GB  tok/s 5,174
[00:31:58] step  8650/18150  ce 3.3125  z 0.00967  lr 1.10e-02  |grad| 0.07  mem 66.1GB  tok/s 5,173
[00:42:37] step  8700/18150  ce 3.3125  z 0.00978  lr 1.10e-02  |grad| 0.09  mem 66.1GB  tok/s 5,173
[00:53:16] step  8750/18150  ce 3.0938  z 0.00947  lr 1.10e-02  |grad| 0.10  mem 66.1GB  tok/s 5,173
[01:03:54] step  8800/18150  ce 3.0000  z 0.00981  lr 1.10e-02  |grad| 0.07  mem 66.1GB  tok/s 5,173
[01:14:33] step  8850/18150  ce 3.1562  z 0.00993  lr 1.10e-02  |grad| 0.09  mem 66.1GB  tok/s 5,172
[01:25:12] step  8900/18150  ce 3.2188  z 0.00960  lr 1.10e-02  |grad| 0.09  mem 66.1GB  tok/s 5,172
[01:35:51] step  8950/18150  ce 3.3438  z 0.00945  lr 1.10e-02  |grad| 0.09  mem 66.1GB  tok/s 5,172
[01:46:29] step  9000/18150  ce 3.2500  z 0.00976  lr 1.10e-02  |grad| 0.12  mem 66.1GB  tok/s 5,172
[01:57:08] step  9050/18150  ce 2.9531  z 0.00987  lr 1.10e-02  |grad| 0.08  mem 66.1GB  tok/s 5,171
[02:07:47] step  9100/18150  ce 3.0312  z 0.00947  lr 1.10e-02  |grad| 0.07  mem 66.1GB  tok/s 5,171
[02:18:26] step  9150/18150  ce 3.2656  z 0.00999  lr 1.10e-02  |grad| 0.12  mem 66.1GB  tok/s 5,171
[02:29:04] step  9200/18150  ce 3.2344  z 0.00927  lr 1.10e-02  |grad| 0.08  mem 66.1GB  tok/s 5,171
[02:39:43] step  9250/18150  ce 3.2188  z 0.00966  lr 1.10e-02  |grad| 0.14  mem 66.1GB  tok/s 5,171
[02:50:22] step  9300/18150  ce 3.2500  z 0.00967  lr 1.10e-02  |grad| 0.07  mem 66.1GB  tok/s 5,170
[03:01:01] step  9350/18150  ce 3.1875  z 0.00977  lr 1.10e-02  |grad| 0.07  mem 66.1GB  tok/s 5,170
[03:11:40] step  9400/18150  ce 2.9844  z 0.00948  lr 1.10e-02  |grad| 0.08  mem 66.1GB  tok/s 5,170
[03:22:19] step  9450/18150  ce 3.1875  z 0.00962  lr 1.10e-02  |grad| 0.12  mem 66.1GB  tok/s 5,170
[03:32:57] step  9500/18150  ce 3.0938  z 0.00969  lr 1.10e-02  |grad| 0.10  mem 66.1GB  tok/s 5,169
[03:43:36] step  9550/18150  ce 3.1719  z 0.00915  lr 1.10e-02  |grad| 0.13  mem 66.1GB  tok/s 5,169
[03:54:15] step  9600/18150  ce 3.0000  z 0.00949  lr 1.10e-02  |grad| 0.07  mem 66.1GB  tok/s 5,169
[04:04:53] step  9650/18150  ce 3.0938  z 0.00937  lr 1.10e-02  |grad| 0.06  mem 66.1GB  tok/s 5,169
[04:15:32] step  9700/18150  ce 3.1875  z 0.00935  lr 1.10e-02  |grad| 0.09  mem 66.1GB  tok/s 5,169
[04:26:11] step  9750/18150  ce 2.8438  z 0.00932  lr 1.10e-02  |grad| 0.07  mem 66.1GB  tok/s 5,168
[04:36:50] step  9800/18150  ce 3.0000  z 0.00953  lr 1.10e-02  |grad| 0.07  mem 66.1GB  tok/s 5,168
[04:47:29] step  9850/18150  ce 3.2812  z 0.00914  lr 1.10e-02  |grad| 0.07  mem 66.1GB  tok/s 5,168
[04:58:07] step  9900/18150  ce 3.1094  z 0.00981  lr 1.10e-02  |grad| 0.11  mem 66.1GB  tok/s 5,168
[05:08:46] step  9950/18150  ce 3.1875  z 0.00910  lr 1.10e-02  |grad| 0.09  mem 66.1GB  tok/s 5,168
[05:19:25] step 10000/18150  ce 3.2812  z 0.00918  lr 1.10e-02  |grad| 0.07  mem 66.1GB  tok/s 5,167
[05:19:34]   [eval @ 10000] val PPL=29.14
[05:19:35]   [ckpt @ 10000]
[05:30:14] step 10050/18150  ce 3.1719  z 0.00920  lr 1.10e-02  |grad| 0.09  mem 66.1GB  tok/s 5,167
[05:40:53] step 10100/18150  ce 3.0312  z 0.00926  lr 1.10e-02  |grad| 0.09  mem 66.1GB  tok/s 5,167
[05:51:32] step 10150/18150  ce 3.0938  z 0.00937  lr 1.10e-02  |grad| 0.07  mem 66.1GB  tok/s 5,166
[06:02:10] step 10200/18150  ce 3.0938  z 0.00931  lr 1.10e-02  |grad| 0.07  mem 66.1GB  tok/s 5,166
[06:12:49] step 10250/18150  ce 3.1562  z 0.00945  lr 1.10e-02  |grad| 0.08  mem 66.1GB  tok/s 5,166
[06:23:27] step 10300/18150  ce 3.3125  z 0.00951  lr 1.10e-02  |grad| 0.08  mem 66.1GB  tok/s 5,166
[06:34:06] step 10350/18150  ce 3.2188  z 0.00916  lr 1.10e-02  |grad| 0.07  mem 66.1GB  tok/s 5,166
[06:44:45] step 10400/18150  ce 3.2500  z 0.00925  lr 1.10e-02  |grad| 0.07  mem 66.1GB  tok/s 5,166
[06:55:24] step 10450/18150  ce 2.9844  z 0.00959  lr 1.10e-02  |grad| 0.08  mem 66.1GB  tok/s 5,165
[07:06:03] step 10500/18150  ce 2.7969  z 0.00834  lr 1.10e-02  |grad| 0.07  mem 66.1GB  tok/s 5,165
[07:16:42] step 10550/18150  ce 3.1562  z 0.00931  lr 1.10e-02  |grad| 0.08  mem 66.1GB  tok/s 5,165
[07:27:20] step 10600/18150  ce 3.0938  z 0.00926  lr 1.10e-02  |grad| 0.08  mem 66.1GB  tok/s 5,165
[07:37:59] step 10650/18150  ce 3.3281  z 0.00921  lr 1.10e-02  |grad| 0.08  mem 66.1GB  tok/s 5,165
[07:48:38] step 10700/18150  ce 3.1094  z 0.00964  lr 1.10e-02  |grad| 0.06  mem 66.1GB  tok/s 5,165
[07:59:17] step 10750/18150  ce 3.1875  z 0.00901  lr 1.10e-02  |grad| 0.06  mem 66.1GB  tok/s 5,164
[08:09:56] step 10800/18150  ce 3.1250  z 0.00948  lr 1.10e-02  |grad| 0.10  mem 66.1GB  tok/s 5,164
[08:20:39] step 10850/18150  ce 3.0469  z 0.00950  lr 1.10e-02  |grad| 0.09  mem 66.1GB  tok/s 5,164
[08:31:18] step 10900/18150  ce 2.9375  z 0.00938  lr 1.10e-02  |grad| 0.06  mem 66.1GB  tok/s 5,164
[08:41:57] step 10950/18150  ce 3.1250  z 0.00948  lr 1.10e-02  |grad| 0.10  mem 66.1GB  tok/s 5,164
[08:52:35] step 11000/18150  ce 3.1562  z 0.00923  lr 1.10e-02  |grad| 0.12  mem 66.1GB  tok/s 5,163
[09:03:14] step 11050/18150  ce 2.9062  z 0.00936  lr 1.10e-02  |grad| 0.09  mem 66.1GB  tok/s 5,163
[09:13:53] step 11100/18150  ce 3.2969  z 0.00927  lr 1.10e-02  |grad| 0.12  mem 66.1GB  tok/s 5,163
[09:24:31] step 11150/18150  ce 3.1719  z 0.00910  lr 1.10e-02  |grad| 0.10  mem 66.1GB  tok/s 5,163
[09:35:10] step 11200/18150  ce 3.1875  z 0.00973  lr 1.10e-02  |grad| 0.09  mem 66.1GB  tok/s 5,163
[09:45:48] step 11250/18150  ce 2.6562  z 0.00936  lr 1.10e-02  |grad| 0.12  mem 66.1GB  tok/s 5,163
[09:56:26] step 11300/18150  ce 3.0000  z 0.00901  lr 1.10e-02  |grad| 0.15  mem 66.1GB  tok/s 5,163
[10:07:05] step 11350/18150  ce 3.0000  z 0.00910  lr 1.10e-02  |grad| 0.08  mem 66.1GB  tok/s 5,162
[10:17:44] step 11400/18150  ce 3.0000  z 0.00875  lr 1.10e-02  |grad| 0.07  mem 66.1GB  tok/s 5,162
[10:28:23] step 11450/18150  ce 3.3438  z 0.00929  lr 1.10e-02  |grad| 0.10  mem 66.1GB  tok/s 5,162
[10:39:01] step 11500/18150  ce 3.1875  z 0.00973  lr 1.10e-02  |grad| 0.09  mem 66.1GB  tok/s 5,162
[10:49:40] step 11550/18150  ce 3.2344  z 0.00920  lr 1.10e-02  |grad| 0.08  mem 66.1GB  tok/s 5,162
[11:00:19] step 11600/18150  ce 3.3281  z 0.00888  lr 1.10e-02  |grad| 0.08  mem 66.1GB  tok/s 5,162
[11:10:58] step 11650/18150  ce 2.8906  z 0.00896  lr 1.10e-02  |grad| 0.06  mem 66.1GB  tok/s 5,162
[11:21:36] step 11700/18150  ce 3.3438  z 0.00904  lr 1.10e-02  |grad| 0.08  mem 66.1GB  tok/s 5,161
[11:32:15] step 11750/18150  ce 3.3438  z 0.00885  lr 1.10e-02  |grad| 0.09  mem 66.1GB  tok/s 5,161
[11:42:54] step 11800/18150  ce 3.0625  z 0.00921  lr 1.10e-02  |grad| 0.14  mem 66.1GB  tok/s 5,161
[11:53:33] step 11850/18150  ce 3.3125  z 0.00938  lr 1.10e-02  |grad| 0.11  mem 66.1GB  tok/s 5,161
[12:04:12] step 11900/18150  ce 3.0312  z 0.00879  lr 1.10e-02  |grad| 0.09  mem 66.1GB  tok/s 5,161
[12:14:50] step 11950/18150  ce 3.4375  z 0.00905  lr 1.10e-02  |grad| 0.08  mem 66.1GB  tok/s 5,161
[12:25:29] step 12000/18150  ce 3.1406  z 0.00898  lr 1.10e-02  |grad| 0.06  mem 66.1GB  tok/s 5,161
[12:25:39]   [eval @ 12000] val PPL=28.43
[12:25:40]   [ckpt @ 12000]
[12:36:19] step 12050/18150  ce 3.0938  z 0.00900  lr 1.10e-02  |grad| 0.07  mem 66.1GB  tok/s 5,160
[12:46:57] step 12100/18150  ce 2.9062  z 0.00886  lr 1.10e-02  |grad| 0.09  mem 66.1GB  tok/s 5,160
[12:57:36] step 12150/18150  ce 3.1875  z 0.00885  lr 1.10e-02  |grad| 0.10  mem 66.1GB  tok/s 5,160
[13:08:14] step 12200/18150  ce 2.8750  z 0.00884  lr 1.10e-02  |grad| 0.09  mem 66.1GB  tok/s 5,160
[13:18:53] step 12250/18150  ce 3.2188  z 0.00934  lr 1.10e-02  |grad| 0.08  mem 66.1GB  tok/s 5,160
[13:29:32] step 12300/18150  ce 3.2500  z 0.00881  lr 1.10e-02  |grad| 0.08  mem 66.1GB  tok/s 5,160
[13:40:11] step 12350/18150  ce 3.0156  z 0.00908  lr 1.10e-02  |grad| 0.06  mem 66.1GB  tok/s 5,159
[13:50:49] step 12400/18150  ce 3.0312  z 0.00963  lr 1.10e-02  |grad| 0.12  mem 66.1GB  tok/s 5,159
[14:01:28] step 12450/18150  ce 3.1562  z 0.00907  lr 1.10e-02  |grad| 0.07  mem 66.1GB  tok/s 5,159
[14:12:07] step 12500/18150  ce 3.2500  z 0.00913  lr 1.10e-02  |grad| 0.14  mem 66.1GB  tok/s 5,159
[14:22:46] step 12550/18150  ce 3.2812  z 0.00921  lr 1.10e-02  |grad| 0.12  mem 66.1GB  tok/s 5,159
[14:33:24] step 12600/18150  ce 3.2500  z 0.00974  lr 1.10e-02  |grad| 0.10  mem 66.1GB  tok/s 5,159
[14:44:03] step 12650/18150  ce 3.1250  z 0.00920  lr 1.10e-02  |grad| 0.07  mem 66.1GB  tok/s 5,159
[14:54:41] step 12700/18150  ce 3.1562  z 0.00889  lr 1.10e-02  |grad| 0.10  mem 66.1GB  tok/s 5,159
[15:05:20] step 12750/18150  ce 3.1875  z 0.00896  lr 1.10e-02  |grad| 0.10  mem 66.1GB  tok/s 5,159
[15:15:59] step 12800/18150  ce 3.0312  z 0.00891  lr 1.10e-02  |grad| 0.09  mem 66.1GB  tok/s 5,158
[15:26:37] step 12850/18150  ce 3.1250  z 0.00915  lr 1.10e-02  |grad| 0.10  mem 66.1GB  tok/s 5,158
[15:37:16] step 12900/18150  ce 3.0000  z 0.00914  lr 1.10e-02  |grad| 0.10  mem 66.1GB  tok/s 5,158
[15:47:54] step 12950/18150  ce 2.9688  z 0.00928  lr 1.10e-02  |grad| 0.08  mem 66.1GB  tok/s 5,158
[15:58:33] step 13000/18150  ce 3.0469  z 0.00844  lr 1.10e-02  |grad| 0.10  mem 66.1GB  tok/s 5,158
[16:09:12] step 13050/18150  ce 2.8438  z 0.00893  lr 1.10e-02  |grad| 0.09  mem 66.1GB  tok/s 5,158
[16:19:51] step 13100/18150  ce 3.2500  z 0.00889  lr 1.10e-02  |grad| 0.08  mem 66.1GB  tok/s 5,158
[16:30:31] step 13150/18150  ce 3.1406  z 0.00898  lr 1.10e-02  |grad| 0.11  mem 66.1GB  tok/s 5,158
[16:41:10] step 13200/18150  ce 3.1875  z 0.00898  lr 1.10e-02  |grad| 0.10  mem 66.1GB  tok/s 5,158
[16:51:49] step 13250/18150  ce 3.1875  z 0.00916  lr 1.10e-02  |grad| 0.10  mem 66.1GB  tok/s 5,157
[17:02:28] step 13300/18150  ce 3.4062  z 0.00863  lr 1.10e-02  |grad| 0.11  mem 66.1GB  tok/s 5,157
[17:13:06] step 13350/18150  ce 3.0000  z 0.00880  lr 1.10e-02  |grad| 0.08  mem 66.1GB  tok/s 5,157
[17:23:45] step 13400/18150  ce 3.1562  z 0.00903  lr 1.10e-02  |grad| 0.09  mem 66.1GB  tok/s 5,157
[17:34:56] step 13450/18150  ce 3.1562  z 0.00850  lr 1.10e-02  |grad| 0.10  mem 66.1GB  tok/s 5,156
[17:45:30] step 13500/18150  ce 3.2500  z 0.00854  lr 1.10e-02  |grad| 0.07  mem 66.1GB  tok/s 5,156
[17:55:57] step 13550/18150  ce 3.0312  z 0.00868  lr 1.10e-02  |grad| 0.10  mem 66.1GB  tok/s 5,156
[18:06:26] step 13600/18150  ce 3.0625  z 0.00877  lr 1.10e-02  |grad| 0.08  mem 66.1GB  tok/s 5,157
[18:16:53] step 13650/18150  ce 3.2344  z 0.00895  lr 1.10e-02  |grad| 0.10  mem 66.1GB  tok/s 5,157
[18:27:21] step 13700/18150  ce 3.1250  z 0.00938  lr 1.10e-02  |grad| 0.09  mem 66.1GB  tok/s 5,157
[18:37:48] step 13750/18150  ce 3.0625  z 0.00842  lr 1.10e-02  |grad| 0.11  mem 66.1GB  tok/s 5,157
[18:48:15] step 13800/18150  ce 3.2188  z 0.00887  lr 1.10e-02  |grad| 0.07  mem 66.1GB  tok/s 5,158
[18:58:42] step 13850/18150  ce 3.0625  z 0.00894  lr 1.10e-02  |grad| 0.09  mem 66.1GB  tok/s 5,158
[19:09:09] step 13900/18150  ce 3.0469  z 0.00882  lr 1.10e-02  |grad| 0.07  mem 66.1GB  tok/s 5,158
[19:19:38] step 13950/18150  ce 3.1250  z 0.00896  lr 1.10e-02  |grad| 0.08  mem 66.1GB  tok/s 5,158
[19:30:10] step 14000/18150  ce 2.9062  z 0.00911  lr 1.10e-02  |grad| 0.08  mem 66.1GB  tok/s 5,158
[19:30:19]   [eval @ 14000] val PPL=27.40
[19:30:20]   [ckpt @ 14000]
[19:40:49] step 14050/18150  ce 3.5469  z 0.00886  lr 1.10e-02  |grad| 0.10  mem 66.1GB  tok/s 5,158
[19:51:16] step 14100/18150  ce 3.0312  z 0.00868  lr 1.10e-02  |grad| 0.09  mem 66.1GB  tok/s 5,158
[20:01:43] step 14150/18150  ce 3.2656  z 0.00904  lr 1.10e-02  |grad| 0.12  mem 66.1GB  tok/s 5,159
[20:12:10] step 14200/18150  ce 3.2344  z 0.00905  lr 1.10e-02  |grad| 0.10  mem 66.1GB  tok/s 5,159
[20:22:38] step 14250/18150  ce 3.0156  z 0.00861  lr 1.10e-02  |grad| 0.10  mem 66.1GB  tok/s 5,159
[20:33:05] step 14300/18150  ce 3.2188  z 0.00862  lr 1.10e-02  |grad| 0.09  mem 66.1GB  tok/s 5,159
[20:43:32] step 14350/18150  ce 3.3438  z 0.00848  lr 1.10e-02  |grad| 0.12  mem 66.1GB  tok/s 5,160
[20:53:58] step 14400/18150  ce 2.8281  z 0.00896  lr 1.10e-02  |grad| 0.12  mem 66.1GB  tok/s 5,160
[21:04:25] step 14450/18150  ce 3.1250  z 0.00868  lr 1.10e-02  |grad| 0.07  mem 66.1GB  tok/s 5,160
[21:14:52] step 14500/18150  ce 3.2812  z 0.00855  lr 1.10e-02  |grad| 0.16  mem 66.1GB  tok/s 5,160
[21:25:19] step 14550/18150  ce 3.0156  z 0.00851  lr 1.09e-02  |grad| 0.13  mem 66.1GB  tok/s 5,160
[21:35:46] step 14600/18150  ce 2.8594  z 0.00834  lr 1.08e-02  |grad| 0.09  mem 66.1GB  tok/s 5,161
[21:46:13] step 14650/18150  ce 3.0000  z 0.00883  lr 1.06e-02  |grad| 0.10  mem 66.1GB  tok/s 5,161
[21:56:40] step 14700/18150  ce 2.9688  z 0.00840  lr 1.05e-02  |grad| 0.11  mem 66.1GB  tok/s 5,161
[22:07:06] step 14750/18150  ce 2.9062  z 0.00863  lr 1.03e-02  |grad| 0.09  mem 66.1GB  tok/s 5,161
[22:17:34] step 14800/18150  ce 2.9219  z 0.00841  lr 1.02e-02  |grad| 0.08  mem 66.1GB  tok/s 5,162
[22:28:01] step 14850/18150  ce 3.0312  z 0.00856  lr 1.00e-02  |grad| 0.08  mem 66.1GB  tok/s 5,162
[22:38:28] step 14900/18150  ce 2.8281  z 0.00835  lr 9.85e-03  |grad| 0.10  mem 66.1GB  tok/s 5,162
[22:48:55] step 14950/18150  ce 3.0625  z 0.00844  lr 9.70e-03  |grad| 0.10  mem 66.1GB  tok/s 5,162
[22:59:22] step 15000/18150  ce 3.1250  z 0.00834  lr 9.55e-03  |grad| 0.08  mem 66.1GB  tok/s 5,162
[23:09:49] step 15050/18150  ce 2.9844  z 0.00858  lr 9.39e-03  |grad| 0.11  mem 66.1GB  tok/s 5,163
[23:20:16] step 15100/18150  ce 3.0312  z 0.00874  lr 9.24e-03  |grad| 0.11  mem 66.1GB  tok/s 5,163
[23:30:42] step 15150/18150  ce 3.1719  z 0.00852  lr 9.09e-03  |grad| 0.07  mem 66.1GB  tok/s 5,163
[23:41:09] step 15200/18150  ce 3.0938  z 0.00833  lr 8.94e-03  |grad| 0.08  mem 66.1GB  tok/s 5,163
[23:51:36] step 15250/18150  ce 3.4844  z 0.00847  lr 8.79e-03  |grad| 0.08  mem 66.1GB  tok/s 5,163
[00:02:03] step 15300/18150  ce 2.8438  z 0.00817  lr 8.64e-03  |grad| 0.07  mem 66.1GB  tok/s 5,164
[00:12:30] step 15350/18150  ce 2.9062  z 0.00809  lr 8.48e-03  |grad| 0.12  mem 66.1GB  tok/s 5,164
[00:22:59] step 15400/18150  ce 2.9688  z 0.00801  lr 8.33e-03  |grad| 0.10  mem 66.1GB  tok/s 5,164
[00:33:25] step 15450/18150  ce 3.0938  z 0.00830  lr 8.18e-03  |grad| 0.09  mem 66.1GB  tok/s 5,164
[00:43:52] step 15500/18150  ce 2.9688  z 0.00778  lr 8.03e-03  |grad| 0.09  mem 66.1GB  tok/s 5,164
[00:54:19] step 15550/18150  ce 3.0312  z 0.00789  lr 7.88e-03  |grad| 0.12  mem 66.1GB  tok/s 5,165
[01:04:46] step 15600/18150  ce 3.1406  z 0.00750  lr 7.73e-03  |grad| 0.07  mem 66.1GB  tok/s 5,165
[01:15:13] step 15650/18150  ce 2.8125  z 0.00776  lr 7.58e-03  |grad| 0.07  mem 66.1GB  tok/s 5,165
[01:25:40] step 15700/18150  ce 3.0000  z 0.00763  lr 7.42e-03  |grad| 0.09  mem 66.1GB  tok/s 5,165
[01:36:06] step 15750/18150  ce 2.8906  z 0.00759  lr 7.27e-03  |grad| 0.10  mem 66.1GB  tok/s 5,165
[01:46:33] step 15800/18150  ce 2.8281  z 0.00742  lr 7.12e-03  |grad| 0.08  mem 66.1GB  tok/s 5,166
[01:57:00] step 15850/18150  ce 3.0938  z 0.00776  lr 6.97e-03  |grad| 0.07  mem 66.1GB  tok/s 5,166
[02:07:27] step 15900/18150  ce 2.7812  z 0.00722  lr 6.82e-03  |grad| 0.09  mem 66.1GB  tok/s 5,166
[02:17:55] step 15950/18150  ce 3.1875  z 0.00768  lr 6.67e-03  |grad| 0.07  mem 66.1GB  tok/s 5,166
[02:28:21] step 16000/18150  ce 2.9688  z 0.00708  lr 6.52e-03  |grad| 0.08  mem 66.1GB  tok/s 5,166
[02:28:31]   [eval @ 16000] val PPL=24.86
[02:28:32]   [ckpt @ 16000]
[02:38:58] step 16050/18150  ce 2.7188  z 0.00720  lr 6.36e-03  |grad| 0.07  mem 66.1GB  tok/s 5,166
[02:49:25] step 16100/18150  ce 3.0938  z 0.00737  lr 6.21e-03  |grad| 0.08  mem 66.1GB  tok/s 5,167
[02:59:52] step 16150/18150  ce 3.0781  z 0.00719  lr 6.06e-03  |grad| 0.10  mem 66.1GB  tok/s 5,167
[03:10:19] step 16200/18150  ce 3.1562  z 0.00734  lr 5.91e-03  |grad| 0.11  mem 66.1GB  tok/s 5,167
[03:20:46] step 16250/18150  ce 3.0000  z 0.00738  lr 5.76e-03  |grad| 0.06  mem 66.1GB  tok/s 5,167
[03:31:12] step 16300/18150  ce 2.9375  z 0.00719  lr 5.61e-03  |grad| 0.08  mem 66.1GB  tok/s 5,167
[03:41:39] step 16350/18150  ce 3.0312  z 0.00743  lr 5.45e-03  |grad| 0.10  mem 66.1GB  tok/s 5,167
[03:52:06] step 16400/18150  ce 2.9375  z 0.00715  lr 5.30e-03  |grad| 0.08  mem 66.1GB  tok/s 5,168
[04:02:33] step 16450/18150  ce 2.7969  z 0.00704  lr 5.15e-03  |grad| 0.06  mem 66.1GB  tok/s 5,168
[04:12:59] step 16500/18150  ce 2.9375  z 0.00733  lr 5.00e-03  |grad| 0.08  mem 66.1GB  tok/s 5,168
[04:23:27] step 16550/18150  ce 2.8125  z 0.00699  lr 4.85e-03  |grad| 0.08  mem 66.1GB  tok/s 5,168
[04:34:15] step 16600/18150  ce 2.9688  z 0.00701  lr 4.70e-03  |grad| 0.09  mem 66.1GB  tok/s 5,168
[04:44:48] step 16650/18150  ce 3.0312  z 0.00751  lr 4.55e-03  |grad| 0.09  mem 66.1GB  tok/s 5,168
[04:55:14] step 16700/18150  ce 2.9688  z 0.00678  lr 4.39e-03  |grad| 0.08  mem 66.1GB  tok/s 5,168
[05:05:41] step 16750/18150  ce 2.9375  z 0.00702  lr 4.24e-03  |grad| 0.09  mem 66.1GB  tok/s 5,168
[05:16:08] step 16800/18150  ce 2.5938  z 0.00696  lr 4.09e-03  |grad| 0.10  mem 66.1GB  tok/s 5,168
[05:26:35] step 16850/18150  ce 3.0938  z 0.00712  lr 3.94e-03  |grad| 0.07  mem 66.1GB  tok/s 5,169
[05:37:01] step 16900/18150  ce 2.9062  z 0.00687  lr 3.79e-03  |grad| 0.08  mem 66.1GB  tok/s 5,169
[05:47:28] step 16950/18150  ce 2.8750  z 0.00689  lr 3.64e-03  |grad| 0.07  mem 66.1GB  tok/s 5,169
[05:57:55] step 17000/18150  ce 3.1250  z 0.00696  lr 3.48e-03  |grad| 0.07  mem 66.1GB  tok/s 5,169
[06:08:22] step 17050/18150  ce 3.0156  z 0.00693  lr 3.33e-03  |grad| 0.08  mem 66.1GB  tok/s 5,169
[06:18:50] step 17100/18150  ce 2.8750  z 0.00669  lr 3.18e-03  |grad| 0.11  mem 66.1GB  tok/s 5,169
[06:29:17] step 17150/18150  ce 3.0469  z 0.00669  lr 3.03e-03  |grad| 0.09  mem 66.1GB  tok/s 5,170
[06:39:43] step 17200/18150  ce 2.8125  z 0.00634  lr 2.88e-03  |grad| 0.08  mem 66.1GB  tok/s 5,170
[06:50:10] step 17250/18150  ce 2.6875  z 0.00681  lr 2.73e-03  |grad| 0.07  mem 66.1GB  tok/s 5,170
[07:00:37] step 17300/18150  ce 2.9844  z 0.00671  lr 2.58e-03  |grad| 0.08  mem 66.1GB  tok/s 5,170
[07:11:03] step 17350/18150  ce 3.0469  z 0.00673  lr 2.42e-03  |grad| 0.07  mem 66.1GB  tok/s 5,170
[07:21:30] step 17400/18150  ce 2.9688  z 0.00687  lr 2.27e-03  |grad| 0.06  mem 66.1GB  tok/s 5,170
[07:31:57] step 17450/18150  ce 3.0938  z 0.00650  lr 2.12e-03  |grad| 0.07  mem 66.1GB  tok/s 5,171
[07:42:24] step 17500/18150  ce 3.0625  z 0.00685  lr 1.97e-03  |grad| 0.07  mem 66.1GB  tok/s 5,171
[07:52:50] step 17550/18150  ce 2.4062  z 0.00671  lr 1.82e-03  |grad| 0.07  mem 66.1GB  tok/s 5,171
[08:03:17] step 17600/18150  ce 2.9688  z 0.00625  lr 1.67e-03  |grad| 0.07  mem 66.1GB  tok/s 5,171
[08:13:44] step 17650/18150  ce 3.0625  z 0.00672  lr 1.52e-03  |grad| 0.07  mem 66.1GB  tok/s 5,171
[08:24:13] step 17700/18150  ce 3.2969  z 0.00632  lr 1.36e-03  |grad| 0.10  mem 66.1GB  tok/s 5,171
[08:34:40] step 17750/18150  ce 2.9531  z 0.00671  lr 1.21e-03  |grad| 0.08  mem 66.1GB  tok/s 5,171
[08:45:07] step 17800/18150  ce 3.0000  z 0.00642  lr 1.06e-03  |grad| 0.08  mem 66.1GB  tok/s 5,172
[08:55:33] step 17850/18150  ce 3.0312  z 0.00638  lr 9.09e-04  |grad| 0.07  mem 66.1GB  tok/s 5,172
[09:06:00] step 17900/18150  ce 2.8750  z 0.00666  lr 7.58e-04  |grad| 0.08  mem 66.1GB  tok/s 5,172
[09:16:27] step 17950/18150  ce 2.9062  z 0.00672  lr 6.06e-04  |grad| 0.06  mem 66.1GB  tok/s 5,172
[09:26:54] step 18000/18150  ce 2.8125  z 0.00700  lr 4.55e-04  |grad| 0.07  mem 66.1GB  tok/s 5,172
[09:27:03]   [eval @ 18000] val PPL=23.52
[09:27:04]   [ckpt @ 18000]
[09:37:31] step 18050/18150  ce 3.0625  z 0.00661  lr 3.03e-04  |grad| 0.07  mem 66.1GB  tok/s 5,172
[09:47:58] step 18100/18150  ce 3.0781  z 0.00679  lr 1.52e-04  |grad| 0.06  mem 66.1GB  tok/s 5,172
[09:58:25] step 18150/18150  ce 2.4688  z 0.00659  lr 0.00e+00  |grad| 0.06  mem 66.1GB  tok/s 5,172
[09:58:25] DONE
