[safe_cuda] capped CUDA at 85% of 129 GB unified pool (~109 GB); over-allocation now errors cleanly.
[04:00:00] ARM arch=faithful schedule=cosine optimizer=adamw zloss=0.0 | vr=False ln=False hg=False | steps=2000 seed=2 tok/step=65,536
[04:00:00] optimizer split: 197 / 113 param tensors
[04:00:04]   loaded cached tokens from tokcache_66036000_300000_seed0_Qwen3-0.6B-Base.pt (66,036,000 train + 300,000 val)
[04:00:04] DATA=mix(50/50 dclm+FineWeb): 132,072,000 train (66,036,000 dclm + 66,036,000 fw) + 300,000 val
[04:00:04] Compiling model...
[04:01:44] step    10/2000  ce 9.9828  lr 1.70e-04  |grad| 1.97  mem 57.4GB  tok/s 6,643
[04:03:19] step    20/2000  ce 8.1275  lr 3.40e-04  |grad| 1.06  mem 57.4GB  tok/s 6,774
[04:04:53] step    30/2000  ce 7.8945  lr 5.10e-04  |grad| 0.66  mem 57.4GB  tok/s 6,820
[04:06:28] step    40/2000  ce 7.7178  lr 6.80e-04  |grad| 0.60  mem 57.4GB  tok/s 6,842
[04:08:03] step    50/2000  ce 7.6227  lr 8.50e-04  |grad| 1.41  mem 57.4GB  tok/s 6,853
[04:09:38] step    60/2000  ce 7.2869  lr 1.02e-03  |grad| 0.70  mem 57.4GB  tok/s 6,860
[04:11:13] step    70/2000  ce 7.0579  lr 1.19e-03  |grad| 0.65  mem 57.4GB  tok/s 6,865
[04:12:48] step    80/2000  ce 6.9089  lr 1.36e-03  |grad| 0.88  mem 57.4GB  tok/s 6,869
[04:14:23] step    90/2000  ce 6.8470  lr 1.53e-03  |grad| 0.64  mem 57.4GB  tok/s 6,872
[04:15:58] step   100/2000  ce 6.6284  lr 1.70e-03  |grad| 0.73  mem 57.4GB  tok/s 6,874
[04:17:33] step   110/2000  ce 7.0426  lr 1.70e-03  |grad| 0.62  mem 57.4GB  tok/s 6,876
[04:19:09] step   120/2000  ce 6.6015  lr 1.70e-03  |grad| 0.63  mem 57.4GB  tok/s 6,877
[04:20:44] step   130/2000  ce 6.5540  lr 1.70e-03  |grad| 0.47  mem 57.4GB  tok/s 6,878
[04:22:19] step   140/2000  ce 6.4006  lr 1.70e-03  |grad| 0.55  mem 57.4GB  tok/s 6,879
[04:23:54] step   150/2000  ce 6.3238  lr 1.70e-03  |grad| 0.51  mem 57.4GB  tok/s 6,880
[04:25:29] step   160/2000  ce 6.5324  lr 1.70e-03  |grad| 0.68  mem 57.4GB  tok/s 6,880
[04:27:04] step   170/2000  ce 6.2395  lr 1.70e-03  |grad| 0.46  mem 57.4GB  tok/s 6,881
[04:28:39] step   180/2000  ce 6.0697  lr 1.69e-03  |grad| 0.46  mem 57.4GB  tok/s 6,882
[04:30:14] step   190/2000  ce 5.8944  lr 1.69e-03  |grad| 0.47  mem 57.4GB  tok/s 6,882
[04:31:49] step   200/2000  ce 5.9523  lr 1.69e-03  |grad| 0.53  mem 57.4GB  tok/s 6,883
[04:33:24] step   210/2000  ce 6.1903  lr 1.69e-03  |grad| 0.51  mem 57.4GB  tok/s 6,884
[04:34:59] step   220/2000  ce 6.2678  lr 1.69e-03  |grad| 0.41  mem 57.4GB  tok/s 6,884
[04:36:35] step   230/2000  ce 6.0843  lr 1.68e-03  |grad| 0.45  mem 57.4GB  tok/s 6,884
[04:38:10] step   240/2000  ce 5.9137  lr 1.68e-03  |grad| 0.46  mem 57.4GB  tok/s 6,884
[04:39:45] step   250/2000  ce 5.8413  lr 1.68e-03  |grad| 0.36  mem 57.4GB  tok/s 6,884
[04:39:51]   [ckpt @ 250] -> checkpoint_mix_seed2.pt
[04:41:26] step   260/2000  ce 6.1345  lr 1.68e-03  |grad| 0.40  mem 57.4GB  tok/s 6,867
[04:43:01] step   270/2000  ce 5.7252  lr 1.67e-03  |grad| 0.55  mem 57.4GB  tok/s 6,868
[04:44:37] step   280/2000  ce 5.7828  lr 1.67e-03  |grad| 0.48  mem 57.4GB  tok/s 6,869
[04:46:12] step   290/2000  ce 5.7757  lr 1.67e-03  |grad| 0.41  mem 57.4GB  tok/s 6,869
[04:47:47] step   300/2000  ce 5.5105  lr 1.66e-03  |grad| 0.37  mem 57.4GB  tok/s 6,870
[04:49:22] step   310/2000  ce 5.6101  lr 1.66e-03  |grad| 0.37  mem 57.4GB  tok/s 6,871
[04:50:57] step   320/2000  ce 5.6346  lr 1.65e-03  |grad| 0.36  mem 57.4GB  tok/s 6,871
[04:52:32] step   330/2000  ce 5.7596  lr 1.65e-03  |grad| 0.37  mem 57.4GB  tok/s 6,871
[04:54:08] step   340/2000  ce 5.4085  lr 1.65e-03  |grad| 0.38  mem 57.4GB  tok/s 6,872
[04:55:43] step   350/2000  ce 5.4992  lr 1.64e-03  |grad| 0.37  mem 57.4GB  tok/s 6,872
[04:57:18] step   360/2000  ce 5.4376  lr 1.64e-03  |grad| 0.32  mem 57.4GB  tok/s 6,873
[04:58:53] step   370/2000  ce 5.5402  lr 1.63e-03  |grad| 0.34  mem 57.4GB  tok/s 6,873
[05:00:28] step   380/2000  ce 5.5661  lr 1.63e-03  |grad| 0.38  mem 57.4GB  tok/s 6,873
[05:02:03] step   390/2000  ce 5.2732  lr 1.62e-03  |grad| 0.33  mem 57.4GB  tok/s 6,874
[05:03:39] step   400/2000  ce 5.4324  lr 1.62e-03  |grad| 0.34  mem 57.4GB  tok/s 6,874
[05:05:14] step   410/2000  ce 5.4187  lr 1.61e-03  |grad| 0.35  mem 57.4GB  tok/s 6,875
[05:06:49] step   420/2000  ce 5.4873  lr 1.61e-03  |grad| 0.37  mem 57.4GB  tok/s 6,875
[05:08:24] step   430/2000  ce 5.3431  lr 1.60e-03  |grad| 0.36  mem 57.4GB  tok/s 6,875
[05:09:59] step   440/2000  ce 5.3405  lr 1.59e-03  |grad| 0.36  mem 57.4GB  tok/s 6,875
[05:11:34] step   450/2000  ce 5.3037  lr 1.59e-03  |grad| 0.41  mem 57.4GB  tok/s 6,876
[05:13:09] step   460/2000  ce 5.7159  lr 1.58e-03  |grad| 0.38  mem 57.4GB  tok/s 6,876
[05:14:45] step   470/2000  ce 5.2397  lr 1.57e-03  |grad| 0.36  mem 57.4GB  tok/s 6,876
[05:16:20] step   480/2000  ce 5.2222  lr 1.57e-03  |grad| 0.31  mem 57.4GB  tok/s 6,876
[05:17:55] step   490/2000  ce 5.1254  lr 1.56e-03  |grad| 0.29  mem 57.4GB  tok/s 6,876
[05:19:30] step   500/2000  ce 5.0386  lr 1.55e-03  |grad| 0.35  mem 57.4GB  tok/s 6,877
[05:19:41]   [eval @ 500] val PPL=160.45
[05:19:44]   [ckpt @ 500] -> checkpoint_mix_seed2.pt
[05:21:20] step   510/2000  ce 5.2349  lr 1.55e-03  |grad| 0.31  mem 57.4GB  tok/s 6,856
[05:22:55] step   520/2000  ce 4.9829  lr 1.54e-03  |grad| 0.31  mem 57.4GB  tok/s 6,856
[05:24:30] step   530/2000  ce 5.0817  lr 1.53e-03  |grad| 0.31  mem 57.4GB  tok/s 6,857
[05:26:06] step   540/2000  ce 5.1777  lr 1.53e-03  |grad| 0.29  mem 57.4GB  tok/s 6,858
[05:27:41] step   550/2000  ce 4.9783  lr 1.52e-03  |grad| 0.25  mem 57.4GB  tok/s 6,858
[05:29:16] step   560/2000  ce 5.0698  lr 1.51e-03  |grad| 0.31  mem 57.4GB  tok/s 6,859
[05:30:51] step   570/2000  ce 4.8562  lr 1.50e-03  |grad| 0.31  mem 57.4GB  tok/s 6,860
[05:32:26] step   580/2000  ce 4.8359  lr 1.49e-03  |grad| 0.26  mem 57.4GB  tok/s 6,860
[05:34:01] step   590/2000  ce 5.0137  lr 1.49e-03  |grad| 0.26  mem 57.4GB  tok/s 6,861
[05:35:36] step   600/2000  ce 4.8403  lr 1.48e-03  |grad| 0.32  mem 57.4GB  tok/s 6,861
[05:37:11] step   610/2000  ce 4.9529  lr 1.47e-03  |grad| 0.31  mem 57.4GB  tok/s 6,862
[05:38:46] step   620/2000  ce 4.8931  lr 1.46e-03  |grad| 0.27  mem 57.4GB  tok/s 6,862
[05:40:21] step   630/2000  ce 4.6661  lr 1.45e-03  |grad| 0.32  mem 57.4GB  tok/s 6,863
[05:41:57] step   640/2000  ce 4.7274  lr 1.44e-03  |grad| 0.31  mem 57.4GB  tok/s 6,863
[05:43:32] step   650/2000  ce 4.9626  lr 1.43e-03  |grad| 0.26  mem 57.4GB  tok/s 6,863
[05:45:07] step   660/2000  ce 4.4846  lr 1.42e-03  |grad| 0.26  mem 57.4GB  tok/s 6,864
[05:46:42] step   670/2000  ce 4.6142  lr 1.42e-03  |grad| 0.30  mem 57.4GB  tok/s 6,864
[05:48:17] step   680/2000  ce 4.9549  lr 1.41e-03  |grad| 0.28  mem 57.4GB  tok/s 6,864
[05:49:53] step   690/2000  ce 4.3798  lr 1.40e-03  |grad| 0.27  mem 57.4GB  tok/s 6,865
[05:51:28] step   700/2000  ce 4.6590  lr 1.39e-03  |grad| 0.27  mem 57.4GB  tok/s 6,865
[05:53:03] step   710/2000  ce 4.8089  lr 1.38e-03  |grad| 0.30  mem 57.4GB  tok/s 6,865
[05:54:38] step   720/2000  ce 4.5898  lr 1.37e-03  |grad| 0.24  mem 57.4GB  tok/s 6,865
[05:56:13] step   730/2000  ce 4.7179  lr 1.36e-03  |grad| 0.25  mem 57.4GB  tok/s 6,866
[05:57:48] step   740/2000  ce 4.6993  lr 1.35e-03  |grad| 0.24  mem 57.4GB  tok/s 6,866
[05:59:23] step   750/2000  ce 4.9344  lr 1.34e-03  |grad| 0.29  mem 57.4GB  tok/s 6,867
[05:59:27]   [ckpt @ 750] -> checkpoint_mix_seed2.pt
[06:01:02] step   760/2000  ce 4.4935  lr 1.33e-03  |grad| 0.26  mem 57.4GB  tok/s 6,864
[06:02:37] step   770/2000  ce 4.7934  lr 1.32e-03  |grad| 0.27  mem 57.4GB  tok/s 6,864
[06:04:12] step   780/2000  ce 4.3015  lr 1.31e-03  |grad| 0.25  mem 57.4GB  tok/s 6,864
[06:05:47] step   790/2000  ce 4.5112  lr 1.30e-03  |grad| 0.23  mem 57.4GB  tok/s 6,864
[06:07:23] step   800/2000  ce 4.5001  lr 1.29e-03  |grad| 0.29  mem 57.4GB  tok/s 6,865
[06:08:58] step   810/2000  ce 4.6347  lr 1.28e-03  |grad| 0.25  mem 57.4GB  tok/s 6,865
[06:10:33] step   820/2000  ce 4.4002  lr 1.27e-03  |grad| 0.29  mem 57.4GB  tok/s 6,865
[06:12:08] step   830/2000  ce 4.4756  lr 1.26e-03  |grad| 0.27  mem 57.4GB  tok/s 6,865
[06:13:43] step   840/2000  ce 4.3877  lr 1.24e-03  |grad| 0.24  mem 57.4GB  tok/s 6,866
[06:15:19] step   850/2000  ce 4.3555  lr 1.23e-03  |grad| 0.29  mem 57.4GB  tok/s 6,866
[06:16:54] step   860/2000  ce 4.4403  lr 1.22e-03  |grad| 0.23  mem 57.4GB  tok/s 6,866
[06:18:29] step   870/2000  ce 4.5840  lr 1.21e-03  |grad| 0.24  mem 57.4GB  tok/s 6,866
[06:20:04] step   880/2000  ce 4.6721  lr 1.20e-03  |grad| 0.24  mem 57.4GB  tok/s 6,866
[06:21:40] step   890/2000  ce 4.8395  lr 1.19e-03  |grad| 0.23  mem 57.4GB  tok/s 6,866
[06:23:15] step   900/2000  ce 4.4527  lr 1.18e-03  |grad| 0.24  mem 57.4GB  tok/s 6,866
[06:24:50] step   910/2000  ce 4.4623  lr 1.17e-03  |grad| 0.23  mem 57.4GB  tok/s 6,867
[06:26:25] step   920/2000  ce 4.5144  lr 1.16e-03  |grad| 0.21  mem 57.4GB  tok/s 6,867
[06:28:01] step   930/2000  ce 4.2977  lr 1.15e-03  |grad| 0.21  mem 57.4GB  tok/s 6,867
[06:29:36] step   940/2000  ce 4.3863  lr 1.13e-03  |grad| 0.24  mem 57.4GB  tok/s 6,867
[06:31:11] step   950/2000  ce 4.2518  lr 1.12e-03  |grad| 0.23  mem 57.4GB  tok/s 6,867
[06:32:46] step   960/2000  ce 4.3480  lr 1.11e-03  |grad| 0.23  mem 57.4GB  tok/s 6,868
[06:34:21] step   970/2000  ce 4.4381  lr 1.10e-03  |grad| 0.24  mem 57.4GB  tok/s 6,868
[06:35:56] step   980/2000  ce 4.3487  lr 1.09e-03  |grad| 0.24  mem 57.4GB  tok/s 6,868
[06:37:32] step   990/2000  ce 4.3697  lr 1.08e-03  |grad| 0.24  mem 57.4GB  tok/s 6,868
[06:39:07] step  1000/2000  ce 4.4720  lr 1.07e-03  |grad| 0.30  mem 57.4GB  tok/s 6,868
[06:39:16]   [eval @ 1000] val PPL=73.17
[06:39:19]   [ckpt @ 1000] -> checkpoint_mix_seed2.pt
[06:40:54] step  1010/2000  ce 4.3608  lr 1.06e-03  |grad| 0.26  mem 57.4GB  tok/s 6,860
[06:42:29] step  1020/2000  ce 4.3317  lr 1.04e-03  |grad| 0.21  mem 57.4GB  tok/s 6,860
[06:44:05] step  1030/2000  ce 4.4853  lr 1.03e-03  |grad| 0.23  mem 57.4GB  tok/s 6,860
[06:45:40] step  1040/2000  ce 4.2823  lr 1.02e-03  |grad| 0.23  mem 57.4GB  tok/s 6,860
[06:47:15] step  1050/2000  ce 4.3284  lr 1.01e-03  |grad| 0.21  mem 57.4GB  tok/s 6,861
[06:48:50] step  1060/2000  ce 4.2332  lr 9.99e-04  |grad| 0.22  mem 57.4GB  tok/s 6,861
[06:50:25] step  1070/2000  ce 4.0073  lr 9.87e-04  |grad| 0.21  mem 57.4GB  tok/s 6,861
[06:52:01] step  1080/2000  ce 4.2532  lr 9.76e-04  |grad| 0.23  mem 57.4GB  tok/s 6,861
[06:53:36] step  1090/2000  ce 4.4815  lr 9.64e-04  |grad| 0.22  mem 57.4GB  tok/s 6,862
[06:55:11] step  1100/2000  ce 4.3372  lr 9.53e-04  |grad| 0.23  mem 57.4GB  tok/s 6,862
[06:56:46] step  1110/2000  ce 4.6363  lr 9.42e-04  |grad| 0.22  mem 57.4GB  tok/s 6,862
[06:58:21] step  1120/2000  ce 4.6720  lr 9.30e-04  |grad| 0.22  mem 57.4GB  tok/s 6,862
[06:59:57] step  1130/2000  ce 4.0226  lr 9.19e-04  |grad| 0.22  mem 57.4GB  tok/s 6,862
[07:01:32] step  1140/2000  ce 4.3981  lr 9.08e-04  |grad| 0.24  mem 57.4GB  tok/s 6,863
[07:03:07] step  1150/2000  ce 4.2216  lr 8.96e-04  |grad| 0.20  mem 57.4GB  tok/s 6,863
[07:04:42] step  1160/2000  ce 4.3899  lr 8.85e-04  |grad| 0.24  mem 57.4GB  tok/s 6,863
[07:06:17] step  1170/2000  ce 4.1240  lr 8.74e-04  |grad| 0.20  mem 57.4GB  tok/s 6,863
[07:07:52] step  1180/2000  ce 4.2113  lr 8.63e-04  |grad| 0.21  mem 57.4GB  tok/s 6,863
[07:09:28] step  1190/2000  ce 4.3278  lr 8.52e-04  |grad| 0.21  mem 57.4GB  tok/s 6,864
[07:11:03] step  1200/2000  ce 4.3792  lr 8.41e-04  |grad| 0.23  mem 57.4GB  tok/s 6,864
[07:12:38] step  1210/2000  ce 4.1839  lr 8.30e-04  |grad| 0.19  mem 57.4GB  tok/s 6,864
[07:14:13] step  1220/2000  ce 4.0225  lr 8.19e-04  |grad| 0.22  mem 57.4GB  tok/s 6,864
[07:15:48] step  1230/2000  ce 4.1809  lr 8.08e-04  |grad| 0.20  mem 57.4GB  tok/s 6,864
[07:17:24] step  1240/2000  ce 4.1943  lr 7.97e-04  |grad| 0.22  mem 57.4GB  tok/s 6,864
[07:18:59] step  1250/2000  ce 4.5194  lr 7.86e-04  |grad| 0.19  mem 57.4GB  tok/s 6,865
[07:19:03]   [ckpt @ 1250] -> checkpoint_mix_seed2.pt
[07:20:38] step  1260/2000  ce 4.3139  lr 7.75e-04  |grad| 0.19  mem 57.4GB  tok/s 6,863
[07:22:13] step  1270/2000  ce 4.0098  lr 7.65e-04  |grad| 0.22  mem 57.4GB  tok/s 6,863
[07:23:48] step  1280/2000  ce 4.3153  lr 7.54e-04  |grad| 0.20  mem 57.4GB  tok/s 6,863
[07:25:23] step  1290/2000  ce 4.0807  lr 7.43e-04  |grad| 0.21  mem 57.4GB  tok/s 6,863
[07:26:59] step  1300/2000  ce 4.1486  lr 7.33e-04  |grad| 0.21  mem 57.4GB  tok/s 6,863
[07:28:34] step  1310/2000  ce 4.3501  lr 7.22e-04  |grad| 0.20  mem 57.4GB  tok/s 6,863
[07:30:09] step  1320/2000  ce 4.2238  lr 7.12e-04  |grad| 0.21  mem 57.4GB  tok/s 6,863
[07:31:44] step  1330/2000  ce 4.2523  lr 7.02e-04  |grad| 0.20  mem 57.4GB  tok/s 6,864
[07:33:19] step  1340/2000  ce 4.2408  lr 6.92e-04  |grad| 0.31  mem 57.4GB  tok/s 6,864
[07:34:54] step  1350/2000  ce 4.1149  lr 6.82e-04  |grad| 0.18  mem 57.4GB  tok/s 6,864
[07:36:30] step  1360/2000  ce 4.3420  lr 6.72e-04  |grad| 0.19  mem 57.4GB  tok/s 6,864
[07:38:05] step  1370/2000  ce 3.8894  lr 6.62e-04  |grad| 0.19  mem 57.4GB  tok/s 6,864
[07:39:40] step  1380/2000  ce 4.3787  lr 6.52e-04  |grad| 0.21  mem 57.4GB  tok/s 6,864
[07:41:16] step  1390/2000  ce 4.2048  lr 6.42e-04  |grad| 0.21  mem 57.4GB  tok/s 6,864
[07:42:51] step  1400/2000  ce 4.2266  lr 6.33e-04  |grad| 0.20  mem 57.4GB  tok/s 6,865
[07:44:26] step  1410/2000  ce 4.3424  lr 6.23e-04  |grad| 0.22  mem 57.4GB  tok/s 6,865
[07:46:01] step  1420/2000  ce 4.2179  lr 6.14e-04  |grad| 0.18  mem 57.4GB  tok/s 6,865
[07:47:36] step  1430/2000  ce 4.2353  lr 6.04e-04  |grad| 0.18  mem 57.4GB  tok/s 6,865
[07:49:12] step  1440/2000  ce 4.1295  lr 5.95e-04  |grad| 0.21  mem 57.4GB  tok/s 6,865
[07:50:47] step  1450/2000  ce 4.2023  lr 5.86e-04  |grad| 0.18  mem 57.4GB  tok/s 6,865
[07:52:22] step  1460/2000  ce 4.1023  lr 5.77e-04  |grad| 0.20  mem 57.4GB  tok/s 6,865
[07:53:57] step  1470/2000  ce 3.9599  lr 5.68e-04  |grad| 0.18  mem 57.4GB  tok/s 6,866
[07:55:32] step  1480/2000  ce 4.0988  lr 5.60e-04  |grad| 0.19  mem 57.4GB  tok/s 6,866
[07:57:08] step  1490/2000  ce 4.0975  lr 5.51e-04  |grad| 0.19  mem 57.4GB  tok/s 6,866
[07:58:43] step  1500/2000  ce 4.0569  lr 5.43e-04  |grad| 0.19  mem 57.4GB  tok/s 6,866
[07:58:52]   [eval @ 1500] val PPL=54.08
[07:58:55]   [ckpt @ 1500] -> checkpoint_mix_seed2.pt
[08:00:30] step  1510/2000  ce 3.9803  lr 5.34e-04  |grad| 0.19  mem 57.4GB  tok/s 6,860
[08:02:06] step  1520/2000  ce 4.3539  lr 5.26e-04  |grad| 0.18  mem 57.4GB  tok/s 6,860
[08:03:41] step  1530/2000  ce 4.1270  lr 5.18e-04  |grad| 0.18  mem 57.4GB  tok/s 6,860
[08:05:16] step  1540/2000  ce 4.2381  lr 5.10e-04  |grad| 0.18  mem 57.4GB  tok/s 6,860
[08:06:51] step  1550/2000  ce 4.0666  lr 5.02e-04  |grad| 0.18  mem 57.4GB  tok/s 6,861
[08:08:27] step  1560/2000  ce 4.0747  lr 4.95e-04  |grad| 0.18  mem 57.4GB  tok/s 6,861
[08:10:02] step  1570/2000  ce 3.9988  lr 4.87e-04  |grad| 0.18  mem 57.4GB  tok/s 6,861
[08:11:37] step  1580/2000  ce 4.0397  lr 4.80e-04  |grad| 0.18  mem 57.4GB  tok/s 6,861
[08:13:13] step  1590/2000  ce 3.8760  lr 4.73e-04  |grad| 0.18  mem 57.4GB  tok/s 6,861
[08:14:48] step  1600/2000  ce 3.9911  lr 4.65e-04  |grad| 0.19  mem 57.4GB  tok/s 6,861
[08:16:23] step  1610/2000  ce 4.2955  lr 4.59e-04  |grad| 0.20  mem 57.4GB  tok/s 6,861
[08:17:59] step  1620/2000  ce 4.2685  lr 4.52e-04  |grad| 0.17  mem 57.4GB  tok/s 6,861
[08:19:34] step  1630/2000  ce 4.1698  lr 4.45e-04  |grad| 0.19  mem 57.4GB  tok/s 6,861
[08:21:09] step  1640/2000  ce 4.2621  lr 4.39e-04  |grad| 0.18  mem 57.4GB  tok/s 6,861
[08:22:45] step  1650/2000  ce 3.9721  lr 4.32e-04  |grad| 0.18  mem 57.4GB  tok/s 6,861
[08:24:21] step  1660/2000  ce 4.0305  lr 4.26e-04  |grad| 0.19  mem 57.4GB  tok/s 6,861
[08:25:56] step  1670/2000  ce 4.1753  lr 4.20e-04  |grad| 0.19  mem 57.4GB  tok/s 6,861
[08:27:31] step  1680/2000  ce 4.1307  lr 4.14e-04  |grad| 0.18  mem 57.4GB  tok/s 6,862
[08:29:07] step  1690/2000  ce 4.0093  lr 4.09e-04  |grad| 0.18  mem 57.4GB  tok/s 6,862
[08:30:42] step  1700/2000  ce 3.9645  lr 4.03e-04  |grad| 0.18  mem 57.4GB  tok/s 6,862
[08:32:17] step  1710/2000  ce 4.0515  lr 3.98e-04  |grad| 0.18  mem 57.4GB  tok/s 6,862
[08:33:53] step  1720/2000  ce 4.1386  lr 3.93e-04  |grad| 0.18  mem 57.4GB  tok/s 6,862
[08:35:29] step  1730/2000  ce 3.8786  lr 3.88e-04  |grad| 0.17  mem 57.4GB  tok/s 6,862
[08:37:04] step  1740/2000  ce 4.2255  lr 3.83e-04  |grad| 0.19  mem 57.4GB  tok/s 6,862
[08:38:40] step  1750/2000  ce 3.9617  lr 3.78e-04  |grad| 0.18  mem 57.4GB  tok/s 6,862
[08:38:43]   [ckpt @ 1750] -> checkpoint_mix_seed2.pt
[08:40:18] step  1760/2000  ce 4.2066  lr 3.74e-04  |grad| 0.19  mem 57.4GB  tok/s 6,860
[08:41:54] step  1770/2000  ce 4.1018  lr 3.69e-04  |grad| 0.18  mem 57.4GB  tok/s 6,860
[08:43:29] step  1780/2000  ce 3.9517  lr 3.65e-04  |grad| 0.17  mem 57.4GB  tok/s 6,860
[08:45:04] step  1790/2000  ce 3.9928  lr 3.61e-04  |grad| 0.18  mem 57.4GB  tok/s 6,860
[08:46:40] step  1800/2000  ce 4.1160  lr 3.57e-04  |grad| 0.17  mem 57.4GB  tok/s 6,861
[08:48:15] step  1810/2000  ce 3.9948  lr 3.54e-04  |grad| 0.21  mem 57.4GB  tok/s 6,861
[08:49:50] step  1820/2000  ce 3.9357  lr 3.50e-04  |grad| 0.17  mem 57.4GB  tok/s 6,861
[08:51:26] step  1830/2000  ce 3.9361  lr 3.47e-04  |grad| 0.17  mem 57.4GB  tok/s 6,861
[08:53:01] step  1840/2000  ce 3.7641  lr 3.44e-04  |grad| 0.18  mem 57.4GB  tok/s 6,861
[08:54:36] step  1850/2000  ce 3.8839  lr 3.41e-04  |grad| 0.19  mem 57.4GB  tok/s 6,861
[08:56:12] step  1860/2000  ce 4.3414  lr 3.38e-04  |grad| 0.19  mem 57.4GB  tok/s 6,861
[08:57:47] step  1870/2000  ce 3.8763  lr 3.36e-04  |grad| 0.19  mem 57.4GB  tok/s 6,861
[08:59:22] step  1880/2000  ce 3.8842  lr 3.34e-04  |grad| 0.17  mem 57.4GB  tok/s 6,861
[09:00:58] step  1890/2000  ce 3.9445  lr 3.31e-04  |grad| 0.18  mem 57.4GB  tok/s 6,861
[09:02:33] step  1900/2000  ce 3.8191  lr 3.29e-04  |grad| 0.17  mem 57.4GB  tok/s 6,861
[09:04:08] step  1910/2000  ce 4.0570  lr 3.28e-04  |grad| 0.17  mem 57.4GB  tok/s 6,861
[09:05:43] step  1920/2000  ce 4.0309  lr 3.26e-04  |grad| 0.18  mem 57.4GB  tok/s 6,861
[09:07:19] step  1930/2000  ce 3.9944  lr 3.25e-04  |grad| 0.17  mem 57.4GB  tok/s 6,862
[09:08:54] step  1940/2000  ce 4.3037  lr 3.23e-04  |grad| 0.18  mem 57.4GB  tok/s 6,862
[09:10:29] step  1950/2000  ce 4.2846  lr 3.22e-04  |grad| 0.18  mem 57.4GB  tok/s 6,862
[09:12:05] step  1960/2000  ce 3.6826  lr 3.22e-04  |grad| 0.17  mem 57.4GB  tok/s 6,862
[09:13:40] step  1970/2000  ce 4.1176  lr 3.21e-04  |grad| 0.18  mem 57.4GB  tok/s 6,862
[09:15:15] step  1980/2000  ce 4.1259  lr 3.20e-04  |grad| 0.18  mem 57.4GB  tok/s 6,862
[09:16:51] step  1990/2000  ce 4.0560  lr 3.20e-04  |grad| 0.18  mem 57.4GB  tok/s 6,862
[09:18:26] step  2000/2000  ce 3.9596  lr 3.20e-04  |grad| 0.18  mem 57.4GB  tok/s 6,862
[09:18:35]   [eval @ 2000] val PPL=47.34
[09:18:39]   [ckpt @ 2000] -> checkpoint_mix_seed2.pt
[09:18:42] DONE
