[17:23:31] ARM arch=faithful schedule=cosine optimizer=adamw zloss=0.0 | vr=False ln=False hg=False | steps=2000 seed=0 tok/step=65,536
[17:23:31] optimizer split: 197 / 113 param tensors
[17:23:34]   loaded cached tokens from tokcache_66036000_300000_seed0_Qwen3-0.6B-Base.pt (66,036,000 train + 300,000 val)
[17:23:34] DATA=mix(50/50 dclm+FineWeb): 132,072,000 train (66,036,000 dclm + 66,036,000 fw) + 300,000 val
[17:23:34] Compiling model...
[17:25:15] step    10/2000  ce 10.1835  lr 1.70e-04  |grad| 2.03  mem 57.4GB  tok/s 6,591
[17:26:49] step    20/2000  ce 8.2603  lr 3.40e-04  |grad| 0.92  mem 57.4GB  tok/s 6,753
[17:28:24] step    30/2000  ce 8.0083  lr 5.10e-04  |grad| 0.90  mem 57.4GB  tok/s 6,814
[17:29:59] step    40/2000  ce 7.7649  lr 6.80e-04  |grad| 0.63  mem 57.4GB  tok/s 6,840
[17:31:34] step    50/2000  ce 7.5067  lr 8.50e-04  |grad| 1.80  mem 57.4GB  tok/s 6,853
[17:33:09] step    60/2000  ce 7.4419  lr 1.02e-03  |grad| 0.76  mem 57.4GB  tok/s 6,860
[17:34:44] step    70/2000  ce 7.4910  lr 1.19e-03  |grad| 0.85  mem 57.4GB  tok/s 6,866
[17:36:18] step    80/2000  ce 7.0836  lr 1.36e-03  |grad| 0.91  mem 57.4GB  tok/s 6,871
[17:37:53] step    90/2000  ce 7.0071  lr 1.53e-03  |grad| 0.84  mem 57.4GB  tok/s 6,876
[17:39:28] step   100/2000  ce 6.6340  lr 1.70e-03  |grad| 0.73  mem 57.4GB  tok/s 6,878
[17:41:03] step   110/2000  ce 7.0752  lr 1.70e-03  |grad| 0.50  mem 57.4GB  tok/s 6,880
[17:42:38] step   120/2000  ce 6.7134  lr 1.70e-03  |grad| 0.62  mem 57.4GB  tok/s 6,883
[17:44:13] step   130/2000  ce 6.4809  lr 1.70e-03  |grad| 0.55  mem 57.4GB  tok/s 6,885
[17:45:48] step   140/2000  ce 6.7778  lr 1.70e-03  |grad| 0.71  mem 57.4GB  tok/s 6,886
[17:47:23] step   150/2000  ce 6.3892  lr 1.70e-03  |grad| 0.57  mem 57.4GB  tok/s 6,888
[17:48:58] step   160/2000  ce 6.3902  lr 1.70e-03  |grad| 0.69  mem 57.4GB  tok/s 6,889
[17:50:32] step   170/2000  ce 6.2530  lr 1.70e-03  |grad| 0.51  mem 57.4GB  tok/s 6,890
[17:52:07] step   180/2000  ce 6.1945  lr 1.69e-03  |grad| 0.66  mem 57.4GB  tok/s 6,890
[17:53:43] step   190/2000  ce 6.6006  lr 1.69e-03  |grad| 0.65  mem 57.4GB  tok/s 6,890
[17:55:17] step   200/2000  ce 6.0343  lr 1.69e-03  |grad| 0.44  mem 57.4GB  tok/s 6,891
[17:56:52] step   210/2000  ce 6.4568  lr 1.69e-03  |grad| 0.58  mem 57.4GB  tok/s 6,892
[17:58:27] step   220/2000  ce 6.0859  lr 1.69e-03  |grad| 0.44  mem 57.4GB  tok/s 6,893
[18:00:02] step   230/2000  ce 6.0523  lr 1.68e-03  |grad| 0.49  mem 57.4GB  tok/s 6,893
[18:01:37] step   240/2000  ce 6.2225  lr 1.68e-03  |grad| 0.36  mem 57.4GB  tok/s 6,894
[18:03:12] step   250/2000  ce 6.1205  lr 1.68e-03  |grad| 0.41  mem 57.4GB  tok/s 6,895
[18:03:15]   [ckpt @ 250] -> checkpoint_mix_seed0.pt
[18:04:50] step   260/2000  ce 5.9072  lr 1.68e-03  |grad| 0.39  mem 57.4GB  tok/s 6,884
[18:06:25] step   270/2000  ce 6.1366  lr 1.67e-03  |grad| 0.41  mem 57.4GB  tok/s 6,886
[18:08:00] step   280/2000  ce 5.7735  lr 1.67e-03  |grad| 0.46  mem 57.4GB  tok/s 6,886
[18:09:35] step   290/2000  ce 5.8558  lr 1.67e-03  |grad| 0.32  mem 57.4GB  tok/s 6,887
[18:11:10] step   300/2000  ce 6.0367  lr 1.66e-03  |grad| 0.49  mem 57.4GB  tok/s 6,888
[18:12:45] step   310/2000  ce 5.7121  lr 1.66e-03  |grad| 0.39  mem 57.4GB  tok/s 6,888
[18:14:20] step   320/2000  ce 5.7367  lr 1.65e-03  |grad| 0.32  mem 57.4GB  tok/s 6,889
[18:15:55] step   330/2000  ce 5.5801  lr 1.65e-03  |grad| 0.48  mem 57.4GB  tok/s 6,889
[18:17:29] step   340/2000  ce 6.0057  lr 1.65e-03  |grad| 0.37  mem 57.4GB  tok/s 6,890
[18:19:05] step   350/2000  ce 5.7315  lr 1.64e-03  |grad| 0.35  mem 57.4GB  tok/s 6,890
[18:20:39] step   360/2000  ce 6.0180  lr 1.64e-03  |grad| 0.30  mem 57.4GB  tok/s 6,890
[18:22:14] step   370/2000  ce 5.5656  lr 1.63e-03  |grad| 0.39  mem 57.4GB  tok/s 6,891
[18:23:49] step   380/2000  ce 5.5297  lr 1.63e-03  |grad| 0.35  mem 57.4GB  tok/s 6,891
[18:25:24] step   390/2000  ce 5.4884  lr 1.62e-03  |grad| 0.37  mem 57.4GB  tok/s 6,891
[18:26:59] step   400/2000  ce 5.4035  lr 1.62e-03  |grad| 0.39  mem 57.4GB  tok/s 6,892
[18:28:34] step   410/2000  ce 5.2746  lr 1.61e-03  |grad| 0.36  mem 57.4GB  tok/s 6,892
[18:30:09] step   420/2000  ce 5.3912  lr 1.61e-03  |grad| 0.40  mem 57.4GB  tok/s 6,892
[18:31:44] step   430/2000  ce 5.3540  lr 1.60e-03  |grad| 0.42  mem 57.4GB  tok/s 6,893
[18:33:19] step   440/2000  ce 5.4776  lr 1.59e-03  |grad| 0.33  mem 57.4GB  tok/s 6,893
[18:34:54] step   450/2000  ce 5.1912  lr 1.59e-03  |grad| 0.31  mem 57.4GB  tok/s 6,893
[18:36:29] step   460/2000  ce 5.2058  lr 1.58e-03  |grad| 0.36  mem 57.4GB  tok/s 6,893
[18:38:04] step   470/2000  ce 5.2382  lr 1.57e-03  |grad| 0.36  mem 57.4GB  tok/s 6,894
[18:39:38] step   480/2000  ce 5.3338  lr 1.57e-03  |grad| 0.26  mem 57.4GB  tok/s 6,894
[18:41:13] step   490/2000  ce 5.2100  lr 1.56e-03  |grad| 0.31  mem 57.4GB  tok/s 6,894
[18:42:48] step   500/2000  ce 5.0081  lr 1.55e-03  |grad| 0.27  mem 57.4GB  tok/s 6,895
[18:42:59]   [eval @ 500] val PPL=167.89
[18:43:02]   [ckpt @ 500] -> checkpoint_mix_seed0.pt
[18:44:37] step   510/2000  ce 4.9437  lr 1.55e-03  |grad| 0.36  mem 57.4GB  tok/s 6,874
[18:46:12] step   520/2000  ce 5.1969  lr 1.54e-03  |grad| 0.28  mem 57.4GB  tok/s 6,875
[18:47:47] step   530/2000  ce 5.2282  lr 1.53e-03  |grad| 0.35  mem 57.4GB  tok/s 6,876
[18:49:22] step   540/2000  ce 5.2750  lr 1.53e-03  |grad| 0.29  mem 57.4GB  tok/s 6,876
[18:50:57] step   550/2000  ce 5.0712  lr 1.52e-03  |grad| 0.29  mem 57.4GB  tok/s 6,877
[18:52:32] step   560/2000  ce 4.8195  lr 1.51e-03  |grad| 0.28  mem 57.4GB  tok/s 6,877
[18:54:06] step   570/2000  ce 4.9540  lr 1.50e-03  |grad| 0.31  mem 57.4GB  tok/s 6,878
[18:55:41] step   580/2000  ce 5.0295  lr 1.49e-03  |grad| 0.29  mem 57.4GB  tok/s 6,879
[18:57:16] step   590/2000  ce 5.3081  lr 1.49e-03  |grad| 0.30  mem 57.4GB  tok/s 6,879
[18:58:51] step   600/2000  ce 5.4206  lr 1.48e-03  |grad| 0.29  mem 57.4GB  tok/s 6,879
[19:00:26] step   610/2000  ce 4.8453  lr 1.47e-03  |grad| 0.29  mem 57.4GB  tok/s 6,880
[19:02:01] step   620/2000  ce 4.9859  lr 1.46e-03  |grad| 0.25  mem 57.4GB  tok/s 6,880
[19:03:36] step   630/2000  ce 5.0648  lr 1.45e-03  |grad| 0.32  mem 57.4GB  tok/s 6,881
[19:05:11] step   640/2000  ce 4.9458  lr 1.44e-03  |grad| 0.27  mem 57.4GB  tok/s 6,881
[19:06:45] step   650/2000  ce 4.8834  lr 1.43e-03  |grad| 0.29  mem 57.4GB  tok/s 6,882
[19:08:20] step   660/2000  ce 4.7817  lr 1.42e-03  |grad| 0.29  mem 57.4GB  tok/s 6,882
[19:09:55] step   670/2000  ce 4.7946  lr 1.42e-03  |grad| 0.27  mem 57.4GB  tok/s 6,883
[19:11:30] step   680/2000  ce 4.6514  lr 1.41e-03  |grad| 0.27  mem 57.4GB  tok/s 6,883
[19:13:05] step   690/2000  ce 4.6699  lr 1.40e-03  |grad| 0.32  mem 57.4GB  tok/s 6,883
[19:14:40] step   700/2000  ce 4.7774  lr 1.39e-03  |grad| 0.31  mem 57.4GB  tok/s 6,884
[19:16:15] step   710/2000  ce 4.9756  lr 1.38e-03  |grad| 0.29  mem 57.4GB  tok/s 6,884
[19:17:50] step   720/2000  ce 4.7753  lr 1.37e-03  |grad| 0.27  mem 57.4GB  tok/s 6,884
[19:19:25] step   730/2000  ce 4.7161  lr 1.36e-03  |grad| 0.27  mem 57.4GB  tok/s 6,884
[19:20:59] step   740/2000  ce 4.9698  lr 1.35e-03  |grad| 0.30  mem 57.4GB  tok/s 6,885
[19:22:34] step   750/2000  ce 4.8838  lr 1.34e-03  |grad| 0.31  mem 57.4GB  tok/s 6,885
[19:22:38]   [ckpt @ 750] -> checkpoint_mix_seed0.pt
[19:24:12] step   760/2000  ce 4.7400  lr 1.33e-03  |grad| 0.27  mem 57.4GB  tok/s 6,882
[19:25:47] step   770/2000  ce 4.5091  lr 1.32e-03  |grad| 0.24  mem 57.4GB  tok/s 6,883
[19:27:22] step   780/2000  ce 4.7141  lr 1.31e-03  |grad| 0.26  mem 57.4GB  tok/s 6,883
[19:28:57] step   790/2000  ce 4.5727  lr 1.30e-03  |grad| 0.27  mem 57.4GB  tok/s 6,883
[19:30:32] step   800/2000  ce 4.7758  lr 1.29e-03  |grad| 0.25  mem 57.4GB  tok/s 6,883
[19:32:07] step   810/2000  ce 4.6121  lr 1.28e-03  |grad| 0.29  mem 57.4GB  tok/s 6,884
[19:33:42] step   820/2000  ce 4.6915  lr 1.27e-03  |grad| 0.24  mem 57.4GB  tok/s 6,884
[19:35:17] step   830/2000  ce 4.6717  lr 1.26e-03  |grad| 0.25  mem 57.4GB  tok/s 6,884
[19:36:51] step   840/2000  ce 4.8400  lr 1.24e-03  |grad| 0.22  mem 57.4GB  tok/s 6,885
[19:38:26] step   850/2000  ce 4.6621  lr 1.23e-03  |grad| 0.25  mem 57.4GB  tok/s 6,885
[19:40:01] step   860/2000  ce 4.2639  lr 1.22e-03  |grad| 0.24  mem 57.4GB  tok/s 6,885
[19:41:36] step   870/2000  ce 4.6127  lr 1.21e-03  |grad| 0.27  mem 57.4GB  tok/s 6,885
[19:43:11] step   880/2000  ce 4.5278  lr 1.20e-03  |grad| 0.23  mem 57.4GB  tok/s 6,886
[19:44:46] step   890/2000  ce 4.7363  lr 1.19e-03  |grad| 0.24  mem 57.4GB  tok/s 6,886
[19:46:21] step   900/2000  ce 4.4719  lr 1.18e-03  |grad| 0.22  mem 57.4GB  tok/s 6,886
[19:47:56] step   910/2000  ce 4.3714  lr 1.17e-03  |grad| 0.24  mem 57.4GB  tok/s 6,886
[19:49:31] step   920/2000  ce 4.3747  lr 1.16e-03  |grad| 0.22  mem 57.4GB  tok/s 6,886
[19:51:05] step   930/2000  ce 4.2620  lr 1.15e-03  |grad| 0.24  mem 57.4GB  tok/s 6,887
[19:52:40] step   940/2000  ce 4.5242  lr 1.13e-03  |grad| 0.25  mem 57.4GB  tok/s 6,887
[19:54:15] step   950/2000  ce 4.2517  lr 1.12e-03  |grad| 0.24  mem 57.4GB  tok/s 6,887
[19:55:50] step   960/2000  ce 4.4997  lr 1.11e-03  |grad| 0.28  mem 57.4GB  tok/s 6,887
[19:57:25] step   970/2000  ce 4.3385  lr 1.10e-03  |grad| 0.24  mem 57.4GB  tok/s 6,888
[19:59:00] step   980/2000  ce 4.4462  lr 1.09e-03  |grad| 0.22  mem 57.4GB  tok/s 6,888
[20:00:35] step   990/2000  ce 4.4320  lr 1.08e-03  |grad| 0.28  mem 57.4GB  tok/s 6,888
[20:02:10] step  1000/2000  ce 4.3547  lr 1.07e-03  |grad| 0.23  mem 57.4GB  tok/s 6,888
[20:02:19]   [eval @ 1000] val PPL=75.58
[20:02:22]   [ckpt @ 1000] -> checkpoint_mix_seed0.pt
[20:03:57] step  1010/2000  ce 4.2969  lr 1.06e-03  |grad| 0.22  mem 57.4GB  tok/s 6,880
[20:05:32] step  1020/2000  ce 4.4410  lr 1.04e-03  |grad| 0.22  mem 57.4GB  tok/s 6,880
[20:07:06] step  1030/2000  ce 4.3703  lr 1.03e-03  |grad| 0.27  mem 57.4GB  tok/s 6,880
[20:08:41] step  1040/2000  ce 4.4678  lr 1.02e-03  |grad| 0.22  mem 57.4GB  tok/s 6,880
[20:10:16] step  1050/2000  ce 4.6559  lr 1.01e-03  |grad| 0.24  mem 57.4GB  tok/s 6,881
[20:11:51] step  1060/2000  ce 4.4618  lr 9.99e-04  |grad| 0.22  mem 57.4GB  tok/s 6,881
[20:13:26] step  1070/2000  ce 4.4694  lr 9.87e-04  |grad| 0.22  mem 57.4GB  tok/s 6,881
[20:15:01] step  1080/2000  ce 4.4774  lr 9.76e-04  |grad| 0.22  mem 57.4GB  tok/s 6,881
[20:16:36] step  1090/2000  ce 4.5281  lr 9.64e-04  |grad| 0.26  mem 57.4GB  tok/s 6,882
[20:18:11] step  1100/2000  ce 4.4702  lr 9.53e-04  |grad| 0.25  mem 57.4GB  tok/s 6,882
[20:19:46] step  1110/2000  ce 4.5638  lr 9.42e-04  |grad| 0.27  mem 57.4GB  tok/s 6,882
[20:21:21] step  1120/2000  ce 4.3397  lr 9.30e-04  |grad| 0.24  mem 57.4GB  tok/s 6,882
[20:22:56] step  1130/2000  ce 4.3274  lr 9.19e-04  |grad| 0.22  mem 57.4GB  tok/s 6,882
[20:24:31] step  1140/2000  ce 4.4246  lr 9.08e-04  |grad| 0.21  mem 57.4GB  tok/s 6,883
[20:26:05] step  1150/2000  ce 4.3062  lr 8.96e-04  |grad| 0.23  mem 57.4GB  tok/s 6,883
[20:27:40] step  1160/2000  ce 4.0368  lr 8.85e-04  |grad| 0.20  mem 57.4GB  tok/s 6,883
[20:29:15] step  1170/2000  ce 4.3336  lr 8.74e-04  |grad| 0.21  mem 57.4GB  tok/s 6,883
[20:30:50] step  1180/2000  ce 4.2897  lr 8.63e-04  |grad| 0.21  mem 57.4GB  tok/s 6,883
[20:32:25] step  1190/2000  ce 4.3115  lr 8.52e-04  |grad| 0.21  mem 57.4GB  tok/s 6,884
[20:34:00] step  1200/2000  ce 4.3480  lr 8.41e-04  |grad| 0.22  mem 57.4GB  tok/s 6,884
[20:35:35] step  1210/2000  ce 4.4100  lr 8.30e-04  |grad| 0.20  mem 57.4GB  tok/s 6,884
[20:37:10] step  1220/2000  ce 4.3828  lr 8.19e-04  |grad| 0.19  mem 57.4GB  tok/s 6,884
[20:38:44] step  1230/2000  ce 4.0960  lr 8.08e-04  |grad| 0.21  mem 57.4GB  tok/s 6,884
[20:40:19] step  1240/2000  ce 4.0740  lr 7.97e-04  |grad| 0.21  mem 57.4GB  tok/s 6,885
[20:41:54] step  1250/2000  ce 4.4936  lr 7.86e-04  |grad| 0.22  mem 57.4GB  tok/s 6,885
[20:41:58]   [ckpt @ 1250] -> checkpoint_mix_seed0.pt
[20:43:32] step  1260/2000  ce 4.3774  lr 7.75e-04  |grad| 0.20  mem 57.4GB  tok/s 6,883
[20:45:08] step  1270/2000  ce 4.2739  lr 7.65e-04  |grad| 0.20  mem 57.4GB  tok/s 6,883
[20:46:42] step  1280/2000  ce 4.2817  lr 7.54e-04  |grad| 0.20  mem 57.4GB  tok/s 6,883
[20:48:17] step  1290/2000  ce 4.0514  lr 7.43e-04  |grad| 0.21  mem 57.4GB  tok/s 6,883
[20:49:52] step  1300/2000  ce 4.4699  lr 7.33e-04  |grad| 0.36  mem 57.4GB  tok/s 6,884
[20:51:27] step  1310/2000  ce 4.1837  lr 7.22e-04  |grad| 0.19  mem 57.4GB  tok/s 6,884
[20:53:02] step  1320/2000  ce 4.4795  lr 7.12e-04  |grad| 0.19  mem 57.4GB  tok/s 6,884
[20:54:37] step  1330/2000  ce 4.2685  lr 7.02e-04  |grad| 0.20  mem 57.4GB  tok/s 6,884
[20:56:12] step  1340/2000  ce 4.1554  lr 6.92e-04  |grad| 0.20  mem 57.4GB  tok/s 6,884
[20:57:47] step  1350/2000  ce 4.2069  lr 6.82e-04  |grad| 0.21  mem 57.4GB  tok/s 6,884
[20:59:22] step  1360/2000  ce 4.1643  lr 6.72e-04  |grad| 0.21  mem 57.4GB  tok/s 6,884
[21:00:57] step  1370/2000  ce 4.1811  lr 6.62e-04  |grad| 0.19  mem 57.4GB  tok/s 6,885
[21:02:32] step  1380/2000  ce 4.1322  lr 6.52e-04  |grad| 0.19  mem 57.4GB  tok/s 6,885
[21:04:07] step  1390/2000  ce 4.1485  lr 6.42e-04  |grad| 0.21  mem 57.4GB  tok/s 6,885
[21:05:41] step  1400/2000  ce 4.0227  lr 6.33e-04  |grad| 0.20  mem 57.4GB  tok/s 6,885
[21:07:16] step  1410/2000  ce 3.9810  lr 6.23e-04  |grad| 0.20  mem 57.4GB  tok/s 6,885
[21:08:51] step  1420/2000  ce 4.0980  lr 6.14e-04  |grad| 0.21  mem 57.4GB  tok/s 6,885
[21:10:26] step  1430/2000  ce 4.0891  lr 6.04e-04  |grad| 0.20  mem 57.4GB  tok/s 6,885
[21:12:01] step  1440/2000  ce 4.1031  lr 5.95e-04  |grad| 0.20  mem 57.4GB  tok/s 6,886
[21:13:36] step  1450/2000  ce 4.3949  lr 5.86e-04  |grad| 0.17  mem 57.4GB  tok/s 6,886
[21:15:11] step  1460/2000  ce 3.8520  lr 5.77e-04  |grad| 0.20  mem 57.4GB  tok/s 6,886
[21:16:46] step  1470/2000  ce 3.9285  lr 5.68e-04  |grad| 0.20  mem 57.4GB  tok/s 6,886
[21:18:21] step  1480/2000  ce 4.1132  lr 5.60e-04  |grad| 0.19  mem 57.4GB  tok/s 6,886
[21:19:56] step  1490/2000  ce 4.2675  lr 5.51e-04  |grad| 0.18  mem 57.4GB  tok/s 6,886
[21:21:30] step  1500/2000  ce 4.0862  lr 5.43e-04  |grad| 0.19  mem 57.4GB  tok/s 6,886
[21:21:39]   [eval @ 1500] val PPL=55.48
[21:21:43]   [ckpt @ 1500] -> checkpoint_mix_seed0.pt
[21:23:18] step  1510/2000  ce 3.9774  lr 5.34e-04  |grad| 0.18  mem 57.4GB  tok/s 6,881
[21:24:53] step  1520/2000  ce 4.1628  lr 5.26e-04  |grad| 0.19  mem 57.4GB  tok/s 6,881
[21:26:27] step  1530/2000  ce 4.1395  lr 5.18e-04  |grad| 0.19  mem 57.4GB  tok/s 6,881
[21:28:02] step  1540/2000  ce 3.7042  lr 5.10e-04  |grad| 0.19  mem 57.4GB  tok/s 6,881
[21:29:37] step  1550/2000  ce 4.0447  lr 5.02e-04  |grad| 0.19  mem 57.4GB  tok/s 6,881
[21:31:12] step  1560/2000  ce 4.0411  lr 4.95e-04  |grad| 0.19  mem 57.4GB  tok/s 6,882
[21:32:47] step  1570/2000  ce 4.1525  lr 4.87e-04  |grad| 0.18  mem 57.4GB  tok/s 6,882
[21:34:22] step  1580/2000  ce 4.1827  lr 4.80e-04  |grad| 0.21  mem 57.4GB  tok/s 6,882
[21:35:56] step  1590/2000  ce 3.9087  lr 4.73e-04  |grad| 0.18  mem 57.4GB  tok/s 6,882
[21:37:31] step  1600/2000  ce 4.2689  lr 4.65e-04  |grad| 0.19  mem 57.4GB  tok/s 6,882
[21:39:06] step  1610/2000  ce 4.0558  lr 4.59e-04  |grad| 0.18  mem 57.4GB  tok/s 6,882
[21:40:41] step  1620/2000  ce 4.0778  lr 4.52e-04  |grad| 0.18  mem 57.4GB  tok/s 6,883
[21:42:16] step  1630/2000  ce 4.0051  lr 4.45e-04  |grad| 0.17  mem 57.4GB  tok/s 6,883
[21:43:51] step  1640/2000  ce 4.2355  lr 4.39e-04  |grad| 0.19  mem 57.4GB  tok/s 6,883
[21:45:26] step  1650/2000  ce 4.1883  lr 4.32e-04  |grad| 0.19  mem 57.4GB  tok/s 6,883
[21:47:01] step  1660/2000  ce 4.0129  lr 4.26e-04  |grad| 0.25  mem 57.4GB  tok/s 6,883
[21:48:36] step  1670/2000  ce 3.9818  lr 4.20e-04  |grad| 0.19  mem 57.4GB  tok/s 6,883
[21:50:11] step  1680/2000  ce 4.2259  lr 4.14e-04  |grad| 0.18  mem 57.4GB  tok/s 6,883
[21:51:45] step  1690/2000  ce 4.1633  lr 4.09e-04  |grad| 0.18  mem 57.4GB  tok/s 6,883
[21:53:20] step  1700/2000  ce 3.9296  lr 4.03e-04  |grad| 0.17  mem 57.4GB  tok/s 6,884
[21:54:55] step  1710/2000  ce 4.1019  lr 3.98e-04  |grad| 0.18  mem 57.4GB  tok/s 6,884
[21:56:30] step  1720/2000  ce 4.2400  lr 3.93e-04  |grad| 0.23  mem 57.4GB  tok/s 6,884
[21:58:05] step  1730/2000  ce 4.3853  lr 3.88e-04  |grad| 0.18  mem 57.4GB  tok/s 6,884
[21:59:40] step  1740/2000  ce 3.8561  lr 3.83e-04  |grad| 0.19  mem 57.4GB  tok/s 6,884
[22:01:14] step  1750/2000  ce 4.2366  lr 3.78e-04  |grad| 0.18  mem 57.4GB  tok/s 6,884
[22:01:18]   [ckpt @ 1750] -> checkpoint_mix_seed0.pt
[22:02:53] step  1760/2000  ce 3.8939  lr 3.74e-04  |grad| 0.20  mem 57.4GB  tok/s 6,883
[22:04:28] step  1770/2000  ce 4.0072  lr 3.69e-04  |grad| 0.18  mem 57.4GB  tok/s 6,883
[22:06:03] step  1780/2000  ce 3.9151  lr 3.65e-04  |grad| 0.17  mem 57.4GB  tok/s 6,883
[22:07:38] step  1790/2000  ce 4.0619  lr 3.61e-04  |grad| 0.17  mem 57.4GB  tok/s 6,883
[22:09:13] step  1800/2000  ce 4.1081  lr 3.57e-04  |grad| 0.19  mem 57.4GB  tok/s 6,884
[22:10:47] step  1810/2000  ce 4.0046  lr 3.54e-04  |grad| 0.18  mem 57.4GB  tok/s 6,884
[22:12:23] step  1820/2000  ce 4.0672  lr 3.50e-04  |grad| 0.18  mem 57.4GB  tok/s 6,884
[22:13:57] step  1830/2000  ce 3.7009  lr 3.47e-04  |grad| 0.17  mem 57.4GB  tok/s 6,884
[22:15:32] step  1840/2000  ce 4.1362  lr 3.44e-04  |grad| 0.18  mem 57.4GB  tok/s 6,884
[22:17:07] step  1850/2000  ce 4.0194  lr 3.41e-04  |grad| 0.18  mem 57.4GB  tok/s 6,884
[22:18:42] step  1860/2000  ce 4.1030  lr 3.38e-04  |grad| 0.17  mem 57.4GB  tok/s 6,884
[22:20:17] step  1870/2000  ce 3.9487  lr 3.36e-04  |grad| 0.18  mem 57.4GB  tok/s 6,884
[22:21:52] step  1880/2000  ce 3.9840  lr 3.34e-04  |grad| 0.18  mem 57.4GB  tok/s 6,884
[22:23:27] step  1890/2000  ce 4.0358  lr 3.31e-04  |grad| 0.20  mem 57.4GB  tok/s 6,884
[22:25:02] step  1900/2000  ce 4.0608  lr 3.29e-04  |grad| 0.18  mem 57.4GB  tok/s 6,884
[22:26:37] step  1910/2000  ce 3.9363  lr 3.28e-04  |grad| 0.18  mem 57.4GB  tok/s 6,884
[22:28:12] step  1920/2000  ce 3.9755  lr 3.26e-04  |grad| 0.17  mem 57.4GB  tok/s 6,885
[22:29:47] step  1930/2000  ce 3.8357  lr 3.25e-04  |grad| 0.17  mem 57.4GB  tok/s 6,885
[22:31:22] step  1940/2000  ce 3.8941  lr 3.23e-04  |grad| 0.18  mem 57.4GB  tok/s 6,885
[22:32:57] step  1950/2000  ce 3.6645  lr 3.22e-04  |grad| 0.21  mem 57.4GB  tok/s 6,885
[22:34:32] step  1960/2000  ce 3.7859  lr 3.22e-04  |grad| 0.18  mem 57.4GB  tok/s 6,885
[22:36:07] step  1970/2000  ce 3.8220  lr 3.21e-04  |grad| 0.17  mem 57.4GB  tok/s 6,885
[22:37:42] step  1980/2000  ce 3.8710  lr 3.20e-04  |grad| 0.18  mem 57.4GB  tok/s 6,885
[22:39:17] step  1990/2000  ce 4.0351  lr 3.20e-04  |grad| 0.18  mem 57.4GB  tok/s 6,885
[22:40:52] step  2000/2000  ce 4.2235  lr 3.20e-04  |grad| 0.17  mem 57.4GB  tok/s 6,885
[22:41:01]   [eval @ 2000] val PPL=48.43
[22:41:05]   [ckpt @ 2000] -> checkpoint_mix_seed0.pt
[22:41:08] DONE
