[21:23:28] Device: cuda   dtype: torch.bfloat16
[21:23:28] Loading tokenizer + official SmolLM2-135M weights...
[21:23:31] Downloading + tokenizing TinyStories (train + validation)...
[21:23:34]   train: 2,119,719 stories, val: 21,990
[21:25:09]   packed 102,000,116 train tokens in 97.9s
[21:25:09]   packed 200,068 val tokens
[21:25:09]   99,609 train windows of 1024
[21:25:09]   tok/step = 4,096   total_steps = 24,414
[21:25:09] Baseline (BEFORE) eval...
[21:25:14]   baseline TinyStories-val PPL = 6.895  on 199,485 target tokens
[21:25:14] Baseline generations:
[21:25:16]   ['Once upon a time, there was a little']  Once upon a time, there was a little girl named Lily. Lily loved to play and sing with her friends. One day, she heard that she could become
[21:25:16]   ['The brave little mouse']  The brave little mouse that runs the way I have been told to run, and who is always at the ready, to get me out of trouble, and give me back
[21:25:16]   ['In a faraway forest,']  In a faraway forest, a wise old owl named Ollie looked out of his tree and saw a young girl who seemed lost and sad.

Ollie asked the owl wh
[21:25:16] Training 24,414 steps to 100,000,000 tokens...
[21:25:32] step     50/24414  loss 1.7650  lr 7.50e-05  tok/s  12,766  tok   0.2M/100M  ETA 130.3 min
[21:25:47] step    100/24414  loss 1.6496  lr 1.50e-04  tok/s  12,837  tok   0.4M/100M  ETA 129.3 min
[21:26:03] step    150/24414  loss 1.6719  lr 2.25e-04  tok/s  12,998  tok   0.6M/100M  ETA 127.4 min
[21:26:18] step    200/24414  loss 1.7323  lr 3.00e-04  tok/s  13,148  tok   0.8M/100M  ETA 125.7 min
[21:26:33] step    250/24414  loss 1.5852  lr 3.00e-04  tok/s  13,236  tok   1.0M/100M  ETA 124.6 min
[21:26:49] step    300/24414  loss 1.7471  lr 3.00e-04  tok/s  13,189  tok   1.2M/100M  ETA 124.8 min
[21:27:04] step    350/24414  loss 1.4869  lr 3.00e-04  tok/s  13,242  tok   1.4M/100M  ETA 124.1 min
[21:27:19] step    400/24414  loss 1.6030  lr 3.00e-04  tok/s  13,302  tok   1.6M/100M  ETA 123.2 min
[21:27:34] step    450/24414  loss 1.5901  lr 3.00e-04  tok/s  13,350  tok   1.8M/100M  ETA 122.5 min
[21:27:49] step    500/24414  loss 1.4839  lr 3.00e-04  tok/s  13,391  tok   2.0M/100M  ETA 121.9 min
[21:28:04] step    550/24414  loss 1.6943  lr 3.00e-04  tok/s  13,408  tok   2.3M/100M  ETA 121.5 min
[21:28:19] step    600/24414  loss 1.4217  lr 3.00e-04  tok/s  13,376  tok   2.5M/100M  ETA 121.5 min
[21:28:34] step    650/24414  loss 1.4048  lr 3.00e-04  tok/s  13,440  tok   2.7M/100M  ETA 120.7 min
[21:28:48] step    700/24414  loss 1.6171  lr 3.00e-04  tok/s  13,506  tok   2.9M/100M  ETA 119.9 min
[21:29:02] step    750/24414  loss 1.3987  lr 3.00e-04  tok/s  13,562  tok   3.1M/100M  ETA 119.1 min
[21:29:16] step    800/24414  loss 1.4873  lr 3.00e-04  tok/s  13,617  tok   3.3M/100M  ETA 118.4 min
[21:29:30] step    850/24414  loss 1.4557  lr 3.00e-04  tok/s  13,664  tok   3.5M/100M  ETA 117.7 min
[21:29:45] step    900/24414  loss 1.2496  lr 3.00e-04  tok/s  13,688  tok   3.7M/100M  ETA 117.3 min
[21:30:00] step    950/24414  loss 1.7690  lr 3.00e-04  tok/s  13,701  tok   3.9M/100M  ETA 116.9 min
[21:30:14] step   1000/24414  loss 1.4562  lr 3.00e-04  tok/s  13,737  tok   4.1M/100M  ETA 116.4 min
[21:30:28] step   1050/24414  loss 1.5761  lr 3.00e-04  tok/s  13,759  tok   4.3M/100M  ETA 115.9 min
[21:30:44] step   1100/24414  loss 1.5067  lr 3.00e-04  tok/s  13,718  tok   4.5M/100M  ETA 116.0 min
[21:30:59] step   1150/24414  loss 1.5049  lr 3.00e-04  tok/s  13,697  tok   4.7M/100M  ETA 115.9 min
[21:31:15] step   1200/24414  loss 1.3922  lr 3.00e-04  tok/s  13,688  tok   4.9M/100M  ETA 115.8 min
[21:31:29] step   1250/24414  loss 1.4071  lr 3.00e-04  tok/s  13,708  tok   5.1M/100M  ETA 115.4 min
[21:31:43] step   1300/24414  loss 1.6033  lr 3.00e-04  tok/s  13,734  tok   5.3M/100M  ETA 114.9 min
[21:31:57] step   1350/24414  loss 1.4813  lr 3.00e-04  tok/s  13,759  tok   5.5M/100M  ETA 114.4 min
[21:32:12] step   1400/24414  loss 1.3353  lr 3.00e-04  tok/s  13,782  tok   5.7M/100M  ETA 114.0 min
[21:32:26] step   1450/24414  loss 1.5245  lr 3.00e-04  tok/s  13,803  tok   5.9M/100M  ETA 113.6 min
[21:32:40] step   1500/24414  loss 1.5360  lr 3.00e-04  tok/s  13,822  tok   6.1M/100M  ETA 113.2 min
[21:32:54] step   1550/24414  loss 1.7215  lr 3.00e-04  tok/s  13,841  tok   6.3M/100M  ETA 112.8 min
[21:33:09] step   1600/24414  loss 1.7283  lr 3.00e-04  tok/s  13,858  tok   6.6M/100M  ETA 112.4 min
[21:33:23] step   1650/24414  loss 1.4155  lr 3.00e-04  tok/s  13,874  tok   6.8M/100M  ETA 112.0 min
[21:33:37] step   1700/24414  loss 1.5707  lr 3.00e-04  tok/s  13,889  tok   7.0M/100M  ETA 111.6 min
[21:33:51] step   1750/24414  loss 1.4934  lr 3.00e-04  tok/s  13,905  tok   7.2M/100M  ETA 111.3 min
[21:34:05] step   1800/24414  loss 1.6285  lr 3.00e-04  tok/s  13,918  tok   7.4M/100M  ETA 110.9 min
[21:34:19] step   1850/24414  loss 1.2192  lr 3.00e-04  tok/s  13,933  tok   7.6M/100M  ETA 110.6 min
[21:34:34] step   1900/24414  loss 1.4989  lr 3.00e-04  tok/s  13,945  tok   7.8M/100M  ETA 110.2 min
[21:34:48] step   1950/24414  loss 1.2815  lr 3.00e-04  tok/s  13,956  tok   8.0M/100M  ETA 109.9 min
[21:35:02] step   2000/24414  loss 1.4014  lr 3.00e-04  tok/s  13,966  tok   8.2M/100M  ETA 109.6 min
[21:35:16] step   2050/24414  loss 1.4516  lr 3.00e-04  tok/s  13,976  tok   8.4M/100M  ETA 109.2 min
[21:35:31] step   2100/24414  loss 1.4350  lr 3.00e-04  tok/s  13,987  tok   8.6M/100M  ETA 108.9 min
[21:35:45] step   2150/24414  loss 1.1604  lr 3.00e-04  tok/s  13,996  tok   8.8M/100M  ETA 108.6 min
[21:35:59] step   2200/24414  loss 1.5067  lr 3.00e-04  tok/s  14,006  tok   9.0M/100M  ETA 108.3 min
[21:36:13] step   2250/24414  loss 1.4918  lr 3.00e-04  tok/s  14,013  tok   9.2M/100M  ETA 108.0 min
[21:36:27] step   2300/24414  loss 1.5470  lr 3.00e-04  tok/s  14,021  tok   9.4M/100M  ETA 107.7 min
[21:36:42] step   2350/24414  loss 1.6608  lr 3.00e-04  tok/s  14,030  tok   9.6M/100M  ETA 107.4 min
[21:36:56] step   2400/24414  loss 1.3186  lr 3.00e-04  tok/s  14,037  tok   9.8M/100M  ETA 107.1 min
[21:37:10] step   2450/24414  loss 1.1979  lr 3.00e-04  tok/s  14,045  tok  10.0M/100M  ETA 106.8 min
[21:37:24] step   2500/24414  loss 1.4223  lr 3.00e-04  tok/s  14,052  tok  10.2M/100M  ETA 106.5 min
[21:37:38] step   2550/24414  loss 1.6086  lr 3.00e-04  tok/s  14,059  tok  10.4M/100M  ETA 106.2 min
[21:37:53] step   2600/24414  loss 1.4093  lr 3.00e-04  tok/s  14,066  tok  10.6M/100M  ETA 105.9 min
[21:38:07] step   2650/24414  loss 1.5977  lr 3.00e-04  tok/s  14,072  tok  10.9M/100M  ETA 105.6 min
[21:38:21] step   2700/24414  loss 1.6673  lr 3.00e-04  tok/s  14,078  tok  11.1M/100M  ETA 105.3 min
[21:38:35] step   2750/24414  loss 1.6064  lr 3.00e-04  tok/s  14,084  tok  11.3M/100M  ETA 105.0 min
[21:38:50] step   2800/24414  loss 1.5383  lr 3.00e-04  tok/s  14,089  tok  11.5M/100M  ETA 104.7 min
[21:39:04] step   2850/24414  loss 1.3625  lr 3.00e-04  tok/s  14,094  tok  11.7M/100M  ETA 104.4 min
[21:39:18] step   2900/24414  loss 1.3003  lr 3.00e-04  tok/s  14,099  tok  11.9M/100M  ETA 104.2 min
[21:39:32] step   2950/24414  loss 1.3527  lr 3.00e-04  tok/s  14,105  tok  12.1M/100M  ETA 103.9 min
[21:39:46] step   3000/24414  loss 1.4591  lr 3.00e-04  tok/s  14,110  tok  12.3M/100M  ETA 103.6 min
[21:40:01] step   3050/24414  loss 1.4184  lr 3.00e-04  tok/s  14,114  tok  12.5M/100M  ETA 103.3 min
[21:40:15] step   3100/24414  loss 1.3103  lr 3.00e-04  tok/s  14,118  tok  12.7M/100M  ETA 103.1 min
[21:40:29] step   3150/24414  loss 1.4303  lr 3.00e-04  tok/s  14,123  tok  12.9M/100M  ETA 102.8 min
[21:40:43] step   3200/24414  loss 1.4703  lr 3.00e-04  tok/s  14,128  tok  13.1M/100M  ETA 102.5 min
[21:40:58] step   3250/24414  loss 1.4087  lr 3.00e-04  tok/s  14,132  tok  13.3M/100M  ETA 102.2 min
[21:41:12] step   3300/24414  loss 1.4126  lr 3.00e-04  tok/s  14,136  tok  13.5M/100M  ETA 102.0 min
[21:41:26] step   3350/24414  loss 1.3469  lr 3.00e-04  tok/s  14,140  tok  13.7M/100M  ETA 101.7 min
[21:41:40] step   3400/24414  loss 1.4549  lr 3.00e-04  tok/s  14,144  tok  13.9M/100M  ETA 101.4 min
[21:41:54] step   3450/24414  loss 1.5824  lr 3.00e-04  tok/s  14,147  tok  14.1M/100M  ETA 101.2 min
[21:42:09] step   3500/24414  loss 1.2841  lr 3.00e-04  tok/s  14,151  tok  14.3M/100M  ETA 100.9 min
[21:42:23] step   3550/24414  loss 1.3866  lr 3.00e-04  tok/s  14,155  tok  14.5M/100M  ETA 100.6 min
[21:42:37] step   3600/24414  loss 1.3351  lr 3.00e-04  tok/s  14,158  tok  14.7M/100M  ETA 100.4 min
[21:42:51] step   3650/24414  loss 1.6094  lr 3.00e-04  tok/s  14,162  tok  15.0M/100M  ETA 100.1 min
[21:43:05] step   3700/24414  loss 1.3474  lr 3.00e-04  tok/s  14,166  tok  15.2M/100M  ETA  99.8 min
[21:43:20] step   3750/24414  loss 1.4494  lr 3.00e-04  tok/s  14,169  tok  15.4M/100M  ETA  99.6 min
[21:43:34] step   3800/24414  loss 1.5250  lr 3.00e-04  tok/s  14,165  tok  15.6M/100M  ETA  99.3 min
[21:43:49] step   3850/24414  loss 1.7854  lr 3.00e-04  tok/s  14,160  tok  15.8M/100M  ETA  99.1 min
[21:44:03] step   3900/24414  loss 1.4880  lr 3.00e-04  tok/s  14,163  tok  16.0M/100M  ETA  98.9 min
[21:44:18] step   3950/24414  loss 1.4702  lr 3.00e-04  tok/s  14,166  tok  16.2M/100M  ETA  98.6 min
[21:44:32] step   4000/24414  loss 1.2051  lr 3.00e-04  tok/s  14,167  tok  16.4M/100M  ETA  98.4 min
[21:44:47] step   4050/24414  loss 1.5626  lr 3.00e-04  tok/s  14,161  tok  16.6M/100M  ETA  98.2 min
[21:45:01] step   4100/24414  loss 1.2317  lr 3.00e-04  tok/s  14,164  tok  16.8M/100M  ETA  97.9 min
[21:45:15] step   4150/24414  loss 1.4615  lr 3.00e-04  tok/s  14,166  tok  17.0M/100M  ETA  97.7 min
[21:45:30] step   4200/24414  loss 1.1553  lr 3.00e-04  tok/s  14,169  tok  17.2M/100M  ETA  97.4 min
[21:45:44] step   4250/24414  loss 1.5875  lr 3.00e-04  tok/s  14,172  tok  17.4M/100M  ETA  97.1 min
[21:45:58] step   4300/24414  loss 1.3624  lr 3.00e-04  tok/s  14,172  tok  17.6M/100M  ETA  96.9 min
[21:46:13] step   4350/24414  loss 1.5156  lr 3.00e-04  tok/s  14,175  tok  17.8M/100M  ETA  96.6 min
[21:46:27] step   4400/24414  loss 1.3600  lr 3.00e-04  tok/s  14,177  tok  18.0M/100M  ETA  96.4 min
[21:46:41] step   4450/24414  loss 1.2748  lr 3.00e-04  tok/s  14,180  tok  18.2M/100M  ETA  96.1 min
[21:46:55] step   4500/24414  loss 1.3321  lr 3.00e-04  tok/s  14,182  tok  18.4M/100M  ETA  95.9 min
[21:47:10] step   4550/24414  loss 1.5238  lr 3.00e-04  tok/s  14,183  tok  18.6M/100M  ETA  95.6 min
[21:47:24] step   4600/24414  loss 1.5930  lr 3.00e-04  tok/s  14,185  tok  18.8M/100M  ETA  95.4 min
[21:47:38] step   4650/24414  loss 1.4189  lr 3.00e-04  tok/s  14,186  tok  19.0M/100M  ETA  95.1 min
[21:47:53] step   4700/24414  loss 1.4532  lr 3.00e-04  tok/s  14,182  tok  19.3M/100M  ETA  94.9 min
[21:48:08] step   4750/24414  loss 1.5887  lr 3.00e-04  tok/s  14,180  tok  19.5M/100M  ETA  94.7 min
[21:48:22] step   4800/24414  loss 1.2133  lr 3.00e-04  tok/s  14,182  tok  19.7M/100M  ETA  94.4 min
[21:48:36] step   4850/24414  loss 1.3531  lr 3.00e-04  tok/s  14,184  tok  19.9M/100M  ETA  94.2 min
[21:48:50] step   4900/24414  loss 1.4504  lr 3.00e-04  tok/s  14,186  tok  20.1M/100M  ETA  93.9 min
[21:49:05] step   4950/24414  loss 1.4263  lr 3.00e-04  tok/s  14,188  tok  20.3M/100M  ETA  93.7 min
[21:49:19] step   5000/24414  loss 1.2907  lr 3.00e-04  tok/s  14,191  tok  20.5M/100M  ETA  93.4 min
[21:49:33] step   5050/24414  loss 1.5463  lr 3.00e-04  tok/s  14,193  tok  20.7M/100M  ETA  93.1 min
[21:49:47] step   5100/24414  loss 1.3830  lr 3.00e-04  tok/s  14,195  tok  20.9M/100M  ETA  92.9 min
[21:50:01] step   5150/24414  loss 1.5785  lr 3.00e-04  tok/s  14,197  tok  21.1M/100M  ETA  92.6 min
[21:50:16] step   5200/24414  loss 1.4681  lr 3.00e-04  tok/s  14,198  tok  21.3M/100M  ETA  92.4 min
[21:50:30] step   5250/24414  loss 1.4852  lr 3.00e-04  tok/s  14,201  tok  21.5M/100M  ETA  92.1 min
[21:50:44] step   5300/24414  loss 1.3611  lr 3.00e-04  tok/s  14,203  tok  21.7M/100M  ETA  91.9 min
[21:50:58] step   5350/24414  loss 1.1762  lr 3.00e-04  tok/s  14,204  tok  21.9M/100M  ETA  91.6 min
[21:51:13] step   5400/24414  loss 1.1387  lr 3.00e-04  tok/s  14,206  tok  22.1M/100M  ETA  91.4 min
[21:51:27] step   5450/24414  loss 1.5036  lr 3.00e-04  tok/s  14,208  tok  22.3M/100M  ETA  91.1 min
[21:51:41] step   5500/24414  loss 1.4758  lr 3.00e-04  tok/s  14,210  tok  22.5M/100M  ETA  90.9 min
[21:51:55] step   5550/24414  loss 1.2969  lr 3.00e-04  tok/s  14,212  tok  22.7M/100M  ETA  90.6 min
[21:52:10] step   5600/24414  loss 1.3660  lr 3.00e-04  tok/s  14,212  tok  22.9M/100M  ETA  90.4 min
[21:52:24] step   5650/24414  loss 1.5688  lr 3.00e-04  tok/s  14,208  tok  23.1M/100M  ETA  90.2 min
[21:52:39] step   5700/24414  loss 1.4978  lr 3.00e-04  tok/s  14,209  tok  23.3M/100M  ETA  89.9 min
[21:52:53] step   5750/24414  loss 1.4105  lr 3.00e-04  tok/s  14,211  tok  23.6M/100M  ETA  89.7 min
[21:53:08] step   5800/24414  loss 1.2520  lr 3.00e-04  tok/s  14,207  tok  23.8M/100M  ETA  89.4 min
[21:53:22] step   5850/24414  loss 1.3592  lr 3.00e-04  tok/s  14,207  tok  24.0M/100M  ETA  89.2 min
[21:53:36] step   5900/24414  loss 1.2361  lr 3.00e-04  tok/s  14,208  tok  24.2M/100M  ETA  89.0 min
[21:53:51] step   5950/24414  loss 1.4411  lr 3.00e-04  tok/s  14,210  tok  24.4M/100M  ETA  88.7 min
[21:54:05] step   6000/24414  loss 1.3757  lr 3.00e-04  tok/s  14,210  tok  24.6M/100M  ETA  88.5 min
[21:54:20] step   6050/24414  loss 1.5873  lr 3.00e-04  tok/s  14,206  tok  24.8M/100M  ETA  88.2 min
[21:54:34] step   6100/24414  loss 1.4639  lr 3.00e-04  tok/s  14,207  tok  25.0M/100M  ETA  88.0 min
[21:54:49] step   6150/24414  loss 1.5165  lr 3.00e-04  tok/s  14,208  tok  25.2M/100M  ETA  87.8 min
[21:55:03] step   6200/24414  loss 1.4019  lr 3.00e-04  tok/s  14,209  tok  25.4M/100M  ETA  87.5 min
[21:55:17] step   6250/24414  loss 1.3776  lr 3.00e-04  tok/s  14,210  tok  25.6M/100M  ETA  87.3 min
[21:55:31] step   6300/24414  loss 1.4541  lr 3.00e-04  tok/s  14,212  tok  25.8M/100M  ETA  87.0 min
[21:55:46] step   6350/24414  loss 1.4365  lr 3.00e-04  tok/s  14,213  tok  26.0M/100M  ETA  86.8 min
[21:56:00] step   6400/24414  loss 1.5207  lr 3.00e-04  tok/s  14,214  tok  26.2M/100M  ETA  86.5 min
[21:56:14] step   6450/24414  loss 1.5972  lr 3.00e-04  tok/s  14,216  tok  26.4M/100M  ETA  86.3 min
[21:56:28] step   6500/24414  loss 1.4457  lr 3.00e-04  tok/s  14,218  tok  26.6M/100M  ETA  86.0 min
[21:56:42] step   6550/24414  loss 1.5021  lr 3.00e-04  tok/s  14,220  tok  26.8M/100M  ETA  85.8 min
[21:56:56] step   6600/24414  loss 1.2671  lr 3.00e-04  tok/s  14,222  tok  27.0M/100M  ETA  85.5 min
[21:57:11] step   6650/24414  loss 1.3036  lr 3.00e-04  tok/s  14,223  tok  27.2M/100M  ETA  85.3 min
[21:57:25] step   6700/24414  loss 1.3589  lr 3.00e-04  tok/s  14,225  tok  27.4M/100M  ETA  85.0 min
[21:57:39] step   6750/24414  loss 1.5667  lr 3.00e-04  tok/s  14,226  tok  27.6M/100M  ETA  84.8 min
[21:57:53] step   6800/24414  loss 1.2565  lr 3.00e-04  tok/s  14,227  tok  27.9M/100M  ETA  84.5 min
[21:58:08] step   6850/24414  loss 1.2759  lr 3.00e-04  tok/s  14,229  tok  28.1M/100M  ETA  84.3 min
[21:58:22] step   6900/24414  loss 1.3756  lr 3.00e-04  tok/s  14,230  tok  28.3M/100M  ETA  84.0 min
[21:58:36] step   6950/24414  loss 1.2126  lr 3.00e-04  tok/s  14,231  tok  28.5M/100M  ETA  83.8 min
[21:58:50] step   7000/24414  loss 1.3650  lr 3.00e-04  tok/s  14,232  tok  28.7M/100M  ETA  83.5 min
[21:59:04] step   7050/24414  loss 1.3796  lr 3.00e-04  tok/s  14,234  tok  28.9M/100M  ETA  83.3 min
[21:59:19] step   7100/24414  loss 1.2431  lr 3.00e-04  tok/s  14,235  tok  29.1M/100M  ETA  83.0 min
[21:59:33] step   7150/24414  loss 1.4081  lr 3.00e-04  tok/s  14,236  tok  29.3M/100M  ETA  82.8 min
[21:59:47] step   7200/24414  loss 1.3965  lr 3.00e-04  tok/s  14,237  tok  29.5M/100M  ETA  82.5 min
[22:00:01] step   7250/24414  loss 1.2928  lr 3.00e-04  tok/s  14,238  tok  29.7M/100M  ETA  82.3 min
[22:00:15] step   7300/24414  loss 1.2645  lr 3.00e-04  tok/s  14,239  tok  29.9M/100M  ETA  82.0 min
[22:00:30] step   7350/24414  loss 1.4981  lr 3.00e-04  tok/s  14,241  tok  30.1M/100M  ETA  81.8 min
[22:00:44] step   7400/24414  loss 1.2110  lr 3.00e-04  tok/s  14,242  tok  30.3M/100M  ETA  81.6 min
[22:00:58] step   7450/24414  loss 1.5073  lr 3.00e-04  tok/s  14,243  tok  30.5M/100M  ETA  81.3 min
[22:01:12] step   7500/24414  loss 1.2235  lr 3.00e-04  tok/s  14,245  tok  30.7M/100M  ETA  81.1 min
[22:01:26] step   7550/24414  loss 1.4013  lr 3.00e-04  tok/s  14,246  tok  30.9M/100M  ETA  80.8 min
[22:01:41] step   7600/24414  loss 1.1698  lr 3.00e-04  tok/s  14,247  tok  31.1M/100M  ETA  80.6 min
[22:01:55] step   7650/24414  loss 1.3177  lr 3.00e-04  tok/s  14,248  tok  31.3M/100M  ETA  80.3 min
[22:02:09] step   7700/24414  loss 1.2673  lr 3.00e-04  tok/s  14,249  tok  31.5M/100M  ETA  80.1 min
[22:02:23] step   7750/24414  loss 1.3929  lr 3.00e-04  tok/s  14,249  tok  31.7M/100M  ETA  79.8 min
[22:02:37] step   7800/24414  loss 1.4148  lr 3.00e-04  tok/s  14,251  tok  31.9M/100M  ETA  79.6 min
[22:02:52] step   7850/24414  loss 1.0691  lr 3.00e-04  tok/s  14,252  tok  32.2M/100M  ETA  79.3 min
[22:03:06] step   7900/24414  loss 1.3598  lr 3.00e-04  tok/s  14,252  tok  32.4M/100M  ETA  79.1 min
[22:03:20] step   7950/24414  loss 1.7177  lr 3.00e-04  tok/s  14,253  tok  32.6M/100M  ETA  78.9 min
[22:03:34] step   8000/24414  loss 1.1662  lr 3.00e-04  tok/s  14,254  tok  32.8M/100M  ETA  78.6 min
[22:03:49] step   8050/24414  loss 1.2709  lr 3.00e-04  tok/s  14,253  tok  33.0M/100M  ETA  78.4 min
[22:04:03] step   8100/24414  loss 1.3775  lr 3.00e-04  tok/s  14,254  tok  33.2M/100M  ETA  78.1 min
[22:04:17] step   8150/24414  loss 1.3961  lr 3.00e-04  tok/s  14,255  tok  33.4M/100M  ETA  77.9 min
[22:04:32] step   8200/24414  loss 1.3828  lr 3.00e-04  tok/s  14,256  tok  33.6M/100M  ETA  77.6 min
[22:04:46] step   8250/24414  loss 1.3829  lr 3.00e-04  tok/s  14,257  tok  33.8M/100M  ETA  77.4 min
[22:05:00] step   8300/24414  loss 1.2542  lr 3.00e-04  tok/s  14,258  tok  34.0M/100M  ETA  77.2 min
[22:05:14] step   8350/24414  loss 1.4364  lr 3.00e-04  tok/s  14,259  tok  34.2M/100M  ETA  76.9 min
[22:05:28] step   8400/24414  loss 1.3764  lr 3.00e-04  tok/s  14,260  tok  34.4M/100M  ETA  76.7 min
[22:05:43] step   8450/24414  loss 1.4736  lr 3.00e-04  tok/s  14,261  tok  34.6M/100M  ETA  76.4 min
[22:05:57] step   8500/24414  loss 1.2698  lr 3.00e-04  tok/s  14,262  tok  34.8M/100M  ETA  76.2 min
[22:06:11] step   8550/24414  loss 1.1405  lr 3.00e-04  tok/s  14,263  tok  35.0M/100M  ETA  75.9 min
[22:06:25] step   8600/24414  loss 1.6233  lr 3.00e-04  tok/s  14,264  tok  35.2M/100M  ETA  75.7 min
[22:06:39] step   8650/24414  loss 1.5667  lr 3.00e-04  tok/s  14,265  tok  35.4M/100M  ETA  75.4 min
[22:06:54] step   8700/24414  loss 1.2270  lr 3.00e-04  tok/s  14,265  tok  35.6M/100M  ETA  75.2 min
[22:07:08] step   8750/24414  loss 1.4359  lr 3.00e-04  tok/s  14,266  tok  35.8M/100M  ETA  75.0 min
[22:07:22] step   8800/24414  loss 1.5419  lr 3.00e-04  tok/s  14,267  tok  36.0M/100M  ETA  74.7 min
[22:07:36] step   8850/24414  loss 1.4238  lr 3.00e-04  tok/s  14,267  tok  36.2M/100M  ETA  74.5 min
[22:07:51] step   8900/24414  loss 1.2913  lr 3.00e-04  tok/s  14,268  tok  36.5M/100M  ETA  74.2 min
[22:08:05] step   8950/24414  loss 1.4570  lr 3.00e-04  tok/s  14,269  tok  36.7M/100M  ETA  74.0 min
[22:08:19] step   9000/24414  loss 1.4324  lr 3.00e-04  tok/s  14,269  tok  36.9M/100M  ETA  73.7 min
[22:08:33] step   9050/24414  loss 1.5914  lr 3.00e-04  tok/s  14,270  tok  37.1M/100M  ETA  73.5 min
[22:08:47] step   9100/24414  loss 1.5067  lr 3.00e-04  tok/s  14,271  tok  37.3M/100M  ETA  73.3 min
[22:09:02] step   9150/24414  loss 1.4440  lr 3.00e-04  tok/s  14,272  tok  37.5M/100M  ETA  73.0 min
[22:09:16] step   9200/24414  loss 1.2415  lr 3.00e-04  tok/s  14,272  tok  37.7M/100M  ETA  72.8 min
[22:09:30] step   9250/24414  loss 1.3970  lr 3.00e-04  tok/s  14,273  tok  37.9M/100M  ETA  72.5 min
[22:09:44] step   9300/24414  loss 1.4224  lr 3.00e-04  tok/s  14,274  tok  38.1M/100M  ETA  72.3 min
[22:09:58] step   9350/24414  loss 1.5366  lr 3.00e-04  tok/s  14,275  tok  38.3M/100M  ETA  72.0 min
[22:10:13] step   9400/24414  loss 1.2793  lr 3.00e-04  tok/s  14,276  tok  38.5M/100M  ETA  71.8 min
[22:10:27] step   9450/24414  loss 1.5174  lr 3.00e-04  tok/s  14,276  tok  38.7M/100M  ETA  71.6 min
[22:10:41] step   9500/24414  loss 1.1401  lr 3.00e-04  tok/s  14,277  tok  38.9M/100M  ETA  71.3 min
[22:10:55] step   9550/24414  loss 1.3452  lr 3.00e-04  tok/s  14,277  tok  39.1M/100M  ETA  71.1 min
[22:11:10] step   9600/24414  loss 1.3152  lr 3.00e-04  tok/s  14,278  tok  39.3M/100M  ETA  70.8 min
[22:11:24] step   9650/24414  loss 1.2513  lr 3.00e-04  tok/s  14,279  tok  39.5M/100M  ETA  70.6 min
[22:11:38] step   9700/24414  loss 1.3036  lr 3.00e-04  tok/s  14,279  tok  39.7M/100M  ETA  70.3 min
[22:11:52] step   9750/24414  loss 1.4237  lr 3.00e-04  tok/s  14,280  tok  39.9M/100M  ETA  70.1 min
[22:12:06] step   9800/24414  loss 1.0834  lr 3.00e-04  tok/s  14,281  tok  40.1M/100M  ETA  69.9 min
[22:12:21] step   9850/24414  loss 1.4013  lr 3.00e-04  tok/s  14,281  tok  40.3M/100M  ETA  69.6 min
[22:12:35] step   9900/24414  loss 1.2376  lr 3.00e-04  tok/s  14,282  tok  40.6M/100M  ETA  69.4 min
[22:12:49] step   9950/24414  loss 1.2402  lr 3.00e-04  tok/s  14,282  tok  40.8M/100M  ETA  69.1 min
[22:13:03] step  10000/24414  loss 1.2432  lr 3.00e-04  tok/s  14,283  tok  41.0M/100M  ETA  68.9 min
[22:13:17] step  10050/24414  loss 1.3259  lr 3.00e-04  tok/s  14,284  tok  41.2M/100M  ETA  68.6 min
[22:13:32] step  10100/24414  loss 1.5834  lr 3.00e-04  tok/s  14,285  tok  41.4M/100M  ETA  68.4 min
[22:13:46] step  10150/24414  loss 1.5573  lr 3.00e-04  tok/s  14,285  tok  41.6M/100M  ETA  68.2 min
[22:14:00] step  10200/24414  loss 1.3832  lr 3.00e-04  tok/s  14,286  tok  41.8M/100M  ETA  67.9 min
[22:14:14] step  10250/24414  loss 1.3886  lr 3.00e-04  tok/s  14,286  tok  42.0M/100M  ETA  67.7 min
[22:14:29] step  10300/24414  loss 1.4817  lr 3.00e-04  tok/s  14,287  tok  42.2M/100M  ETA  67.4 min
[22:14:43] step  10350/24414  loss 1.2632  lr 3.00e-04  tok/s  14,287  tok  42.4M/100M  ETA  67.2 min
[22:14:57] step  10400/24414  loss 1.2476  lr 3.00e-04  tok/s  14,288  tok  42.6M/100M  ETA  67.0 min
[22:15:11] step  10450/24414  loss 1.2735  lr 3.00e-04  tok/s  14,288  tok  42.8M/100M  ETA  66.7 min
[22:15:26] step  10500/24414  loss 1.6050  lr 3.00e-04  tok/s  14,289  tok  43.0M/100M  ETA  66.5 min
[22:15:40] step  10550/24414  loss 1.2929  lr 3.00e-04  tok/s  14,289  tok  43.2M/100M  ETA  66.2 min
[22:15:54] step  10600/24414  loss 1.4566  lr 3.00e-04  tok/s  14,289  tok  43.4M/100M  ETA  66.0 min
[22:16:08] step  10650/24414  loss 1.3710  lr 3.00e-04  tok/s  14,290  tok  43.6M/100M  ETA  65.8 min
[22:16:22] step  10700/24414  loss 1.2156  lr 3.00e-04  tok/s  14,291  tok  43.8M/100M  ETA  65.5 min
[22:16:37] step  10750/24414  loss 1.4599  lr 3.00e-04  tok/s  14,291  tok  44.0M/100M  ETA  65.3 min
[22:16:51] step  10800/24414  loss 1.1406  lr 3.00e-04  tok/s  14,292  tok  44.2M/100M  ETA  65.0 min
[22:17:05] step  10850/24414  loss 1.4127  lr 3.00e-04  tok/s  14,292  tok  44.4M/100M  ETA  64.8 min
[22:17:19] step  10900/24414  loss 1.2285  lr 3.00e-04  tok/s  14,293  tok  44.6M/100M  ETA  64.5 min
[22:17:33] step  10950/24414  loss 1.5245  lr 3.00e-04  tok/s  14,294  tok  44.9M/100M  ETA  64.3 min
[22:17:48] step  11000/24414  loss 1.2595  lr 3.00e-04  tok/s  14,294  tok  45.1M/100M  ETA  64.1 min
[22:18:02] step  11050/24414  loss 1.4893  lr 3.00e-04  tok/s  14,295  tok  45.3M/100M  ETA  63.8 min
[22:18:16] step  11100/24414  loss 1.3558  lr 3.00e-04  tok/s  14,296  tok  45.5M/100M  ETA  63.6 min
[22:18:30] step  11150/24414  loss 1.5050  lr 3.00e-04  tok/s  14,296  tok  45.7M/100M  ETA  63.3 min
[22:18:44] step  11200/24414  loss 1.2728  lr 3.00e-04  tok/s  14,297  tok  45.9M/100M  ETA  63.1 min
[22:18:59] step  11250/24414  loss 1.2491  lr 3.00e-04  tok/s  14,297  tok  46.1M/100M  ETA  62.9 min
[22:19:13] step  11300/24414  loss 1.3709  lr 3.00e-04  tok/s  14,298  tok  46.3M/100M  ETA  62.6 min
[22:19:27] step  11350/24414  loss 1.3976  lr 3.00e-04  tok/s  14,298  tok  46.5M/100M  ETA  62.4 min
[22:19:41] step  11400/24414  loss 1.4072  lr 3.00e-04  tok/s  14,299  tok  46.7M/100M  ETA  62.1 min
[22:19:55] step  11450/24414  loss 1.3818  lr 3.00e-04  tok/s  14,299  tok  46.9M/100M  ETA  61.9 min
[22:20:10] step  11500/24414  loss 1.0776  lr 3.00e-04  tok/s  14,300  tok  47.1M/100M  ETA  61.7 min
[22:20:24] step  11550/24414  loss 1.5275  lr 3.00e-04  tok/s  14,300  tok  47.3M/100M  ETA  61.4 min
[22:20:38] step  11600/24414  loss 1.2624  lr 3.00e-04  tok/s  14,301  tok  47.5M/100M  ETA  61.2 min
[22:20:52] step  11650/24414  loss 1.2828  lr 3.00e-04  tok/s  14,301  tok  47.7M/100M  ETA  60.9 min
[22:21:06] step  11700/24414  loss 1.3306  lr 3.00e-04  tok/s  14,302  tok  47.9M/100M  ETA  60.7 min
[22:21:21] step  11750/24414  loss 1.4106  lr 3.00e-04  tok/s  14,302  tok  48.1M/100M  ETA  60.4 min
[22:21:35] step  11800/24414  loss 1.6247  lr 3.00e-04  tok/s  14,303  tok  48.3M/100M  ETA  60.2 min
[22:21:49] step  11850/24414  loss 1.3979  lr 3.00e-04  tok/s  14,303  tok  48.5M/100M  ETA  60.0 min
[22:22:03] step  11900/24414  loss 1.2706  lr 3.00e-04  tok/s  14,303  tok  48.7M/100M  ETA  59.7 min
[22:22:18] step  11950/24414  loss 1.1793  lr 3.00e-04  tok/s  14,304  tok  48.9M/100M  ETA  59.5 min
[22:22:32] step  12000/24414  loss 1.4152  lr 3.00e-04  tok/s  14,304  tok  49.2M/100M  ETA  59.2 min
[22:22:46] step  12050/24414  loss 1.3037  lr 3.00e-04  tok/s  14,303  tok  49.4M/100M  ETA  59.0 min
[22:23:01] step  12100/24414  loss 1.3521  lr 3.00e-04  tok/s  14,304  tok  49.6M/100M  ETA  58.8 min
[22:23:15] step  12150/24414  loss 1.4928  lr 3.00e-04  tok/s  14,304  tok  49.8M/100M  ETA  58.5 min
[22:23:29] step  12200/24414  loss 1.2795  lr 3.00e-04  tok/s  14,304  tok  50.0M/100M  ETA  58.3 min
[22:23:43] step  12250/24414  loss 1.4967  lr 3.00e-04  tok/s  14,304  tok  50.2M/100M  ETA  58.1 min
[22:23:58] step  12300/24414  loss 1.3225  lr 3.00e-04  tok/s  14,305  tok  50.4M/100M  ETA  57.8 min
[22:24:12] step  12350/24414  loss 1.1863  lr 3.00e-04  tok/s  14,305  tok  50.6M/100M  ETA  57.6 min
[22:24:26] step  12400/24414  loss 1.4353  lr 3.00e-04  tok/s  14,305  tok  50.8M/100M  ETA  57.3 min
[22:24:40] step  12450/24414  loss 1.3329  lr 3.00e-04  tok/s  14,306  tok  51.0M/100M  ETA  57.1 min
[22:24:55] step  12500/24414  loss 1.4442  lr 3.00e-04  tok/s  14,306  tok  51.2M/100M  ETA  56.9 min
[22:25:09] step  12550/24414  loss 1.2654  lr 3.00e-04  tok/s  14,306  tok  51.4M/100M  ETA  56.6 min
[22:25:23] step  12600/24414  loss 1.3067  lr 3.00e-04  tok/s  14,306  tok  51.6M/100M  ETA  56.4 min
[22:25:37] step  12650/24414  loss 1.3134  lr 3.00e-04  tok/s  14,306  tok  51.8M/100M  ETA  56.1 min
[22:25:52] step  12700/24414  loss 1.1677  lr 3.00e-04  tok/s  14,307  tok  52.0M/100M  ETA  55.9 min
[22:26:06] step  12750/24414  loss 1.2839  lr 3.00e-04  tok/s  14,307  tok  52.2M/100M  ETA  55.7 min
[22:26:20] step  12800/24414  loss 1.5222  lr 3.00e-04  tok/s  14,307  tok  52.4M/100M  ETA  55.4 min
[22:26:34] step  12850/24414  loss 1.6082  lr 3.00e-04  tok/s  14,308  tok  52.6M/100M  ETA  55.2 min
[22:26:48] step  12900/24414  loss 1.4121  lr 3.00e-04  tok/s  14,308  tok  52.8M/100M  ETA  54.9 min
[22:27:03] step  12950/24414  loss 1.2784  lr 3.00e-04  tok/s  14,309  tok  53.0M/100M  ETA  54.7 min
[22:27:17] step  13000/24414  loss 1.2750  lr 3.00e-04  tok/s  14,309  tok  53.2M/100M  ETA  54.5 min
[22:27:31] step  13050/24414  loss 1.2639  lr 3.00e-04  tok/s  14,309  tok  53.5M/100M  ETA  54.2 min
[22:27:45] step  13100/24414  loss 1.5073  lr 3.00e-04  tok/s  14,310  tok  53.7M/100M  ETA  54.0 min
[22:28:00] step  13150/24414  loss 1.2314  lr 3.00e-04  tok/s  14,310  tok  53.9M/100M  ETA  53.7 min
[22:28:14] step  13200/24414  loss 1.1367  lr 3.00e-04  tok/s  14,310  tok  54.1M/100M  ETA  53.5 min
[22:28:28] step  13250/24414  loss 1.3983  lr 3.00e-04  tok/s  14,311  tok  54.3M/100M  ETA  53.3 min
[22:28:42] step  13300/24414  loss 1.4481  lr 3.00e-04  tok/s  14,311  tok  54.5M/100M  ETA  53.0 min
[22:28:56] step  13350/24414  loss 1.3858  lr 3.00e-04  tok/s  14,311  tok  54.7M/100M  ETA  52.8 min
[22:29:11] step  13400/24414  loss 1.4041  lr 3.00e-04  tok/s  14,312  tok  54.9M/100M  ETA  52.5 min
[22:29:25] step  13450/24414  loss 1.3478  lr 3.00e-04  tok/s  14,312  tok  55.1M/100M  ETA  52.3 min
[22:29:39] step  13500/24414  loss 1.4793  lr 3.00e-04  tok/s  14,313  tok  55.3M/100M  ETA  52.1 min
[22:29:53] step  13550/24414  loss 1.5808  lr 3.00e-04  tok/s  14,313  tok  55.5M/100M  ETA  51.8 min
[22:30:07] step  13600/24414  loss 1.1365  lr 3.00e-04  tok/s  14,314  tok  55.7M/100M  ETA  51.6 min
[22:30:22] step  13650/24414  loss 1.1286  lr 3.00e-04  tok/s  14,314  tok  55.9M/100M  ETA  51.3 min
[22:30:36] step  13700/24414  loss 1.2675  lr 3.00e-04  tok/s  14,315  tok  56.1M/100M  ETA  51.1 min
[22:30:50] step  13750/24414  loss 1.2047  lr 3.00e-04  tok/s  14,315  tok  56.3M/100M  ETA  50.9 min
[22:31:04] step  13800/24414  loss 1.5551  lr 3.00e-04  tok/s  14,315  tok  56.5M/100M  ETA  50.6 min
[22:31:18] step  13850/24414  loss 1.4536  lr 3.00e-04  tok/s  14,315  tok  56.7M/100M  ETA  50.4 min
[22:31:33] step  13900/24414  loss 1.3689  lr 3.00e-04  tok/s  14,316  tok  56.9M/100M  ETA  50.1 min
[22:31:47] step  13950/24414  loss 1.0788  lr 3.00e-04  tok/s  14,316  tok  57.1M/100M  ETA  49.9 min
[22:32:01] step  14000/24414  loss 1.1930  lr 3.00e-04  tok/s  14,316  tok  57.3M/100M  ETA  49.7 min
[22:32:15] step  14050/24414  loss 1.2494  lr 3.00e-04  tok/s  14,317  tok  57.5M/100M  ETA  49.4 min
[22:32:29] step  14100/24414  loss 1.1532  lr 3.00e-04  tok/s  14,317  tok  57.8M/100M  ETA  49.2 min
[22:32:44] step  14150/24414  loss 1.0881  lr 3.00e-04  tok/s  14,317  tok  58.0M/100M  ETA  48.9 min
[22:32:58] step  14200/24414  loss 1.3602  lr 3.00e-04  tok/s  14,318  tok  58.2M/100M  ETA  48.7 min
[22:33:12] step  14250/24414  loss 1.4481  lr 3.00e-04  tok/s  14,318  tok  58.4M/100M  ETA  48.5 min
[22:33:26] step  14300/24414  loss 1.1154  lr 3.00e-04  tok/s  14,318  tok  58.6M/100M  ETA  48.2 min
[22:33:41] step  14350/24414  loss 1.2702  lr 3.00e-04  tok/s  14,319  tok  58.8M/100M  ETA  48.0 min
[22:33:55] step  14400/24414  loss 1.0350  lr 3.00e-04  tok/s  14,319  tok  59.0M/100M  ETA  47.7 min
[22:34:09] step  14450/24414  loss 1.4095  lr 3.00e-04  tok/s  14,319  tok  59.2M/100M  ETA  47.5 min
[22:34:23] step  14500/24414  loss 1.3819  lr 3.00e-04  tok/s  14,320  tok  59.4M/100M  ETA  47.3 min
[22:34:37] step  14550/24414  loss 1.4841  lr 3.00e-04  tok/s  14,320  tok  59.6M/100M  ETA  47.0 min
[22:34:52] step  14600/24414  loss 1.2348  lr 3.00e-04  tok/s  14,320  tok  59.8M/100M  ETA  46.8 min
[22:35:06] step  14650/24414  loss 1.3114  lr 3.00e-04  tok/s  14,320  tok  60.0M/100M  ETA  46.5 min
[22:35:20] step  14700/24414  loss 1.4278  lr 3.00e-04  tok/s  14,321  tok  60.2M/100M  ETA  46.3 min
[22:35:34] step  14750/24414  loss 1.2783  lr 3.00e-04  tok/s  14,321  tok  60.4M/100M  ETA  46.1 min
[22:35:48] step  14800/24414  loss 1.3582  lr 3.00e-04  tok/s  14,321  tok  60.6M/100M  ETA  45.8 min
[22:36:03] step  14850/24414  loss 1.3850  lr 3.00e-04  tok/s  14,322  tok  60.8M/100M  ETA  45.6 min
[22:36:17] step  14900/24414  loss 1.2111  lr 3.00e-04  tok/s  14,322  tok  61.0M/100M  ETA  45.3 min
[22:36:31] step  14950/24414  loss 1.5250  lr 3.00e-04  tok/s  14,322  tok  61.2M/100M  ETA  45.1 min
[22:36:45] step  15000/24414  loss 1.5345  lr 3.00e-04  tok/s  14,323  tok  61.4M/100M  ETA  44.9 min
[22:37:00] step  15050/24414  loss 1.6634  lr 3.00e-04  tok/s  14,323  tok  61.6M/100M  ETA  44.6 min
[22:37:14] step  15100/24414  loss 1.4378  lr 3.00e-04  tok/s  14,323  tok  61.8M/100M  ETA  44.4 min
[22:37:28] step  15150/24414  loss 1.7220  lr 3.00e-04  tok/s  14,323  tok  62.1M/100M  ETA  44.2 min
[22:37:42] step  15200/24414  loss 1.3514  lr 3.00e-04  tok/s  14,324  tok  62.3M/100M  ETA  43.9 min
[22:37:56] step  15250/24414  loss 1.5530  lr 3.00e-04  tok/s  14,324  tok  62.5M/100M  ETA  43.7 min
[22:38:11] step  15300/24414  loss 1.5349  lr 3.00e-04  tok/s  14,324  tok  62.7M/100M  ETA  43.4 min
[22:38:25] step  15350/24414  loss 1.2005  lr 3.00e-04  tok/s  14,325  tok  62.9M/100M  ETA  43.2 min
[22:38:39] step  15400/24414  loss 1.2275  lr 3.00e-04  tok/s  14,325  tok  63.1M/100M  ETA  43.0 min
[22:38:53] step  15450/24414  loss 1.1162  lr 3.00e-04  tok/s  14,325  tok  63.3M/100M  ETA  42.7 min
[22:39:07] step  15500/24414  loss 1.2317  lr 3.00e-04  tok/s  14,326  tok  63.5M/100M  ETA  42.5 min
[22:39:22] step  15550/24414  loss 1.1332  lr 3.00e-04  tok/s  14,326  tok  63.7M/100M  ETA  42.2 min
[22:39:36] step  15600/24414  loss 1.3505  lr 3.00e-04  tok/s  14,326  tok  63.9M/100M  ETA  42.0 min
[22:39:50] step  15650/24414  loss 1.5406  lr 3.00e-04  tok/s  14,326  tok  64.1M/100M  ETA  41.8 min
[22:40:04] step  15700/24414  loss 1.4571  lr 3.00e-04  tok/s  14,327  tok  64.3M/100M  ETA  41.5 min
[22:40:18] step  15750/24414  loss 1.4132  lr 3.00e-04  tok/s  14,327  tok  64.5M/100M  ETA  41.3 min
[22:40:33] step  15800/24414  loss 1.4096  lr 3.00e-04  tok/s  14,327  tok  64.7M/100M  ETA  41.0 min
[22:40:47] step  15850/24414  loss 1.6408  lr 3.00e-04  tok/s  14,328  tok  64.9M/100M  ETA  40.8 min
[22:41:01] step  15900/24414  loss 1.2386  lr 3.00e-04  tok/s  14,328  tok  65.1M/100M  ETA  40.6 min
[22:41:15] step  15950/24414  loss 1.4101  lr 3.00e-04  tok/s  14,328  tok  65.3M/100M  ETA  40.3 min
[22:41:29] step  16000/24414  loss 1.5943  lr 3.00e-04  tok/s  14,329  tok  65.5M/100M  ETA  40.1 min
[22:41:44] step  16050/24414  loss 1.3747  lr 3.00e-04  tok/s  14,328  tok  65.7M/100M  ETA  39.9 min
[22:41:58] step  16100/24414  loss 1.1548  lr 3.00e-04  tok/s  14,328  tok  65.9M/100M  ETA  39.6 min
[22:42:12] step  16150/24414  loss 1.4089  lr 3.00e-04  tok/s  14,329  tok  66.2M/100M  ETA  39.4 min
[22:42:27] step  16200/24414  loss 1.3955  lr 3.00e-04  tok/s  14,329  tok  66.4M/100M  ETA  39.1 min
[22:42:41] step  16250/24414  loss 1.3770  lr 3.00e-04  tok/s  14,329  tok  66.6M/100M  ETA  38.9 min
[22:42:55] step  16300/24414  loss 1.1084  lr 3.00e-04  tok/s  14,329  tok  66.8M/100M  ETA  38.7 min
[22:43:09] step  16350/24414  loss 1.2554  lr 3.00e-04  tok/s  14,329  tok  67.0M/100M  ETA  38.4 min
[22:43:23] step  16400/24414  loss 1.4529  lr 3.00e-04  tok/s  14,330  tok  67.2M/100M  ETA  38.2 min
[22:43:38] step  16450/24414  loss 1.3913  lr 3.00e-04  tok/s  14,330  tok  67.4M/100M  ETA  37.9 min
[22:43:52] step  16500/24414  loss 1.4294  lr 3.00e-04  tok/s  14,330  tok  67.6M/100M  ETA  37.7 min
[22:44:06] step  16550/24414  loss 1.3889  lr 3.00e-04  tok/s  14,330  tok  67.8M/100M  ETA  37.5 min
[22:44:20] step  16600/24414  loss 1.6096  lr 3.00e-04  tok/s  14,331  tok  68.0M/100M  ETA  37.2 min
[22:44:34] step  16650/24414  loss 1.4371  lr 3.00e-04  tok/s  14,331  tok  68.2M/100M  ETA  37.0 min
[22:44:49] step  16700/24414  loss 1.3961  lr 3.00e-04  tok/s  14,331  tok  68.4M/100M  ETA  36.7 min
[22:45:03] step  16750/24414  loss 1.2092  lr 3.00e-04  tok/s  14,332  tok  68.6M/100M  ETA  36.5 min
[22:45:17] step  16800/24414  loss 1.5553  lr 3.00e-04  tok/s  14,332  tok  68.8M/100M  ETA  36.3 min
[22:45:31] step  16850/24414  loss 1.3105  lr 3.00e-04  tok/s  14,332  tok  69.0M/100M  ETA  36.0 min
[22:45:45] step  16900/24414  loss 1.2886  lr 3.00e-04  tok/s  14,332  tok  69.2M/100M  ETA  35.8 min
[22:46:00] step  16950/24414  loss 1.3472  lr 3.00e-04  tok/s  14,333  tok  69.4M/100M  ETA  35.6 min
[22:46:14] step  17000/24414  loss 1.4721  lr 3.00e-04  tok/s  14,333  tok  69.6M/100M  ETA  35.3 min
[22:46:28] step  17050/24414  loss 1.2858  lr 3.00e-04  tok/s  14,333  tok  69.8M/100M  ETA  35.1 min
[22:46:42] step  17100/24414  loss 1.1930  lr 3.00e-04  tok/s  14,334  tok  70.0M/100M  ETA  34.8 min
[22:46:56] step  17150/24414  loss 1.7237  lr 3.00e-04  tok/s  14,334  tok  70.2M/100M  ETA  34.6 min
[22:47:11] step  17200/24414  loss 1.4497  lr 3.00e-04  tok/s  14,334  tok  70.5M/100M  ETA  34.4 min
[22:47:25] step  17250/24414  loss 1.2132  lr 3.00e-04  tok/s  14,334  tok  70.7M/100M  ETA  34.1 min
[22:47:39] step  17300/24414  loss 1.2696  lr 3.00e-04  tok/s  14,334  tok  70.9M/100M  ETA  33.9 min
[22:47:53] step  17350/24414  loss 1.2335  lr 3.00e-04  tok/s  14,335  tok  71.1M/100M  ETA  33.6 min
[22:48:07] step  17400/24414  loss 1.4398  lr 3.00e-04  tok/s  14,335  tok  71.3M/100M  ETA  33.4 min
[22:48:22] step  17450/24414  loss 1.3812  lr 3.00e-04  tok/s  14,335  tok  71.5M/100M  ETA  33.2 min
[22:48:36] step  17500/24414  loss 1.4463  lr 3.00e-04  tok/s  14,335  tok  71.7M/100M  ETA  32.9 min
[22:48:50] step  17550/24414  loss 1.2006  lr 3.00e-04  tok/s  14,336  tok  71.9M/100M  ETA  32.7 min
[22:49:04] step  17600/24414  loss 1.4236  lr 3.00e-04  tok/s  14,336  tok  72.1M/100M  ETA  32.4 min
[22:49:18] step  17650/24414  loss 1.6204  lr 3.00e-04  tok/s  14,336  tok  72.3M/100M  ETA  32.2 min
[22:49:33] step  17700/24414  loss 1.5679  lr 3.00e-04  tok/s  14,337  tok  72.5M/100M  ETA  32.0 min
[22:49:47] step  17750/24414  loss 1.2428  lr 3.00e-04  tok/s  14,337  tok  72.7M/100M  ETA  31.7 min
[22:50:01] step  17800/24414  loss 1.3389  lr 3.00e-04  tok/s  14,337  tok  72.9M/100M  ETA  31.5 min
[22:50:15] step  17850/24414  loss 1.3979  lr 3.00e-04  tok/s  14,337  tok  73.1M/100M  ETA  31.3 min
[22:50:29] step  17900/24414  loss 1.0453  lr 3.00e-04  tok/s  14,337  tok  73.3M/100M  ETA  31.0 min
[22:50:44] step  17950/24414  loss 1.2238  lr 3.00e-04  tok/s  14,337  tok  73.5M/100M  ETA  30.8 min
[22:50:58] step  18000/24414  loss 1.1205  lr 3.00e-04  tok/s  14,338  tok  73.7M/100M  ETA  30.5 min
[22:51:12] step  18050/24414  loss 1.2551  lr 3.00e-04  tok/s  14,338  tok  73.9M/100M  ETA  30.3 min
[22:51:26] step  18100/24414  loss 1.1796  lr 3.00e-04  tok/s  14,338  tok  74.1M/100M  ETA  30.1 min
[22:51:41] step  18150/24414  loss 1.5429  lr 3.00e-04  tok/s  14,338  tok  74.3M/100M  ETA  29.8 min
[22:51:55] step  18200/24414  loss 1.1237  lr 3.00e-04  tok/s  14,338  tok  74.5M/100M  ETA  29.6 min
[22:52:09] step  18250/24414  loss 1.4944  lr 3.00e-04  tok/s  14,339  tok  74.8M/100M  ETA  29.3 min
[22:52:23] step  18300/24414  loss 1.1519  lr 3.00e-04  tok/s  14,339  tok  75.0M/100M  ETA  29.1 min
[22:52:37] step  18350/24414  loss 1.3893  lr 3.00e-04  tok/s  14,339  tok  75.2M/100M  ETA  28.9 min
[22:52:52] step  18400/24414  loss 1.2453  lr 3.00e-04  tok/s  14,339  tok  75.4M/100M  ETA  28.6 min
[22:53:06] step  18450/24414  loss 1.2571  lr 3.00e-04  tok/s  14,339  tok  75.6M/100M  ETA  28.4 min
[22:53:20] step  18500/24414  loss 1.2065  lr 3.00e-04  tok/s  14,340  tok  75.8M/100M  ETA  28.2 min
[22:53:34] step  18550/24414  loss 1.2848  lr 3.00e-04  tok/s  14,340  tok  76.0M/100M  ETA  27.9 min
[22:53:48] step  18600/24414  loss 1.5149  lr 3.00e-04  tok/s  14,340  tok  76.2M/100M  ETA  27.7 min
[22:54:03] step  18650/24414  loss 1.5675  lr 3.00e-04  tok/s  14,340  tok  76.4M/100M  ETA  27.4 min
[22:54:17] step  18700/24414  loss 1.5378  lr 3.00e-04  tok/s  14,340  tok  76.6M/100M  ETA  27.2 min
[22:54:31] step  18750/24414  loss 1.5657  lr 3.00e-04  tok/s  14,341  tok  76.8M/100M  ETA  27.0 min
[22:54:45] step  18800/24414  loss 1.4319  lr 3.00e-04  tok/s  14,341  tok  77.0M/100M  ETA  26.7 min
[22:54:59] step  18850/24414  loss 1.3357  lr 3.00e-04  tok/s  14,341  tok  77.2M/100M  ETA  26.5 min
[22:55:14] step  18900/24414  loss 1.1065  lr 3.00e-04  tok/s  14,341  tok  77.4M/100M  ETA  26.2 min
[22:55:28] step  18950/24414  loss 1.1858  lr 3.00e-04  tok/s  14,341  tok  77.6M/100M  ETA  26.0 min
[22:55:42] step  19000/24414  loss 1.5812  lr 3.00e-04  tok/s  14,342  tok  77.8M/100M  ETA  25.8 min
[22:55:56] step  19050/24414  loss 1.3420  lr 3.00e-04  tok/s  14,342  tok  78.0M/100M  ETA  25.5 min
[22:56:10] step  19100/24414  loss 1.1305  lr 3.00e-04  tok/s  14,342  tok  78.2M/100M  ETA  25.3 min
[22:56:25] step  19150/24414  loss 1.4352  lr 3.00e-04  tok/s  14,342  tok  78.4M/100M  ETA  25.1 min
[22:56:39] step  19200/24414  loss 1.5914  lr 3.00e-04  tok/s  14,342  tok  78.6M/100M  ETA  24.8 min
[22:56:53] step  19250/24414  loss 1.3151  lr 3.00e-04  tok/s  14,343  tok  78.8M/100M  ETA  24.6 min
[22:57:07] step  19300/24414  loss 1.6284  lr 3.00e-04  tok/s  14,343  tok  79.1M/100M  ETA  24.3 min
[22:57:22] step  19350/24414  loss 1.3042  lr 3.00e-04  tok/s  14,343  tok  79.3M/100M  ETA  24.1 min
[22:57:36] step  19400/24414  loss 1.2194  lr 3.00e-04  tok/s  14,343  tok  79.5M/100M  ETA  23.9 min
[22:57:50] step  19450/24414  loss 1.3551  lr 3.00e-04  tok/s  14,343  tok  79.7M/100M  ETA  23.6 min
[22:58:04] step  19500/24414  loss 1.1258  lr 3.00e-04  tok/s  14,343  tok  79.9M/100M  ETA  23.4 min
[22:58:18] step  19550/24414  loss 1.4277  lr 2.99e-04  tok/s  14,344  tok  80.1M/100M  ETA  23.1 min
[22:58:33] step  19600/24414  loss 1.1109  lr 2.96e-04  tok/s  14,344  tok  80.3M/100M  ETA  22.9 min
[22:58:47] step  19650/24414  loss 1.2401  lr 2.93e-04  tok/s  14,344  tok  80.5M/100M  ETA  22.7 min
[22:59:01] step  19700/24414  loss 1.3775  lr 2.90e-04  tok/s  14,344  tok  80.7M/100M  ETA  22.4 min
[22:59:15] step  19750/24414  loss 1.3351  lr 2.87e-04  tok/s  14,344  tok  80.9M/100M  ETA  22.2 min
[22:59:29] step  19800/24414  loss 1.2055  lr 2.83e-04  tok/s  14,345  tok  81.1M/100M  ETA  22.0 min
[22:59:44] step  19850/24414  loss 1.4017  lr 2.80e-04  tok/s  14,345  tok  81.3M/100M  ETA  21.7 min
[22:59:58] step  19900/24414  loss 1.2659  lr 2.77e-04  tok/s  14,345  tok  81.5M/100M  ETA  21.5 min
[23:00:12] step  19950/24414  loss 1.3466  lr 2.74e-04  tok/s  14,345  tok  81.7M/100M  ETA  21.2 min
[23:00:26] step  20000/24414  loss 1.1759  lr 2.71e-04  tok/s  14,346  tok  81.9M/100M  ETA  21.0 min
[23:00:41] step  20050/24414  loss 1.3846  lr 2.68e-04  tok/s  14,345  tok  82.1M/100M  ETA  20.8 min
[23:00:55] step  20100/24414  loss 1.2466  lr 2.65e-04  tok/s  14,345  tok  82.3M/100M  ETA  20.5 min
[23:01:09] step  20150/24414  loss 1.2320  lr 2.62e-04  tok/s  14,345  tok  82.5M/100M  ETA  20.3 min
[23:01:23] step  20200/24414  loss 1.3032  lr 2.59e-04  tok/s  14,345  tok  82.7M/100M  ETA  20.1 min
[23:01:37] step  20250/24414  loss 1.2249  lr 2.56e-04  tok/s  14,346  tok  82.9M/100M  ETA  19.8 min
[23:01:52] step  20300/24414  loss 1.5438  lr 2.53e-04  tok/s  14,346  tok  83.1M/100M  ETA  19.6 min
[23:02:06] step  20350/24414  loss 1.3042  lr 2.50e-04  tok/s  14,346  tok  83.4M/100M  ETA  19.3 min
[23:02:20] step  20400/24414  loss 1.3796  lr 2.47e-04  tok/s  14,346  tok  83.6M/100M  ETA  19.1 min
[23:02:34] step  20450/24414  loss 1.4060  lr 2.44e-04  tok/s  14,346  tok  83.8M/100M  ETA  18.9 min
[23:02:48] step  20500/24414  loss 1.2041  lr 2.40e-04  tok/s  14,346  tok  84.0M/100M  ETA  18.6 min
[23:03:03] step  20550/24414  loss 1.2120  lr 2.37e-04  tok/s  14,347  tok  84.2M/100M  ETA  18.4 min
[23:03:17] step  20600/24414  loss 1.3804  lr 2.34e-04  tok/s  14,347  tok  84.4M/100M  ETA  18.1 min
[23:03:31] step  20650/24414  loss 1.1795  lr 2.31e-04  tok/s  14,347  tok  84.6M/100M  ETA  17.9 min
[23:03:45] step  20700/24414  loss 1.2353  lr 2.28e-04  tok/s  14,347  tok  84.8M/100M  ETA  17.7 min
[23:04:00] step  20750/24414  loss 1.3772  lr 2.25e-04  tok/s  14,347  tok  85.0M/100M  ETA  17.4 min
[23:04:14] step  20800/24414  loss 1.0377  lr 2.22e-04  tok/s  14,348  tok  85.2M/100M  ETA  17.2 min
[23:04:28] step  20850/24414  loss 1.3173  lr 2.19e-04  tok/s  14,348  tok  85.4M/100M  ETA  17.0 min
[23:04:42] step  20900/24414  loss 1.2140  lr 2.16e-04  tok/s  14,348  tok  85.6M/100M  ETA  16.7 min
[23:04:56] step  20950/24414  loss 1.2564  lr 2.13e-04  tok/s  14,348  tok  85.8M/100M  ETA  16.5 min
[23:05:10] step  21000/24414  loss 1.4212  lr 2.10e-04  tok/s  14,348  tok  86.0M/100M  ETA  16.2 min
[23:05:25] step  21050/24414  loss 1.2318  lr 2.07e-04  tok/s  14,348  tok  86.2M/100M  ETA  16.0 min
[23:05:39] step  21100/24414  loss 1.1945  lr 2.04e-04  tok/s  14,349  tok  86.4M/100M  ETA  15.8 min
[23:05:53] step  21150/24414  loss 1.5920  lr 2.01e-04  tok/s  14,349  tok  86.6M/100M  ETA  15.5 min
[23:06:07] step  21200/24414  loss 1.3787  lr 1.97e-04  tok/s  14,349  tok  86.8M/100M  ETA  15.3 min
[23:06:21] step  21250/24414  loss 1.4916  lr 1.94e-04  tok/s  14,349  tok  87.0M/100M  ETA  15.1 min
[23:06:36] step  21300/24414  loss 1.0526  lr 1.91e-04  tok/s  14,349  tok  87.2M/100M  ETA  14.8 min
[23:06:50] step  21350/24414  loss 1.4337  lr 1.88e-04  tok/s  14,349  tok  87.4M/100M  ETA  14.6 min
[23:07:04] step  21400/24414  loss 1.2948  lr 1.85e-04  tok/s  14,349  tok  87.7M/100M  ETA  14.3 min
[23:07:18] step  21450/24414  loss 1.3188  lr 1.82e-04  tok/s  14,349  tok  87.9M/100M  ETA  14.1 min
[23:07:33] step  21500/24414  loss 1.2199  lr 1.79e-04  tok/s  14,350  tok  88.1M/100M  ETA  13.9 min
[23:07:47] step  21550/24414  loss 1.3541  lr 1.76e-04  tok/s  14,350  tok  88.3M/100M  ETA  13.6 min
[23:08:01] step  21600/24414  loss 1.4527  lr 1.73e-04  tok/s  14,350  tok  88.5M/100M  ETA  13.4 min
[23:08:15] step  21650/24414  loss 1.3586  lr 1.70e-04  tok/s  14,350  tok  88.7M/100M  ETA  13.1 min
[23:08:29] step  21700/24414  loss 1.5069  lr 1.67e-04  tok/s  14,350  tok  88.9M/100M  ETA  12.9 min
[23:08:44] step  21750/24414  loss 1.3873  lr 1.64e-04  tok/s  14,350  tok  89.1M/100M  ETA  12.7 min
[23:08:58] step  21800/24414  loss 1.1182  lr 1.61e-04  tok/s  14,350  tok  89.3M/100M  ETA  12.4 min
[23:09:12] step  21850/24414  loss 1.2086  lr 1.58e-04  tok/s  14,351  tok  89.5M/100M  ETA  12.2 min
[23:09:26] step  21900/24414  loss 1.3318  lr 1.54e-04  tok/s  14,351  tok  89.7M/100M  ETA  12.0 min
[23:09:40] step  21950/24414  loss 1.3627  lr 1.51e-04  tok/s  14,351  tok  89.9M/100M  ETA  11.7 min
[23:09:55] step  22000/24414  loss 1.4672  lr 1.48e-04  tok/s  14,351  tok  90.1M/100M  ETA  11.5 min
[23:10:09] step  22050/24414  loss 1.3327  lr 1.45e-04  tok/s  14,351  tok  90.3M/100M  ETA  11.2 min
[23:10:23] step  22100/24414  loss 1.0579  lr 1.42e-04  tok/s  14,352  tok  90.5M/100M  ETA  11.0 min
[23:10:37] step  22150/24414  loss 1.2751  lr 1.39e-04  tok/s  14,352  tok  90.7M/100M  ETA  10.8 min
[23:10:51] step  22200/24414  loss 1.3778  lr 1.36e-04  tok/s  14,352  tok  90.9M/100M  ETA  10.5 min
[23:11:06] step  22250/24414  loss 1.4120  lr 1.33e-04  tok/s  14,352  tok  91.1M/100M  ETA  10.3 min
[23:11:20] step  22300/24414  loss 1.0579  lr 1.30e-04  tok/s  14,352  tok  91.3M/100M  ETA  10.1 min
[23:11:34] step  22350/24414  loss 1.3702  lr 1.27e-04  tok/s  14,352  tok  91.5M/100M  ETA   9.8 min
[23:11:48] step  22400/24414  loss 1.1509  lr 1.24e-04  tok/s  14,352  tok  91.8M/100M  ETA   9.6 min
[23:12:02] step  22450/24414  loss 1.4486  lr 1.21e-04  tok/s  14,353  tok  92.0M/100M  ETA   9.3 min
[23:12:17] step  22500/24414  loss 1.3805  lr 1.18e-04  tok/s  14,353  tok  92.2M/100M  ETA   9.1 min
[23:12:31] step  22550/24414  loss 1.2293  lr 1.15e-04  tok/s  14,353  tok  92.4M/100M  ETA   8.9 min
[23:12:45] step  22600/24414  loss 1.2235  lr 1.11e-04  tok/s  14,353  tok  92.6M/100M  ETA   8.6 min
[23:12:59] step  22650/24414  loss 1.1598  lr 1.08e-04  tok/s  14,353  tok  92.8M/100M  ETA   8.4 min
[23:13:14] step  22700/24414  loss 1.1431  lr 1.05e-04  tok/s  14,353  tok  93.0M/100M  ETA   8.2 min
[23:13:28] step  22750/24414  loss 1.3053  lr 1.02e-04  tok/s  14,353  tok  93.2M/100M  ETA   7.9 min
[23:13:42] step  22800/24414  loss 1.0543  lr 9.92e-05  tok/s  14,353  tok  93.4M/100M  ETA   7.7 min
[23:13:56] step  22850/24414  loss 1.5083  lr 9.61e-05  tok/s  14,354  tok  93.6M/100M  ETA   7.4 min
[23:14:10] step  22900/24414  loss 1.6875  lr 9.30e-05  tok/s  14,354  tok  93.8M/100M  ETA   7.2 min
[23:14:25] step  22950/24414  loss 1.3469  lr 8.99e-05  tok/s  14,354  tok  94.0M/100M  ETA   7.0 min
[23:14:39] step  23000/24414  loss 1.3086  lr 8.69e-05  tok/s  14,354  tok  94.2M/100M  ETA   6.7 min
[23:14:53] step  23050/24414  loss 1.3715  lr 8.38e-05  tok/s  14,354  tok  94.4M/100M  ETA   6.5 min
[23:15:07] step  23100/24414  loss 1.5028  lr 8.07e-05  tok/s  14,354  tok  94.6M/100M  ETA   6.2 min
[23:15:21] step  23150/24414  loss 1.0946  lr 7.77e-05  tok/s  14,354  tok  94.8M/100M  ETA   6.0 min
[23:15:36] step  23200/24414  loss 1.1927  lr 7.46e-05  tok/s  14,354  tok  95.0M/100M  ETA   5.8 min
[23:15:50] step  23250/24414  loss 1.3560  lr 7.15e-05  tok/s  14,355  tok  95.2M/100M  ETA   5.5 min
[23:16:04] step  23300/24414  loss 1.4993  lr 6.84e-05  tok/s  14,355  tok  95.4M/100M  ETA   5.3 min
[23:16:18] step  23350/24414  loss 1.3075  lr 6.54e-05  tok/s  14,355  tok  95.6M/100M  ETA   5.1 min
[23:16:33] step  23400/24414  loss 1.3547  lr 6.23e-05  tok/s  14,355  tok  95.8M/100M  ETA   4.8 min
[23:16:47] step  23450/24414  loss 1.1732  lr 5.92e-05  tok/s  14,355  tok  96.1M/100M  ETA   4.6 min
[23:17:01] step  23500/24414  loss 1.3199  lr 5.62e-05  tok/s  14,355  tok  96.3M/100M  ETA   4.3 min
[23:17:15] step  23550/24414  loss 1.2126  lr 5.31e-05  tok/s  14,355  tok  96.5M/100M  ETA   4.1 min
[23:17:29] step  23600/24414  loss 1.5055  lr 5.00e-05  tok/s  14,355  tok  96.7M/100M  ETA   3.9 min
[23:17:44] step  23650/24414  loss 1.4097  lr 4.69e-05  tok/s  14,355  tok  96.9M/100M  ETA   3.6 min
[23:17:58] step  23700/24414  loss 1.4436  lr 4.39e-05  tok/s  14,356  tok  97.1M/100M  ETA   3.4 min
[23:18:12] step  23750/24414  loss 1.0472  lr 4.08e-05  tok/s  14,356  tok  97.3M/100M  ETA   3.2 min
[23:18:26] step  23800/24414  loss 1.2427  lr 3.77e-05  tok/s  14,356  tok  97.5M/100M  ETA   2.9 min
[23:18:40] step  23850/24414  loss 1.4285  lr 3.47e-05  tok/s  14,356  tok  97.7M/100M  ETA   2.7 min
[23:18:55] step  23900/24414  loss 1.0783  lr 3.16e-05  tok/s  14,356  tok  97.9M/100M  ETA   2.4 min
[23:19:09] step  23950/24414  loss 1.1621  lr 2.85e-05  tok/s  14,356  tok  98.1M/100M  ETA   2.2 min
[23:19:23] step  24000/24414  loss 1.1503  lr 2.54e-05  tok/s  14,356  tok  98.3M/100M  ETA   2.0 min
[23:19:38] step  24050/24414  loss 1.1416  lr 2.24e-05  tok/s  14,356  tok  98.5M/100M  ETA   1.7 min
[23:19:52] step  24100/24414  loss 1.5264  lr 1.93e-05  tok/s  14,356  tok  98.7M/100M  ETA   1.5 min
[23:20:06] step  24150/24414  loss 1.3426  lr 1.62e-05  tok/s  14,356  tok  98.9M/100M  ETA   1.3 min
[23:20:20] step  24200/24414  loss 1.2429  lr 1.31e-05  tok/s  14,356  tok  99.1M/100M  ETA   1.0 min
[23:20:35] step  24250/24414  loss 1.3114  lr 1.01e-05  tok/s  14,356  tok  99.3M/100M  ETA   0.8 min
[23:20:49] step  24300/24414  loss 1.4252  lr 7.00e-06  tok/s  14,356  tok  99.5M/100M  ETA   0.5 min
[23:21:03] step  24350/24414  loss 1.5896  lr 3.93e-06  tok/s  14,356  tok  99.7M/100M  ETA   0.3 min
[23:21:17] step  24400/24414  loss 1.4281  lr 8.60e-07  tok/s  14,356  tok  99.9M/100M  ETA   0.1 min
[23:21:21] Training complete in 116.1 min.
[23:21:21] Trained-model (AFTER) eval...
[23:21:25]   AFTER PPL = 3.790   (BEFORE was 6.895; improvement +3.105 = +45.0%)
[23:21:27]   ['Once upon a time, there was a little']  Once upon a time, there was a little boy named Timmy. Timmy loved to go on adventures with his family. One day, they went on a walk in the w
[23:21:27]   ['The brave little mouse']  The brave little mouse was so excited that he couldn't wait to find out what the old man was up to.Once upon a time, there was a big, big be
[23:21:27]   ['In a faraway forest,']  In a faraway forest, there was a small, beautiful bird who loved to whistle. One day, she was whistling in the forest when she heard a noise
[23:21:27] Saved checkpoint_tinystories.pt
